nohup: ignoring input
[2025-05-21 12:23:32,755][__main__][INFO] - =====Running main script=====
[2025-05-21 12:23:32,755][__main__][INFO] - Fetched main configs
[2025-05-21 12:23:32,755][__main__][INFO] - Model linear, normalization revin_latent, criterion NMSE_ground, kwargs {}
[2025-05-21 12:23:32,782][__main__][INFO] - Save directory : ../outputs/benchmark_indiv/linear_revin_latent_NMSE_ground/
[2025-05-21 12:23:32,825][__main__][INFO] - Fetched dataloaders
[2025-05-21 12:23:32,828][__main__][INFO] - Training data shape : (140, 1, 12230)
[2025-05-21 12:23:32,828][__main__][INFO] - Batch sizes : X=torch.Size([28, 1, 336]), y=torch.Size([28, 1, 24])
[2025-05-21 12:23:47,839][__main__][INFO] - batch_size=28, learning_rate=0.0001, steps per epoch=5, epochs=30
[2025-05-21 12:23:47,839][__main__][INFO] - Starting training...
[2025-05-21 12:23:47,840][__main__][INFO] - Using device: cuda
[2025-05-21 12:23:47,840][__main__][INFO] - Training 30 epochs of 5 batches (150 steps): , eval_freq: 5, print_freq: 10
[2025-05-21 12:28:49,465][__main__][INFO] - Step 1 | valid1 MSE : 395916.6562 | valid1 NMSE : 211.4925 | valid1 RMSE : 0.9965
[2025-05-21 12:38:42,803][__main__][INFO] - Step 10 | valid1 MSE : 395909.9688 | valid1 NMSE : 211.4878 | valid1 RMSE : 0.9965
[2025-05-21 12:48:26,938][__main__][INFO] - Step 20 | valid1 MSE : 395901.4688 | valid1 NMSE : 211.4820 | valid1 RMSE : 0.9965
[2025-05-21 12:58:17,289][__main__][INFO] - Step 30 | valid1 MSE : 395893.7500 | valid1 NMSE : 211.4768 | valid1 RMSE : 0.9964
[2025-05-21 13:08:06,743][__main__][INFO] - Step 40 | valid1 MSE : 395887.1875 | valid1 NMSE : 211.4722 | valid1 RMSE : 0.9964
[2025-05-21 13:17:49,515][__main__][INFO] - Step 50 | valid1 MSE : 395881.5625 | valid1 NMSE : 211.4682 | valid1 RMSE : 0.9964
[2025-05-21 13:27:41,173][__main__][INFO] - Step 60 | valid1 MSE : 395876.6875 | valid1 NMSE : 211.4647 | valid1 RMSE : 0.9963
[2025-05-21 13:37:20,498][__main__][INFO] - Step 70 | valid1 MSE : 395872.4062 | valid1 NMSE : 211.4617 | valid1 RMSE : 0.9963
[2025-05-21 13:47:03,423][__main__][INFO] - Step 80 | valid1 MSE : 395869.1875 | valid1 NMSE : 211.4594 | valid1 RMSE : 0.9963
[2025-05-21 13:56:49,045][__main__][INFO] - Step 90 | valid1 MSE : 395866.7188 | valid1 NMSE : 211.4574 | valid1 RMSE : 0.9963
[2025-05-21 14:06:36,223][__main__][INFO] - Step 100 | valid1 MSE : 395863.9688 | valid1 NMSE : 211.4554 | valid1 RMSE : 0.9963
[2025-05-21 14:16:12,032][__main__][INFO] - Step 110 | valid1 MSE : 395861.6562 | valid1 NMSE : 211.4536 | valid1 RMSE : 0.9962
[2025-05-21 14:25:59,459][__main__][INFO] - Step 120 | valid1 MSE : 395859.6875 | valid1 NMSE : 211.4520 | valid1 RMSE : 0.9962
[2025-05-21 14:35:38,254][__main__][INFO] - Step 130 | valid1 MSE : 395857.9688 | valid1 NMSE : 211.4507 | valid1 RMSE : 0.9962
[2025-05-21 14:45:23,999][__main__][INFO] - Step 140 | valid1 MSE : 395856.0625 | valid1 NMSE : 211.4492 | valid1 RMSE : 0.9962
[2025-05-21 14:55:20,034][__main__][INFO] - Step 150 | valid1 MSE : 395854.2812 | valid1 NMSE : 211.4479 | valid1 RMSE : 0.9962
[2025-05-21 14:55:20,035][__main__][INFO] - Training done in 151.537 min
[2025-05-21 14:55:20,532][__main__][INFO] - End of training
[2025-05-21 14:55:26,733][__main__][INFO] - Plotted losses
[2025-05-21 14:55:26,733][__main__][INFO] - Computing test metrics
[2025-05-21 14:55:58,480][__main__][INFO] - Evaluation done in 0.529 min
[2025-05-21 14:56:40,652][__main__][INFO] - Saved plots
[2025-05-21 14:56:40,959][__main__][INFO] - Final revin parameters: {'beta': np.float32(0.0035959561), 'gamma': np.float32(1.0043977)}
/home/H61084/venvs/timetensor/lib/python3.10/site-packages/numpy/lib/_histograms_impl.py:901: RuntimeWarning: invalid value encountered in divide
  return n/db/n.sum(), bin_edges
[2025-05-21 14:56:41,388][__main__][INFO] - End of script

[2025-05-21 14:57:20,711][__main__][INFO] - =====Running main script=====
[2025-05-21 14:57:20,712][__main__][INFO] - Fetched main configs
[2025-05-21 14:57:20,712][__main__][INFO] - Model DLinear, normalization revin_latent, criterion NMSE_ground, kwargs {}
[2025-05-21 14:57:20,756][__main__][INFO] - Save directory : ../outputs/benchmark_indiv/DLinear_revin_latent_NMSE_ground/
[2025-05-21 14:57:20,961][__main__][INFO] - Fetched dataloaders
[2025-05-21 14:57:20,965][__main__][INFO] - Training data shape : (140, 1, 12230)
[2025-05-21 14:57:20,965][__main__][INFO] - Batch sizes : X=torch.Size([28, 1, 336]), y=torch.Size([28, 1, 24])
[2025-05-21 14:57:25,718][__main__][INFO] - batch_size=28, learning_rate=0.0001, steps per epoch=5, epochs=30
[2025-05-21 14:57:25,718][__main__][INFO] - Starting training...
[2025-05-21 14:57:25,718][__main__][INFO] - Using device: cuda
[2025-05-21 14:57:25,719][__main__][INFO] - Training 30 epochs of 5 batches (150 steps): , eval_freq: 5, print_freq: 10
[2025-05-21 15:02:44,604][__main__][INFO] - Step 1 | valid1 MSE : 395912.7500 | valid1 NMSE : 211.4888 | valid1 RMSE : 0.9965
[2025-05-21 15:12:53,105][__main__][INFO] - Step 10 | valid1 MSE : 395903.7500 | valid1 NMSE : 211.4824 | valid1 RMSE : 0.9965
[2025-05-21 15:22:56,592][__main__][INFO] - Step 20 | valid1 MSE : 395894.1562 | valid1 NMSE : 211.4756 | valid1 RMSE : 0.9964
[2025-05-21 15:33:02,164][__main__][INFO] - Step 30 | valid1 MSE : 395885.1562 | valid1 NMSE : 211.4693 | valid1 RMSE : 0.9964
[2025-05-21 15:43:40,998][__main__][INFO] - Step 40 | valid1 MSE : 395877.5625 | valid1 NMSE : 211.4640 | valid1 RMSE : 0.9963
[2025-05-21 15:54:12,852][__main__][INFO] - Step 50 | valid1 MSE : 395871.9062 | valid1 NMSE : 211.4599 | valid1 RMSE : 0.9963
[2025-05-21 16:04:52,661][__main__][INFO] - Step 60 | valid1 MSE : 395867.4062 | valid1 NMSE : 211.4566 | valid1 RMSE : 0.9963
[2025-05-21 16:15:15,778][__main__][INFO] - Step 70 | valid1 MSE : 395863.3750 | valid1 NMSE : 211.4536 | valid1 RMSE : 0.9962
[2025-05-21 16:25:45,029][__main__][INFO] - Step 80 | valid1 MSE : 395860.1250 | valid1 NMSE : 211.4512 | valid1 RMSE : 0.9962
Terminated
[2025-05-21 16:28:03,294][__main__][INFO] - =====Running main script=====
[2025-05-21 16:28:03,294][__main__][INFO] - Fetched main configs
[2025-05-21 16:28:03,295][__main__][INFO] - Model PatchTST, normalization revin_latent, criterion NMSE_ground, kwargs {}
[2025-05-21 16:28:03,306][__main__][INFO] - Save directory : ../outputs/benchmark_indiv/PatchTST_revin_latent_NMSE_ground/
[2025-05-21 16:28:03,350][__main__][INFO] - Fetched dataloaders
[2025-05-21 16:28:03,352][__main__][INFO] - Training data shape : (140, 1, 12230)
[2025-05-21 16:28:03,352][__main__][INFO] - Batch sizes : X=torch.Size([28, 1, 336]), y=torch.Size([28, 1, 24])
[2025-05-21 16:28:05,174][__main__][INFO] - batch_size=28, learning_rate=0.0001, steps per epoch=5, epochs=30
[2025-05-21 16:28:05,174][__main__][INFO] - Starting training...
[2025-05-21 16:28:05,174][__main__][INFO] - Using device: cuda
[2025-05-21 16:28:05,175][__main__][INFO] - Training 30 epochs of 5 batches (150 steps): , eval_freq: 5, print_freq: 10
Terminated
+-----------------+--------------------+---------------------+----------------------+-----------------------------------+------------------------------------+
|                 |   linear_None_NMSE |   DLinear_None_NMSE |   PatchTST_None_NMSE |   linear_revin_latent_NMSE_ground |   DLinear_revin_latent_NMSE_ground |
+=================+====================+=====================+======================+===================================+====================================+
| Test MSE * 1e-3 |             2.0373 |              1.6629 |             356.6305 |                          359.8980 |                           359.9115 |
+-----------------+--------------------+---------------------+----------------------+-----------------------------------+------------------------------------+
| Test NMSE       |             1.3782 |              1.0895 |             204.5612 |                          197.6552 |                           197.6640 |
+-----------------+--------------------+---------------------+----------------------+-----------------------------------+------------------------------------+
| Test RMSE * 1e2 |             0.8959 |              0.6882 |             109.8455 |                           99.7102 |                            99.7173 |
+-----------------+--------------------+---------------------+----------------------+-----------------------------------+------------------------------------+
