nohup: ignoring input
[2025-07-09 10:26:54,922][__main__][INFO] - =====Running main script=====
[2025-07-09 10:26:54,938][__main__][INFO] - Fetched main configs, save directory : ../outputs/benchmark_min_1/expected/
[2025-07-09 10:26:54,939][__main__][INFO] - Model expected, normalization None, criterion MSE, kwargs {}
[2025-07-09 10:26:54,994][__main__][INFO] - Fetched dataloaders
[2025-07-09 10:26:54,995][__main__][INFO] - Training data shape : (70, 1, 1000)
[2025-07-09 10:26:54,996][__main__][INFO] - Batch sizes : X=torch.Size([28, 1, 336]), y=torch.Size([28, 1, 48])
[2025-07-09 10:26:55,037][__main__][INFO] - No training needed
[2025-07-09 10:26:55,037][__main__][INFO] - Computing test metrics
[2025-07-09 10:26:55,270][__main__][INFO] - Evaluation done in 0.004 min
[2025-07-09 10:26:55,308][__main__][INFO] - Evaluation done in 0.000 min
[2025-07-09 10:26:58,775][__main__][INFO] - Saved plots
[2025-07-09 10:26:58,775][__main__][INFO] - End of script

[2025-07-09 10:27:02,214][__main__][INFO] - =====Running main script=====
[2025-07-09 10:27:02,219][__main__][INFO] - Fetched main configs, save directory : ../outputs/benchmark_min_1/PatchTST_instance_MSE/
[2025-07-09 10:27:02,219][__main__][INFO] - Model PatchTST, normalization instance, criterion MSE, kwargs {'last': False, 'latent': False, 'init_beta': None, 'fixed_beta': False, 'init_alpha': None, 'fixed_alpha': False, 'use_gamma': False}
[2025-07-09 10:27:02,248][__main__][INFO] - Fetched dataloaders
[2025-07-09 10:27:02,249][__main__][INFO] - Training data shape : (70, 1, 1000)
[2025-07-09 10:27:02,249][__main__][INFO] - Batch sizes : X=torch.Size([10, 1, 100]), y=torch.Size([10, 1, 20])
[2025-07-09 10:27:03,426][__main__][INFO] - batch_size=10, learning_rate=0.0001, steps per epoch=7, epochs=200
[2025-07-09 10:27:03,426][__main__][INFO] - Starting training...
[2025-07-09 10:27:03,426][__main__][INFO] - Using device: cuda
[2025-07-09 10:27:03,426][__main__][INFO] - Training 200 epochs of 7 batches (1400 steps): , eval_freq: 50, print_freq: 100
[2025-07-09 10:27:11,118][__main__][INFO] - Step 1 | valid1 MSE : 1.4122 | valid1 MAE : 0.9782 | valid1 NMSE : 2.0172 | valid1 RMSE : 0.0017
[2025-07-09 10:27:28,473][__main__][INFO] - Step 100 | valid1 MSE : 0.0459 | valid1 MAE : 0.1624 | valid1 NMSE : 0.0663 | valid1 RMSE : 0.0001
[2025-07-09 10:27:47,311][__main__][INFO] - Step 200 | valid1 MSE : 0.0274 | valid1 MAE : 0.1279 | valid1 NMSE : 0.0394 | valid1 RMSE : 0.0000
[2025-07-09 10:28:05,981][__main__][INFO] - Step 300 | valid1 MSE : 0.0215 | valid1 MAE : 0.1139 | valid1 NMSE : 0.0308 | valid1 RMSE : 0.0000
[2025-07-09 10:28:24,454][__main__][INFO] - Step 400 | valid1 MSE : 0.0199 | valid1 MAE : 0.1108 | valid1 NMSE : 0.0286 | valid1 RMSE : 0.0000
[2025-07-09 10:28:40,816][__main__][INFO] - Step 500 | valid1 MSE : 0.0188 | valid1 MAE : 0.1071 | valid1 NMSE : 0.0270 | valid1 RMSE : 0.0000
[2025-07-09 10:28:57,023][__main__][INFO] - Step 600 | valid1 MSE : 0.0192 | valid1 MAE : 0.1086 | valid1 NMSE : 0.0275 | valid1 RMSE : 0.0000
[2025-07-09 10:29:13,158][__main__][INFO] - Step 700 | valid1 MSE : 0.0187 | valid1 MAE : 0.1074 | valid1 NMSE : 0.0268 | valid1 RMSE : 0.0000
[2025-07-09 10:29:29,403][__main__][INFO] - Step 800 | valid1 MSE : 0.0186 | valid1 MAE : 0.1070 | valid1 NMSE : 0.0266 | valid1 RMSE : 0.0000
[2025-07-09 10:29:45,604][__main__][INFO] - Step 900 | valid1 MSE : 0.0187 | valid1 MAE : 0.1073 | valid1 NMSE : 0.0268 | valid1 RMSE : 0.0000
[2025-07-09 10:30:01,842][__main__][INFO] - Step 1000 | valid1 MSE : 0.0180 | valid1 MAE : 0.1051 | valid1 NMSE : 0.0257 | valid1 RMSE : 0.0000
[2025-07-09 10:30:17,961][__main__][INFO] - Step 1100 | valid1 MSE : 0.0185 | valid1 MAE : 0.1064 | valid1 NMSE : 0.0265 | valid1 RMSE : 0.0000
[2025-07-09 10:30:34,141][__main__][INFO] - Step 1200 | valid1 MSE : 0.0178 | valid1 MAE : 0.1049 | valid1 NMSE : 0.0254 | valid1 RMSE : 0.0000
[2025-07-09 10:30:50,373][__main__][INFO] - Step 1300 | valid1 MSE : 0.0188 | valid1 MAE : 0.1082 | valid1 NMSE : 0.0269 | valid1 RMSE : 0.0000
[2025-07-09 10:31:06,722][__main__][INFO] - Step 1400 | valid1 MSE : 0.0169 | valid1 MAE : 0.1022 | valid1 NMSE : 0.0242 | valid1 RMSE : 0.0000
[2025-07-09 10:31:06,723][__main__][INFO] - Training done in 4.055 min
[2025-07-09 10:31:06,723][__main__][INFO] - Average time per step: 0.174 s
[2025-07-09 10:31:06,769][__main__][INFO] - End of training
[2025-07-09 10:31:08,039][__main__][INFO] - Plotted losses
[2025-07-09 10:31:08,039][__main__][INFO] - Computing test metrics
[2025-07-09 10:31:09,090][__main__][INFO] - Evaluation done in 0.018 min
[2025-07-09 10:31:10,421][__main__][INFO] - Evaluation done in 0.018 min
/home/H61084/codes/timetensor/src/timetensor/visu.py:218: RuntimeWarning: More than 20 figures have been opened. Figures created through the pyplot interface (`matplotlib.pyplot.figure`) are retained until explicitly closed and may consume too much memory. (To control this warning, see the rcParam `figure.max_open_warning`). Consider using `matplotlib.pyplot.close()`.
  fig = plt.figure(figsize=(15,5))
[2025-07-09 10:31:13,976][__main__][INFO] - Saved plots
[2025-07-09 10:31:13,976][__main__][INFO] - End of script

[2025-07-09 10:31:18,506][__main__][INFO] - =====Running main script=====
[2025-07-09 10:31:18,532][__main__][INFO] - Fetched main configs, save directory : ../outputs/benchmark_min_1/PatchTST_revin_MSE/
[2025-07-09 10:31:18,532][__main__][INFO] - Model PatchTST, normalization revin, criterion MSE, kwargs {'last': False, 'latent': False, 'init_beta': None, 'fixed_beta': False, 'init_alpha': None, 'fixed_alpha': False, 'use_gamma': False}
[2025-07-09 10:31:18,562][__main__][INFO] - Fetched dataloaders
[2025-07-09 10:31:18,563][__main__][INFO] - Training data shape : (70, 1, 1000)
[2025-07-09 10:31:18,563][__main__][INFO] - Batch sizes : X=torch.Size([10, 1, 100]), y=torch.Size([10, 1, 20])
[2025-07-09 10:31:20,054][__main__][INFO] - batch_size=10, learning_rate=0.0001, steps per epoch=7, epochs=200
[2025-07-09 10:31:20,054][__main__][INFO] - Starting training...
[2025-07-09 10:31:20,054][__main__][INFO] - Using device: cuda
[2025-07-09 10:31:20,054][__main__][INFO] - Training 200 epochs of 7 batches (1400 steps): , eval_freq: 50, print_freq: 100
[2025-07-09 10:31:28,319][__main__][INFO] - Step 1 | valid1 MSE : 1.3118 | valid1 MAE : 0.9226 | valid1 NMSE : 1.8767 | valid1 RMSE : 0.0016
[2025-07-09 10:31:44,514][__main__][INFO] - Step 100 | valid1 MSE : 0.0441 | valid1 MAE : 0.1622 | valid1 NMSE : 0.0635 | valid1 RMSE : 0.0001
[2025-07-09 10:32:01,191][__main__][INFO] - Step 200 | valid1 MSE : 0.0259 | valid1 MAE : 0.1266 | valid1 NMSE : 0.0370 | valid1 RMSE : 0.0000
[2025-07-09 10:32:17,626][__main__][INFO] - Step 300 | valid1 MSE : 0.0196 | valid1 MAE : 0.1106 | valid1 NMSE : 0.0280 | valid1 RMSE : 0.0000
[2025-07-09 10:32:34,004][__main__][INFO] - Step 400 | valid1 MSE : 0.0182 | valid1 MAE : 0.1066 | valid1 NMSE : 0.0259 | valid1 RMSE : 0.0000
[2025-07-09 10:32:50,420][__main__][INFO] - Step 500 | valid1 MSE : 0.0181 | valid1 MAE : 0.1066 | valid1 NMSE : 0.0259 | valid1 RMSE : 0.0000
[2025-07-09 10:33:06,948][__main__][INFO] - Step 600 | valid1 MSE : 0.0179 | valid1 MAE : 0.1059 | valid1 NMSE : 0.0256 | valid1 RMSE : 0.0000
[2025-07-09 10:33:23,427][__main__][INFO] - Step 700 | valid1 MSE : 0.0174 | valid1 MAE : 0.1045 | valid1 NMSE : 0.0249 | valid1 RMSE : 0.0000
[2025-07-09 10:33:39,889][__main__][INFO] - Step 800 | valid1 MSE : 0.0172 | valid1 MAE : 0.1038 | valid1 NMSE : 0.0246 | valid1 RMSE : 0.0000
[2025-07-09 10:33:56,337][__main__][INFO] - Step 900 | valid1 MSE : 0.0172 | valid1 MAE : 0.1038 | valid1 NMSE : 0.0246 | valid1 RMSE : 0.0000
[2025-07-09 10:34:12,808][__main__][INFO] - Step 1000 | valid1 MSE : 0.0170 | valid1 MAE : 0.1035 | valid1 NMSE : 0.0243 | valid1 RMSE : 0.0000
[2025-07-09 10:34:29,464][__main__][INFO] - Step 1100 | valid1 MSE : 0.0183 | valid1 MAE : 0.1077 | valid1 NMSE : 0.0262 | valid1 RMSE : 0.0000
[2025-07-09 10:34:45,938][__main__][INFO] - Step 1200 | valid1 MSE : 0.0164 | valid1 MAE : 0.1015 | valid1 NMSE : 0.0234 | valid1 RMSE : 0.0000
[2025-07-09 10:35:02,387][__main__][INFO] - Step 1300 | valid1 MSE : 0.0182 | valid1 MAE : 0.1073 | valid1 NMSE : 0.0258 | valid1 RMSE : 0.0000
[2025-07-09 10:35:18,967][__main__][INFO] - Step 1400 | valid1 MSE : 0.0172 | valid1 MAE : 0.1040 | valid1 NMSE : 0.0245 | valid1 RMSE : 0.0000
[2025-07-09 10:35:18,967][__main__][INFO] - Training done in 3.982 min
[2025-07-09 10:35:18,968][__main__][INFO] - Average time per step: 0.171 s
[2025-07-09 10:35:19,013][__main__][INFO] - End of training
[2025-07-09 10:35:20,453][__main__][INFO] - Plotted losses
[2025-07-09 10:35:20,453][__main__][INFO] - Computing test metrics
[2025-07-09 10:35:21,539][__main__][INFO] - Evaluation done in 0.018 min
[2025-07-09 10:35:22,924][__main__][INFO] - Evaluation done in 0.019 min
/home/H61084/codes/timetensor/src/timetensor/visu.py:218: RuntimeWarning: More than 20 figures have been opened. Figures created through the pyplot interface (`matplotlib.pyplot.figure`) are retained until explicitly closed and may consume too much memory. (To control this warning, see the rcParam `figure.max_open_warning`). Consider using `matplotlib.pyplot.close()`.
  fig = plt.figure(figsize=(15,5))
[2025-07-09 10:35:26,523][__main__][INFO] - Saved plots
[2025-07-09 10:35:26,523][__main__][INFO] - Final mIN parameters: {'beta': np.float32(-0.0065175197), 'alpha': np.float32(1.058363)}
/home/H61084/venvs/timetensor/lib/python3.10/site-packages/numpy/lib/_histograms_impl.py:901: RuntimeWarning: invalid value encountered in divide
  return n/db/n.sum(), bin_edges
[2025-07-09 10:35:27,046][__main__][INFO] - End of script

[2025-07-09 10:35:31,596][__main__][INFO] - =====Running main script=====
[2025-07-09 10:35:31,599][__main__][INFO] - Fetched main configs, save directory : ../outputs/benchmark_min_1/default_gammaFalse/
[2025-07-09 10:35:31,600][__main__][INFO] - Model PatchTST, normalization mIN, criterion MSE, kwargs {'last': False, 'latent': False, 'init_beta': None, 'fixed_beta': False, 'init_alpha': None, 'fixed_alpha': False, 'use_gamma': False}
[2025-07-09 10:35:31,629][__main__][INFO] - Fetched dataloaders
[2025-07-09 10:35:31,630][__main__][INFO] - Training data shape : (70, 1, 1000)
[2025-07-09 10:35:31,630][__main__][INFO] - Batch sizes : X=torch.Size([10, 1, 100]), y=torch.Size([10, 1, 20])
[2025-07-09 10:35:33,073][__main__][INFO] - batch_size=10, learning_rate=0.0001, steps per epoch=7, epochs=200
[2025-07-09 10:35:33,074][__main__][INFO] - Starting training...
[2025-07-09 10:35:33,074][__main__][INFO] - Using device: cuda
[2025-07-09 10:35:33,074][__main__][INFO] - Training 200 epochs of 7 batches (1400 steps): , eval_freq: 50, print_freq: 100
[2025-07-09 10:35:41,092][__main__][INFO] - Step 1 | valid1 MSE : 1.4132 | valid1 MAE : 0.9709 | valid1 NMSE : 2.0136 | valid1 RMSE : 0.0017
[2025-07-09 10:35:57,456][__main__][INFO] - Step 100 | valid1 MSE : 0.0448 | valid1 MAE : 0.1642 | valid1 NMSE : 0.0646 | valid1 RMSE : 0.0001
[2025-07-09 10:36:13,759][__main__][INFO] - Step 200 | valid1 MSE : 0.0258 | valid1 MAE : 0.1252 | valid1 NMSE : 0.0371 | valid1 RMSE : 0.0000
[2025-07-09 10:36:29,929][__main__][INFO] - Step 300 | valid1 MSE : 0.0215 | valid1 MAE : 0.1154 | valid1 NMSE : 0.0309 | valid1 RMSE : 0.0000
[2025-07-09 10:36:45,412][__main__][INFO] - Step 400 | valid1 MSE : 0.0198 | valid1 MAE : 0.1107 | valid1 NMSE : 0.0284 | valid1 RMSE : 0.0000
[2025-07-09 10:37:02,452][__main__][INFO] - Step 500 | valid1 MSE : 0.0193 | valid1 MAE : 0.1091 | valid1 NMSE : 0.0277 | valid1 RMSE : 0.0000
[2025-07-09 10:37:18,949][__main__][INFO] - Step 600 | valid1 MSE : 0.0189 | valid1 MAE : 0.1078 | valid1 NMSE : 0.0272 | valid1 RMSE : 0.0000
[2025-07-09 10:37:35,496][__main__][INFO] - Step 700 | valid1 MSE : 0.0191 | valid1 MAE : 0.1084 | valid1 NMSE : 0.0275 | valid1 RMSE : 0.0000
[2025-07-09 10:37:52,060][__main__][INFO] - Step 800 | valid1 MSE : 0.0180 | valid1 MAE : 0.1051 | valid1 NMSE : 0.0258 | valid1 RMSE : 0.0000
[2025-07-09 10:38:08,861][__main__][INFO] - Step 900 | valid1 MSE : 0.0180 | valid1 MAE : 0.1053 | valid1 NMSE : 0.0259 | valid1 RMSE : 0.0000
[2025-07-09 10:38:25,280][__main__][INFO] - Step 1000 | valid1 MSE : 0.0187 | valid1 MAE : 0.1079 | valid1 NMSE : 0.0268 | valid1 RMSE : 0.0000
[2025-07-09 10:38:41,642][__main__][INFO] - Step 1100 | valid1 MSE : 0.0179 | valid1 MAE : 0.1057 | valid1 NMSE : 0.0257 | valid1 RMSE : 0.0000
[2025-07-09 10:38:58,173][__main__][INFO] - Step 1200 | valid1 MSE : 0.0179 | valid1 MAE : 0.1052 | valid1 NMSE : 0.0257 | valid1 RMSE : 0.0000
[2025-07-09 10:39:14,625][__main__][INFO] - Step 1300 | valid1 MSE : 0.0190 | valid1 MAE : 0.1091 | valid1 NMSE : 0.0273 | valid1 RMSE : 0.0000
[2025-07-09 10:39:30,891][__main__][INFO] - Step 1400 | valid1 MSE : 0.0173 | valid1 MAE : 0.1036 | valid1 NMSE : 0.0249 | valid1 RMSE : 0.0000
[2025-07-09 10:39:30,892][__main__][INFO] - Training done in 3.964 min
[2025-07-09 10:39:30,894][__main__][INFO] - Average time per step: 0.170 s
[2025-07-09 10:39:31,031][__main__][INFO] - End of training
[2025-07-09 10:39:33,334][__main__][INFO] - Plotted losses
[2025-07-09 10:39:33,334][__main__][INFO] - Computing test metrics
[2025-07-09 10:39:34,451][__main__][INFO] - Evaluation done in 0.019 min
[2025-07-09 10:39:35,754][__main__][INFO] - Evaluation done in 0.018 min
/home/H61084/codes/timetensor/src/timetensor/visu.py:218: RuntimeWarning: More than 20 figures have been opened. Figures created through the pyplot interface (`matplotlib.pyplot.figure`) are retained until explicitly closed and may consume too much memory. (To control this warning, see the rcParam `figure.max_open_warning`). Consider using `matplotlib.pyplot.close()`.
  fig = plt.figure(figsize=(15,5))
[2025-07-09 10:39:39,603][__main__][INFO] - Saved plots
[2025-07-09 10:39:39,603][__main__][INFO] - Final mIN parameters: {'beta': np.float32(0.005603773), 'alpha': np.float32(0.9468929)}
/home/H61084/venvs/timetensor/lib/python3.10/site-packages/numpy/lib/_histograms_impl.py:901: RuntimeWarning: invalid value encountered in divide
  return n/db/n.sum(), bin_edges
[2025-07-09 10:39:40,123][__main__][INFO] - End of script

[2025-07-09 10:39:59,330][__main__][INFO] - =====Running main script=====
[2025-07-09 10:39:59,355][__main__][INFO] - Fetched main configs, save directory : ../outputs/benchmark_min_1/init_gammaFalse/
[2025-07-09 10:39:59,355][__main__][INFO] - Model PatchTST, normalization mIN, criterion MSE, kwargs {'last': False, 'latent': False, 'init_beta': 1.07, 'fixed_beta': False, 'init_alpha': 0.88, 'fixed_alpha': False, 'use_gamma': False}
[2025-07-09 10:39:59,413][__main__][INFO] - Fetched dataloaders
[2025-07-09 10:39:59,414][__main__][INFO] - Training data shape : (70, 1, 1000)
[2025-07-09 10:39:59,416][__main__][INFO] - Batch sizes : X=torch.Size([10, 1, 100]), y=torch.Size([10, 1, 20])
[2025-07-09 10:40:06,807][__main__][INFO] - batch_size=10, learning_rate=0.0001, steps per epoch=7, epochs=200
[2025-07-09 10:40:06,807][__main__][INFO] - Starting training...
[2025-07-09 10:40:06,808][__main__][INFO] - Using device: cuda
[2025-07-09 10:40:06,810][__main__][INFO] - Training 200 epochs of 7 batches (1400 steps): , eval_freq: 50, print_freq: 100
[2025-07-09 10:40:14,701][__main__][INFO] - Step 1 | valid1 MSE : 0.5385 | valid1 MAE : 0.6334 | valid1 NMSE : 0.7619 | valid1 RMSE : 0.0006
[2025-07-09 10:40:30,954][__main__][INFO] - Step 100 | valid1 MSE : 0.0424 | valid1 MAE : 0.1592 | valid1 NMSE : 0.0605 | valid1 RMSE : 0.0001
[2025-07-09 10:40:47,303][__main__][INFO] - Step 200 | valid1 MSE : 0.0232 | valid1 MAE : 0.1197 | valid1 NMSE : 0.0331 | valid1 RMSE : 0.0000
[2025-07-09 10:41:03,496][__main__][INFO] - Step 300 | valid1 MSE : 0.0202 | valid1 MAE : 0.1123 | valid1 NMSE : 0.0287 | valid1 RMSE : 0.0000
[2025-07-09 10:41:20,072][__main__][INFO] - Step 400 | valid1 MSE : 0.0187 | valid1 MAE : 0.1077 | valid1 NMSE : 0.0266 | valid1 RMSE : 0.0000
[2025-07-09 10:41:36,423][__main__][INFO] - Step 500 | valid1 MSE : 0.0190 | valid1 MAE : 0.1087 | valid1 NMSE : 0.0269 | valid1 RMSE : 0.0000
[2025-07-09 10:41:52,874][__main__][INFO] - Step 600 | valid1 MSE : 0.0184 | valid1 MAE : 0.1070 | valid1 NMSE : 0.0261 | valid1 RMSE : 0.0000
[2025-07-09 10:42:09,192][__main__][INFO] - Step 700 | valid1 MSE : 0.0188 | valid1 MAE : 0.1082 | valid1 NMSE : 0.0267 | valid1 RMSE : 0.0000
[2025-07-09 10:42:25,506][__main__][INFO] - Step 800 | valid1 MSE : 0.0178 | valid1 MAE : 0.1050 | valid1 NMSE : 0.0253 | valid1 RMSE : 0.0000
[2025-07-09 10:42:41,837][__main__][INFO] - Step 900 | valid1 MSE : 0.0186 | valid1 MAE : 0.1075 | valid1 NMSE : 0.0264 | valid1 RMSE : 0.0000
[2025-07-09 10:42:58,106][__main__][INFO] - Step 1000 | valid1 MSE : 0.0189 | valid1 MAE : 0.1092 | valid1 NMSE : 0.0269 | valid1 RMSE : 0.0000
[2025-07-09 10:43:13,955][__main__][INFO] - Step 1100 | valid1 MSE : 0.0181 | valid1 MAE : 0.1068 | valid1 NMSE : 0.0258 | valid1 RMSE : 0.0000
[2025-07-09 10:43:29,985][__main__][INFO] - Step 1200 | valid1 MSE : 0.0179 | valid1 MAE : 0.1057 | valid1 NMSE : 0.0255 | valid1 RMSE : 0.0000
[2025-07-09 10:43:46,084][__main__][INFO] - Step 1300 | valid1 MSE : 0.0173 | valid1 MAE : 0.1040 | valid1 NMSE : 0.0245 | valid1 RMSE : 0.0000
[2025-07-09 10:44:02,158][__main__][INFO] - Step 1400 | valid1 MSE : 0.0181 | valid1 MAE : 0.1069 | valid1 NMSE : 0.0257 | valid1 RMSE : 0.0000
[2025-07-09 10:44:02,159][__main__][INFO] - Training done in 3.922 min
[2025-07-09 10:44:02,159][__main__][INFO] - Average time per step: 0.168 s
[2025-07-09 10:44:02,200][__main__][INFO] - End of training
[2025-07-09 10:44:03,637][__main__][INFO] - Plotted losses
[2025-07-09 10:44:03,637][__main__][INFO] - Computing test metrics
[2025-07-09 10:44:04,707][__main__][INFO] - Evaluation done in 0.018 min
[2025-07-09 10:44:06,009][__main__][INFO] - Evaluation done in 0.018 min
/home/H61084/codes/timetensor/src/timetensor/visu.py:218: RuntimeWarning: More than 20 figures have been opened. Figures created through the pyplot interface (`matplotlib.pyplot.figure`) are retained until explicitly closed and may consume too much memory. (To control this warning, see the rcParam `figure.max_open_warning`). Consider using `matplotlib.pyplot.close()`.
  fig = plt.figure(figsize=(15,5))
[2025-07-09 10:44:09,680][__main__][INFO] - Saved plots
[2025-07-09 10:44:09,680][__main__][INFO] - Final mIN parameters: {'beta': np.float32(1.0575502), 'alpha': np.float32(0.81485915)}
/home/H61084/venvs/timetensor/lib/python3.10/site-packages/numpy/lib/_histograms_impl.py:901: RuntimeWarning: invalid value encountered in divide
  return n/db/n.sum(), bin_edges
[2025-07-09 10:44:10,039][__main__][INFO] - End of script

[2025-07-09 10:44:14,727][__main__][INFO] - =====Running main script=====
[2025-07-09 10:44:14,731][__main__][INFO] - Fetched main configs, save directory : ../outputs/benchmark_min_1/fixed_gammaFalse/
[2025-07-09 10:44:14,731][__main__][INFO] - Model PatchTST, normalization mIN, criterion MSE, kwargs {'last': False, 'latent': False, 'init_beta': 1.07, 'fixed_beta': True, 'init_alpha': 0.88, 'fixed_alpha': True, 'use_gamma': False}
[2025-07-09 10:44:14,748][__main__][INFO] - Fetched dataloaders
[2025-07-09 10:44:14,750][__main__][INFO] - Training data shape : (70, 1, 1000)
[2025-07-09 10:44:14,750][__main__][INFO] - Batch sizes : X=torch.Size([10, 1, 100]), y=torch.Size([10, 1, 20])
[2025-07-09 10:44:16,358][__main__][INFO] - batch_size=10, learning_rate=0.0001, steps per epoch=7, epochs=200
[2025-07-09 10:44:16,358][__main__][INFO] - Starting training...
[2025-07-09 10:44:16,358][__main__][INFO] - Using device: cuda
[2025-07-09 10:44:16,358][__main__][INFO] - Training 200 epochs of 7 batches (1400 steps): , eval_freq: 50, print_freq: 100
[2025-07-09 10:44:24,475][__main__][INFO] - Step 1 | valid1 MSE : 0.5450 | valid1 MAE : 0.6417 | valid1 NMSE : 0.7784 | valid1 RMSE : 0.0007
[2025-07-09 10:44:40,890][__main__][INFO] - Step 100 | valid1 MSE : 0.0380 | valid1 MAE : 0.1502 | valid1 NMSE : 0.0546 | valid1 RMSE : 0.0000
[2025-07-09 10:44:57,248][__main__][INFO] - Step 200 | valid1 MSE : 0.0217 | valid1 MAE : 0.1154 | valid1 NMSE : 0.0310 | valid1 RMSE : 0.0000
[2025-07-09 10:45:13,700][__main__][INFO] - Step 300 | valid1 MSE : 0.0209 | valid1 MAE : 0.1134 | valid1 NMSE : 0.0298 | valid1 RMSE : 0.0000
[2025-07-09 10:45:30,182][__main__][INFO] - Step 400 | valid1 MSE : 0.0198 | valid1 MAE : 0.1107 | valid1 NMSE : 0.0281 | valid1 RMSE : 0.0000
[2025-07-09 10:45:46,603][__main__][INFO] - Step 500 | valid1 MSE : 0.0187 | valid1 MAE : 0.1082 | valid1 NMSE : 0.0267 | valid1 RMSE : 0.0000
[2025-07-09 10:46:03,048][__main__][INFO] - Step 600 | valid1 MSE : 0.0199 | valid1 MAE : 0.1115 | valid1 NMSE : 0.0284 | valid1 RMSE : 0.0000
[2025-07-09 10:46:19,423][__main__][INFO] - Step 700 | valid1 MSE : 0.0182 | valid1 MAE : 0.1065 | valid1 NMSE : 0.0259 | valid1 RMSE : 0.0000
[2025-07-09 10:46:34,679][__main__][INFO] - Step 800 | valid1 MSE : 0.0179 | valid1 MAE : 0.1056 | valid1 NMSE : 0.0256 | valid1 RMSE : 0.0000
[2025-07-09 10:46:50,438][__main__][INFO] - Step 900 | valid1 MSE : 0.0175 | valid1 MAE : 0.1043 | valid1 NMSE : 0.0249 | valid1 RMSE : 0.0000
[2025-07-09 10:47:06,507][__main__][INFO] - Step 1000 | valid1 MSE : 0.0191 | valid1 MAE : 0.1097 | valid1 NMSE : 0.0273 | valid1 RMSE : 0.0000
[2025-07-09 10:47:22,804][__main__][INFO] - Step 1100 | valid1 MSE : 0.0184 | valid1 MAE : 0.1072 | valid1 NMSE : 0.0262 | valid1 RMSE : 0.0000
[2025-07-09 10:47:38,954][__main__][INFO] - Step 1200 | valid1 MSE : 0.0175 | valid1 MAE : 0.1045 | valid1 NMSE : 0.0249 | valid1 RMSE : 0.0000
[2025-07-09 10:47:55,292][__main__][INFO] - Step 1300 | valid1 MSE : 0.0164 | valid1 MAE : 0.1011 | valid1 NMSE : 0.0234 | valid1 RMSE : 0.0000
[2025-07-09 10:48:11,376][__main__][INFO] - Step 1400 | valid1 MSE : 0.0169 | valid1 MAE : 0.1026 | valid1 NMSE : 0.0240 | valid1 RMSE : 0.0000
[2025-07-09 10:48:11,376][__main__][INFO] - Training done in 3.917 min
[2025-07-09 10:48:11,377][__main__][INFO] - Average time per step: 0.168 s
[2025-07-09 10:48:11,422][__main__][INFO] - End of training
[2025-07-09 10:48:12,829][__main__][INFO] - Plotted losses
[2025-07-09 10:48:12,829][__main__][INFO] - Computing test metrics
[2025-07-09 10:48:13,916][__main__][INFO] - Evaluation done in 0.018 min
[2025-07-09 10:48:15,210][__main__][INFO] - Evaluation done in 0.018 min
/home/H61084/codes/timetensor/src/timetensor/visu.py:218: RuntimeWarning: More than 20 figures have been opened. Figures created through the pyplot interface (`matplotlib.pyplot.figure`) are retained until explicitly closed and may consume too much memory. (To control this warning, see the rcParam `figure.max_open_warning`). Consider using `matplotlib.pyplot.close()`.
  fig = plt.figure(figsize=(15,5))
[2025-07-09 10:48:18,781][__main__][INFO] - Saved plots
[2025-07-09 10:48:18,781][__main__][INFO] - Final mIN parameters: {'beta': np.float32(1.07), 'alpha': np.float32(0.88)}
/home/H61084/venvs/timetensor/lib/python3.10/site-packages/numpy/lib/_histograms_impl.py:901: RuntimeWarning: invalid value encountered in divide
  return n/db/n.sum(), bin_edges
[2025-07-09 10:48:19,125][__main__][INFO] - End of script

[2025-07-09 10:48:23,926][__main__][INFO] - =====Running main script=====
[2025-07-09 10:48:23,931][__main__][INFO] - Fetched main configs, save directory : ../outputs/benchmark_min_1/default_gammaTrue/
[2025-07-09 10:48:23,931][__main__][INFO] - Model PatchTST, normalization mIN, criterion MSE, kwargs {'last': False, 'latent': False, 'init_beta': None, 'fixed_beta': False, 'init_alpha': None, 'fixed_alpha': False, 'use_gamma': True}
[2025-07-09 10:48:23,948][__main__][INFO] - Fetched dataloaders
[2025-07-09 10:48:23,950][__main__][INFO] - Training data shape : (70, 1, 1000)
[2025-07-09 10:48:23,950][__main__][INFO] - Batch sizes : X=torch.Size([10, 1, 100]), y=torch.Size([10, 1, 20])
[2025-07-09 10:48:25,659][__main__][INFO] - batch_size=10, learning_rate=0.0001, steps per epoch=7, epochs=200
[2025-07-09 10:48:25,659][__main__][INFO] - Starting training...
[2025-07-09 10:48:25,659][__main__][INFO] - Using device: cuda
[2025-07-09 10:48:25,659][__main__][INFO] - Training 200 epochs of 7 batches (1400 steps): , eval_freq: 50, print_freq: 100
[2025-07-09 10:48:34,090][__main__][INFO] - Step 1 | valid1 MSE : 1.4269 | valid1 MAE : 0.9956 | valid1 NMSE : 2.0245 | valid1 RMSE : 0.0017
[2025-07-09 10:48:50,208][__main__][INFO] - Step 100 | valid1 MSE : 0.0429 | valid1 MAE : 0.1575 | valid1 NMSE : 0.0618 | valid1 RMSE : 0.0001
[2025-07-09 10:49:06,391][__main__][INFO] - Step 200 | valid1 MSE : 0.0268 | valid1 MAE : 0.1275 | valid1 NMSE : 0.0384 | valid1 RMSE : 0.0000
[2025-07-09 10:49:22,390][__main__][INFO] - Step 300 | valid1 MSE : 0.0211 | valid1 MAE : 0.1139 | valid1 NMSE : 0.0303 | valid1 RMSE : 0.0000
[2025-07-09 10:49:38,770][__main__][INFO] - Step 400 | valid1 MSE : 0.0204 | valid1 MAE : 0.1121 | valid1 NMSE : 0.0292 | valid1 RMSE : 0.0000
[2025-07-09 10:49:55,030][__main__][INFO] - Step 500 | valid1 MSE : 0.0188 | valid1 MAE : 0.1075 | valid1 NMSE : 0.0270 | valid1 RMSE : 0.0000
[2025-07-09 10:50:11,268][__main__][INFO] - Step 600 | valid1 MSE : 0.0186 | valid1 MAE : 0.1067 | valid1 NMSE : 0.0266 | valid1 RMSE : 0.0000
[2025-07-09 10:50:27,430][__main__][INFO] - Step 700 | valid1 MSE : 0.0194 | valid1 MAE : 0.1092 | valid1 NMSE : 0.0278 | valid1 RMSE : 0.0000
[2025-07-09 10:50:43,780][__main__][INFO] - Step 800 | valid1 MSE : 0.0185 | valid1 MAE : 0.1067 | valid1 NMSE : 0.0263 | valid1 RMSE : 0.0000
[2025-07-09 10:50:59,806][__main__][INFO] - Step 900 | valid1 MSE : 0.0183 | valid1 MAE : 0.1066 | valid1 NMSE : 0.0262 | valid1 RMSE : 0.0000
[2025-07-09 10:51:15,943][__main__][INFO] - Step 1000 | valid1 MSE : 0.0179 | valid1 MAE : 0.1055 | valid1 NMSE : 0.0255 | valid1 RMSE : 0.0000
[2025-07-09 10:51:32,091][__main__][INFO] - Step 1100 | valid1 MSE : 0.0186 | valid1 MAE : 0.1078 | valid1 NMSE : 0.0266 | valid1 RMSE : 0.0000
[2025-07-09 10:51:48,237][__main__][INFO] - Step 1200 | valid1 MSE : 0.0175 | valid1 MAE : 0.1045 | valid1 NMSE : 0.0250 | valid1 RMSE : 0.0000
[2025-07-09 10:52:04,479][__main__][INFO] - Step 1300 | valid1 MSE : 0.0182 | valid1 MAE : 0.1064 | valid1 NMSE : 0.0262 | valid1 RMSE : 0.0000
[2025-07-09 10:52:20,627][__main__][INFO] - Step 1400 | valid1 MSE : 0.0175 | valid1 MAE : 0.1042 | valid1 NMSE : 0.0251 | valid1 RMSE : 0.0000
[2025-07-09 10:52:20,628][__main__][INFO] - Training done in 3.916 min
[2025-07-09 10:52:20,628][__main__][INFO] - Average time per step: 0.168 s
[2025-07-09 10:52:20,672][__main__][INFO] - End of training
[2025-07-09 10:52:22,073][__main__][INFO] - Plotted losses
[2025-07-09 10:52:22,073][__main__][INFO] - Computing test metrics
[2025-07-09 10:52:23,217][__main__][INFO] - Evaluation done in 0.019 min
[2025-07-09 10:52:24,505][__main__][INFO] - Evaluation done in 0.018 min
/home/H61084/codes/timetensor/src/timetensor/visu.py:218: RuntimeWarning: More than 20 figures have been opened. Figures created through the pyplot interface (`matplotlib.pyplot.figure`) are retained until explicitly closed and may consume too much memory. (To control this warning, see the rcParam `figure.max_open_warning`). Consider using `matplotlib.pyplot.close()`.
  fig = plt.figure(figsize=(15,5))
[2025-07-09 10:52:27,992][__main__][INFO] - Saved plots
[2025-07-09 10:52:27,993][__main__][INFO] - Final mIN parameters: {'beta': np.float32(0.005420255), 'alpha': np.float32(0.9452606)}
/home/H61084/venvs/timetensor/lib/python3.10/site-packages/numpy/lib/_histograms_impl.py:901: RuntimeWarning: invalid value encountered in divide
  return n/db/n.sum(), bin_edges
[2025-07-09 10:52:28,508][__main__][INFO] - End of script

[2025-07-09 10:52:33,448][__main__][INFO] - =====Running main script=====
[2025-07-09 10:52:33,454][__main__][INFO] - Fetched main configs, save directory : ../outputs/benchmark_min_1/init_gammaTrue/
[2025-07-09 10:52:33,454][__main__][INFO] - Model PatchTST, normalization mIN, criterion MSE, kwargs {'last': False, 'latent': False, 'init_beta': 1.07, 'fixed_beta': False, 'init_alpha': 0.88, 'fixed_alpha': False, 'use_gamma': True}
[2025-07-09 10:52:33,474][__main__][INFO] - Fetched dataloaders
[2025-07-09 10:52:33,476][__main__][INFO] - Training data shape : (70, 1, 1000)
[2025-07-09 10:52:33,476][__main__][INFO] - Batch sizes : X=torch.Size([10, 1, 100]), y=torch.Size([10, 1, 20])
[2025-07-09 10:52:35,122][__main__][INFO] - batch_size=10, learning_rate=0.0001, steps per epoch=7, epochs=200
[2025-07-09 10:52:35,122][__main__][INFO] - Starting training...
[2025-07-09 10:52:35,122][__main__][INFO] - Using device: cuda
[2025-07-09 10:52:35,122][__main__][INFO] - Training 200 epochs of 7 batches (1400 steps): , eval_freq: 50, print_freq: 100
[2025-07-09 10:52:42,998][__main__][INFO] - Step 1 | valid1 MSE : 0.5204 | valid1 MAE : 0.6191 | valid1 NMSE : 0.7364 | valid1 RMSE : 0.0006
[2025-07-09 10:52:58,805][__main__][INFO] - Step 100 | valid1 MSE : 0.0367 | valid1 MAE : 0.1494 | valid1 NMSE : 0.0524 | valid1 RMSE : 0.0000
[2025-07-09 10:53:14,610][__main__][INFO] - Step 200 | valid1 MSE : 0.0226 | valid1 MAE : 0.1183 | valid1 NMSE : 0.0321 | valid1 RMSE : 0.0000
[2025-07-09 10:53:30,358][__main__][INFO] - Step 300 | valid1 MSE : 0.0189 | valid1 MAE : 0.1089 | valid1 NMSE : 0.0269 | valid1 RMSE : 0.0000
[2025-07-09 10:53:46,178][__main__][INFO] - Step 400 | valid1 MSE : 0.0194 | valid1 MAE : 0.1107 | valid1 NMSE : 0.0276 | valid1 RMSE : 0.0000
[2025-07-09 10:54:01,929][__main__][INFO] - Step 500 | valid1 MSE : 0.0174 | valid1 MAE : 0.1040 | valid1 NMSE : 0.0247 | valid1 RMSE : 0.0000
[2025-07-09 10:54:17,756][__main__][INFO] - Step 600 | valid1 MSE : 0.0177 | valid1 MAE : 0.1054 | valid1 NMSE : 0.0252 | valid1 RMSE : 0.0000
[2025-07-09 10:54:33,582][__main__][INFO] - Step 700 | valid1 MSE : 0.0193 | valid1 MAE : 0.1105 | valid1 NMSE : 0.0275 | valid1 RMSE : 0.0000
[2025-07-09 10:54:49,634][__main__][INFO] - Step 800 | valid1 MSE : 0.0173 | valid1 MAE : 0.1040 | valid1 NMSE : 0.0245 | valid1 RMSE : 0.0000
[2025-07-09 10:55:05,934][__main__][INFO] - Step 900 | valid1 MSE : 0.0176 | valid1 MAE : 0.1052 | valid1 NMSE : 0.0251 | valid1 RMSE : 0.0000
[2025-07-09 10:55:22,068][__main__][INFO] - Step 1000 | valid1 MSE : 0.0171 | valid1 MAE : 0.1035 | valid1 NMSE : 0.0243 | valid1 RMSE : 0.0000
[2025-07-09 10:55:38,227][__main__][INFO] - Step 1100 | valid1 MSE : 0.0167 | valid1 MAE : 0.1022 | valid1 NMSE : 0.0237 | valid1 RMSE : 0.0000
[2025-07-09 10:55:54,136][__main__][INFO] - Step 1200 | valid1 MSE : 0.0169 | valid1 MAE : 0.1030 | valid1 NMSE : 0.0241 | valid1 RMSE : 0.0000
[2025-07-09 10:56:10,243][__main__][INFO] - Step 1300 | valid1 MSE : 0.0169 | valid1 MAE : 0.1032 | valid1 NMSE : 0.0241 | valid1 RMSE : 0.0000
[2025-07-09 10:56:24,890][__main__][INFO] - Step 1400 | valid1 MSE : 0.0170 | valid1 MAE : 0.1035 | valid1 NMSE : 0.0242 | valid1 RMSE : 0.0000
[2025-07-09 10:56:24,890][__main__][INFO] - Training done in 3.829 min
[2025-07-09 10:56:24,891][__main__][INFO] - Average time per step: 0.164 s
[2025-07-09 10:56:24,936][__main__][INFO] - End of training
[2025-07-09 10:56:26,275][__main__][INFO] - Plotted losses
[2025-07-09 10:56:26,275][__main__][INFO] - Computing test metrics
[2025-07-09 10:56:27,234][__main__][INFO] - Evaluation done in 0.016 min
[2025-07-09 10:56:28,355][__main__][INFO] - Evaluation done in 0.015 min
/home/H61084/codes/timetensor/src/timetensor/visu.py:218: RuntimeWarning: More than 20 figures have been opened. Figures created through the pyplot interface (`matplotlib.pyplot.figure`) are retained until explicitly closed and may consume too much memory. (To control this warning, see the rcParam `figure.max_open_warning`). Consider using `matplotlib.pyplot.close()`.
  fig = plt.figure(figsize=(15,5))
[2025-07-09 10:56:32,158][__main__][INFO] - Saved plots
[2025-07-09 10:56:32,158][__main__][INFO] - Final mIN parameters: {'beta': np.float32(1.0606295), 'alpha': np.float32(0.8142599)}
/home/H61084/venvs/timetensor/lib/python3.10/site-packages/numpy/lib/_histograms_impl.py:901: RuntimeWarning: invalid value encountered in divide
  return n/db/n.sum(), bin_edges
[2025-07-09 10:56:32,550][__main__][INFO] - End of script

[2025-07-09 10:56:37,286][__main__][INFO] - =====Running main script=====
[2025-07-09 10:56:37,292][__main__][INFO] - Fetched main configs, save directory : ../outputs/benchmark_min_1/fixed_gammaTrue/
[2025-07-09 10:56:37,292][__main__][INFO] - Model PatchTST, normalization mIN, criterion MSE, kwargs {'last': False, 'latent': False, 'init_beta': 1.07, 'fixed_beta': True, 'init_alpha': 0.88, 'fixed_alpha': True, 'use_gamma': True}
[2025-07-09 10:56:37,325][__main__][INFO] - Fetched dataloaders
[2025-07-09 10:56:37,327][__main__][INFO] - Training data shape : (70, 1, 1000)
[2025-07-09 10:56:37,327][__main__][INFO] - Batch sizes : X=torch.Size([10, 1, 100]), y=torch.Size([10, 1, 20])
[2025-07-09 10:56:39,134][__main__][INFO] - batch_size=10, learning_rate=0.0001, steps per epoch=7, epochs=200
[2025-07-09 10:56:39,134][__main__][INFO] - Starting training...
[2025-07-09 10:56:39,134][__main__][INFO] - Using device: cuda
[2025-07-09 10:56:39,134][__main__][INFO] - Training 200 epochs of 7 batches (1400 steps): , eval_freq: 50, print_freq: 100
[2025-07-09 10:56:46,242][__main__][INFO] - Step 1 | valid1 MSE : 0.5166 | valid1 MAE : 0.6260 | valid1 NMSE : 0.7340 | valid1 RMSE : 0.0006
[2025-07-09 10:57:00,714][__main__][INFO] - Step 100 | valid1 MSE : 0.0398 | valid1 MAE : 0.1527 | valid1 NMSE : 0.0571 | valid1 RMSE : 0.0000
[2025-07-09 10:57:15,152][__main__][INFO] - Step 200 | valid1 MSE : 0.0247 | valid1 MAE : 0.1229 | valid1 NMSE : 0.0353 | valid1 RMSE : 0.0000
[2025-07-09 10:57:29,783][__main__][INFO] - Step 300 | valid1 MSE : 0.0210 | valid1 MAE : 0.1135 | valid1 NMSE : 0.0299 | valid1 RMSE : 0.0000
[2025-07-09 10:57:44,423][__main__][INFO] - Step 400 | valid1 MSE : 0.0200 | valid1 MAE : 0.1105 | valid1 NMSE : 0.0284 | valid1 RMSE : 0.0000
[2025-07-09 10:57:58,712][__main__][INFO] - Step 500 | valid1 MSE : 0.0192 | valid1 MAE : 0.1086 | valid1 NMSE : 0.0273 | valid1 RMSE : 0.0000
[2025-07-09 10:58:13,087][__main__][INFO] - Step 600 | valid1 MSE : 0.0190 | valid1 MAE : 0.1086 | valid1 NMSE : 0.0271 | valid1 RMSE : 0.0000
[2025-07-09 10:58:27,531][__main__][INFO] - Step 700 | valid1 MSE : 0.0183 | valid1 MAE : 0.1065 | valid1 NMSE : 0.0261 | valid1 RMSE : 0.0000
[2025-07-09 10:58:41,949][__main__][INFO] - Step 800 | valid1 MSE : 0.0196 | valid1 MAE : 0.1107 | valid1 NMSE : 0.0280 | valid1 RMSE : 0.0000
[2025-07-09 10:58:56,514][__main__][INFO] - Step 900 | valid1 MSE : 0.0191 | valid1 MAE : 0.1091 | valid1 NMSE : 0.0272 | valid1 RMSE : 0.0000
[2025-07-09 10:59:11,143][__main__][INFO] - Step 1000 | valid1 MSE : 0.0182 | valid1 MAE : 0.1064 | valid1 NMSE : 0.0259 | valid1 RMSE : 0.0000
[2025-07-09 10:59:25,660][__main__][INFO] - Step 1100 | valid1 MSE : 0.0182 | valid1 MAE : 0.1060 | valid1 NMSE : 0.0258 | valid1 RMSE : 0.0000
[2025-07-09 10:59:40,066][__main__][INFO] - Step 1200 | valid1 MSE : 0.0186 | valid1 MAE : 0.1078 | valid1 NMSE : 0.0264 | valid1 RMSE : 0.0000
[2025-07-09 10:59:54,410][__main__][INFO] - Step 1300 | valid1 MSE : 0.0180 | valid1 MAE : 0.1058 | valid1 NMSE : 0.0255 | valid1 RMSE : 0.0000
[2025-07-09 11:00:08,829][__main__][INFO] - Step 1400 | valid1 MSE : 0.0191 | valid1 MAE : 0.1094 | valid1 NMSE : 0.0271 | valid1 RMSE : 0.0000
[2025-07-09 11:00:08,829][__main__][INFO] - Training done in 3.495 min
[2025-07-09 11:00:08,830][__main__][INFO] - Average time per step: 0.150 s
[2025-07-09 11:00:08,875][__main__][INFO] - End of training
[2025-07-09 11:00:10,283][__main__][INFO] - Plotted losses
[2025-07-09 11:00:10,283][__main__][INFO] - Computing test metrics
[2025-07-09 11:00:11,256][__main__][INFO] - Evaluation done in 0.016 min
[2025-07-09 11:00:12,401][__main__][INFO] - Evaluation done in 0.015 min
/home/H61084/codes/timetensor/src/timetensor/visu.py:218: RuntimeWarning: More than 20 figures have been opened. Figures created through the pyplot interface (`matplotlib.pyplot.figure`) are retained until explicitly closed and may consume too much memory. (To control this warning, see the rcParam `figure.max_open_warning`). Consider using `matplotlib.pyplot.close()`.
  fig = plt.figure(figsize=(15,5))
[2025-07-09 11:00:16,049][__main__][INFO] - Saved plots
[2025-07-09 11:00:16,050][__main__][INFO] - Final mIN parameters: {'beta': np.float32(1.07), 'alpha': np.float32(0.88)}
/home/H61084/venvs/timetensor/lib/python3.10/site-packages/numpy/lib/_histograms_impl.py:901: RuntimeWarning: invalid value encountered in divide
  return n/db/n.sum(), bin_edges
[2025-07-09 11:00:16,401][__main__][INFO] - End of script

+-----------------+------------+-------------------------+----------------------+----------------------+-------------------+--------------------+---------------------+------------------+-------------------+
|                 |   expected |   PatchTST_instance_MSE |   PatchTST_revin_MSE |   default_gammaFalse |   init_gammaFalse |   fixed_gammaFalse |   default_gammaTrue |   init_gammaTrue |   fixed_gammaTrue |
+=================+============+=========================+======================+======================+===================+====================+=====================+==================+===================+
| Test MSE * 1e2  |   887.2683 |                  1.7150 |               1.7185 |               1.7575 |            1.7894 |             1.6963 |              1.7675 |           1.6988 |            1.9186 |
+-----------------+------------+-------------------------+----------------------+----------------------+-------------------+--------------------+---------------------+------------------+-------------------+
| Test MAE * 1e1  |    28.7883 |                  1.0266 |               1.0389 |               1.0398 |            1.0575 |             1.0260 |              1.0438 |           1.0335 |            1.0937 |
+-----------------+------------+-------------------------+----------------------+----------------------+-------------------+--------------------+---------------------+------------------+-------------------+
| Test NMSE * 1e1 |    33.5654 |                  0.2453 |               0.2455 |               0.2521 |            0.2545 |             0.2421 |              0.2523 |           0.2420 |            0.2728 |
+-----------------+------------+-------------------------+----------------------+----------------------+-------------------+--------------------+---------------------+------------------+-------------------+
| Test RMSE * 1e5 |   664.6053 |                  1.3144 |               1.2991 |               1.3488 |            1.3417 |             1.2825 |              1.3396 |           1.2740 |            1.4454 |
+-----------------+------------+-------------------------+----------------------+----------------------+-------------------+--------------------+---------------------+------------------+-------------------+
