nohup: ignoring input
[2025-07-09 10:26:58,583][__main__][INFO] - =====Running main script=====
[2025-07-09 10:26:58,587][__main__][INFO] - Fetched main configs, save directory : ../outputs/benchmark_min_all/expected/
[2025-07-09 10:26:58,587][__main__][INFO] - Model expected, normalization None, criterion MSE, kwargs {}
[2025-07-09 10:26:58,650][__main__][INFO] - Fetched dataloaders
[2025-07-09 10:26:58,652][__main__][INFO] - Training data shape : ((140, 1, 1000), (140, 1, 1000))
[2025-07-09 10:26:58,652][__main__][INFO] - Batch sizes : X=torch.Size([28, 1, 336]), c=torch.Size([28, 1, 384]), y=torch.Size([28, 1, 48])
[2025-07-09 10:26:58,883][__main__][INFO] - No training needed
[2025-07-09 10:26:58,883][__main__][INFO] - Computing test metrics
[2025-07-09 10:26:59,153][__main__][INFO] - Evaluation done in 0.005 min
[2025-07-09 10:26:59,223][__main__][INFO] - Evaluation done in 0.000 min
[2025-07-09 10:27:03,060][__main__][INFO] - Saved plots
[2025-07-09 10:27:03,060][__main__][INFO] - End of script

[2025-07-09 10:27:06,383][__main__][INFO] - =====Running main script=====
[2025-07-09 10:27:06,387][__main__][INFO] - Fetched main configs, save directory : ../outputs/benchmark_min_all/PatchTST_instance_MSE/
[2025-07-09 10:27:06,387][__main__][INFO] - Model PatchTST, normalization instance, criterion MSE, kwargs {'last': False, 'latent': False, 'init_beta': None, 'fixed_beta': False, 'init_alpha': None, 'fixed_alpha': False, 'use_gamma': False}
[2025-07-09 10:27:06,440][__main__][INFO] - Fetched dataloaders
[2025-07-09 10:27:06,442][__main__][INFO] - Training data shape : ((140, 1, 1000), (140, 1, 1000))
[2025-07-09 10:27:06,442][__main__][INFO] - Batch sizes : X=torch.Size([10, 1, 100]), c=torch.Size([10, 1, 120]), y=torch.Size([10, 1, 20])
[2025-07-09 10:27:07,457][__main__][INFO] - batch_size=10, learning_rate=0.0001, steps per epoch=14, epochs=200
[2025-07-09 10:27:07,457][__main__][INFO] - Starting training...
[2025-07-09 10:27:07,457][__main__][INFO] - Using device: cuda
[2025-07-09 10:27:07,458][__main__][INFO] - Training 200 epochs of 14 batches (2800 steps): , eval_freq: 50, print_freq: 100
[2025-07-09 10:27:17,571][__main__][INFO] - Step 1 | valid1 MSE : 1.0931 | valid1 MAE : 0.8535 | valid1 NMSE : 1.6461 | valid1 RMSE : 0.0008
[2025-07-09 10:27:37,288][__main__][INFO] - Step 100 | valid1 MSE : 0.0432 | valid1 MAE : 0.1623 | valid1 NMSE : 0.0662 | valid1 RMSE : 0.0000
[2025-07-09 10:27:57,236][__main__][INFO] - Step 200 | valid1 MSE : 0.0253 | valid1 MAE : 0.1251 | valid1 NMSE : 0.0387 | valid1 RMSE : 0.0000
[2025-07-09 10:28:17,383][__main__][INFO] - Step 300 | valid1 MSE : 0.0190 | valid1 MAE : 0.1089 | valid1 NMSE : 0.0293 | valid1 RMSE : 0.0000
[2025-07-09 10:28:37,184][__main__][INFO] - Step 400 | valid1 MSE : 0.0181 | valid1 MAE : 0.1062 | valid1 NMSE : 0.0278 | valid1 RMSE : 0.0000
[2025-07-09 10:28:57,119][__main__][INFO] - Step 500 | valid1 MSE : 0.0174 | valid1 MAE : 0.1045 | valid1 NMSE : 0.0268 | valid1 RMSE : 0.0000
[2025-07-09 10:29:16,718][__main__][INFO] - Step 600 | valid1 MSE : 0.0173 | valid1 MAE : 0.1041 | valid1 NMSE : 0.0266 | valid1 RMSE : 0.0000
[2025-07-09 10:29:36,596][__main__][INFO] - Step 700 | valid1 MSE : 0.0177 | valid1 MAE : 0.1053 | valid1 NMSE : 0.0271 | valid1 RMSE : 0.0000
[2025-07-09 10:29:56,201][__main__][INFO] - Step 800 | valid1 MSE : 0.0165 | valid1 MAE : 0.1016 | valid1 NMSE : 0.0254 | valid1 RMSE : 0.0000
[2025-07-09 10:30:16,176][__main__][INFO] - Step 900 | valid1 MSE : 0.0167 | valid1 MAE : 0.1021 | valid1 NMSE : 0.0255 | valid1 RMSE : 0.0000
[2025-07-09 10:30:35,894][__main__][INFO] - Step 1000 | valid1 MSE : 0.0176 | valid1 MAE : 0.1051 | valid1 NMSE : 0.0271 | valid1 RMSE : 0.0000
[2025-07-09 10:30:55,854][__main__][INFO] - Step 1100 | valid1 MSE : 0.0173 | valid1 MAE : 0.1044 | valid1 NMSE : 0.0267 | valid1 RMSE : 0.0000
[2025-07-09 10:31:14,811][__main__][INFO] - Step 1200 | valid1 MSE : 0.0173 | valid1 MAE : 0.1041 | valid1 NMSE : 0.0266 | valid1 RMSE : 0.0000
[2025-07-09 10:31:34,150][__main__][INFO] - Step 1300 | valid1 MSE : 0.0167 | valid1 MAE : 0.1024 | valid1 NMSE : 0.0257 | valid1 RMSE : 0.0000
[2025-07-09 10:31:54,133][__main__][INFO] - Step 1400 | valid1 MSE : 0.0160 | valid1 MAE : 0.1002 | valid1 NMSE : 0.0246 | valid1 RMSE : 0.0000
[2025-07-09 10:32:14,142][__main__][INFO] - Step 1500 | valid1 MSE : 0.0188 | valid1 MAE : 0.1090 | valid1 NMSE : 0.0287 | valid1 RMSE : 0.0000
[2025-07-09 10:32:33,915][__main__][INFO] - Step 1600 | valid1 MSE : 0.0168 | valid1 MAE : 0.1029 | valid1 NMSE : 0.0258 | valid1 RMSE : 0.0000
[2025-07-09 10:32:53,859][__main__][INFO] - Step 1700 | valid1 MSE : 0.0176 | valid1 MAE : 0.1053 | valid1 NMSE : 0.0269 | valid1 RMSE : 0.0000
[2025-07-09 10:33:13,586][__main__][INFO] - Step 1800 | valid1 MSE : 0.0166 | valid1 MAE : 0.1021 | valid1 NMSE : 0.0256 | valid1 RMSE : 0.0000
[2025-07-09 10:33:33,436][__main__][INFO] - Step 1900 | valid1 MSE : 0.0166 | valid1 MAE : 0.1023 | valid1 NMSE : 0.0256 | valid1 RMSE : 0.0000
[2025-07-09 10:33:53,026][__main__][INFO] - Step 2000 | valid1 MSE : 0.0170 | valid1 MAE : 0.1035 | valid1 NMSE : 0.0261 | valid1 RMSE : 0.0000
[2025-07-09 10:34:12,740][__main__][INFO] - Step 2100 | valid1 MSE : 0.0172 | valid1 MAE : 0.1044 | valid1 NMSE : 0.0265 | valid1 RMSE : 0.0000
[2025-07-09 10:34:32,377][__main__][INFO] - Step 2200 | valid1 MSE : 0.0166 | valid1 MAE : 0.1021 | valid1 NMSE : 0.0254 | valid1 RMSE : 0.0000
[2025-07-09 10:34:52,199][__main__][INFO] - Step 2300 | valid1 MSE : 0.0168 | valid1 MAE : 0.1028 | valid1 NMSE : 0.0258 | valid1 RMSE : 0.0000
[2025-07-09 10:35:11,672][__main__][INFO] - Step 2400 | valid1 MSE : 0.0156 | valid1 MAE : 0.0993 | valid1 NMSE : 0.0241 | valid1 RMSE : 0.0000
[2025-07-09 10:35:30,524][__main__][INFO] - Step 2500 | valid1 MSE : 0.0166 | valid1 MAE : 0.1024 | valid1 NMSE : 0.0255 | valid1 RMSE : 0.0000
[2025-07-09 10:35:50,081][__main__][INFO] - Step 2600 | valid1 MSE : 0.0179 | valid1 MAE : 0.1063 | valid1 NMSE : 0.0273 | valid1 RMSE : 0.0000
[2025-07-09 10:36:10,042][__main__][INFO] - Step 2700 | valid1 MSE : 0.0163 | valid1 MAE : 0.1014 | valid1 NMSE : 0.0250 | valid1 RMSE : 0.0000
[2025-07-09 10:36:29,429][__main__][INFO] - Step 2800 | valid1 MSE : 0.0159 | valid1 MAE : 0.1001 | valid1 NMSE : 0.0245 | valid1 RMSE : 0.0000
[2025-07-09 10:36:29,429][__main__][INFO] - Training done in 9.366 min
[2025-07-09 10:36:29,430][__main__][INFO] - Average time per step: 0.201 s
[2025-07-09 10:36:29,482][__main__][INFO] - End of training
[2025-07-09 10:36:30,592][__main__][INFO] - Plotted losses
[2025-07-09 10:36:30,592][__main__][INFO] - Computing test metrics
[2025-07-09 10:36:32,088][__main__][INFO] - Evaluation done in 0.025 min
[2025-07-09 10:36:33,485][__main__][INFO] - Evaluation done in 0.016 min
/home/H61084/codes/timetensor/src/timetensor/visu.py:218: RuntimeWarning: More than 20 figures have been opened. Figures created through the pyplot interface (`matplotlib.pyplot.figure`) are retained until explicitly closed and may consume too much memory. (To control this warning, see the rcParam `figure.max_open_warning`). Consider using `matplotlib.pyplot.close()`.
  fig = plt.figure(figsize=(15,5))
[2025-07-09 10:36:37,383][__main__][INFO] - Saved plots
[2025-07-09 10:36:37,383][__main__][INFO] - End of script

[2025-07-09 10:36:41,896][__main__][INFO] - =====Running main script=====
[2025-07-09 10:36:41,900][__main__][INFO] - Fetched main configs, save directory : ../outputs/benchmark_min_all/PatchTST_revin_MSE/
[2025-07-09 10:36:41,900][__main__][INFO] - Model PatchTST, normalization revin, criterion MSE, kwargs {'last': False, 'latent': False, 'init_beta': None, 'fixed_beta': False, 'init_alpha': None, 'fixed_alpha': False, 'use_gamma': False}
[2025-07-09 10:36:41,957][__main__][INFO] - Fetched dataloaders
[2025-07-09 10:36:41,959][__main__][INFO] - Training data shape : ((140, 1, 1000), (140, 1, 1000))
[2025-07-09 10:36:41,959][__main__][INFO] - Batch sizes : X=torch.Size([10, 1, 100]), c=torch.Size([10, 1, 120]), y=torch.Size([10, 1, 20])
[2025-07-09 10:36:43,084][__main__][INFO] - batch_size=10, learning_rate=0.0001, steps per epoch=14, epochs=200
[2025-07-09 10:36:43,084][__main__][INFO] - Starting training...
[2025-07-09 10:36:43,084][__main__][INFO] - Using device: cuda
[2025-07-09 10:36:43,085][__main__][INFO] - Training 200 epochs of 14 batches (2800 steps): , eval_freq: 50, print_freq: 100
[2025-07-09 10:36:53,393][__main__][INFO] - Step 1 | valid1 MSE : 1.0646 | valid1 MAE : 0.8431 | valid1 NMSE : 1.6055 | valid1 RMSE : 0.0008
[2025-07-09 10:37:13,776][__main__][INFO] - Step 100 | valid1 MSE : 0.0430 | valid1 MAE : 0.1616 | valid1 NMSE : 0.0658 | valid1 RMSE : 0.0000
[2025-07-09 10:37:34,722][__main__][INFO] - Step 200 | valid1 MSE : 0.0239 | valid1 MAE : 0.1220 | valid1 NMSE : 0.0366 | valid1 RMSE : 0.0000
[2025-07-09 10:37:55,371][__main__][INFO] - Step 300 | valid1 MSE : 0.0191 | valid1 MAE : 0.1095 | valid1 NMSE : 0.0294 | valid1 RMSE : 0.0000
[2025-07-09 10:38:15,866][__main__][INFO] - Step 400 | valid1 MSE : 0.0177 | valid1 MAE : 0.1054 | valid1 NMSE : 0.0272 | valid1 RMSE : 0.0000
[2025-07-09 10:38:36,380][__main__][INFO] - Step 500 | valid1 MSE : 0.0174 | valid1 MAE : 0.1044 | valid1 NMSE : 0.0268 | valid1 RMSE : 0.0000
[2025-07-09 10:38:56,746][__main__][INFO] - Step 600 | valid1 MSE : 0.0168 | valid1 MAE : 0.1028 | valid1 NMSE : 0.0258 | valid1 RMSE : 0.0000
[2025-07-09 10:39:17,292][__main__][INFO] - Step 700 | valid1 MSE : 0.0175 | valid1 MAE : 0.1046 | valid1 NMSE : 0.0268 | valid1 RMSE : 0.0000
[2025-07-09 10:39:36,985][__main__][INFO] - Step 800 | valid1 MSE : 0.0169 | valid1 MAE : 0.1032 | valid1 NMSE : 0.0260 | valid1 RMSE : 0.0000
[2025-07-09 10:39:55,486][__main__][INFO] - Step 900 | valid1 MSE : 0.0177 | valid1 MAE : 0.1059 | valid1 NMSE : 0.0271 | valid1 RMSE : 0.0000
[2025-07-09 10:40:14,578][__main__][INFO] - Step 1000 | valid1 MSE : 0.0177 | valid1 MAE : 0.1058 | valid1 NMSE : 0.0273 | valid1 RMSE : 0.0000
[2025-07-09 10:40:35,020][__main__][INFO] - Step 1100 | valid1 MSE : 0.0171 | valid1 MAE : 0.1039 | valid1 NMSE : 0.0263 | valid1 RMSE : 0.0000
[2025-07-09 10:40:55,251][__main__][INFO] - Step 1200 | valid1 MSE : 0.0171 | valid1 MAE : 0.1039 | valid1 NMSE : 0.0263 | valid1 RMSE : 0.0000
[2025-07-09 10:41:15,663][__main__][INFO] - Step 1300 | valid1 MSE : 0.0187 | valid1 MAE : 0.1089 | valid1 NMSE : 0.0287 | valid1 RMSE : 0.0000
[2025-07-09 10:41:35,900][__main__][INFO] - Step 1400 | valid1 MSE : 0.0169 | valid1 MAE : 0.1033 | valid1 NMSE : 0.0260 | valid1 RMSE : 0.0000
[2025-07-09 10:41:56,481][__main__][INFO] - Step 1500 | valid1 MSE : 0.0186 | valid1 MAE : 0.1087 | valid1 NMSE : 0.0285 | valid1 RMSE : 0.0000
[2025-07-09 10:42:16,727][__main__][INFO] - Step 1600 | valid1 MSE : 0.0172 | valid1 MAE : 0.1046 | valid1 NMSE : 0.0265 | valid1 RMSE : 0.0000
[2025-07-09 10:42:37,347][__main__][INFO] - Step 1700 | valid1 MSE : 0.0166 | valid1 MAE : 0.1023 | valid1 NMSE : 0.0254 | valid1 RMSE : 0.0000
[2025-07-09 10:42:58,263][__main__][INFO] - Step 1800 | valid1 MSE : 0.0160 | valid1 MAE : 0.1007 | valid1 NMSE : 0.0247 | valid1 RMSE : 0.0000
[2025-07-09 10:43:19,794][__main__][INFO] - Step 1900 | valid1 MSE : 0.0168 | valid1 MAE : 0.1030 | valid1 NMSE : 0.0259 | valid1 RMSE : 0.0000
[2025-07-09 10:43:39,978][__main__][INFO] - Step 2000 | valid1 MSE : 0.0170 | valid1 MAE : 0.1036 | valid1 NMSE : 0.0261 | valid1 RMSE : 0.0000
[2025-07-09 10:44:00,506][__main__][INFO] - Step 2100 | valid1 MSE : 0.0166 | valid1 MAE : 0.1020 | valid1 NMSE : 0.0255 | valid1 RMSE : 0.0000
[2025-07-09 10:44:19,467][__main__][INFO] - Step 2200 | valid1 MSE : 0.0165 | valid1 MAE : 0.1022 | valid1 NMSE : 0.0254 | valid1 RMSE : 0.0000
[2025-07-09 10:44:40,065][__main__][INFO] - Step 2300 | valid1 MSE : 0.0160 | valid1 MAE : 0.1004 | valid1 NMSE : 0.0246 | valid1 RMSE : 0.0000
[2025-07-09 10:45:00,262][__main__][INFO] - Step 2400 | valid1 MSE : 0.0164 | valid1 MAE : 0.1019 | valid1 NMSE : 0.0252 | valid1 RMSE : 0.0000
[2025-07-09 10:45:20,870][__main__][INFO] - Step 2500 | valid1 MSE : 0.0148 | valid1 MAE : 0.0965 | valid1 NMSE : 0.0227 | valid1 RMSE : 0.0000
[2025-07-09 10:45:41,134][__main__][INFO] - Step 2600 | valid1 MSE : 0.0153 | valid1 MAE : 0.0982 | valid1 NMSE : 0.0236 | valid1 RMSE : 0.0000
[2025-07-09 10:46:01,839][__main__][INFO] - Step 2700 | valid1 MSE : 0.0167 | valid1 MAE : 0.1031 | valid1 NMSE : 0.0257 | valid1 RMSE : 0.0000
[2025-07-09 10:46:22,206][__main__][INFO] - Step 2800 | valid1 MSE : 0.0158 | valid1 MAE : 0.1000 | valid1 NMSE : 0.0243 | valid1 RMSE : 0.0000
[2025-07-09 10:46:22,206][__main__][INFO] - Training done in 9.652 min
[2025-07-09 10:46:22,207][__main__][INFO] - Average time per step: 0.207 s
[2025-07-09 10:46:22,255][__main__][INFO] - End of training
[2025-07-09 10:46:23,677][__main__][INFO] - Plotted losses
[2025-07-09 10:46:23,677][__main__][INFO] - Computing test metrics
[2025-07-09 10:46:25,253][__main__][INFO] - Evaluation done in 0.026 min
[2025-07-09 10:46:26,735][__main__][INFO] - Evaluation done in 0.017 min
/home/H61084/codes/timetensor/src/timetensor/visu.py:218: RuntimeWarning: More than 20 figures have been opened. Figures created through the pyplot interface (`matplotlib.pyplot.figure`) are retained until explicitly closed and may consume too much memory. (To control this warning, see the rcParam `figure.max_open_warning`). Consider using `matplotlib.pyplot.close()`.
  fig = plt.figure(figsize=(15,5))
[2025-07-09 10:46:30,932][__main__][INFO] - Saved plots
[2025-07-09 10:46:30,932][__main__][INFO] - Final mIN parameters: {'beta': np.float32(-0.011046232), 'alpha': np.float32(1.1004399)}
/home/H61084/venvs/timetensor/lib/python3.10/site-packages/numpy/lib/_histograms_impl.py:901: RuntimeWarning: invalid value encountered in divide
  return n/db/n.sum(), bin_edges
[2025-07-09 10:46:31,312][__main__][INFO] - End of script

[2025-07-09 10:46:36,642][__main__][INFO] - =====Running main script=====
[2025-07-09 10:46:36,646][__main__][INFO] - Fetched main configs, save directory : ../outputs/benchmark_min_all/fixed_centralized_min/
[2025-07-09 10:46:36,646][__main__][INFO] - Model PatchTST, normalization mIN, criterion MSE, kwargs {'last': False, 'latent': False, 'init_beta': None, 'fixed_beta': True, 'init_alpha': None, 'fixed_alpha': True, 'use_gamma': False}
[2025-07-09 10:46:36,716][__main__][INFO] - Fetched dataloaders
[2025-07-09 10:46:36,717][__main__][INFO] - Training data shape : ((140, 1, 1000), (140, 1, 1000))
[2025-07-09 10:46:36,717][__main__][INFO] - Batch sizes : X=torch.Size([10, 1, 100]), c=torch.Size([10, 1, 120]), y=torch.Size([10, 1, 20])
[2025-07-09 10:46:39,486][__main__][INFO] - batch_size=10, learning_rate=0.0001, steps per epoch=14, epochs=200
[2025-07-09 10:46:39,486][__main__][INFO] - Starting training...
[2025-07-09 10:46:39,486][__main__][INFO] - Using device: cuda
[2025-07-09 10:46:39,487][__main__][INFO] - Training 200 epochs of 14 batches (2800 steps): , eval_freq: 50, print_freq: 100
[2025-07-09 10:46:49,419][__main__][INFO] - Step 1 | valid1 MSE : 0.6471 | valid1 MAE : 0.6785 | valid1 NMSE : 0.9911 | valid1 RMSE : 0.0004
[2025-07-09 10:47:09,454][__main__][INFO] - Step 100 | valid1 MSE : 0.0421 | valid1 MAE : 0.1614 | valid1 NMSE : 0.0654 | valid1 RMSE : 0.0000
[2025-07-09 10:47:29,654][__main__][INFO] - Step 200 | valid1 MSE : 0.0243 | valid1 MAE : 0.1235 | valid1 NMSE : 0.0379 | valid1 RMSE : 0.0000
[2025-07-09 10:47:49,812][__main__][INFO] - Step 300 | valid1 MSE : 0.0198 | valid1 MAE : 0.1118 | valid1 NMSE : 0.0309 | valid1 RMSE : 0.0000
[2025-07-09 10:48:09,505][__main__][INFO] - Step 400 | valid1 MSE : 0.0198 | valid1 MAE : 0.1116 | valid1 NMSE : 0.0309 | valid1 RMSE : 0.0000
[2025-07-09 10:48:28,113][__main__][INFO] - Step 500 | valid1 MSE : 0.0183 | valid1 MAE : 0.1073 | valid1 NMSE : 0.0286 | valid1 RMSE : 0.0000
[2025-07-09 10:48:48,360][__main__][INFO] - Step 600 | valid1 MSE : 0.0187 | valid1 MAE : 0.1087 | valid1 NMSE : 0.0292 | valid1 RMSE : 0.0000
[2025-07-09 10:49:08,888][__main__][INFO] - Step 700 | valid1 MSE : 0.0182 | valid1 MAE : 0.1074 | valid1 NMSE : 0.0284 | valid1 RMSE : 0.0000
[2025-07-09 10:49:28,965][__main__][INFO] - Step 800 | valid1 MSE : 0.0178 | valid1 MAE : 0.1061 | valid1 NMSE : 0.0277 | valid1 RMSE : 0.0000
[2025-07-09 10:49:49,731][__main__][INFO] - Step 900 | valid1 MSE : 0.0191 | valid1 MAE : 0.1102 | valid1 NMSE : 0.0298 | valid1 RMSE : 0.0000
[2025-07-09 10:50:10,007][__main__][INFO] - Step 1000 | valid1 MSE : 0.0184 | valid1 MAE : 0.1080 | valid1 NMSE : 0.0287 | valid1 RMSE : 0.0000
[2025-07-09 10:50:30,461][__main__][INFO] - Step 1100 | valid1 MSE : 0.0180 | valid1 MAE : 0.1068 | valid1 NMSE : 0.0281 | valid1 RMSE : 0.0000
[2025-07-09 10:50:50,694][__main__][INFO] - Step 1200 | valid1 MSE : 0.0173 | valid1 MAE : 0.1044 | valid1 NMSE : 0.0270 | valid1 RMSE : 0.0000
[2025-07-09 10:51:10,950][__main__][INFO] - Step 1300 | valid1 MSE : 0.0174 | valid1 MAE : 0.1049 | valid1 NMSE : 0.0271 | valid1 RMSE : 0.0000
[2025-07-09 10:51:31,065][__main__][INFO] - Step 1400 | valid1 MSE : 0.0176 | valid1 MAE : 0.1056 | valid1 NMSE : 0.0275 | valid1 RMSE : 0.0000
[2025-07-09 10:51:51,580][__main__][INFO] - Step 1500 | valid1 MSE : 0.0170 | valid1 MAE : 0.1037 | valid1 NMSE : 0.0265 | valid1 RMSE : 0.0000
[2025-07-09 10:52:11,743][__main__][INFO] - Step 1600 | valid1 MSE : 0.0194 | valid1 MAE : 0.1115 | valid1 NMSE : 0.0302 | valid1 RMSE : 0.0000
[2025-07-09 10:52:31,112][__main__][INFO] - Step 1700 | valid1 MSE : 0.0185 | valid1 MAE : 0.1087 | valid1 NMSE : 0.0289 | valid1 RMSE : 0.0000
[2025-07-09 10:52:50,947][__main__][INFO] - Step 1800 | valid1 MSE : 0.0173 | valid1 MAE : 0.1045 | valid1 NMSE : 0.0270 | valid1 RMSE : 0.0000
[2025-07-09 10:53:11,368][__main__][INFO] - Step 1900 | valid1 MSE : 0.0175 | valid1 MAE : 0.1053 | valid1 NMSE : 0.0272 | valid1 RMSE : 0.0000
[2025-07-09 10:53:31,515][__main__][INFO] - Step 2000 | valid1 MSE : 0.0176 | valid1 MAE : 0.1054 | valid1 NMSE : 0.0274 | valid1 RMSE : 0.0000
[2025-07-09 10:53:51,940][__main__][INFO] - Step 2100 | valid1 MSE : 0.0168 | valid1 MAE : 0.1031 | valid1 NMSE : 0.0262 | valid1 RMSE : 0.0000
[2025-07-09 10:54:12,090][__main__][INFO] - Step 2200 | valid1 MSE : 0.0172 | valid1 MAE : 0.1043 | valid1 NMSE : 0.0267 | valid1 RMSE : 0.0000
[2025-07-09 10:54:32,306][__main__][INFO] - Step 2300 | valid1 MSE : 0.0171 | valid1 MAE : 0.1040 | valid1 NMSE : 0.0266 | valid1 RMSE : 0.0000
[2025-07-09 10:54:52,439][__main__][INFO] - Step 2400 | valid1 MSE : 0.0166 | valid1 MAE : 0.1027 | valid1 NMSE : 0.0259 | valid1 RMSE : 0.0000
[2025-07-09 10:55:12,816][__main__][INFO] - Step 2500 | valid1 MSE : 0.0175 | valid1 MAE : 0.1054 | valid1 NMSE : 0.0273 | valid1 RMSE : 0.0000
[2025-07-09 10:55:32,994][__main__][INFO] - Step 2600 | valid1 MSE : 0.0170 | valid1 MAE : 0.1036 | valid1 NMSE : 0.0265 | valid1 RMSE : 0.0000
[2025-07-09 10:55:53,527][__main__][INFO] - Step 2700 | valid1 MSE : 0.0167 | valid1 MAE : 0.1028 | valid1 NMSE : 0.0260 | valid1 RMSE : 0.0000
[2025-07-09 10:56:13,744][__main__][INFO] - Step 2800 | valid1 MSE : 0.0169 | valid1 MAE : 0.1035 | valid1 NMSE : 0.0263 | valid1 RMSE : 0.0000
[2025-07-09 10:56:13,744][__main__][INFO] - Training done in 9.571 min
[2025-07-09 10:56:13,745][__main__][INFO] - Average time per step: 0.205 s
[2025-07-09 10:56:13,792][__main__][INFO] - End of training
[2025-07-09 10:56:15,232][__main__][INFO] - Plotted losses
[2025-07-09 10:56:15,232][__main__][INFO] - Computing test metrics
[2025-07-09 10:56:16,730][__main__][INFO] - Evaluation done in 0.025 min
[2025-07-09 10:56:18,331][__main__][INFO] - Evaluation done in 0.019 min
/home/H61084/codes/timetensor/src/timetensor/visu.py:218: RuntimeWarning: More than 20 figures have been opened. Figures created through the pyplot interface (`matplotlib.pyplot.figure`) are retained until explicitly closed and may consume too much memory. (To control this warning, see the rcParam `figure.max_open_warning`). Consider using `matplotlib.pyplot.close()`.
  fig = plt.figure(figsize=(15,5))
[2025-07-09 10:56:22,117][__main__][INFO] - Saved plots
[2025-07-09 10:56:22,117][__main__][INFO] - Final mIN parameters: {'beta': np.float32(0.0), 'alpha': np.float32(1.0)}
/home/H61084/venvs/timetensor/lib/python3.10/site-packages/numpy/lib/_histograms_impl.py:901: RuntimeWarning: invalid value encountered in divide
  return n/db/n.sum(), bin_edges
[2025-07-09 10:56:22,489][__main__][INFO] - End of script

+-----------------+------------+-------------------------+----------------------+-------------------------+
|                 |   expected |   PatchTST_instance_MSE |   PatchTST_revin_MSE |   fixed_centralized_min |
+=================+============+=========================+======================+=========================+
| Test MSE * 1e2  |   667.6911 |                  1.6060 |               1.6006 |                  1.6970 |
+-----------------+------------+-------------------------+----------------------+-------------------------+
| Test MAE * 1e1  |    24.2231 |                  1.0056 |               1.0045 |                  1.0356 |
+-----------------+------------+-------------------------+----------------------+-------------------------+
| Test NMSE * 1e1 |    31.3646 |                  0.2474 |               0.2461 |                  0.2645 |
+-----------------+------------+-------------------------+----------------------+-------------------------+
| Test RMSE * 1e5 |   341.1314 |                  0.6931 |               0.6744 |                  0.6332 |
+-----------------+------------+-------------------------+----------------------+-------------------------+
