nohup: ignoring input
[2025-07-15 17:57:30,952][__main__][INFO] - =====Running main script=====
[2025-07-15 17:57:30,980][__main__][INFO] - Fetched main configs, save directory : ../outputs/benchmark_baselines/expected/
[2025-07-15 17:57:30,980][__main__][INFO] - Model expected, normalization instance, criterion MSE, kwargs {}
[2025-07-15 17:57:31,662][__main__][INFO] - Fetched dataloaders
[2025-07-15 17:57:31,694][__main__][INFO] - Training data shape : (224, 1, 13152)
[2025-07-15 17:57:31,694][__main__][INFO] - Batch sizes : X=torch.Size([28, 1, 336]), y=torch.Size([28, 1, 48])
[2025-07-15 17:57:31,748][__main__][INFO] - No training needed
[2025-07-15 17:57:31,748][__main__][INFO] - Computing test metrics
[2025-07-15 17:58:15,785][__main__][INFO] - Evaluation done in 0.734 min
[2025-07-15 17:58:58,108][__main__][INFO] - Evaluation done in 0.200 min
[2025-07-15 17:59:31,865][__main__][INFO] - Saved plots
[2025-07-15 17:59:31,865][__main__][INFO] - End of script

[2025-07-15 17:59:39,074][__main__][INFO] - =====Running main script=====
[2025-07-15 17:59:39,091][__main__][INFO] - Fetched main configs, save directory : ../outputs/benchmark_baselines/persistence/
[2025-07-15 17:59:39,091][__main__][INFO] - Model persistence, normalization instance, criterion MSE, kwargs {}
[2025-07-15 17:59:39,352][__main__][INFO] - Fetched dataloaders
[2025-07-15 17:59:39,355][__main__][INFO] - Training data shape : (224, 1, 13152)
[2025-07-15 17:59:39,355][__main__][INFO] - Batch sizes : X=torch.Size([28, 1, 336]), y=torch.Size([28, 1, 48])
[2025-07-15 17:59:39,432][__main__][INFO] - No training needed
[2025-07-15 17:59:39,432][__main__][INFO] - Computing test metrics
[2025-07-15 18:00:17,736][__main__][INFO] - Evaluation done in 0.638 min
[2025-07-15 18:00:59,878][__main__][INFO] - Evaluation done in 0.194 min
[2025-07-15 18:01:29,280][__main__][INFO] - Saved plots
[2025-07-15 18:01:29,280][__main__][INFO] - End of script

[2025-07-15 18:01:34,706][__main__][INFO] - =====Running main script=====
[2025-07-15 18:01:34,712][__main__][INFO] - Fetched main configs, save directory : ../outputs/benchmark_baselines/repeat/
[2025-07-15 18:01:34,712][__main__][INFO] - Model repeat, normalization instance, criterion MSE, kwargs {}
[2025-07-15 18:01:34,878][__main__][INFO] - Fetched dataloaders
[2025-07-15 18:01:34,881][__main__][INFO] - Training data shape : (224, 1, 13152)
[2025-07-15 18:01:34,882][__main__][INFO] - Batch sizes : X=torch.Size([28, 1, 336]), y=torch.Size([28, 1, 48])
[2025-07-15 18:01:34,955][__main__][INFO] - No training needed
[2025-07-15 18:01:34,956][__main__][INFO] - Computing test metrics
[2025-07-15 18:02:09,043][__main__][INFO] - Evaluation done in 0.568 min
[2025-07-15 18:02:49,363][__main__][INFO] - Evaluation done in 0.191 min
[2025-07-15 18:03:18,988][__main__][INFO] - Saved plots
[2025-07-15 18:03:18,988][__main__][INFO] - End of script

[2025-07-15 18:03:24,342][__main__][INFO] - =====Running main script=====
[2025-07-15 18:03:24,348][__main__][INFO] - Fetched main configs, save directory : ../outputs/benchmark_baselines/lookback_0/
[2025-07-15 18:03:24,348][__main__][INFO] - Model lookback, normalization instance, criterion MSE, kwargs {'lookback_idx': 0}
[2025-07-15 18:03:24,493][__main__][INFO] - Fetched dataloaders
[2025-07-15 18:03:24,495][__main__][INFO] - Training data shape : (224, 1, 13152)
[2025-07-15 18:03:24,496][__main__][INFO] - Batch sizes : X=torch.Size([28, 1, 336]), y=torch.Size([28, 1, 48])
[2025-07-15 18:03:24,553][__main__][INFO] - No training needed
[2025-07-15 18:03:24,553][__main__][INFO] - Computing test metrics
[2025-07-15 18:03:57,452][__main__][INFO] - Evaluation done in 0.548 min
[2025-07-15 18:04:37,498][__main__][INFO] - Evaluation done in 0.192 min
[2025-07-15 18:05:08,638][__main__][INFO] - Saved plots
[2025-07-15 18:05:08,638][__main__][INFO] - End of script

[2025-07-15 18:05:15,653][__main__][INFO] - =====Running main script=====
[2025-07-15 18:05:15,695][__main__][INFO] - Fetched main configs, save directory : ../outputs/benchmark_baselines/lookback_168/
[2025-07-15 18:05:15,695][__main__][INFO] - Model lookback, normalization instance, criterion MSE, kwargs {'lookback_idx': 168}
[2025-07-15 18:05:15,929][__main__][INFO] - Fetched dataloaders
[2025-07-15 18:05:15,933][__main__][INFO] - Training data shape : (224, 1, 13152)
[2025-07-15 18:05:15,933][__main__][INFO] - Batch sizes : X=torch.Size([28, 1, 336]), y=torch.Size([28, 1, 48])
[2025-07-15 18:05:16,007][__main__][INFO] - No training needed
[2025-07-15 18:05:16,007][__main__][INFO] - Computing test metrics
[2025-07-15 18:05:57,763][__main__][INFO] - Evaluation done in 0.696 min
[2025-07-15 18:06:40,151][__main__][INFO] - Evaluation done in 0.198 min
[2025-07-15 18:07:11,534][__main__][INFO] - Saved plots
[2025-07-15 18:07:11,534][__main__][INFO] - End of script

+-----------------+------------+---------------+----------+--------------+----------------+
|                 |   expected |   persistence |   repeat |   lookback_0 |   lookback_168 |
+=================+============+===============+==========+==============+================+
| Test MSE * 1e-8 |     1.0979 |        2.1213 |   0.0726 |       0.1839 |         0.1420 |
+-----------------+------------+---------------+----------+--------------+----------------+
| Test MAE * 1e-3 |     1.1317 |        1.3523 |   0.2796 |       0.3527 |         0.3019 |
+-----------------+------------+---------------+----------+--------------+----------------+
| Test NMSE       |     1.1203 |        1.9813 |   0.5215 |       0.4541 |         0.3954 |
+-----------------+------------+---------------+----------+--------------+----------------+
| Test RMSE       |     0.2144 |        0.3522 |   0.1470 |       0.1274 |         0.1082 |
+-----------------+------------+---------------+----------+--------------+----------------+
