nohup: ignoring input
[2025-05-20 09:49:50,739][__main__][INFO] - =====Running main script=====
[2025-05-20 09:49:50,739][__main__][INFO] - Fetched main configs
[2025-05-20 09:49:50,740][__main__][INFO] - Model expected, normalization global, criterion MMSE, kwargs {}
[2025-05-20 09:49:50,745][__main__][INFO] - Save directory : ../outputs/benchmark_expected/expected_1/
[2025-05-20 09:49:50,787][__main__][INFO] - Fetched dataloaders
[2025-05-20 09:49:50,790][__main__][INFO] - Training data shape : (140, 1, 12230)
[2025-05-20 09:49:50,791][__main__][INFO] - Batch sizes : X=torch.Size([64, 1, 336]), y=torch.Size([64, 1, 24])
[2025-05-20 09:49:50,845][__main__][INFO] - No training needed
[2025-05-20 09:49:50,845][__main__][INFO] - Computing test metrics
[2025-05-20 09:50:09,936][__main__][INFO] - Evaluation done in 0.318 min
[2025-05-20 09:50:38,098][__main__][INFO] - Saved plots
[2025-05-20 09:50:38,098][__main__][INFO] - End of script

[2025-05-20 09:50:41,697][__main__][INFO] - =====Running main script=====
[2025-05-20 09:50:41,698][__main__][INFO] - Fetched main configs
[2025-05-20 09:50:41,698][__main__][INFO] - Model expected, normalization global, criterion MMSE, kwargs {}
[2025-05-20 09:50:41,703][__main__][INFO] - Save directory : ../outputs/benchmark_expected/expected_2/
[2025-05-20 09:50:41,741][__main__][INFO] - Fetched dataloaders
[2025-05-20 09:50:41,744][__main__][INFO] - Training data shape : (140, 1, 12230)
[2025-05-20 09:50:41,744][__main__][INFO] - Batch sizes : X=torch.Size([64, 1, 336]), y=torch.Size([64, 1, 24])
[2025-05-20 09:50:41,813][__main__][INFO] - No training needed
[2025-05-20 09:50:41,813][__main__][INFO] - Computing test metrics
[2025-05-20 09:51:01,491][__main__][INFO] - Evaluation done in 0.328 min
[2025-05-20 09:51:30,710][__main__][INFO] - Saved plots
[2025-05-20 09:51:30,710][__main__][INFO] - End of script

[2025-05-20 09:51:34,144][__main__][INFO] - =====Running main script=====
[2025-05-20 09:51:34,145][__main__][INFO] - Fetched main configs
[2025-05-20 09:51:34,145][__main__][INFO] - Model expected, normalization global, criterion MMSE, kwargs {}
[2025-05-20 09:51:34,150][__main__][INFO] - Save directory : ../outputs/benchmark_expected/expected_3/
[2025-05-20 09:51:34,189][__main__][INFO] - Fetched dataloaders
[2025-05-20 09:51:34,192][__main__][INFO] - Training data shape : (140, 1, 12230)
[2025-05-20 09:51:34,192][__main__][INFO] - Batch sizes : X=torch.Size([64, 1, 336]), y=torch.Size([64, 1, 24])
[2025-05-20 09:51:34,264][__main__][INFO] - No training needed
[2025-05-20 09:51:34,264][__main__][INFO] - Computing test metrics
[2025-05-20 09:51:53,233][__main__][INFO] - Evaluation done in 0.316 min
[2025-05-20 09:52:14,245][__main__][INFO] - Saved plots
[2025-05-20 09:52:14,245][__main__][INFO] - End of script

+-----------------+--------------+--------------+--------------+
|                 |   expected_1 |   expected_2 |   expected_3 |
+=================+==============+==============+==============+
| Test MSE * 1e-3 |       1.4758 |       1.4758 |       1.4758 |
+-----------------+--------------+--------------+--------------+
| Test NMSE       |       1.0101 |       1.0101 |       1.0101 |
+-----------------+--------------+--------------+--------------+
| Test RMSE * 1e2 |       0.6611 |       0.6611 |       0.6611 |
+-----------------+--------------+--------------+--------------+
