nohup: ignoring input
scripts/benchmark_linear.sh: line 7: baselines: command not found
[2025-07-01 18:54:14,973][__main__][INFO] - =====Running main script=====
[2025-07-01 18:54:14,978][__main__][INFO] - Fetched main configs, save directory : ../outputs/benchmark_linear/expected/
[2025-07-01 18:54:14,978][__main__][INFO] - Model expected, normalization None, criterion MSE, kwargs {}
[2025-07-01 18:54:15,145][__main__][INFO] - Fetched dataloaders
[2025-07-01 18:54:15,147][__main__][INFO] - Training data shape : (224, 1, 13152)
[2025-07-01 18:54:15,147][__main__][INFO] - Batch sizes : X=torch.Size([28, 1, 336]), y=torch.Size([28, 1, 48])
[2025-07-01 18:54:15,175][__main__][INFO] - No training needed
[2025-07-01 18:54:15,175][__main__][INFO] - Computing test metrics
[2025-07-01 18:54:44,147][__main__][INFO] - Evaluation done in 0.483 min
[2025-07-01 18:55:23,944][__main__][INFO] - Evaluation done in 0.197 min
[2025-07-01 18:55:51,394][__main__][INFO] - Saved plots
[2025-07-01 18:55:51,394][__main__][INFO] - End of script

[2025-07-01 18:55:55,812][__main__][INFO] - =====Running main script=====
[2025-07-01 18:55:55,857][__main__][INFO] - Fetched main configs, save directory : ../outputs/benchmark_linear/sklinear_None_0.1/
[2025-07-01 18:55:55,857][__main__][INFO] - Model sklinear, normalization None, criterion MSE, kwargs {'eps': 1}
[2025-07-01 18:55:56,035][__main__][INFO] - Fetched dataloaders
[2025-07-01 18:55:56,038][__main__][INFO] - Training data shape : (224, 1, 1276)
[2025-07-01 18:55:56,038][__main__][INFO] - Batch sizes : X=torch.Size([6272, 1, 336]), y=torch.Size([6272, 1, 48])
[2025-07-01 18:55:56,080][__main__][INFO] - Starting scikit-learn fitting...
[2025-07-01 18:55:59,259][__main__][INFO] - End of training
[2025-07-01 18:55:59,260][__main__][INFO] - Computing test metrics
[2025-07-01 18:56:23,154][__main__][INFO] - Evaluation done in 0.398 min
[2025-07-01 18:56:59,937][__main__][INFO] - Evaluation done in 0.151 min
[2025-07-01 18:57:27,355][__main__][INFO] - Saved plots
[2025-07-01 18:57:27,586][__main__][INFO] - End of script

[2025-07-01 18:57:32,326][__main__][INFO] - =====Running main script=====
[2025-07-01 18:57:32,340][__main__][INFO] - Fetched main configs, save directory : ../outputs/benchmark_linear/sklinear_None_1/
[2025-07-01 18:57:32,341][__main__][INFO] - Model sklinear, normalization None, criterion MSE, kwargs {'eps': 1}
[2025-07-01 18:57:32,489][__main__][INFO] - Fetched dataloaders
[2025-07-01 18:57:32,493][__main__][INFO] - Training data shape : (224, 1, 13152)
[2025-07-01 18:57:32,493][__main__][INFO] - Batch sizes : X=torch.Size([6272, 1, 336]), y=torch.Size([6272, 1, 48])
[2025-07-01 18:57:32,535][__main__][INFO] - Starting scikit-learn fitting...
[2025-07-01 18:58:11,407][__main__][INFO] - End of training
[2025-07-01 18:58:11,407][__main__][INFO] - Computing test metrics
[2025-07-01 18:58:33,582][__main__][INFO] - Evaluation done in 0.370 min
[2025-07-01 18:59:08,550][__main__][INFO] - Evaluation done in 0.139 min
[2025-07-01 18:59:35,967][__main__][INFO] - Saved plots
[2025-07-01 18:59:36,155][__main__][INFO] - End of script

[2025-07-01 18:59:41,025][__main__][INFO] - =====Running main script=====
[2025-07-01 18:59:41,032][__main__][INFO] - Fetched main configs, save directory : ../outputs/benchmark_linear/sklinear_instance_0.1/
[2025-07-01 18:59:41,033][__main__][INFO] - Model sklinear, normalization instance, criterion MSE, kwargs {'eps': 1}
[2025-07-01 18:59:41,215][__main__][INFO] - Fetched dataloaders
[2025-07-01 18:59:41,217][__main__][INFO] - Training data shape : (224, 1, 1276)
[2025-07-01 18:59:41,217][__main__][INFO] - Batch sizes : X=torch.Size([6272, 1, 336]), y=torch.Size([6272, 1, 48])
[2025-07-01 18:59:41,257][__main__][INFO] - Starting scikit-learn fitting...
[2025-07-01 18:59:44,448][__main__][INFO] - End of training
[2025-07-01 18:59:44,449][__main__][INFO] - Computing test metrics
[2025-07-01 19:00:06,826][__main__][INFO] - Evaluation done in 0.373 min
[2025-07-01 19:00:41,824][__main__][INFO] - Evaluation done in 0.141 min
[2025-07-01 19:01:09,227][__main__][INFO] - Saved plots
[2025-07-01 19:01:09,420][__main__][INFO] - End of script

[2025-07-01 19:01:14,381][__main__][INFO] - =====Running main script=====
[2025-07-01 19:01:14,411][__main__][INFO] - Fetched main configs, save directory : ../outputs/benchmark_linear/sklinear_instance_1/
[2025-07-01 19:01:14,411][__main__][INFO] - Model sklinear, normalization instance, criterion MSE, kwargs {'eps': 1}
[2025-07-01 19:01:14,570][__main__][INFO] - Fetched dataloaders
[2025-07-01 19:01:14,574][__main__][INFO] - Training data shape : (224, 1, 13152)
[2025-07-01 19:01:14,574][__main__][INFO] - Batch sizes : X=torch.Size([6272, 1, 336]), y=torch.Size([6272, 1, 48])
[2025-07-01 19:01:14,613][__main__][INFO] - Starting scikit-learn fitting...
[2025-07-01 19:01:50,745][__main__][INFO] - End of training
[2025-07-01 19:01:50,745][__main__][INFO] - Computing test metrics
[2025-07-01 19:02:14,939][__main__][INFO] - Evaluation done in 0.403 min
[2025-07-01 19:02:52,997][__main__][INFO] - Evaluation done in 0.162 min
[2025-07-01 19:03:22,711][__main__][INFO] - Saved plots
[2025-07-01 19:03:22,946][__main__][INFO] - End of script

[2025-07-01 19:03:28,016][__main__][INFO] - =====Running main script=====
[2025-07-01 19:03:28,030][__main__][INFO] - Fetched main configs, save directory : ../outputs/benchmark_linear/sklinear_relative_0.1/
[2025-07-01 19:03:28,030][__main__][INFO] - Model sklinear, normalization relative, criterion MSE, kwargs {'eps': 1}
[2025-07-01 19:03:28,206][__main__][INFO] - Fetched dataloaders
[2025-07-01 19:03:28,210][__main__][INFO] - Training data shape : (224, 1, 1276)
[2025-07-01 19:03:28,210][__main__][INFO] - Batch sizes : X=torch.Size([6272, 1, 336]), y=torch.Size([6272, 1, 48])
[2025-07-01 19:03:28,250][__main__][INFO] - Starting scikit-learn fitting...
[2025-07-01 19:03:30,452][__main__][INFO] - End of training
[2025-07-01 19:03:30,453][__main__][INFO] - Computing test metrics
[2025-07-01 19:03:54,996][__main__][INFO] - Evaluation done in 0.409 min
[2025-07-01 19:04:33,392][__main__][INFO] - Evaluation done in 0.157 min
[2025-07-01 19:05:00,934][__main__][INFO] - Saved plots
[2025-07-01 19:05:01,146][__main__][INFO] - End of script

[2025-07-01 19:05:06,514][__main__][INFO] - =====Running main script=====
[2025-07-01 19:05:06,559][__main__][INFO] - Fetched main configs, save directory : ../outputs/benchmark_linear/sklinear_relative_1/
[2025-07-01 19:05:06,559][__main__][INFO] - Model sklinear, normalization relative, criterion MSE, kwargs {'eps': 1}
[2025-07-01 19:05:06,715][__main__][INFO] - Fetched dataloaders
[2025-07-01 19:05:06,718][__main__][INFO] - Training data shape : (224, 1, 13152)
[2025-07-01 19:05:06,719][__main__][INFO] - Batch sizes : X=torch.Size([6272, 1, 336]), y=torch.Size([6272, 1, 48])
[2025-07-01 19:05:06,759][__main__][INFO] - Starting scikit-learn fitting...
[2025-07-01 19:05:41,963][__main__][INFO] - End of training
[2025-07-01 19:05:41,963][__main__][INFO] - Computing test metrics
[2025-07-01 19:06:05,310][__main__][INFO] - Evaluation done in 0.389 min
[2025-07-01 19:06:41,421][__main__][INFO] - Evaluation done in 0.147 min
[2025-07-01 19:07:08,697][__main__][INFO] - Saved plots
[2025-07-01 19:07:08,908][__main__][INFO] - End of script

[2025-07-01 19:07:14,016][__main__][INFO] - =====Running main script=====
[2025-07-01 19:07:14,058][__main__][INFO] - Fetched main configs, save directory : ../outputs/benchmark_linear/linear_MSE/
[2025-07-01 19:07:14,058][__main__][INFO] - Model linear, normalization None, criterion MSE, kwargs {}
[2025-07-01 19:07:14,213][__main__][INFO] - Fetched dataloaders
[2025-07-01 19:07:14,215][__main__][INFO] - Training data shape : (224, 1, 13152)
[2025-07-01 19:07:14,215][__main__][INFO] - Batch sizes : X=torch.Size([28, 1, 336]), y=torch.Size([28, 1, 48])
[2025-07-01 19:07:16,070][__main__][INFO] - batch_size=28, learning_rate=0.0001, steps per epoch=8, epochs=10
[2025-07-01 19:07:16,070][__main__][INFO] - Starting training...
[2025-07-01 19:07:16,070][__main__][INFO] - Using device: cuda
[2025-07-01 19:07:16,070][__main__][INFO] - Training 10 epochs of 8 batches (80 steps): , eval_freq: 10, print_freq: 10
[2025-07-01 19:10:17,076][__main__][INFO] - Step 1 | valid1 MSE : 406251936.0000 | valid1 MAE : 3032.6943 | valid1 NMSE : 7497251840.0000 | valid1 RMSE : 7497251840.0000
[2025-07-01 19:13:29,414][__main__][INFO] - Step 10 | valid1 MSE : 333911488.0000 | valid1 MAE : 2672.0225 | valid1 NMSE : 7496815104.0000 | valid1 RMSE : 7496815104.0000
[2025-07-01 19:16:28,092][__main__][INFO] - Step 20 | valid1 MSE : 279046848.0000 | valid1 MAE : 2373.5347 | valid1 NMSE : 7496375296.0000 | valid1 RMSE : 7496375296.0000
[2025-07-01 19:19:50,163][__main__][INFO] - Step 30 | valid1 MSE : 232898176.0000 | valid1 MAE : 2112.8689 | valid1 NMSE : 7495991296.0000 | valid1 RMSE : 7495991296.0000
[2025-07-01 19:22:52,327][__main__][INFO] - Step 40 | valid1 MSE : 201055424.0000 | valid1 MAE : 1918.9967 | valid1 NMSE : 7495638528.0000 | valid1 RMSE : 7495638528.0000
[2025-07-01 19:26:04,696][__main__][INFO] - Step 50 | valid1 MSE : 169583904.0000 | valid1 MAE : 1715.9999 | valid1 NMSE : 7495331328.0000 | valid1 RMSE : 7495331328.0000
[2025-07-01 19:29:01,889][__main__][INFO] - Step 60 | valid1 MSE : 151807424.0000 | valid1 MAE : 1591.8434 | valid1 NMSE : 7495107584.0000 | valid1 RMSE : 7495107584.0000
[2025-07-01 19:31:59,073][__main__][INFO] - Step 70 | valid1 MSE : 138264576.0000 | valid1 MAE : 1493.0863 | valid1 NMSE : 7494891008.0000 | valid1 RMSE : 7494891008.0000
[2025-07-01 19:35:00,783][__main__][INFO] - Step 80 | valid1 MSE : 126353968.0000 | valid1 MAE : 1403.8446 | valid1 NMSE : 7494668800.0000 | valid1 RMSE : 7494668800.0000
[2025-07-01 19:35:00,784][__main__][INFO] - Training done in 27.745 min
[2025-07-01 19:35:00,784][__main__][INFO] - Average time per step: 20.809 s
[2025-07-01 19:35:00,840][__main__][INFO] - End of training
[2025-07-01 19:35:02,418][__main__][INFO] - Plotted losses
[2025-07-01 19:35:02,419][__main__][INFO] - Computing test metrics
[2025-07-01 19:35:28,649][__main__][INFO] - Evaluation done in 0.437 min
[2025-07-01 19:36:05,410][__main__][INFO] - Evaluation done in 0.167 min
/home/H61084/codes/timetensor/src/timetensor/visu.py:216: RuntimeWarning: More than 20 figures have been opened. Figures created through the pyplot interface (`matplotlib.pyplot.figure`) are retained until explicitly closed and may consume too much memory. (To control this warning, see the rcParam `figure.max_open_warning`). Consider using `matplotlib.pyplot.close()`.
  fig = plt.figure(figsize=(15,5))
[2025-07-01 19:36:32,193][__main__][INFO] - Saved plots
[2025-07-01 19:36:32,438][__main__][INFO] - End of script

[2025-07-01 19:36:38,144][__main__][INFO] - =====Running main script=====
[2025-07-01 19:36:38,163][__main__][INFO] - Fetched main configs, save directory : ../outputs/benchmark_linear/linear_MSE_0.1/
[2025-07-01 19:36:38,163][__main__][INFO] - Model linear, normalization None, criterion MSE, kwargs {}
[2025-07-01 19:36:38,370][__main__][INFO] - Fetched dataloaders
[2025-07-01 19:36:38,372][__main__][INFO] - Training data shape : (224, 1, 1276)
[2025-07-01 19:36:38,372][__main__][INFO] - Batch sizes : X=torch.Size([28, 1, 336]), y=torch.Size([28, 1, 48])
[2025-07-01 19:36:40,182][__main__][INFO] - batch_size=28, learning_rate=0.0001, steps per epoch=8, epochs=10
[2025-07-01 19:36:40,182][__main__][INFO] - Starting training...
[2025-07-01 19:36:40,182][__main__][INFO] - Using device: cuda
[2025-07-01 19:36:40,183][__main__][INFO] - Training 10 epochs of 8 batches (80 steps): , eval_freq: 10, print_freq: 10
[2025-07-01 19:39:57,366][__main__][INFO] - Step 1 | valid1 MSE : 364568448.0000 | valid1 MAE : 3131.1318 | valid1 NMSE : 7494736384.0000 | valid1 RMSE : 7494736384.0000
[2025-07-01 19:43:01,951][__main__][INFO] - Step 10 | valid1 MSE : 292882880.0000 | valid1 MAE : 2722.0393 | valid1 NMSE : 7494348800.0000 | valid1 RMSE : 7494348800.0000
[2025-07-01 19:46:07,134][__main__][INFO] - Step 20 | valid1 MSE : 251210144.0000 | valid1 MAE : 2459.7139 | valid1 NMSE : 7493980160.0000 | valid1 RMSE : 7493980160.0000
[2025-07-01 19:49:18,550][__main__][INFO] - Step 30 | valid1 MSE : 218018112.0000 | valid1 MAE : 2238.5896 | valid1 NMSE : 7493638656.0000 | valid1 RMSE : 7493638656.0000
[2025-07-01 19:52:18,212][__main__][INFO] - Step 40 | valid1 MSE : 191187968.0000 | valid1 MAE : 2053.9783 | valid1 NMSE : 7493346816.0000 | valid1 RMSE : 7493346816.0000
[2025-07-01 19:55:20,484][__main__][INFO] - Step 50 | valid1 MSE : 166892672.0000 | valid1 MAE : 1878.0981 | valid1 NMSE : 7493063168.0000 | valid1 RMSE : 7493063168.0000
[2025-07-01 19:58:37,299][__main__][INFO] - Step 60 | valid1 MSE : 149201248.0000 | valid1 MAE : 1739.3942 | valid1 NMSE : 7492850688.0000 | valid1 RMSE : 7492850688.0000
[2025-07-01 20:01:37,204][__main__][INFO] - Step 70 | valid1 MSE : 137797808.0000 | valid1 MAE : 1642.6155 | valid1 NMSE : 7492684288.0000 | valid1 RMSE : 7492684288.0000
[2025-07-01 20:04:46,049][__main__][INFO] - Step 80 | valid1 MSE : 125422864.0000 | valid1 MAE : 1530.1927 | valid1 NMSE : 7492498944.0000 | valid1 RMSE : 7492498944.0000
[2025-07-01 20:04:46,050][__main__][INFO] - Training done in 28.098 min
[2025-07-01 20:04:46,050][__main__][INFO] - Average time per step: 21.073 s
[2025-07-01 20:04:46,140][__main__][INFO] - End of training
[2025-07-01 20:04:48,001][__main__][INFO] - Plotted losses
[2025-07-01 20:04:48,001][__main__][INFO] - Computing test metrics
[2025-07-01 20:05:15,086][__main__][INFO] - Evaluation done in 0.451 min
[2025-07-01 20:05:52,200][__main__][INFO] - Evaluation done in 0.170 min
/home/H61084/codes/timetensor/src/timetensor/visu.py:216: RuntimeWarning: More than 20 figures have been opened. Figures created through the pyplot interface (`matplotlib.pyplot.figure`) are retained until explicitly closed and may consume too much memory. (To control this warning, see the rcParam `figure.max_open_warning`). Consider using `matplotlib.pyplot.close()`.
  fig = plt.figure(figsize=(15,5))
[2025-07-01 20:06:19,690][__main__][INFO] - Saved plots
[2025-07-01 20:06:19,956][__main__][INFO] - End of script

[2025-07-01 20:06:31,906][__main__][INFO] - =====Running main script=====
[2025-07-01 20:06:32,132][__main__][INFO] - Fetched main configs, save directory : ../outputs/benchmark_linear/linear_instance_MSE/
[2025-07-01 20:06:32,132][__main__][INFO] - Model linear, normalization instance, criterion MSE, kwargs {}
[2025-07-01 20:06:32,377][__main__][INFO] - Fetched dataloaders
[2025-07-01 20:06:32,379][__main__][INFO] - Training data shape : (224, 1, 13152)
[2025-07-01 20:06:32,380][__main__][INFO] - Batch sizes : X=torch.Size([28, 1, 336]), y=torch.Size([28, 1, 48])
[2025-07-01 20:06:37,702][__main__][INFO] - batch_size=28, learning_rate=0.0001, steps per epoch=8, epochs=10
[2025-07-01 20:06:37,702][__main__][INFO] - Starting training...
[2025-07-01 20:06:37,702][__main__][INFO] - Using device: cuda
[2025-07-01 20:06:37,702][__main__][INFO] - Training 10 epochs of 8 batches (80 steps): , eval_freq: 10, print_freq: 10
[2025-07-01 20:09:48,397][__main__][INFO] - Step 1 | valid1 MSE : 92357120.0000 | valid1 MAE : 1048.7742 | valid1 NMSE : 7496434688.0000 | valid1 RMSE : 7496434688.0000
[2025-07-01 20:12:54,416][__main__][INFO] - Step 10 | valid1 MSE : 82449920.0000 | valid1 MAE : 990.1548 | valid1 NMSE : 7496404992.0000 | valid1 RMSE : 7496404992.0000
[2025-07-01 20:16:02,166][__main__][INFO] - Step 20 | valid1 MSE : 76260120.0000 | valid1 MAE : 952.8630 | valid1 NMSE : 7496451072.0000 | valid1 RMSE : 7496451072.0000
[2025-07-01 20:19:12,379][__main__][INFO] - Step 30 | valid1 MSE : 70987136.0000 | valid1 MAE : 919.6802 | valid1 NMSE : 7496411648.0000 | valid1 RMSE : 7496411648.0000
[2025-07-01 20:22:20,220][__main__][INFO] - Step 40 | valid1 MSE : 67174904.0000 | valid1 MAE : 894.7076 | valid1 NMSE : 7496390656.0000 | valid1 RMSE : 7496390656.0000
[2025-07-01 20:25:30,024][__main__][INFO] - Step 50 | valid1 MSE : 65000936.0000 | valid1 MAE : 880.0338 | valid1 NMSE : 7496393216.0000 | valid1 RMSE : 7496393216.0000
[2025-07-01 20:28:37,970][__main__][INFO] - Step 60 | valid1 MSE : 61814676.0000 | valid1 MAE : 858.1243 | valid1 NMSE : 7496399872.0000 | valid1 RMSE : 7496399872.0000
[2025-07-01 20:31:58,552][__main__][INFO] - Step 70 | valid1 MSE : 58495784.0000 | valid1 MAE : 834.6157 | valid1 NMSE : 7496348160.0000 | valid1 RMSE : 7496348160.0000
[2025-07-01 20:35:06,696][__main__][INFO] - Step 80 | valid1 MSE : 55258840.0000 | valid1 MAE : 810.8076 | valid1 NMSE : 7496249344.0000 | valid1 RMSE : 7496249344.0000
[2025-07-01 20:35:06,697][__main__][INFO] - Training done in 28.483 min
[2025-07-01 20:35:06,698][__main__][INFO] - Average time per step: 21.362 s
[2025-07-01 20:35:06,785][__main__][INFO] - End of training
[2025-07-01 20:35:08,481][__main__][INFO] - Plotted losses
[2025-07-01 20:35:08,481][__main__][INFO] - Computing test metrics
[2025-07-01 20:35:35,101][__main__][INFO] - Evaluation done in 0.444 min
[2025-07-01 20:36:14,947][__main__][INFO] - Evaluation done in 0.210 min
/home/H61084/codes/timetensor/src/timetensor/visu.py:216: RuntimeWarning: More than 20 figures have been opened. Figures created through the pyplot interface (`matplotlib.pyplot.figure`) are retained until explicitly closed and may consume too much memory. (To control this warning, see the rcParam `figure.max_open_warning`). Consider using `matplotlib.pyplot.close()`.
  fig = plt.figure(figsize=(15,5))
[2025-07-01 20:36:42,188][__main__][INFO] - Saved plots
[2025-07-01 20:36:42,451][__main__][INFO] - End of script

[2025-07-01 20:36:48,666][__main__][INFO] - =====Running main script=====
[2025-07-01 20:36:48,739][__main__][INFO] - Fetched main configs, save directory : ../outputs/benchmark_linear/linear_instance_MSE_0.1/
[2025-07-01 20:36:48,740][__main__][INFO] - Model linear, normalization instance, criterion MSE, kwargs {}
[2025-07-01 20:36:49,078][__main__][INFO] - Fetched dataloaders
[2025-07-01 20:36:49,080][__main__][INFO] - Training data shape : (224, 1, 1276)
[2025-07-01 20:36:49,080][__main__][INFO] - Batch sizes : X=torch.Size([28, 1, 336]), y=torch.Size([28, 1, 48])
[2025-07-01 20:36:51,041][__main__][INFO] - batch_size=28, learning_rate=0.0001, steps per epoch=8, epochs=10
[2025-07-01 20:36:51,041][__main__][INFO] - Starting training...
[2025-07-01 20:36:51,041][__main__][INFO] - Using device: cuda
[2025-07-01 20:36:51,041][__main__][INFO] - Training 10 epochs of 8 batches (80 steps): , eval_freq: 10, print_freq: 10
[2025-07-01 20:40:04,860][__main__][INFO] - Step 1 | valid1 MSE : 90143256.0000 | valid1 MAE : 1166.1843 | valid1 NMSE : 3814810.7500 | valid1 RMSE : 3814809.5000
[2025-07-01 20:43:07,190][__main__][INFO] - Step 10 | valid1 MSE : 90057728.0000 | valid1 MAE : 1165.5734 | valid1 NMSE : 3816666.5000 | valid1 RMSE : 3816665.5000
[2025-07-01 20:46:24,818][__main__][INFO] - Step 20 | valid1 MSE : 90028888.0000 | valid1 MAE : 1165.3140 | valid1 NMSE : 3805813.0000 | valid1 RMSE : 3805812.2500
[2025-07-01 20:49:49,300][__main__][INFO] - Step 30 | valid1 MSE : 89973736.0000 | valid1 MAE : 1165.0452 | valid1 NMSE : 3798150.5000 | valid1 RMSE : 3798150.2500
[2025-07-01 20:52:56,618][__main__][INFO] - Step 40 | valid1 MSE : 89888880.0000 | valid1 MAE : 1164.5573 | valid1 NMSE : 3792208.2500 | valid1 RMSE : 3792207.0000
[2025-07-01 20:56:01,502][__main__][INFO] - Step 50 | valid1 MSE : 89911888.0000 | valid1 MAE : 1164.7731 | valid1 NMSE : 3800108.5000 | valid1 RMSE : 3800107.7500
[2025-07-01 20:59:10,715][__main__][INFO] - Step 60 | valid1 MSE : 89885536.0000 | valid1 MAE : 1164.6315 | valid1 NMSE : 3804593.7500 | valid1 RMSE : 3804592.5000
[2025-07-01 21:02:24,305][__main__][INFO] - Step 70 | valid1 MSE : 89855384.0000 | valid1 MAE : 1164.4829 | valid1 NMSE : 3809093.0000 | valid1 RMSE : 3809092.2500
[2025-07-01 21:05:31,866][__main__][INFO] - Step 80 | valid1 MSE : 89851192.0000 | valid1 MAE : 1164.4868 | valid1 NMSE : 3807014.7500 | valid1 RMSE : 3807013.5000
[2025-07-01 21:05:31,867][__main__][INFO] - Training done in 28.680 min
[2025-07-01 21:05:31,867][__main__][INFO] - Average time per step: 21.510 s
[2025-07-01 21:05:31,960][__main__][INFO] - End of training
[2025-07-01 21:05:33,896][__main__][INFO] - Plotted losses
[2025-07-01 21:05:33,896][__main__][INFO] - Computing test metrics
[2025-07-01 21:06:02,442][__main__][INFO] - Evaluation done in 0.476 min
[2025-07-01 21:06:40,697][__main__][INFO] - Evaluation done in 0.187 min
/home/H61084/codes/timetensor/src/timetensor/visu.py:216: RuntimeWarning: More than 20 figures have been opened. Figures created through the pyplot interface (`matplotlib.pyplot.figure`) are retained until explicitly closed and may consume too much memory. (To control this warning, see the rcParam `figure.max_open_warning`). Consider using `matplotlib.pyplot.close()`.
  fig = plt.figure(figsize=(15,5))
[2025-07-01 21:07:07,987][__main__][INFO] - Saved plots
[2025-07-01 21:07:08,219][__main__][INFO] - End of script

[2025-07-01 21:07:13,840][__main__][INFO] - =====Running main script=====
[2025-07-01 21:07:13,899][__main__][INFO] - Fetched main configs, save directory : ../outputs/benchmark_linear/linear_relative_MSE/
[2025-07-01 21:07:13,899][__main__][INFO] - Model linear, normalization relative, criterion MSE, kwargs {}
[2025-07-01 21:07:14,074][__main__][INFO] - Fetched dataloaders
[2025-07-01 21:07:14,076][__main__][INFO] - Training data shape : (224, 1, 13152)
[2025-07-01 21:07:14,076][__main__][INFO] - Batch sizes : X=torch.Size([28, 1, 336]), y=torch.Size([28, 1, 48])
[2025-07-01 21:07:15,967][__main__][INFO] - batch_size=28, learning_rate=0.0001, steps per epoch=8, epochs=10
[2025-07-01 21:07:15,967][__main__][INFO] - Starting training...
[2025-07-01 21:07:15,967][__main__][INFO] - Using device: cuda
[2025-07-01 21:07:15,968][__main__][INFO] - Training 10 epochs of 8 batches (80 steps): , eval_freq: 10, print_freq: 10
[2025-07-01 21:10:30,633][__main__][INFO] - Step 1 | valid1 MSE : 35005160.0000 | valid1 MAE : 1567.1421 | valid1 NMSE : 7488296448.0000 | valid1 RMSE : 7488296448.0000
[2025-07-01 21:13:36,065][__main__][INFO] - Step 10 | valid1 MSE : 26405708.0000 | valid1 MAE : 1330.6747 | valid1 NMSE : 7487895552.0000 | valid1 RMSE : 7487895552.0000
[2025-07-01 21:16:49,505][__main__][INFO] - Step 20 | valid1 MSE : 20640922.0000 | valid1 MAE : 1157.0271 | valid1 NMSE : 7487476736.0000 | valid1 RMSE : 7487476736.0000
[2025-07-01 21:20:00,560][__main__][INFO] - Step 30 | valid1 MSE : 16176245.0000 | valid1 MAE : 1013.8688 | valid1 NMSE : 7487070208.0000 | valid1 RMSE : 7487070208.0000
[2025-07-01 21:23:04,883][__main__][INFO] - Step 40 | valid1 MSE : 12801902.0000 | valid1 MAE : 898.9873 | valid1 NMSE : 7486740992.0000 | valid1 RMSE : 7486740992.0000
[2025-07-01 21:26:09,965][__main__][INFO] - Step 50 | valid1 MSE : 10237381.0000 | valid1 MAE : 804.5582 | valid1 NMSE : 7486462464.0000 | valid1 RMSE : 7486462464.0000
[2025-07-01 21:29:11,010][__main__][INFO] - Step 60 | valid1 MSE : 7996437.0000 | valid1 MAE : 715.6664 | valid1 NMSE : 7486235136.0000 | valid1 RMSE : 7486235136.0000
[2025-07-01 21:32:13,306][__main__][INFO] - Step 70 | valid1 MSE : 6806300.5000 | valid1 MAE : 664.4261 | valid1 NMSE : 7486060032.0000 | valid1 RMSE : 7486060032.0000
[2025-07-01 21:35:16,544][__main__][INFO] - Step 80 | valid1 MSE : 6028785.5000 | valid1 MAE : 629.5776 | valid1 NMSE : 7485932032.0000 | valid1 RMSE : 7485932032.0000
[2025-07-01 21:35:16,545][__main__][INFO] - Training done in 28.010 min
[2025-07-01 21:35:16,546][__main__][INFO] - Average time per step: 21.007 s
[2025-07-01 21:35:16,621][__main__][INFO] - End of training
[2025-07-01 21:35:18,399][__main__][INFO] - Plotted losses
[2025-07-01 21:35:18,399][__main__][INFO] - Computing test metrics
[2025-07-01 21:35:46,422][__main__][INFO] - Evaluation done in 0.467 min
[2025-07-01 21:36:23,264][__main__][INFO] - Evaluation done in 0.168 min
/home/H61084/codes/timetensor/src/timetensor/visu.py:216: RuntimeWarning: More than 20 figures have been opened. Figures created through the pyplot interface (`matplotlib.pyplot.figure`) are retained until explicitly closed and may consume too much memory. (To control this warning, see the rcParam `figure.max_open_warning`). Consider using `matplotlib.pyplot.close()`.
  fig = plt.figure(figsize=(15,5))
[2025-07-01 21:36:49,805][__main__][INFO] - Saved plots
Error executing job with overrides: ['model=linear', 'misc.output_dir=../outputs/benchmark_linear/', 'misc.benchmark=True', 'model.normalization=relative', 'data.subsets.train=1', 'data.by_idx=individuals', 'training.loss=MSE', 'training.bs=28', 'training.epochs=10', 'training.eval_freq=10', 'training.print_freq=10']
Traceback (most recent call last):
  File "/home/H61084/codes/timetensor/train_model.py", line 178, in run
    weights = model.model.fc.weight.detach().cpu().numpy()
  File "/home/H61084/venvs/timetensor/lib/python3.10/site-packages/torch/nn/modules/module.py", line 1928, in __getattr__
    raise AttributeError(
AttributeError: 'linear' object has no attribute 'model'

Set the environment variable HYDRA_FULL_ERROR=1 for a complete stack trace.
[2025-07-01 21:36:55,302][__main__][INFO] - =====Running main script=====
[2025-07-01 21:36:55,361][__main__][INFO] - Fetched main configs, save directory : ../outputs/benchmark_linear/linear_relative_MSE_0.1/
[2025-07-01 21:36:55,361][__main__][INFO] - Model linear, normalization relative, criterion MSE, kwargs {}
[2025-07-01 21:36:55,565][__main__][INFO] - Fetched dataloaders
[2025-07-01 21:36:55,567][__main__][INFO] - Training data shape : (224, 1, 1276)
[2025-07-01 21:36:55,567][__main__][INFO] - Batch sizes : X=torch.Size([28, 1, 336]), y=torch.Size([28, 1, 48])
[2025-07-01 21:36:57,497][__main__][INFO] - batch_size=28, learning_rate=0.0001, steps per epoch=8, epochs=10
[2025-07-01 21:36:57,497][__main__][INFO] - Starting training...
[2025-07-01 21:36:57,497][__main__][INFO] - Using device: cuda
[2025-07-01 21:36:57,497][__main__][INFO] - Training 10 epochs of 8 batches (80 steps): , eval_freq: 10, print_freq: 10
[2025-07-01 21:39:58,361][__main__][INFO] - Step 1 | valid1 MSE : 421882336.0000 | valid1 MAE : 3043.0000 | valid1 NMSE : 4003055.5000 | valid1 RMSE : 4003005.0000
[2025-07-01 21:43:03,789][__main__][INFO] - Step 10 | valid1 MSE : 367338272.0000 | valid1 MAE : 2790.9407 | valid1 NMSE : 4011962.0000 | valid1 RMSE : 4011918.7500
[2025-07-01 21:46:12,666][__main__][INFO] - Step 20 | valid1 MSE : 325907712.0000 | valid1 MAE : 2589.5876 | valid1 NMSE : 4018215.2500 | valid1 RMSE : 4018178.5000
[2025-07-01 21:49:09,716][__main__][INFO] - Step 30 | valid1 MSE : 284712064.0000 | valid1 MAE : 2379.3005 | valid1 NMSE : 4026525.0000 | valid1 RMSE : 4026493.7500
[2025-07-01 21:52:05,405][__main__][INFO] - Step 40 | valid1 MSE : 256545968.0000 | valid1 MAE : 2226.6509 | valid1 NMSE : 4035543.7500 | valid1 RMSE : 4035517.2500
[2025-07-01 21:55:03,848][__main__][INFO] - Step 50 | valid1 MSE : 229024960.0000 | valid1 MAE : 2070.8206 | valid1 NMSE : 4049025.0000 | valid1 RMSE : 4049001.7500
[2025-07-01 21:58:08,876][__main__][INFO] - Step 60 | valid1 MSE : 201740384.0000 | valid1 MAE : 1909.4539 | valid1 NMSE : 4069512.5000 | valid1 RMSE : 4069493.0000
[2025-07-01 22:01:24,542][__main__][INFO] - Step 70 | valid1 MSE : 187049584.0000 | valid1 MAE : 1819.5459 | valid1 NMSE : 4085060.7500 | valid1 RMSE : 4085043.7500
[2025-07-01 22:04:25,293][__main__][INFO] - Step 80 | valid1 MSE : 170319200.0000 | valid1 MAE : 1715.1182 | valid1 NMSE : 4091203.7500 | valid1 RMSE : 4091188.7500
[2025-07-01 22:04:25,294][__main__][INFO] - Training done in 27.463 min
[2025-07-01 22:04:25,295][__main__][INFO] - Average time per step: 20.597 s
[2025-07-01 22:04:25,555][__main__][INFO] - End of training
[2025-07-01 22:04:27,341][__main__][INFO] - Plotted losses
[2025-07-01 22:04:27,341][__main__][INFO] - Computing test metrics
[2025-07-01 22:04:58,465][__main__][INFO] - Evaluation done in 0.519 min
[2025-07-01 22:05:37,742][__main__][INFO] - Evaluation done in 0.174 min
/home/H61084/codes/timetensor/src/timetensor/visu.py:216: RuntimeWarning: More than 20 figures have been opened. Figures created through the pyplot interface (`matplotlib.pyplot.figure`) are retained until explicitly closed and may consume too much memory. (To control this warning, see the rcParam `figure.max_open_warning`). Consider using `matplotlib.pyplot.close()`.
  fig = plt.figure(figsize=(15,5))
[2025-07-01 22:06:05,100][__main__][INFO] - Saved plots
Error executing job with overrides: ['model=linear', 'misc.output_dir=../outputs/benchmark_linear/', 'misc.benchmark=True', 'model.normalization=relative', 'data.subsets.train=0.1', 'data.by_idx=individuals', 'training.loss=MSE', 'training.bs=28', 'training.epochs=10', 'training.eval_freq=10', 'training.print_freq=10']
Traceback (most recent call last):
  File "/home/H61084/codes/timetensor/train_model.py", line 178, in run
    weights = model.model.fc.weight.detach().cpu().numpy()
  File "/home/H61084/venvs/timetensor/lib/python3.10/site-packages/torch/nn/modules/module.py", line 1928, in __getattr__
    raise AttributeError(
AttributeError: 'linear' object has no attribute 'model'

Set the environment variable HYDRA_FULL_ERROR=1 for a complete stack trace.
+-------------------+------------+---------------------+-------------------+-------------------------+-----------------------+-------------------------+-----------------------+--------------+------------------+-----------------------+---------------------------+-----------------------+---------------------------+
|                   |   expected |   sklinear_None_0.1 |   sklinear_None_1 |   sklinear_instance_0.1 |   sklinear_instance_1 |   sklinear_relative_0.1 |   sklinear_relative_1 |   linear_MSE |   linear_MSE_0.1 |   linear_instance_MSE |   linear_instance_MSE_0.1 |   linear_relative_MSE |   linear_relative_MSE_0.1 |
+===================+============+=====================+===================+=========================+=======================+=========================+=======================+==============+==================+=======================+===========================+=======================+===========================+
| Test MSE * 1e-8   |     1.0979 |              0.0772 |            0.1663 |                  0.0614 |                0.0067 |                  0.0639 |                0.0082 |       1.9310 |           1.9494 |                0.9222 |                    1.4831 |                0.0694 |                    2.5674 |
+-------------------+------------+---------------------+-------------------+-------------------------+-----------------------+-------------------------+-----------------------+--------------+------------------+-----------------------+---------------------------+-----------------------+---------------------------+
| Test MAE * 1e-3   |     1.1403 |              0.3287 |            0.4643 |                  0.2452 |                0.1923 |                  0.2511 |                0.2076 |       1.5951 |           1.7400 |                0.9569 |                    1.3627 |                0.6576 |                    1.9315 |
+-------------------+------------+---------------------+-------------------+-------------------------+-----------------------+-------------------------+-----------------------+--------------+------------------+-----------------------+---------------------------+-----------------------+---------------------------+
| Test NMSE * 1e-10 |     1.7676 |             54.3301 |            2.1430 |                  1.7676 |                0.0000 |                  0.0000 |                2.1898 |       1.7678 |           1.7673 |                1.7682 |                    0.0004 |                1.7666 |                    0.0004 |
+-------------------+------------+---------------------+-------------------+-------------------------+-----------------------+-------------------------+-----------------------+--------------+------------------+-----------------------+---------------------------+-----------------------+---------------------------+
| Test RMSE * 1e-10 |     1.7676 |             54.3301 |            2.1430 |                  1.7676 |                0.0000 |                  0.0000 |                2.1898 |       1.7678 |           1.7673 |                1.7682 |                    0.0004 |                1.7666 |                    0.0004 |
+-------------------+------------+---------------------+-------------------+-------------------------+-----------------------+-------------------------+-----------------------+--------------+------------------+-----------------------+---------------------------+-----------------------+---------------------------+
