nohup: ignoring input
Traceback (most recent call last):
  File "<string>", line 1, in <module>
  File "/home/H61084/codes/timetensor/src/timetensor/visu.py", line 319, in plot_expe
    plot_multi_losses(losses_dict1[loss_name], save_path, f"{loss_name}_valid1.pdf", f"Valid {loss_name}", eval_freq=eval_freq)
  File "/home/H61084/codes/timetensor/src/timetensor/visu.py", line 200, in plot_multi_losses
    plt.savefig(path + name)
  File "/home/H61084/venvs/timetensor/lib/python3.10/site-packages/matplotlib/pyplot.py", line 1243, in savefig
    res = fig.savefig(*args, **kwargs)  # type: ignore[func-returns-value]
  File "/home/H61084/venvs/timetensor/lib/python3.10/site-packages/matplotlib/figure.py", line 3490, in savefig
    self.canvas.print_figure(fname, **kwargs)
  File "/home/H61084/venvs/timetensor/lib/python3.10/site-packages/matplotlib/backend_bases.py", line 2184, in print_figure
    result = print_method(
  File "/home/H61084/venvs/timetensor/lib/python3.10/site-packages/matplotlib/backend_bases.py", line 2040, in <lambda>
    print_method = functools.wraps(meth)(lambda *args, **kwargs: meth(
  File "/home/H61084/venvs/timetensor/lib/python3.10/site-packages/matplotlib/backends/backend_pdf.py", line 2779, in print_pdf
    file = PdfFile(filename, metadata=metadata)
  File "/home/H61084/venvs/timetensor/lib/python3.10/site-packages/matplotlib/backends/backend_pdf.py", line 687, in __init__
    fh, opened = cbook.to_filehandle(filename, "wb", return_opened=True)
  File "/home/H61084/venvs/timetensor/lib/python3.10/site-packages/matplotlib/cbook.py", line 546, in to_filehandle
    fh = open(fname, flag, encoding=encoding)
FileNotFoundError: [Errno 2] No such file or directory: '../outputs/benchmark_min_1_plots/MSE_valid1.pdf'
+-----------------+------------+-------------------------+----------------------+----------------------+-------------------+--------------------+---------------------+------------------+-------------------+
|                 |   expected |   PatchTST_instance_MSE |   PatchTST_revin_MSE |   default_gammaFalse |   init_gammaFalse |   fixed_gammaFalse |   default_gammaTrue |   init_gammaTrue |   fixed_gammaTrue |
+=================+============+=========================+======================+======================+===================+====================+=====================+==================+===================+
| Test MSE * 1e2  |   887.2683 |                  1.7150 |               1.7185 |               1.7575 |            1.7894 |             1.6963 |              1.7675 |           1.6988 |            1.9186 |
+-----------------+------------+-------------------------+----------------------+----------------------+-------------------+--------------------+---------------------+------------------+-------------------+
| Test MAE * 1e1  |    28.7883 |                  1.0266 |               1.0389 |               1.0398 |            1.0575 |             1.0260 |              1.0438 |           1.0335 |            1.0937 |
+-----------------+------------+-------------------------+----------------------+----------------------+-------------------+--------------------+---------------------+------------------+-------------------+
| Test NMSE * 1e1 |    33.5654 |                  0.2453 |               0.2455 |               0.2521 |            0.2545 |             0.2421 |              0.2523 |           0.2420 |            0.2728 |
+-----------------+------------+-------------------------+----------------------+----------------------+-------------------+--------------------+---------------------+------------------+-------------------+
| Test RMSE * 1e5 |   664.6053 |                  1.3144 |               1.2991 |               1.3488 |            1.3417 |             1.2825 |              1.3396 |           1.2740 |            1.4454 |
+-----------------+------------+-------------------------+----------------------+----------------------+-------------------+--------------------+---------------------+------------------+-------------------+
