[2025-09-24 17:46:08,541][__main__][INFO] - =====Running train script=====
[2025-09-24 17:46:08,652][__main__][INFO] - Fetched main configs, save directory : ../outputs/norm/solar/lags504_horizon24/seed_1/instance_NMSE/
[2025-09-24 17:46:08,654][__main__][INFO] - Model PatchTST, norma instance, criterion NMSE, kwargs {'last': False, 'latent': False}
[2025-09-24 17:46:10,111][__main__][INFO] - Fetched dataloaders
[2025-09-24 17:46:10,112][__main__][INFO] - Splits shapes:
train	(109, 1, 31536)
valid1	(109, 1, 10512)
valid2	(28, 1, 31536)
valid3	(28, 1, 10512)
test1	(109, 1, 10512)
test2	(28, 1, 10512)
[2025-09-24 17:46:10,112][__main__][INFO] - Batches:
 X=[109, 1, 504]
 y=[109, 1, 24]
[2025-09-24 17:46:10,122][__main__][INFO] - --Training--
[2025-09-24 17:46:13,464][__main__][INFO] - Starting training pytorch with lr=1e-05
[2025-09-24 17:46:13,468][__main__][INFO] - Using device: cuda
[2025-09-24 17:46:13,469][__main__][INFO] - Training 1200 epochs of 1 batches (1200 steps): , eval_freq: 100, print_freq: 100
[2025-09-24 17:48:54,895][__main__][INFO] - Step 1 | valid1 MSE : 114.1229 | valid1 NMSE : 1.2919
[2025-09-24 17:51:38,710][__main__][INFO] - Step 100 | valid1 MSE : 22.1857 | valid1 NMSE : 0.2574
[2025-09-24 17:54:22,573][__main__][INFO] - Step 200 | valid1 MSE : 19.0913 | valid1 NMSE : 0.2211
[2025-09-24 17:57:06,533][__main__][INFO] - Step 300 | valid1 MSE : 17.0243 | valid1 NMSE : 0.1980
[2025-09-24 17:59:50,265][__main__][INFO] - Step 400 | valid1 MSE : 15.6394 | valid1 NMSE : 0.1811
[2025-09-24 18:02:33,983][__main__][INFO] - Step 500 | valid1 MSE : 14.5356 | valid1 NMSE : 0.1693
[2025-09-24 18:05:17,833][__main__][INFO] - Step 600 | valid1 MSE : 14.1150 | valid1 NMSE : 0.1629
[2025-09-24 18:08:01,731][__main__][INFO] - Step 700 | valid1 MSE : 13.4815 | valid1 NMSE : 0.1567
[2025-09-24 18:10:45,462][__main__][INFO] - Step 800 | valid1 MSE : 13.1234 | valid1 NMSE : 0.1528
[2025-09-24 18:13:29,257][__main__][INFO] - Step 900 | valid1 MSE : 13.0590 | valid1 NMSE : 0.1508
[2025-09-24 18:16:13,923][__main__][INFO] - Step 1000 | valid1 MSE : 12.7398 | valid1 NMSE : 0.1479
[2025-09-24 18:18:58,002][__main__][INFO] - Step 1100 | valid1 MSE : 12.6366 | valid1 NMSE : 0.1465
[2025-09-24 18:21:41,999][__main__][INFO] - Step 1200 | valid1 MSE : 12.4762 | valid1 NMSE : 0.1446
[2025-09-24 18:21:42,001][__main__][INFO] - Training done in 35.476 min
[2025-09-24 18:21:42,001][__main__][INFO] - Average time per step: 1.774 s
[2025-09-24 18:21:42,858][__main__][INFO] - End of training
[2025-09-24 18:21:42,858][__main__][INFO] - --Eval--
[2025-09-24 18:23:23,247][__main__][INFO] - End of script

[2025-09-24 18:23:29,331][__main__][INFO] - =====Running train script=====
[2025-09-24 18:23:29,384][__main__][INFO] - Fetched main configs, save directory : ../outputs/norm/solar/lags504_horizon24/seed_1/revin_NMSE/
[2025-09-24 18:23:29,385][__main__][INFO] - Model PatchTST, norma revin, criterion NMSE, kwargs {'latent': False}
[2025-09-24 18:23:30,744][__main__][INFO] - Fetched dataloaders
[2025-09-24 18:23:30,744][__main__][INFO] - Splits shapes:
train	(109, 1, 31536)
valid1	(109, 1, 10512)
valid2	(28, 1, 31536)
valid3	(28, 1, 10512)
test1	(109, 1, 10512)
test2	(28, 1, 10512)
[2025-09-24 18:23:30,744][__main__][INFO] - Batches:
 X=[109, 1, 504]
 y=[109, 1, 24]
[2025-09-24 18:23:30,750][__main__][INFO] - --Training--
[2025-09-24 18:23:32,323][__main__][INFO] - Starting training pytorch with lr=1e-05
[2025-09-24 18:23:32,323][__main__][INFO] - Using device: cuda
[2025-09-24 18:23:32,323][__main__][INFO] - Training 1200 epochs of 1 batches (1200 steps): , eval_freq: 100, print_freq: 100
[2025-09-24 18:26:16,356][__main__][INFO] - Step 1 | valid1 MSE : 114.1229 | valid1 NMSE : 1.2919
[2025-09-24 18:29:03,194][__main__][INFO] - Step 100 | valid1 MSE : 22.1841 | valid1 NMSE : 0.2573
[2025-09-24 18:31:50,002][__main__][INFO] - Step 200 | valid1 MSE : 19.0904 | valid1 NMSE : 0.2211
[2025-09-24 18:34:36,807][__main__][INFO] - Step 300 | valid1 MSE : 17.0256 | valid1 NMSE : 0.1980
[2025-09-24 18:37:23,838][__main__][INFO] - Step 400 | valid1 MSE : 15.6430 | valid1 NMSE : 0.1811
[2025-09-24 18:40:10,847][__main__][INFO] - Step 500 | valid1 MSE : 14.5389 | valid1 NMSE : 0.1694
[2025-09-24 18:42:57,764][__main__][INFO] - Step 600 | valid1 MSE : 14.1160 | valid1 NMSE : 0.1629
[2025-09-24 18:45:45,484][__main__][INFO] - Step 700 | valid1 MSE : 13.4832 | valid1 NMSE : 0.1567
[2025-09-24 18:48:32,142][__main__][INFO] - Step 800 | valid1 MSE : 13.1247 | valid1 NMSE : 0.1529
[2025-09-24 18:51:19,039][__main__][INFO] - Step 900 | valid1 MSE : 13.0601 | valid1 NMSE : 0.1508
[2025-09-24 18:54:06,000][__main__][INFO] - Step 1000 | valid1 MSE : 12.7393 | valid1 NMSE : 0.1479
[2025-09-24 18:56:53,234][__main__][INFO] - Step 1100 | valid1 MSE : 12.6345 | valid1 NMSE : 0.1465
[2025-09-24 18:59:40,346][__main__][INFO] - Step 1200 | valid1 MSE : 12.4766 | valid1 NMSE : 0.1446
[2025-09-24 18:59:40,347][__main__][INFO] - Training done in 36.134 min
[2025-09-24 18:59:40,347][__main__][INFO] - Average time per step: 1.807 s
[2025-09-24 18:59:41,908][__main__][INFO] - End of training
[2025-09-24 18:59:41,908][__main__][INFO] - --Eval--
[2025-09-24 19:01:23,129][__main__][INFO] - Final modulations: {'beta': np.float32(-0.00088158785), 'alpha': np.float32(1.0064301)}
[2025-09-24 19:01:23,129][__main__][INFO] - End of script

[2025-09-24 19:01:35,934][__main__][INFO] - =====Running train script=====
[2025-09-24 19:01:36,032][__main__][INFO] - Fetched main configs, save directory : ../outputs/norm/solar/lags504_horizon24/seed_1/flexrevin_NMSE/
[2025-09-24 19:01:36,032][__main__][INFO] - Model PatchTST, norma flexrevin, criterion NMSE, kwargs {'latent': False, 'start': True}
[2025-09-24 19:01:37,496][__main__][INFO] - Fetched dataloaders
[2025-09-24 19:01:37,496][__main__][INFO] - Splits shapes:
train	(109, 1, 31536)
valid1	(109, 1, 10512)
valid2	(28, 1, 31536)
valid3	(28, 1, 10512)
test1	(109, 1, 10512)
test2	(28, 1, 10512)
[2025-09-24 19:01:37,496][__main__][INFO] - Batches:
 X=[109, 1, 504]
 y=[109, 1, 24]
[2025-09-24 19:01:37,505][__main__][INFO] - --Training--
[2025-09-24 19:01:40,284][__main__][INFO] - Starting training pytorch with lr=1e-05
[2025-09-24 19:01:40,284][__main__][INFO] - Using device: cuda
[2025-09-24 19:01:40,284][__main__][INFO] - Training 1200 epochs of 1 batches (1200 steps): , eval_freq: 100, print_freq: 100
[2025-09-24 19:04:23,894][__main__][INFO] - Step 1 | valid1 MSE : 114.1224 | valid1 NMSE : 1.2919
[2025-09-24 19:07:11,011][__main__][INFO] - Step 100 | valid1 MSE : 22.1701 | valid1 NMSE : 0.2572
[2025-09-24 19:09:57,665][__main__][INFO] - Step 200 | valid1 MSE : 19.0827 | valid1 NMSE : 0.2211
[2025-09-24 19:12:44,737][__main__][INFO] - Step 300 | valid1 MSE : 17.0468 | valid1 NMSE : 0.1983
[2025-09-24 19:15:32,445][__main__][INFO] - Step 400 | valid1 MSE : 15.6983 | valid1 NMSE : 0.1817
[2025-09-24 19:18:19,596][__main__][INFO] - Step 500 | valid1 MSE : 14.5913 | valid1 NMSE : 0.1700
[2025-09-24 19:21:06,602][__main__][INFO] - Step 600 | valid1 MSE : 14.1702 | valid1 NMSE : 0.1634
[2025-09-24 19:23:53,711][__main__][INFO] - Step 700 | valid1 MSE : 13.5215 | valid1 NMSE : 0.1573
[2025-09-24 19:26:40,803][__main__][INFO] - Step 800 | valid1 MSE : 13.1464 | valid1 NMSE : 0.1534
[2025-09-24 19:29:27,568][__main__][INFO] - Step 900 | valid1 MSE : 13.1326 | valid1 NMSE : 0.1512
[2025-09-24 19:32:14,458][__main__][INFO] - Step 1000 | valid1 MSE : 12.7775 | valid1 NMSE : 0.1482
[2025-09-24 19:35:01,265][__main__][INFO] - Step 1100 | valid1 MSE : 12.6563 | valid1 NMSE : 0.1466
[2025-09-24 19:37:48,417][__main__][INFO] - Step 1200 | valid1 MSE : 12.5281 | valid1 NMSE : 0.1449
[2025-09-24 19:37:48,418][__main__][INFO] - Training done in 36.136 min
[2025-09-24 19:37:48,418][__main__][INFO] - Average time per step: 1.807 s
[2025-09-24 19:37:52,497][__main__][INFO] - End of training
[2025-09-24 19:37:52,497][__main__][INFO] - --Eval--
[2025-09-24 19:39:33,668][__main__][INFO] - Final modulations: {'beta': np.float32(0.003101594), 'alpha': np.float32(0.994757)}
[2025-09-24 19:39:33,669][__main__][INFO] - End of script

[2025-09-24 19:39:48,932][__main__][INFO] - =====Running train script=====
[2025-09-24 19:39:48,988][__main__][INFO] - Fetched main configs, save directory : ../outputs/norm/solar/lags504_horizon24/seed_1/min_init/
[2025-09-24 19:39:48,988][__main__][INFO] - Model PatchTST, norma mIN, criterion NMSE, kwargs {'latent': False, 'init_beta': True, 'fixed_beta': False, 'init_alpha': True, 'fixed_alpha': False, 'use_gamma': False, 'inverse_gamma': False}
[2025-09-24 19:39:50,519][__main__][INFO] - Fetched dataloaders
[2025-09-24 19:39:50,519][__main__][INFO] - Splits shapes:
train	(109, 1, 31536)
valid1	(109, 1, 10512)
valid2	(28, 1, 31536)
valid3	(28, 1, 10512)
test1	(109, 1, 10512)
test2	(28, 1, 10512)
[2025-09-24 19:39:50,519][__main__][INFO] - Batches:
 X=[109, 1, 504]
 y=[109, 1, 24]
[2025-09-24 19:39:50,527][__main__][INFO] - --Training--
[2025-09-24 19:39:53,272][__main__][INFO] - Starting training pytorch with lr=1e-05
[2025-09-24 19:39:53,272][__main__][INFO] - Using device: cuda
[2025-09-24 19:39:53,273][__main__][INFO] - Training 1200 epochs of 1 batches (1200 steps): , eval_freq: 100, print_freq: 100
[2025-09-24 19:42:34,685][__main__][INFO] - Step 1 | valid1 MSE : 101.8533 | valid1 NMSE : 1.1581
[2025-09-24 19:45:19,242][__main__][INFO] - Step 100 | valid1 MSE : 28.1263 | valid1 NMSE : 0.3369
[2025-09-24 19:48:03,688][__main__][INFO] - Step 200 | valid1 MSE : 20.3067 | valid1 NMSE : 0.2388
[2025-09-24 19:50:48,085][__main__][INFO] - Step 300 | valid1 MSE : 18.4450 | valid1 NMSE : 0.2150
[2025-09-24 19:53:32,372][__main__][INFO] - Step 400 | valid1 MSE : 17.5611 | valid1 NMSE : 0.2031
[2025-09-24 19:56:16,984][__main__][INFO] - Step 500 | valid1 MSE : 16.4867 | valid1 NMSE : 0.1916
[2025-09-24 19:59:01,193][__main__][INFO] - Step 600 | valid1 MSE : 15.6991 | valid1 NMSE : 0.1825
[2025-09-24 20:01:45,511][__main__][INFO] - Step 700 | valid1 MSE : 15.1224 | valid1 NMSE : 0.1765
[2025-09-24 20:04:29,562][__main__][INFO] - Step 800 | valid1 MSE : 14.6046 | valid1 NMSE : 0.1705
[2025-09-24 20:07:13,841][__main__][INFO] - Step 900 | valid1 MSE : 14.1826 | valid1 NMSE : 0.1652
[2025-09-24 20:09:58,195][__main__][INFO] - Step 1000 | valid1 MSE : 13.7243 | valid1 NMSE : 0.1602
[2025-09-24 20:12:42,360][__main__][INFO] - Step 1100 | valid1 MSE : 13.4666 | valid1 NMSE : 0.1571
[2025-09-24 20:15:27,351][__main__][INFO] - Step 1200 | valid1 MSE : 13.1280 | valid1 NMSE : 0.1531
[2025-09-24 20:15:27,352][__main__][INFO] - Training done in 35.568 min
[2025-09-24 20:15:27,352][__main__][INFO] - Average time per step: 1.778 s
[2025-09-24 20:15:28,399][__main__][INFO] - End of training
[2025-09-24 20:15:28,399][__main__][INFO] - --Eval--
[2025-09-24 20:17:08,126][__main__][INFO] - Final modulations: {'beta': np.float32(0.028814336), 'alpha': np.float32(0.30029798)}
[2025-09-24 20:17:08,126][__main__][INFO] - End of script

[2025-09-24 20:17:14,911][__main__][INFO] - =====Running train script=====
[2025-09-24 20:17:14,983][__main__][INFO] - Fetched main configs, save directory : ../outputs/norm/solar/lags504_horizon24/seed_1/min_revin/
[2025-09-24 20:17:14,983][__main__][INFO] - Model PatchTST, norma mIN, criterion NMSE, kwargs {'latent': False, 'init_beta': False, 'fixed_beta': False, 'init_alpha': False, 'fixed_alpha': False, 'use_gamma': True, 'inverse_gamma': True}
[2025-09-24 20:17:16,403][__main__][INFO] - Fetched dataloaders
[2025-09-24 20:17:16,403][__main__][INFO] - Splits shapes:
train	(109, 1, 31536)
valid1	(109, 1, 10512)
valid2	(28, 1, 31536)
valid3	(28, 1, 10512)
test1	(109, 1, 10512)
test2	(28, 1, 10512)
[2025-09-24 20:17:16,403][__main__][INFO] - Batches:
 X=[109, 1, 504]
 y=[109, 1, 24]
[2025-09-24 20:17:16,409][__main__][INFO] - --Training--
[2025-09-24 20:17:17,792][__main__][INFO] - Starting training pytorch with lr=1e-05
[2025-09-24 20:17:17,792][__main__][INFO] - Using device: cuda
[2025-09-24 20:17:17,792][__main__][INFO] - Training 1200 epochs of 1 batches (1200 steps): , eval_freq: 100, print_freq: 100
[2025-09-24 20:20:00,397][__main__][INFO] - Step 1 | valid1 MSE : 114.1227 | valid1 NMSE : 1.2919
[2025-09-24 20:22:46,438][__main__][INFO] - Step 100 | valid1 MSE : 22.1816 | valid1 NMSE : 0.2573
[2025-09-24 20:25:32,690][__main__][INFO] - Step 200 | valid1 MSE : 19.0886 | valid1 NMSE : 0.2211
[2025-09-24 20:28:19,078][__main__][INFO] - Step 300 | valid1 MSE : 17.0268 | valid1 NMSE : 0.1980
[2025-09-24 20:31:05,100][__main__][INFO] - Step 400 | valid1 MSE : 15.6467 | valid1 NMSE : 0.1812
[2025-09-24 20:33:51,312][__main__][INFO] - Step 500 | valid1 MSE : 14.5426 | valid1 NMSE : 0.1694
[2025-09-24 20:36:37,451][__main__][INFO] - Step 600 | valid1 MSE : 14.1172 | valid1 NMSE : 0.1630
[2025-09-24 20:39:23,518][__main__][INFO] - Step 700 | valid1 MSE : 13.4853 | valid1 NMSE : 0.1568
[2025-09-24 20:42:10,224][__main__][INFO] - Step 800 | valid1 MSE : 13.1266 | valid1 NMSE : 0.1529
[2025-09-24 20:44:56,223][__main__][INFO] - Step 900 | valid1 MSE : 13.0614 | valid1 NMSE : 0.1508
[2025-09-24 20:47:42,147][__main__][INFO] - Step 1000 | valid1 MSE : 12.7392 | valid1 NMSE : 0.1479
[2025-09-24 20:50:28,421][__main__][INFO] - Step 1100 | valid1 MSE : 12.6329 | valid1 NMSE : 0.1465
[2025-09-24 20:53:14,874][__main__][INFO] - Step 1200 | valid1 MSE : 12.4774 | valid1 NMSE : 0.1446
[2025-09-24 20:53:14,876][__main__][INFO] - Training done in 35.951 min
[2025-09-24 20:53:14,876][__main__][INFO] - Average time per step: 1.798 s
[2025-09-24 20:53:16,386][__main__][INFO] - End of training
[2025-09-24 20:53:16,386][__main__][INFO] - --Eval--
[2025-09-24 20:54:57,195][__main__][INFO] - Final modulations: {'beta': np.float32(0.00042869453), 'alpha': np.float32(0.9939612)}
[2025-09-24 20:54:57,196][__main__][INFO] - End of script

[2025-09-24 20:55:16,423][__main__][INFO] - =====Running train script=====
[2025-09-24 20:55:16,469][__main__][INFO] - Fetched main configs, save directory : ../outputs/norm/solar/lags504_horizon24/seed_2/instance_NMSE/
[2025-09-24 20:55:16,469][__main__][INFO] - Model PatchTST, norma instance, criterion NMSE, kwargs {'last': False, 'latent': False}
[2025-09-24 20:55:17,971][__main__][INFO] - Fetched dataloaders
[2025-09-24 20:55:17,971][__main__][INFO] - Splits shapes:
train	(109, 1, 31536)
valid1	(109, 1, 10512)
valid2	(28, 1, 31536)
valid3	(28, 1, 10512)
test1	(109, 1, 10512)
test2	(28, 1, 10512)
[2025-09-24 20:55:17,971][__main__][INFO] - Batches:
 X=[109, 1, 504]
 y=[109, 1, 24]
[2025-09-24 20:55:17,979][__main__][INFO] - --Training--
[2025-09-24 20:55:20,711][__main__][INFO] - Starting training pytorch with lr=1e-05
[2025-09-24 20:55:20,711][__main__][INFO] - Using device: cuda
[2025-09-24 20:55:20,711][__main__][INFO] - Training 1200 epochs of 1 batches (1200 steps): , eval_freq: 100, print_freq: 100
[2025-09-24 20:58:04,971][__main__][INFO] - Step 1 | valid1 MSE : 112.1872 | valid1 NMSE : 1.2658
[2025-09-24 21:00:51,696][__main__][INFO] - Step 100 | valid1 MSE : 23.0514 | valid1 NMSE : 0.2633
[2025-09-24 21:03:38,850][__main__][INFO] - Step 200 | valid1 MSE : 19.6982 | valid1 NMSE : 0.2251
[2025-09-24 21:06:25,726][__main__][INFO] - Step 300 | valid1 MSE : 17.4279 | valid1 NMSE : 0.1996
[2025-09-24 21:09:12,410][__main__][INFO] - Step 400 | valid1 MSE : 16.1103 | valid1 NMSE : 0.1835
[2025-09-24 21:11:59,850][__main__][INFO] - Step 500 | valid1 MSE : 14.7182 | valid1 NMSE : 0.1696
[2025-09-24 21:14:46,653][__main__][INFO] - Step 600 | valid1 MSE : 14.0975 | valid1 NMSE : 0.1619
[2025-09-24 21:17:33,666][__main__][INFO] - Step 700 | valid1 MSE : 13.7737 | valid1 NMSE : 0.1575
[2025-09-24 21:20:20,592][__main__][INFO] - Step 800 | valid1 MSE : 13.2879 | valid1 NMSE : 0.1525
[2025-09-24 21:23:07,677][__main__][INFO] - Step 900 | valid1 MSE : 13.0964 | valid1 NMSE : 0.1503
[2025-09-24 21:25:54,590][__main__][INFO] - Step 1000 | valid1 MSE : 12.9125 | valid1 NMSE : 0.1480
[2025-09-24 21:28:41,870][__main__][INFO] - Step 1100 | valid1 MSE : 12.7921 | valid1 NMSE : 0.1469
[2025-09-24 21:31:28,839][__main__][INFO] - Step 1200 | valid1 MSE : 12.6961 | valid1 NMSE : 0.1457
[2025-09-24 21:31:28,840][__main__][INFO] - Training done in 36.135 min
[2025-09-24 21:31:28,840][__main__][INFO] - Average time per step: 1.807 s
[2025-09-24 21:31:29,791][__main__][INFO] - End of training
[2025-09-24 21:31:29,792][__main__][INFO] - --Eval--
[2025-09-24 21:33:11,176][__main__][INFO] - End of script

[2025-09-24 21:33:17,388][__main__][INFO] - =====Running train script=====
[2025-09-24 21:33:17,445][__main__][INFO] - Fetched main configs, save directory : ../outputs/norm/solar/lags504_horizon24/seed_2/revin_NMSE/
[2025-09-24 21:33:17,445][__main__][INFO] - Model PatchTST, norma revin, criterion NMSE, kwargs {'latent': False}
[2025-09-24 21:33:18,867][__main__][INFO] - Fetched dataloaders
[2025-09-24 21:33:18,867][__main__][INFO] - Splits shapes:
train	(109, 1, 31536)
valid1	(109, 1, 10512)
valid2	(28, 1, 31536)
valid3	(28, 1, 10512)
test1	(109, 1, 10512)
test2	(28, 1, 10512)
[2025-09-24 21:33:18,867][__main__][INFO] - Batches:
 X=[109, 1, 504]
 y=[109, 1, 24]
[2025-09-24 21:33:18,873][__main__][INFO] - --Training--
[2025-09-24 21:33:20,262][__main__][INFO] - Starting training pytorch with lr=1e-05
[2025-09-24 21:33:20,262][__main__][INFO] - Using device: cuda
[2025-09-24 21:33:20,262][__main__][INFO] - Training 1200 epochs of 1 batches (1200 steps): , eval_freq: 100, print_freq: 100
[2025-09-24 21:36:03,118][__main__][INFO] - Step 1 | valid1 MSE : 112.1871 | valid1 NMSE : 1.2658
[2025-09-24 21:38:49,527][__main__][INFO] - Step 100 | valid1 MSE : 23.0486 | valid1 NMSE : 0.2633
[2025-09-24 21:41:36,157][__main__][INFO] - Step 200 | valid1 MSE : 19.6962 | valid1 NMSE : 0.2250
[2025-09-24 21:44:22,626][__main__][INFO] - Step 300 | valid1 MSE : 17.4286 | valid1 NMSE : 0.1996
[2025-09-24 21:47:09,083][__main__][INFO] - Step 400 | valid1 MSE : 16.1109 | valid1 NMSE : 0.1835
[2025-09-24 21:49:55,534][__main__][INFO] - Step 500 | valid1 MSE : 14.7202 | valid1 NMSE : 0.1696
[2025-09-24 21:52:42,186][__main__][INFO] - Step 600 | valid1 MSE : 14.0979 | valid1 NMSE : 0.1619
[2025-09-24 21:55:28,649][__main__][INFO] - Step 700 | valid1 MSE : 13.7746 | valid1 NMSE : 0.1575
[2025-09-24 21:58:15,225][__main__][INFO] - Step 800 | valid1 MSE : 13.2870 | valid1 NMSE : 0.1525
[2025-09-24 22:01:01,743][__main__][INFO] - Step 900 | valid1 MSE : 13.0951 | valid1 NMSE : 0.1503
[2025-09-24 22:03:48,296][__main__][INFO] - Step 1000 | valid1 MSE : 12.9110 | valid1 NMSE : 0.1480
[2025-09-24 22:06:34,870][__main__][INFO] - Step 1100 | valid1 MSE : 12.7909 | valid1 NMSE : 0.1469
[2025-09-24 22:09:21,873][__main__][INFO] - Step 1200 | valid1 MSE : 12.6945 | valid1 NMSE : 0.1457
[2025-09-24 22:09:21,873][__main__][INFO] - Training done in 36.027 min
[2025-09-24 22:09:21,873][__main__][INFO] - Average time per step: 1.801 s
[2025-09-24 22:09:22,902][__main__][INFO] - End of training
[2025-09-24 22:09:22,902][__main__][INFO] - --Eval--
[2025-09-24 22:11:03,834][__main__][INFO] - Final modulations: {'beta': np.float32(-0.0005527779), 'alpha': np.float32(1.0070456)}
[2025-09-24 22:11:03,834][__main__][INFO] - End of script

[2025-09-24 22:11:09,975][__main__][INFO] - =====Running train script=====
[2025-09-24 22:11:10,028][__main__][INFO] - Fetched main configs, save directory : ../outputs/norm/solar/lags504_horizon24/seed_2/flexrevin_NMSE/
[2025-09-24 22:11:10,028][__main__][INFO] - Model PatchTST, norma flexrevin, criterion NMSE, kwargs {'latent': False, 'start': True}
[2025-09-24 22:11:11,401][__main__][INFO] - Fetched dataloaders
[2025-09-24 22:11:11,401][__main__][INFO] - Splits shapes:
train	(109, 1, 31536)
valid1	(109, 1, 10512)
valid2	(28, 1, 31536)
valid3	(28, 1, 10512)
test1	(109, 1, 10512)
test2	(28, 1, 10512)
[2025-09-24 22:11:11,401][__main__][INFO] - Batches:
 X=[109, 1, 504]
 y=[109, 1, 24]
[2025-09-24 22:11:11,407][__main__][INFO] - --Training--
[2025-09-24 22:11:12,788][__main__][INFO] - Starting training pytorch with lr=1e-05
[2025-09-24 22:11:12,788][__main__][INFO] - Using device: cuda
[2025-09-24 22:11:12,788][__main__][INFO] - Training 1200 epochs of 1 batches (1200 steps): , eval_freq: 100, print_freq: 100
[2025-09-24 22:13:58,251][__main__][INFO] - Step 1 | valid1 MSE : 112.1866 | valid1 NMSE : 1.2658
[2025-09-24 22:16:47,022][__main__][INFO] - Step 100 | valid1 MSE : 23.0158 | valid1 NMSE : 0.2630
[2025-09-24 22:19:35,775][__main__][INFO] - Step 200 | valid1 MSE : 19.6749 | valid1 NMSE : 0.2248
[2025-09-24 22:22:24,745][__main__][INFO] - Step 300 | valid1 MSE : 17.4487 | valid1 NMSE : 0.1998
[2025-09-24 22:25:13,364][__main__][INFO] - Step 400 | valid1 MSE : 16.1536 | valid1 NMSE : 0.1839
[2025-09-24 22:28:02,159][__main__][INFO] - Step 500 | valid1 MSE : 14.7753 | valid1 NMSE : 0.1702
[2025-09-24 22:30:50,763][__main__][INFO] - Step 600 | valid1 MSE : 14.1395 | valid1 NMSE : 0.1624
[2025-09-24 22:33:39,599][__main__][INFO] - Step 700 | valid1 MSE : 13.8601 | valid1 NMSE : 0.1580
[2025-09-24 22:36:28,285][__main__][INFO] - Step 800 | valid1 MSE : 13.3329 | valid1 NMSE : 0.1530
[2025-09-24 22:39:17,245][__main__][INFO] - Step 900 | valid1 MSE : 13.1447 | valid1 NMSE : 0.1508
[2025-09-24 22:42:05,396][__main__][INFO] - Step 1000 | valid1 MSE : 12.9617 | valid1 NMSE : 0.1485
[2025-09-24 22:44:53,248][__main__][INFO] - Step 1100 | valid1 MSE : 12.8181 | valid1 NMSE : 0.1475
[2025-09-24 22:47:41,384][__main__][INFO] - Step 1200 | valid1 MSE : 12.7483 | valid1 NMSE : 0.1461
[2025-09-24 22:47:41,385][__main__][INFO] - Training done in 36.477 min
[2025-09-24 22:47:41,385][__main__][INFO] - Average time per step: 1.824 s
[2025-09-24 22:47:42,385][__main__][INFO] - End of training
[2025-09-24 22:47:42,386][__main__][INFO] - --Eval--
[2025-09-24 22:49:24,719][__main__][INFO] - Final modulations: {'beta': np.float32(0.003167317), 'alpha': np.float32(0.9941127)}
[2025-09-24 22:49:24,720][__main__][INFO] - End of script

[2025-09-24 22:49:36,377][__main__][INFO] - =====Running train script=====
[2025-09-24 22:49:36,420][__main__][INFO] - Fetched main configs, save directory : ../outputs/norm/solar/lags504_horizon24/seed_2/min_init/
[2025-09-24 22:49:36,420][__main__][INFO] - Model PatchTST, norma mIN, criterion NMSE, kwargs {'latent': False, 'init_beta': True, 'fixed_beta': False, 'init_alpha': True, 'fixed_alpha': False, 'use_gamma': False, 'inverse_gamma': False}
[2025-09-24 22:49:37,858][__main__][INFO] - Fetched dataloaders
[2025-09-24 22:49:37,859][__main__][INFO] - Splits shapes:
train	(109, 1, 31536)
valid1	(109, 1, 10512)
valid2	(28, 1, 31536)
valid3	(28, 1, 10512)
test1	(109, 1, 10512)
test2	(28, 1, 10512)
[2025-09-24 22:49:37,859][__main__][INFO] - Batches:
 X=[109, 1, 504]
 y=[109, 1, 24]
[2025-09-24 22:49:37,867][__main__][INFO] - --Training--
[2025-09-24 22:49:40,498][__main__][INFO] - Starting training pytorch with lr=1e-05
[2025-09-24 22:49:40,498][__main__][INFO] - Using device: cuda
[2025-09-24 22:49:40,498][__main__][INFO] - Training 1200 epochs of 1 batches (1200 steps): , eval_freq: 100, print_freq: 100
[2025-09-24 22:52:23,076][__main__][INFO] - Step 1 | valid1 MSE : 102.5170 | valid1 NMSE : 1.1599
[2025-09-24 22:55:08,629][__main__][INFO] - Step 100 | valid1 MSE : 28.2444 | valid1 NMSE : 0.3362
[2025-09-24 22:57:54,146][__main__][INFO] - Step 200 | valid1 MSE : 20.3652 | valid1 NMSE : 0.2367
[2025-09-24 23:00:39,613][__main__][INFO] - Step 300 | valid1 MSE : 18.7014 | valid1 NMSE : 0.2153
[2025-09-24 23:03:24,823][__main__][INFO] - Step 400 | valid1 MSE : 17.7112 | valid1 NMSE : 0.2032
[2025-09-24 23:06:09,839][__main__][INFO] - Step 500 | valid1 MSE : 16.7567 | valid1 NMSE : 0.1922
[2025-09-24 23:08:55,574][__main__][INFO] - Step 600 | valid1 MSE : 15.8618 | valid1 NMSE : 0.1821
[2025-09-24 23:11:40,731][__main__][INFO] - Step 700 | valid1 MSE : 15.1649 | valid1 NMSE : 0.1740
[2025-09-24 23:14:25,819][__main__][INFO] - Step 800 | valid1 MSE : 14.5340 | valid1 NMSE : 0.1671
[2025-09-24 23:17:10,923][__main__][INFO] - Step 900 | valid1 MSE : 14.1401 | valid1 NMSE : 0.1628
[2025-09-24 23:19:56,499][__main__][INFO] - Step 1000 | valid1 MSE : 13.7963 | valid1 NMSE : 0.1587
[2025-09-24 23:22:41,827][__main__][INFO] - Step 1100 | valid1 MSE : 13.5284 | valid1 NMSE : 0.1560
[2025-09-24 23:25:26,964][__main__][INFO] - Step 1200 | valid1 MSE : 13.2291 | valid1 NMSE : 0.1523
[2025-09-24 23:25:26,965][__main__][INFO] - Training done in 35.774 min
[2025-09-24 23:25:26,966][__main__][INFO] - Average time per step: 1.789 s
[2025-09-24 23:25:28,616][__main__][INFO] - End of training
[2025-09-24 23:25:28,616][__main__][INFO] - --Eval--
[2025-09-24 23:27:09,182][__main__][INFO] - Final modulations: {'beta': np.float32(0.02865597), 'alpha': np.float32(0.30072385)}
[2025-09-24 23:27:09,182][__main__][INFO] - End of script

[2025-09-24 23:27:21,564][__main__][INFO] - =====Running train script=====
[2025-09-24 23:27:21,617][__main__][INFO] - Fetched main configs, save directory : ../outputs/norm/solar/lags504_horizon24/seed_2/min_revin/
[2025-09-24 23:27:21,617][__main__][INFO] - Model PatchTST, norma mIN, criterion NMSE, kwargs {'latent': False, 'init_beta': False, 'fixed_beta': False, 'init_alpha': False, 'fixed_alpha': False, 'use_gamma': True, 'inverse_gamma': True}
[2025-09-24 23:27:23,059][__main__][INFO] - Fetched dataloaders
[2025-09-24 23:27:23,059][__main__][INFO] - Splits shapes:
train	(109, 1, 31536)
valid1	(109, 1, 10512)
valid2	(28, 1, 31536)
valid3	(28, 1, 10512)
test1	(109, 1, 10512)
test2	(28, 1, 10512)
[2025-09-24 23:27:23,059][__main__][INFO] - Batches:
 X=[109, 1, 504]
 y=[109, 1, 24]
[2025-09-24 23:27:23,067][__main__][INFO] - --Training--
[2025-09-24 23:27:25,763][__main__][INFO] - Starting training pytorch with lr=1e-05
[2025-09-24 23:27:25,763][__main__][INFO] - Using device: cuda
[2025-09-24 23:27:25,763][__main__][INFO] - Training 1200 epochs of 1 batches (1200 steps): , eval_freq: 100, print_freq: 100
[2025-09-24 23:30:08,481][__main__][INFO] - Step 1 | valid1 MSE : 112.1870 | valid1 NMSE : 1.2658
[2025-09-24 23:32:54,321][__main__][INFO] - Step 100 | valid1 MSE : 23.0444 | valid1 NMSE : 0.2633
[2025-09-24 23:35:40,037][__main__][INFO] - Step 200 | valid1 MSE : 19.6937 | valid1 NMSE : 0.2250
[2025-09-24 23:38:26,161][__main__][INFO] - Step 300 | valid1 MSE : 17.4298 | valid1 NMSE : 0.1996
[2025-09-24 23:41:12,167][__main__][INFO] - Step 400 | valid1 MSE : 16.1124 | valid1 NMSE : 0.1836
[2025-09-24 23:43:58,038][__main__][INFO] - Step 500 | valid1 MSE : 14.7232 | valid1 NMSE : 0.1697
[2025-09-24 23:46:43,906][__main__][INFO] - Step 600 | valid1 MSE : 14.0993 | valid1 NMSE : 0.1619
[2025-09-24 23:49:29,683][__main__][INFO] - Step 700 | valid1 MSE : 13.7762 | valid1 NMSE : 0.1575
[2025-09-24 23:52:15,572][__main__][INFO] - Step 800 | valid1 MSE : 13.2868 | valid1 NMSE : 0.1525
[2025-09-24 23:55:01,593][__main__][INFO] - Step 900 | valid1 MSE : 13.0946 | valid1 NMSE : 0.1503
[2025-09-24 23:57:47,555][__main__][INFO] - Step 1000 | valid1 MSE : 12.9103 | valid1 NMSE : 0.1480
[2025-09-25 00:00:33,309][__main__][INFO] - Step 1100 | valid1 MSE : 12.7905 | valid1 NMSE : 0.1469
[2025-09-25 00:03:19,249][__main__][INFO] - Step 1200 | valid1 MSE : 12.6937 | valid1 NMSE : 0.1457
[2025-09-25 00:03:19,250][__main__][INFO] - Training done in 35.891 min
[2025-09-25 00:03:19,250][__main__][INFO] - Average time per step: 1.795 s
[2025-09-25 00:03:20,887][__main__][INFO] - End of training
[2025-09-25 00:03:20,887][__main__][INFO] - --Eval--
[2025-09-25 00:05:01,256][__main__][INFO] - Final modulations: {'beta': np.float32(0.0004215864), 'alpha': np.float32(0.9934142)}
[2025-09-25 00:05:01,256][__main__][INFO] - End of script

[2025-09-25 00:05:23,850][__main__][INFO] - =====Running train script=====
[2025-09-25 00:05:23,918][__main__][INFO] - Fetched main configs, save directory : ../outputs/norm/solar/lags504_horizon24/seed_3/instance_NMSE/
[2025-09-25 00:05:23,918][__main__][INFO] - Model PatchTST, norma instance, criterion NMSE, kwargs {'last': False, 'latent': False}
[2025-09-25 00:05:25,465][__main__][INFO] - Fetched dataloaders
[2025-09-25 00:05:25,465][__main__][INFO] - Splits shapes:
train	(109, 1, 31536)
valid1	(109, 1, 10512)
valid2	(28, 1, 31536)
valid3	(28, 1, 10512)
test1	(109, 1, 10512)
test2	(28, 1, 10512)
[2025-09-25 00:05:25,465][__main__][INFO] - Batches:
 X=[109, 1, 504]
 y=[109, 1, 24]
[2025-09-25 00:05:25,474][__main__][INFO] - --Training--
[2025-09-25 00:05:28,309][__main__][INFO] - Starting training pytorch with lr=1e-05
[2025-09-25 00:05:28,309][__main__][INFO] - Using device: cuda
[2025-09-25 00:05:28,309][__main__][INFO] - Training 1200 epochs of 1 batches (1200 steps): , eval_freq: 100, print_freq: 100
[2025-09-25 00:08:10,299][__main__][INFO] - Step 1 | valid1 MSE : 105.5986 | valid1 NMSE : 1.2150
[2025-09-25 00:10:54,844][__main__][INFO] - Step 100 | valid1 MSE : 22.6348 | valid1 NMSE : 0.2642
[2025-09-25 00:13:39,601][__main__][INFO] - Step 200 | valid1 MSE : 19.4968 | valid1 NMSE : 0.2279
[2025-09-25 00:16:24,565][__main__][INFO] - Step 300 | valid1 MSE : 17.3819 | valid1 NMSE : 0.2031
[2025-09-25 00:19:09,465][__main__][INFO] - Step 400 | valid1 MSE : 15.7814 | valid1 NMSE : 0.1858
[2025-09-25 00:21:54,223][__main__][INFO] - Step 500 | valid1 MSE : 14.8261 | valid1 NMSE : 0.1741
[2025-09-25 00:24:38,943][__main__][INFO] - Step 600 | valid1 MSE : 13.9282 | valid1 NMSE : 0.1648
[2025-09-25 00:27:23,684][__main__][INFO] - Step 700 | valid1 MSE : 13.5047 | valid1 NMSE : 0.1587
[2025-09-25 00:30:08,342][__main__][INFO] - Step 800 | valid1 MSE : 13.1391 | valid1 NMSE : 0.1544
[2025-09-25 00:32:53,250][__main__][INFO] - Step 900 | valid1 MSE : 12.8470 | valid1 NMSE : 0.1514
[2025-09-25 00:35:38,715][__main__][INFO] - Step 1000 | valid1 MSE : 12.6307 | valid1 NMSE : 0.1487
[2025-09-25 00:38:23,657][__main__][INFO] - Step 1100 | valid1 MSE : 12.6179 | valid1 NMSE : 0.1478
[2025-09-25 00:41:08,403][__main__][INFO] - Step 1200 | valid1 MSE : 12.4058 | valid1 NMSE : 0.1459
[2025-09-25 00:41:08,403][__main__][INFO] - Training done in 35.668 min
[2025-09-25 00:41:08,403][__main__][INFO] - Average time per step: 1.783 s
[2025-09-25 00:41:09,207][__main__][INFO] - End of training
[2025-09-25 00:41:09,207][__main__][INFO] - --Eval--
[2025-09-25 00:42:49,155][__main__][INFO] - End of script

[2025-09-25 00:42:55,756][__main__][INFO] - =====Running train script=====
[2025-09-25 00:42:55,799][__main__][INFO] - Fetched main configs, save directory : ../outputs/norm/solar/lags504_horizon24/seed_3/revin_NMSE/
[2025-09-25 00:42:55,800][__main__][INFO] - Model PatchTST, norma revin, criterion NMSE, kwargs {'latent': False}
[2025-09-25 00:42:57,191][__main__][INFO] - Fetched dataloaders
[2025-09-25 00:42:57,191][__main__][INFO] - Splits shapes:
train	(109, 1, 31536)
valid1	(109, 1, 10512)
valid2	(28, 1, 31536)
valid3	(28, 1, 10512)
test1	(109, 1, 10512)
test2	(28, 1, 10512)
[2025-09-25 00:42:57,191][__main__][INFO] - Batches:
 X=[109, 1, 504]
 y=[109, 1, 24]
[2025-09-25 00:42:57,197][__main__][INFO] - --Training--
[2025-09-25 00:42:58,529][__main__][INFO] - Starting training pytorch with lr=1e-05
[2025-09-25 00:42:58,529][__main__][INFO] - Using device: cuda
[2025-09-25 00:42:58,529][__main__][INFO] - Training 1200 epochs of 1 batches (1200 steps): , eval_freq: 100, print_freq: 100
[2025-09-25 00:45:40,051][__main__][INFO] - Step 1 | valid1 MSE : 105.5986 | valid1 NMSE : 1.2150
[2025-09-25 00:48:24,944][__main__][INFO] - Step 100 | valid1 MSE : 22.6324 | valid1 NMSE : 0.2642
[2025-09-25 00:51:09,712][__main__][INFO] - Step 200 | valid1 MSE : 19.4938 | valid1 NMSE : 0.2279
[2025-09-25 00:53:55,011][__main__][INFO] - Step 300 | valid1 MSE : 17.3817 | valid1 NMSE : 0.2031
[2025-09-25 00:56:40,126][__main__][INFO] - Step 400 | valid1 MSE : 15.7825 | valid1 NMSE : 0.1858
[2025-09-25 00:59:25,049][__main__][INFO] - Step 500 | valid1 MSE : 14.8272 | valid1 NMSE : 0.1741
[2025-09-25 01:02:09,998][__main__][INFO] - Step 600 | valid1 MSE : 13.9296 | valid1 NMSE : 0.1648
[2025-09-25 01:04:55,770][__main__][INFO] - Step 700 | valid1 MSE : 13.5053 | valid1 NMSE : 0.1587
[2025-09-25 01:07:41,233][__main__][INFO] - Step 800 | valid1 MSE : 13.1382 | valid1 NMSE : 0.1544
[2025-09-25 01:10:26,297][__main__][INFO] - Step 900 | valid1 MSE : 12.8465 | valid1 NMSE : 0.1514
[2025-09-25 01:13:11,860][__main__][INFO] - Step 1000 | valid1 MSE : 12.6294 | valid1 NMSE : 0.1487
[2025-09-25 01:15:57,128][__main__][INFO] - Step 1100 | valid1 MSE : 12.6155 | valid1 NMSE : 0.1478
[2025-09-25 01:18:42,510][__main__][INFO] - Step 1200 | valid1 MSE : 12.4045 | valid1 NMSE : 0.1459
[2025-09-25 01:18:42,511][__main__][INFO] - Training done in 35.733 min
[2025-09-25 01:18:42,512][__main__][INFO] - Average time per step: 1.787 s
[2025-09-25 01:18:43,883][__main__][INFO] - End of training
[2025-09-25 01:18:43,883][__main__][INFO] - --Eval--
[2025-09-25 01:20:23,833][__main__][INFO] - Final modulations: {'beta': np.float32(-0.00081933144), 'alpha': np.float32(1.0066344)}
[2025-09-25 01:20:23,833][__main__][INFO] - End of script

[2025-09-25 01:20:36,018][__main__][INFO] - =====Running train script=====
[2025-09-25 01:20:36,062][__main__][INFO] - Fetched main configs, save directory : ../outputs/norm/solar/lags504_horizon24/seed_3/flexrevin_NMSE/
[2025-09-25 01:20:36,062][__main__][INFO] - Model PatchTST, norma flexrevin, criterion NMSE, kwargs {'latent': False, 'start': True}
[2025-09-25 01:20:37,611][__main__][INFO] - Fetched dataloaders
[2025-09-25 01:20:37,611][__main__][INFO] - Splits shapes:
train	(109, 1, 31536)
valid1	(109, 1, 10512)
valid2	(28, 1, 31536)
valid3	(28, 1, 10512)
test1	(109, 1, 10512)
test2	(28, 1, 10512)
[2025-09-25 01:20:37,611][__main__][INFO] - Batches:
 X=[109, 1, 504]
 y=[109, 1, 24]
[2025-09-25 01:20:37,620][__main__][INFO] - --Training--
[2025-09-25 01:20:40,326][__main__][INFO] - Starting training pytorch with lr=1e-05
[2025-09-25 01:20:40,326][__main__][INFO] - Using device: cuda
[2025-09-25 01:20:40,326][__main__][INFO] - Training 1200 epochs of 1 batches (1200 steps): , eval_freq: 100, print_freq: 100
[2025-09-25 01:23:23,788][__main__][INFO] - Step 1 | valid1 MSE : 105.5981 | valid1 NMSE : 1.2149
[2025-09-25 01:26:09,734][__main__][INFO] - Step 100 | valid1 MSE : 22.6061 | valid1 NMSE : 0.2639
[2025-09-25 01:28:56,045][__main__][INFO] - Step 200 | valid1 MSE : 19.4662 | valid1 NMSE : 0.2276
[2025-09-25 01:31:42,283][__main__][INFO] - Step 300 | valid1 MSE : 17.3897 | valid1 NMSE : 0.2032
[2025-09-25 01:34:29,019][__main__][INFO] - Step 400 | valid1 MSE : 15.8116 | valid1 NMSE : 0.1861
[2025-09-25 01:37:15,089][__main__][INFO] - Step 500 | valid1 MSE : 14.8759 | valid1 NMSE : 0.1746
[2025-09-25 01:40:01,361][__main__][INFO] - Step 600 | valid1 MSE : 13.9697 | valid1 NMSE : 0.1654
[2025-09-25 01:42:47,578][__main__][INFO] - Step 700 | valid1 MSE : 13.5711 | valid1 NMSE : 0.1593
[2025-09-25 01:45:33,486][__main__][INFO] - Step 800 | valid1 MSE : 13.1953 | valid1 NMSE : 0.1549
[2025-09-25 01:48:19,667][__main__][INFO] - Step 900 | valid1 MSE : 12.8924 | valid1 NMSE : 0.1518
[2025-09-25 01:51:05,539][__main__][INFO] - Step 1000 | valid1 MSE : 12.6808 | valid1 NMSE : 0.1491
[2025-09-25 01:53:51,652][__main__][INFO] - Step 1100 | valid1 MSE : 12.6981 | valid1 NMSE : 0.1480
[2025-09-25 01:56:37,756][__main__][INFO] - Step 1200 | valid1 MSE : 12.4250 | valid1 NMSE : 0.1463
[2025-09-25 01:56:37,757][__main__][INFO] - Training done in 35.957 min
[2025-09-25 01:56:37,757][__main__][INFO] - Average time per step: 1.798 s
[2025-09-25 01:56:39,349][__main__][INFO] - End of training
[2025-09-25 01:56:39,349][__main__][INFO] - --Eval--
[2025-09-25 01:58:19,739][__main__][INFO] - Final modulations: {'beta': np.float32(0.0032669662), 'alpha': np.float32(0.9945327)}
[2025-09-25 01:58:19,739][__main__][INFO] - End of script

[2025-09-25 01:58:32,866][__main__][INFO] - =====Running train script=====
[2025-09-25 01:58:32,920][__main__][INFO] - Fetched main configs, save directory : ../outputs/norm/solar/lags504_horizon24/seed_3/min_init/
[2025-09-25 01:58:32,920][__main__][INFO] - Model PatchTST, norma mIN, criterion NMSE, kwargs {'latent': False, 'init_beta': True, 'fixed_beta': False, 'init_alpha': True, 'fixed_alpha': False, 'use_gamma': False, 'inverse_gamma': False}
[2025-09-25 01:58:34,415][__main__][INFO] - Fetched dataloaders
[2025-09-25 01:58:34,415][__main__][INFO] - Splits shapes:
train	(109, 1, 31536)
valid1	(109, 1, 10512)
valid2	(28, 1, 31536)
valid3	(28, 1, 10512)
test1	(109, 1, 10512)
test2	(28, 1, 10512)
[2025-09-25 01:58:34,415][__main__][INFO] - Batches:
 X=[109, 1, 504]
 y=[109, 1, 24]
[2025-09-25 01:58:34,423][__main__][INFO] - --Training--
[2025-09-25 01:58:37,238][__main__][INFO] - Starting training pytorch with lr=1e-05
[2025-09-25 01:58:37,239][__main__][INFO] - Using device: cuda
[2025-09-25 01:58:37,239][__main__][INFO] - Training 1200 epochs of 1 batches (1200 steps): , eval_freq: 100, print_freq: 100
[2025-09-25 02:01:21,340][__main__][INFO] - Step 1 | valid1 MSE : 98.8296 | valid1 NMSE : 1.1360
[2025-09-25 02:04:08,267][__main__][INFO] - Step 100 | valid1 MSE : 28.5001 | valid1 NMSE : 0.3451
[2025-09-25 02:06:55,414][__main__][INFO] - Step 200 | valid1 MSE : 20.0541 | valid1 NMSE : 0.2385
[2025-09-25 02:09:42,132][__main__][INFO] - Step 300 | valid1 MSE : 18.2275 | valid1 NMSE : 0.2143
[2025-09-25 02:12:29,348][__main__][INFO] - Step 400 | valid1 MSE : 17.2254 | valid1 NMSE : 0.2026
[2025-09-25 02:15:16,413][__main__][INFO] - Step 500 | valid1 MSE : 16.3853 | valid1 NMSE : 0.1923
[2025-09-25 02:18:03,351][__main__][INFO] - Step 600 | valid1 MSE : 15.5256 | valid1 NMSE : 0.1833
[2025-09-25 02:20:50,246][__main__][INFO] - Step 700 | valid1 MSE : 14.8854 | valid1 NMSE : 0.1753
[2025-09-25 02:23:37,283][__main__][INFO] - Step 800 | valid1 MSE : 14.3213 | valid1 NMSE : 0.1691
[2025-09-25 02:26:24,302][__main__][INFO] - Step 900 | valid1 MSE : 13.9210 | valid1 NMSE : 0.1640
[2025-09-25 02:29:11,423][__main__][INFO] - Step 1000 | valid1 MSE : 13.5137 | valid1 NMSE : 0.1595
[2025-09-25 02:31:59,185][__main__][INFO] - Step 1100 | valid1 MSE : 13.2430 | valid1 NMSE : 0.1559
[2025-09-25 02:34:46,551][__main__][INFO] - Step 1200 | valid1 MSE : 12.9272 | valid1 NMSE : 0.1526
[2025-09-25 02:34:46,552][__main__][INFO] - Training done in 36.155 min
[2025-09-25 02:34:46,552][__main__][INFO] - Average time per step: 1.808 s
[2025-09-25 02:34:47,741][__main__][INFO] - End of training
[2025-09-25 02:34:47,741][__main__][INFO] - --Eval--
[2025-09-25 02:36:29,200][__main__][INFO] - Final modulations: {'beta': np.float32(0.02869423), 'alpha': np.float32(0.30064902)}
[2025-09-25 02:36:29,200][__main__][INFO] - End of script

[2025-09-25 02:36:36,513][__main__][INFO] - =====Running train script=====
[2025-09-25 02:36:36,569][__main__][INFO] - Fetched main configs, save directory : ../outputs/norm/solar/lags504_horizon24/seed_3/min_revin/
[2025-09-25 02:36:36,569][__main__][INFO] - Model PatchTST, norma mIN, criterion NMSE, kwargs {'latent': False, 'init_beta': False, 'fixed_beta': False, 'init_alpha': False, 'fixed_alpha': False, 'use_gamma': True, 'inverse_gamma': True}
[2025-09-25 02:36:37,960][__main__][INFO] - Fetched dataloaders
[2025-09-25 02:36:37,961][__main__][INFO] - Splits shapes:
train	(109, 1, 31536)
valid1	(109, 1, 10512)
valid2	(28, 1, 31536)
valid3	(28, 1, 10512)
test1	(109, 1, 10512)
test2	(28, 1, 10512)
[2025-09-25 02:36:37,961][__main__][INFO] - Batches:
 X=[109, 1, 504]
 y=[109, 1, 24]
[2025-09-25 02:36:37,966][__main__][INFO] - --Training--
[2025-09-25 02:36:39,379][__main__][INFO] - Starting training pytorch with lr=1e-05
[2025-09-25 02:36:39,379][__main__][INFO] - Using device: cuda
[2025-09-25 02:36:39,380][__main__][INFO] - Training 1200 epochs of 1 batches (1200 steps): , eval_freq: 100, print_freq: 100
[2025-09-25 02:39:22,341][__main__][INFO] - Step 1 | valid1 MSE : 105.5984 | valid1 NMSE : 1.2149
[2025-09-25 02:42:07,882][__main__][INFO] - Step 100 | valid1 MSE : 22.6289 | valid1 NMSE : 0.2641
[2025-09-25 02:44:53,444][__main__][INFO] - Step 200 | valid1 MSE : 19.4901 | valid1 NMSE : 0.2278
[2025-09-25 02:47:39,395][__main__][INFO] - Step 300 | valid1 MSE : 17.3815 | valid1 NMSE : 0.2031
[2025-09-25 02:50:25,012][__main__][INFO] - Step 400 | valid1 MSE : 15.7843 | valid1 NMSE : 0.1858
[2025-09-25 02:53:10,505][__main__][INFO] - Step 500 | valid1 MSE : 14.8293 | valid1 NMSE : 0.1741
[2025-09-25 02:55:55,880][__main__][INFO] - Step 600 | valid1 MSE : 13.9321 | valid1 NMSE : 0.1649
[2025-09-25 02:58:41,743][__main__][INFO] - Step 700 | valid1 MSE : 13.5070 | valid1 NMSE : 0.1587
[2025-09-25 03:01:28,418][__main__][INFO] - Step 800 | valid1 MSE : 13.1385 | valid1 NMSE : 0.1544
[2025-09-25 03:04:14,201][__main__][INFO] - Step 900 | valid1 MSE : 12.8469 | valid1 NMSE : 0.1514
[2025-09-25 03:07:00,230][__main__][INFO] - Step 1000 | valid1 MSE : 12.6289 | valid1 NMSE : 0.1487
[2025-09-25 03:09:46,149][__main__][INFO] - Step 1100 | valid1 MSE : 12.6139 | valid1 NMSE : 0.1478
[2025-09-25 03:12:32,211][__main__][INFO] - Step 1200 | valid1 MSE : 12.4038 | valid1 NMSE : 0.1459
[2025-09-25 03:12:32,213][__main__][INFO] - Training done in 35.881 min
[2025-09-25 03:12:32,213][__main__][INFO] - Average time per step: 1.794 s
[2025-09-25 03:12:33,682][__main__][INFO] - End of training
[2025-09-25 03:12:33,682][__main__][INFO] - --Eval--
[2025-09-25 03:14:14,190][__main__][INFO] - Final modulations: {'beta': np.float32(0.0005078938), 'alpha': np.float32(0.99369425)}
[2025-09-25 03:14:14,190][__main__][INFO] - End of script

[2025-09-25 03:14:32,997][__main__][INFO] - =====Running train script=====
[2025-09-25 03:14:33,052][__main__][INFO] - Fetched main configs, save directory : ../outputs/norm/solar/lags504_horizon24/seed_4/instance_NMSE/
[2025-09-25 03:14:33,052][__main__][INFO] - Model PatchTST, norma instance, criterion NMSE, kwargs {'last': False, 'latent': False}
[2025-09-25 03:14:34,486][__main__][INFO] - Fetched dataloaders
[2025-09-25 03:14:34,486][__main__][INFO] - Splits shapes:
train	(109, 1, 31536)
valid1	(109, 1, 10512)
valid2	(28, 1, 31536)
valid3	(28, 1, 10512)
test1	(109, 1, 10512)
test2	(28, 1, 10512)
[2025-09-25 03:14:34,487][__main__][INFO] - Batches:
 X=[109, 1, 504]
 y=[109, 1, 24]
[2025-09-25 03:14:34,494][__main__][INFO] - --Training--
[2025-09-25 03:14:37,238][__main__][INFO] - Starting training pytorch with lr=1e-05
[2025-09-25 03:14:37,238][__main__][INFO] - Using device: cuda
[2025-09-25 03:14:37,238][__main__][INFO] - Training 1200 epochs of 1 batches (1200 steps): , eval_freq: 100, print_freq: 100
[2025-09-25 03:17:18,785][__main__][INFO] - Step 1 | valid1 MSE : 96.6839 | valid1 NMSE : 1.1493
[2025-09-25 03:20:03,450][__main__][INFO] - Step 100 | valid1 MSE : 20.9968 | valid1 NMSE : 0.2568
[2025-09-25 03:22:48,276][__main__][INFO] - Step 200 | valid1 MSE : 18.0568 | valid1 NMSE : 0.2208
[2025-09-25 03:25:33,043][__main__][INFO] - Step 300 | valid1 MSE : 15.7814 | valid1 NMSE : 0.1952
[2025-09-25 03:28:17,772][__main__][INFO] - Step 400 | valid1 MSE : 14.6531 | valid1 NMSE : 0.1797
[2025-09-25 03:31:02,980][__main__][INFO] - Step 500 | valid1 MSE : 13.5857 | valid1 NMSE : 0.1676
[2025-09-25 03:33:47,557][__main__][INFO] - Step 600 | valid1 MSE : 12.9889 | valid1 NMSE : 0.1606
[2025-09-25 03:36:32,181][__main__][INFO] - Step 700 | valid1 MSE : 12.6883 | valid1 NMSE : 0.1561
[2025-09-25 03:39:16,748][__main__][INFO] - Step 800 | valid1 MSE : 12.2718 | valid1 NMSE : 0.1514
[2025-09-25 03:42:01,352][__main__][INFO] - Step 900 | valid1 MSE : 12.1219 | valid1 NMSE : 0.1491
[2025-09-25 03:44:45,869][__main__][INFO] - Step 1000 | valid1 MSE : 11.9329 | valid1 NMSE : 0.1474
[2025-09-25 03:47:30,503][__main__][INFO] - Step 1100 | valid1 MSE : 11.8140 | valid1 NMSE : 0.1456
[2025-09-25 03:50:14,951][__main__][INFO] - Step 1200 | valid1 MSE : 11.7582 | valid1 NMSE : 0.1444
[2025-09-25 03:50:14,960][__main__][INFO] - Training done in 35.629 min
[2025-09-25 03:50:14,960][__main__][INFO] - Average time per step: 1.781 s
[2025-09-25 03:50:16,166][__main__][INFO] - End of training
[2025-09-25 03:50:16,166][__main__][INFO] - --Eval--
[2025-09-25 03:51:56,265][__main__][INFO] - End of script

[2025-09-25 03:52:09,705][__main__][INFO] - =====Running train script=====
[2025-09-25 03:52:09,780][__main__][INFO] - Fetched main configs, save directory : ../outputs/norm/solar/lags504_horizon24/seed_4/revin_NMSE/
[2025-09-25 03:52:09,780][__main__][INFO] - Model PatchTST, norma revin, criterion NMSE, kwargs {'latent': False}
[2025-09-25 03:52:11,239][__main__][INFO] - Fetched dataloaders
[2025-09-25 03:52:11,239][__main__][INFO] - Splits shapes:
train	(109, 1, 31536)
valid1	(109, 1, 10512)
valid2	(28, 1, 31536)
valid3	(28, 1, 10512)
test1	(109, 1, 10512)
test2	(28, 1, 10512)
[2025-09-25 03:52:11,239][__main__][INFO] - Batches:
 X=[109, 1, 504]
 y=[109, 1, 24]
[2025-09-25 03:52:11,248][__main__][INFO] - --Training--
[2025-09-25 03:52:13,924][__main__][INFO] - Starting training pytorch with lr=1e-05
[2025-09-25 03:52:13,924][__main__][INFO] - Using device: cuda
[2025-09-25 03:52:13,924][__main__][INFO] - Training 1200 epochs of 1 batches (1200 steps): , eval_freq: 100, print_freq: 100
[2025-09-25 03:54:57,121][__main__][INFO] - Step 1 | valid1 MSE : 96.6839 | valid1 NMSE : 1.1493
[2025-09-25 03:57:43,070][__main__][INFO] - Step 100 | valid1 MSE : 20.9941 | valid1 NMSE : 0.2568
[2025-09-25 04:00:29,254][__main__][INFO] - Step 200 | valid1 MSE : 18.0545 | valid1 NMSE : 0.2208
[2025-09-25 04:03:15,181][__main__][INFO] - Step 300 | valid1 MSE : 15.7820 | valid1 NMSE : 0.1952
[2025-09-25 04:06:01,071][__main__][INFO] - Step 400 | valid1 MSE : 14.6552 | valid1 NMSE : 0.1798
[2025-09-25 04:08:47,161][__main__][INFO] - Step 500 | valid1 MSE : 13.5873 | valid1 NMSE : 0.1676
[2025-09-25 04:11:33,412][__main__][INFO] - Step 600 | valid1 MSE : 12.9909 | valid1 NMSE : 0.1606
[2025-09-25 04:14:19,333][__main__][INFO] - Step 700 | valid1 MSE : 12.6896 | valid1 NMSE : 0.1562
[2025-09-25 04:17:05,408][__main__][INFO] - Step 800 | valid1 MSE : 12.2718 | valid1 NMSE : 0.1514
[2025-09-25 04:19:51,365][__main__][INFO] - Step 900 | valid1 MSE : 12.1214 | valid1 NMSE : 0.1491
[2025-09-25 04:22:37,537][__main__][INFO] - Step 1000 | valid1 MSE : 11.9326 | valid1 NMSE : 0.1474
[2025-09-25 04:25:23,509][__main__][INFO] - Step 1100 | valid1 MSE : 11.8128 | valid1 NMSE : 0.1456
[2025-09-25 04:28:10,084][__main__][INFO] - Step 1200 | valid1 MSE : 11.7569 | valid1 NMSE : 0.1444
[2025-09-25 04:28:10,084][__main__][INFO] - Training done in 35.936 min
[2025-09-25 04:28:10,084][__main__][INFO] - Average time per step: 1.797 s
[2025-09-25 04:28:11,067][__main__][INFO] - End of training
[2025-09-25 04:28:11,067][__main__][INFO] - --Eval--
[2025-09-25 04:29:51,836][__main__][INFO] - Final modulations: {'beta': np.float32(0.0002174906), 'alpha': np.float32(1.0067099)}
[2025-09-25 04:29:51,836][__main__][INFO] - End of script

[2025-09-25 04:29:58,866][__main__][INFO] - =====Running train script=====
[2025-09-25 04:29:58,920][__main__][INFO] - Fetched main configs, save directory : ../outputs/norm/solar/lags504_horizon24/seed_4/flexrevin_NMSE/
[2025-09-25 04:29:58,920][__main__][INFO] - Model PatchTST, norma flexrevin, criterion NMSE, kwargs {'latent': False, 'start': True}
[2025-09-25 04:30:00,315][__main__][INFO] - Fetched dataloaders
[2025-09-25 04:30:00,315][__main__][INFO] - Splits shapes:
train	(109, 1, 31536)
valid1	(109, 1, 10512)
valid2	(28, 1, 31536)
valid3	(28, 1, 10512)
test1	(109, 1, 10512)
test2	(28, 1, 10512)
[2025-09-25 04:30:00,315][__main__][INFO] - Batches:
 X=[109, 1, 504]
 y=[109, 1, 24]
[2025-09-25 04:30:00,321][__main__][INFO] - --Training--
[2025-09-25 04:30:01,772][__main__][INFO] - Starting training pytorch with lr=1e-05
[2025-09-25 04:30:01,772][__main__][INFO] - Using device: cuda
[2025-09-25 04:30:01,773][__main__][INFO] - Training 1200 epochs of 1 batches (1200 steps): , eval_freq: 100, print_freq: 100
[2025-09-25 04:32:43,614][__main__][INFO] - Step 1 | valid1 MSE : 96.6831 | valid1 NMSE : 1.1493
[2025-09-25 04:35:28,476][__main__][INFO] - Step 100 | valid1 MSE : 20.9658 | valid1 NMSE : 0.2565
[2025-09-25 04:38:13,644][__main__][INFO] - Step 200 | valid1 MSE : 18.0401 | valid1 NMSE : 0.2207
[2025-09-25 04:40:58,899][__main__][INFO] - Step 300 | valid1 MSE : 15.7944 | valid1 NMSE : 0.1955
[2025-09-25 04:43:43,984][__main__][INFO] - Step 400 | valid1 MSE : 14.7065 | valid1 NMSE : 0.1803
[2025-09-25 04:46:28,699][__main__][INFO] - Step 500 | valid1 MSE : 13.6397 | valid1 NMSE : 0.1683
[2025-09-25 04:49:13,536][__main__][INFO] - Step 600 | valid1 MSE : 13.0531 | valid1 NMSE : 0.1613
[2025-09-25 04:51:58,776][__main__][INFO] - Step 700 | valid1 MSE : 12.7761 | valid1 NMSE : 0.1568
[2025-09-25 04:54:44,110][__main__][INFO] - Step 800 | valid1 MSE : 12.3352 | valid1 NMSE : 0.1521
[2025-09-25 04:57:29,557][__main__][INFO] - Step 900 | valid1 MSE : 12.2050 | valid1 NMSE : 0.1496
[2025-09-25 05:00:14,736][__main__][INFO] - Step 1000 | valid1 MSE : 11.9922 | valid1 NMSE : 0.1480
[2025-09-25 05:03:00,022][__main__][INFO] - Step 1100 | valid1 MSE : 11.8631 | valid1 NMSE : 0.1462
[2025-09-25 05:05:45,010][__main__][INFO] - Step 1200 | valid1 MSE : 11.8275 | valid1 NMSE : 0.1449
[2025-09-25 05:05:45,011][__main__][INFO] - Training done in 35.721 min
[2025-09-25 05:05:45,011][__main__][INFO] - Average time per step: 1.786 s
[2025-09-25 05:05:46,110][__main__][INFO] - End of training
[2025-09-25 05:05:46,110][__main__][INFO] - --Eval--
[2025-09-25 05:07:26,173][__main__][INFO] - Final modulations: {'beta': np.float32(0.0028603685), 'alpha': np.float32(0.99445474)}
[2025-09-25 05:07:26,174][__main__][INFO] - End of script

[2025-09-25 05:07:38,638][__main__][INFO] - =====Running train script=====
[2025-09-25 05:07:38,716][__main__][INFO] - Fetched main configs, save directory : ../outputs/norm/solar/lags504_horizon24/seed_4/min_init/
[2025-09-25 05:07:38,717][__main__][INFO] - Model PatchTST, norma mIN, criterion NMSE, kwargs {'latent': False, 'init_beta': True, 'fixed_beta': False, 'init_alpha': True, 'fixed_alpha': False, 'use_gamma': False, 'inverse_gamma': False}
[2025-09-25 05:07:40,164][__main__][INFO] - Fetched dataloaders
[2025-09-25 05:07:40,164][__main__][INFO] - Splits shapes:
train	(109, 1, 31536)
valid1	(109, 1, 10512)
valid2	(28, 1, 31536)
valid3	(28, 1, 10512)
test1	(109, 1, 10512)
test2	(28, 1, 10512)
[2025-09-25 05:07:40,164][__main__][INFO] - Batches:
 X=[109, 1, 504]
 y=[109, 1, 24]
[2025-09-25 05:07:40,173][__main__][INFO] - --Training--
[2025-09-25 05:07:42,836][__main__][INFO] - Starting training pytorch with lr=1e-05
[2025-09-25 05:07:42,836][__main__][INFO] - Using device: cuda
[2025-09-25 05:07:42,836][__main__][INFO] - Training 1200 epochs of 1 batches (1200 steps): , eval_freq: 100, print_freq: 100
[2025-09-25 05:10:24,520][__main__][INFO] - Step 1 | valid1 MSE : 93.6448 | valid1 NMSE : 1.1160
[2025-09-25 05:13:09,126][__main__][INFO] - Step 100 | valid1 MSE : 25.9878 | valid1 NMSE : 0.3255
[2025-09-25 05:15:53,549][__main__][INFO] - Step 200 | valid1 MSE : 18.9109 | valid1 NMSE : 0.2350
[2025-09-25 05:18:38,198][__main__][INFO] - Step 300 | valid1 MSE : 17.2523 | valid1 NMSE : 0.2136
[2025-09-25 05:21:22,729][__main__][INFO] - Step 400 | valid1 MSE : 16.5071 | valid1 NMSE : 0.2030
[2025-09-25 05:24:07,386][__main__][INFO] - Step 500 | valid1 MSE : 15.5237 | valid1 NMSE : 0.1918
[2025-09-25 05:26:52,522][__main__][INFO] - Step 600 | valid1 MSE : 14.8322 | valid1 NMSE : 0.1837
[2025-09-25 05:29:37,125][__main__][INFO] - Step 700 | valid1 MSE : 14.2224 | valid1 NMSE : 0.1763
[2025-09-25 05:32:21,652][__main__][INFO] - Step 800 | valid1 MSE : 13.6392 | valid1 NMSE : 0.1698
[2025-09-25 05:35:06,076][__main__][INFO] - Step 900 | valid1 MSE : 13.1939 | valid1 NMSE : 0.1640
[2025-09-25 05:37:50,437][__main__][INFO] - Step 1000 | valid1 MSE : 12.9215 | valid1 NMSE : 0.1610
[2025-09-25 05:40:34,475][__main__][INFO] - Step 1100 | valid1 MSE : 12.5732 | valid1 NMSE : 0.1565
[2025-09-25 05:43:18,848][__main__][INFO] - Step 1200 | valid1 MSE : 12.3250 | valid1 NMSE : 0.1531
[2025-09-25 05:43:18,849][__main__][INFO] - Training done in 35.600 min
[2025-09-25 05:43:18,849][__main__][INFO] - Average time per step: 1.780 s
[2025-09-25 05:43:20,435][__main__][INFO] - End of training
[2025-09-25 05:43:20,435][__main__][INFO] - --Eval--
[2025-09-25 05:45:00,115][__main__][INFO] - Final modulations: {'beta': np.float32(0.02850151), 'alpha': np.float32(0.3005011)}
[2025-09-25 05:45:00,116][__main__][INFO] - End of script

[2025-09-25 05:45:12,826][__main__][INFO] - =====Running train script=====
[2025-09-25 05:45:12,881][__main__][INFO] - Fetched main configs, save directory : ../outputs/norm/solar/lags504_horizon24/seed_4/min_revin/
[2025-09-25 05:45:12,881][__main__][INFO] - Model PatchTST, norma mIN, criterion NMSE, kwargs {'latent': False, 'init_beta': False, 'fixed_beta': False, 'init_alpha': False, 'fixed_alpha': False, 'use_gamma': True, 'inverse_gamma': True}
[2025-09-25 05:45:14,311][__main__][INFO] - Fetched dataloaders
[2025-09-25 05:45:14,311][__main__][INFO] - Splits shapes:
train	(109, 1, 31536)
valid1	(109, 1, 10512)
valid2	(28, 1, 31536)
valid3	(28, 1, 10512)
test1	(109, 1, 10512)
test2	(28, 1, 10512)
[2025-09-25 05:45:14,311][__main__][INFO] - Batches:
 X=[109, 1, 504]
 y=[109, 1, 24]
[2025-09-25 05:45:14,320][__main__][INFO] - --Training--
[2025-09-25 05:45:17,048][__main__][INFO] - Starting training pytorch with lr=1e-05
[2025-09-25 05:45:17,048][__main__][INFO] - Using device: cuda
[2025-09-25 05:45:17,048][__main__][INFO] - Training 1200 epochs of 1 batches (1200 steps): , eval_freq: 100, print_freq: 100
[2025-09-25 05:47:59,947][__main__][INFO] - Step 1 | valid1 MSE : 96.6839 | valid1 NMSE : 1.1493
[2025-09-25 05:50:45,584][__main__][INFO] - Step 100 | valid1 MSE : 20.9908 | valid1 NMSE : 0.2568
[2025-09-25 05:53:31,604][__main__][INFO] - Step 200 | valid1 MSE : 18.0521 | valid1 NMSE : 0.2208
[2025-09-25 05:56:17,747][__main__][INFO] - Step 300 | valid1 MSE : 15.7833 | valid1 NMSE : 0.1952
[2025-09-25 05:59:00,630][__main__][INFO] - Step 400 | valid1 MSE : 14.6579 | valid1 NMSE : 0.1798
[2025-09-25 06:01:43,510][__main__][INFO] - Step 500 | valid1 MSE : 13.5896 | valid1 NMSE : 0.1677
[2025-09-25 06:04:26,100][__main__][INFO] - Step 600 | valid1 MSE : 12.9934 | valid1 NMSE : 0.1607
[2025-09-25 06:07:08,755][__main__][INFO] - Step 700 | valid1 MSE : 12.6913 | valid1 NMSE : 0.1562
[2025-09-25 06:09:51,157][__main__][INFO] - Step 800 | valid1 MSE : 12.2725 | valid1 NMSE : 0.1515
[2025-09-25 06:12:33,606][__main__][INFO] - Step 900 | valid1 MSE : 12.1214 | valid1 NMSE : 0.1491
[2025-09-25 06:15:15,986][__main__][INFO] - Step 1000 | valid1 MSE : 11.9328 | valid1 NMSE : 0.1474
[2025-09-25 06:17:58,551][__main__][INFO] - Step 1100 | valid1 MSE : 11.8124 | valid1 NMSE : 0.1456
[2025-09-25 06:20:41,021][__main__][INFO] - Step 1200 | valid1 MSE : 11.7563 | valid1 NMSE : 0.1444
[2025-09-25 06:20:41,023][__main__][INFO] - Training done in 35.400 min
[2025-09-25 06:20:41,023][__main__][INFO] - Average time per step: 1.770 s
[2025-09-25 06:20:42,794][__main__][INFO] - End of training
[2025-09-25 06:20:42,794][__main__][INFO] - --Eval--
[2025-09-25 06:22:21,712][__main__][INFO] - Final modulations: {'beta': np.float32(-0.00037380986), 'alpha': np.float32(0.9936412)}
[2025-09-25 06:22:21,712][__main__][INFO] - End of script

[2025-09-25 06:22:41,803][__main__][INFO] - =====Running train script=====
[2025-09-25 06:22:41,876][__main__][INFO] - Fetched main configs, save directory : ../outputs/norm/solar/lags504_horizon24/seed_5/instance_NMSE/
[2025-09-25 06:22:41,876][__main__][INFO] - Model PatchTST, norma instance, criterion NMSE, kwargs {'last': False, 'latent': False}
[2025-09-25 06:22:43,287][__main__][INFO] - Fetched dataloaders
[2025-09-25 06:22:43,287][__main__][INFO] - Splits shapes:
train	(109, 1, 31536)
valid1	(109, 1, 10512)
valid2	(28, 1, 31536)
valid3	(28, 1, 10512)
test1	(109, 1, 10512)
test2	(28, 1, 10512)
[2025-09-25 06:22:43,287][__main__][INFO] - Batches:
 X=[109, 1, 504]
 y=[109, 1, 24]
[2025-09-25 06:22:43,296][__main__][INFO] - --Training--
[2025-09-25 06:22:46,189][__main__][INFO] - Starting training pytorch with lr=1e-05
[2025-09-25 06:22:46,189][__main__][INFO] - Using device: cuda
[2025-09-25 06:22:46,189][__main__][INFO] - Training 1200 epochs of 1 batches (1200 steps): , eval_freq: 100, print_freq: 100
[2025-09-25 06:25:27,590][__main__][INFO] - Step 1 | valid1 MSE : 108.8587 | valid1 NMSE : 1.2758
[2025-09-25 06:28:12,080][__main__][INFO] - Step 100 | valid1 MSE : 21.9059 | valid1 NMSE : 0.2604
[2025-09-25 06:30:56,567][__main__][INFO] - Step 200 | valid1 MSE : 18.6622 | valid1 NMSE : 0.2229
[2025-09-25 06:33:41,419][__main__][INFO] - Step 300 | valid1 MSE : 16.4150 | valid1 NMSE : 0.1963
[2025-09-25 06:36:26,164][__main__][INFO] - Step 400 | valid1 MSE : 14.8989 | valid1 NMSE : 0.1788
[2025-09-25 06:39:10,502][__main__][INFO] - Step 500 | valid1 MSE : 13.8961 | valid1 NMSE : 0.1669
[2025-09-25 06:41:54,836][__main__][INFO] - Step 600 | valid1 MSE : 13.2856 | valid1 NMSE : 0.1594
[2025-09-25 06:44:39,113][__main__][INFO] - Step 700 | valid1 MSE : 12.8234 | valid1 NMSE : 0.1544
[2025-09-25 06:47:23,617][__main__][INFO] - Step 800 | valid1 MSE : 12.5885 | valid1 NMSE : 0.1513
[2025-09-25 06:50:07,920][__main__][INFO] - Step 900 | valid1 MSE : 12.3856 | valid1 NMSE : 0.1487
[2025-09-25 06:52:52,491][__main__][INFO] - Step 1000 | valid1 MSE : 12.2316 | valid1 NMSE : 0.1468
[2025-09-25 06:55:37,022][__main__][INFO] - Step 1100 | valid1 MSE : 12.1248 | valid1 NMSE : 0.1462
[2025-09-25 06:58:21,546][__main__][INFO] - Step 1200 | valid1 MSE : 12.0404 | valid1 NMSE : 0.1453
[2025-09-25 06:58:21,547][__main__][INFO] - Training done in 35.589 min
[2025-09-25 06:58:21,547][__main__][INFO] - Average time per step: 1.779 s
[2025-09-25 06:58:23,043][__main__][INFO] - End of training
[2025-09-25 06:58:23,043][__main__][INFO] - --Eval--
[2025-09-25 07:00:02,869][__main__][INFO] - End of script

[2025-09-25 07:00:16,064][__main__][INFO] - =====Running train script=====
[2025-09-25 07:00:16,102][__main__][INFO] - Fetched main configs, save directory : ../outputs/norm/solar/lags504_horizon24/seed_5/revin_NMSE/
[2025-09-25 07:00:16,102][__main__][INFO] - Model PatchTST, norma revin, criterion NMSE, kwargs {'latent': False}
[2025-09-25 07:00:17,511][__main__][INFO] - Fetched dataloaders
[2025-09-25 07:00:17,512][__main__][INFO] - Splits shapes:
train	(109, 1, 31536)
valid1	(109, 1, 10512)
valid2	(28, 1, 31536)
valid3	(28, 1, 10512)
test1	(109, 1, 10512)
test2	(28, 1, 10512)
[2025-09-25 07:00:17,512][__main__][INFO] - Batches:
 X=[109, 1, 504]
 y=[109, 1, 24]
[2025-09-25 07:00:17,520][__main__][INFO] - --Training--
[2025-09-25 07:00:20,299][__main__][INFO] - Starting training pytorch with lr=1e-05
[2025-09-25 07:00:20,299][__main__][INFO] - Using device: cuda
[2025-09-25 07:00:20,299][__main__][INFO] - Training 1200 epochs of 1 batches (1200 steps): , eval_freq: 100, print_freq: 100
[2025-09-25 07:02:59,619][__main__][INFO] - Step 1 | valid1 MSE : 108.8587 | valid1 NMSE : 1.2758
[2025-09-25 07:05:41,798][__main__][INFO] - Step 100 | valid1 MSE : 21.9042 | valid1 NMSE : 0.2604
[2025-09-25 07:08:24,267][__main__][INFO] - Step 200 | valid1 MSE : 18.6601 | valid1 NMSE : 0.2229
[2025-09-25 07:11:06,653][__main__][INFO] - Step 300 | valid1 MSE : 16.4157 | valid1 NMSE : 0.1963
[2025-09-25 07:13:49,032][__main__][INFO] - Step 400 | valid1 MSE : 14.9013 | valid1 NMSE : 0.1788
[2025-09-25 07:16:31,481][__main__][INFO] - Step 500 | valid1 MSE : 13.8985 | valid1 NMSE : 0.1669
[2025-09-25 07:19:13,694][__main__][INFO] - Step 600 | valid1 MSE : 13.2874 | valid1 NMSE : 0.1594
[2025-09-25 07:21:56,230][__main__][INFO] - Step 700 | valid1 MSE : 12.8240 | valid1 NMSE : 0.1544
[2025-09-25 07:24:38,574][__main__][INFO] - Step 800 | valid1 MSE : 12.5887 | valid1 NMSE : 0.1513
[2025-09-25 07:27:20,962][__main__][INFO] - Step 900 | valid1 MSE : 12.3851 | valid1 NMSE : 0.1487
[2025-09-25 07:30:03,067][__main__][INFO] - Step 1000 | valid1 MSE : 12.2314 | valid1 NMSE : 0.1468
[2025-09-25 07:32:45,705][__main__][INFO] - Step 1100 | valid1 MSE : 12.1250 | valid1 NMSE : 0.1462
[2025-09-25 07:35:28,001][__main__][INFO] - Step 1200 | valid1 MSE : 12.0397 | valid1 NMSE : 0.1453
[2025-09-25 07:35:28,002][__main__][INFO] - Training done in 35.128 min
[2025-09-25 07:35:28,003][__main__][INFO] - Average time per step: 1.756 s
[2025-09-25 07:35:29,644][__main__][INFO] - End of training
[2025-09-25 07:35:29,645][__main__][INFO] - --Eval--
[2025-09-25 07:37:08,140][__main__][INFO] - Final modulations: {'beta': np.float32(0.0004724367), 'alpha': np.float32(1.0066332)}
[2025-09-25 07:37:08,140][__main__][INFO] - End of script

[2025-09-25 07:37:20,930][__main__][INFO] - =====Running train script=====
[2025-09-25 07:37:20,980][__main__][INFO] - Fetched main configs, save directory : ../outputs/norm/solar/lags504_horizon24/seed_5/flexrevin_NMSE/
[2025-09-25 07:37:20,980][__main__][INFO] - Model PatchTST, norma flexrevin, criterion NMSE, kwargs {'latent': False, 'start': True}
[2025-09-25 07:37:22,406][__main__][INFO] - Fetched dataloaders
[2025-09-25 07:37:22,406][__main__][INFO] - Splits shapes:
train	(109, 1, 31536)
valid1	(109, 1, 10512)
valid2	(28, 1, 31536)
valid3	(28, 1, 10512)
test1	(109, 1, 10512)
test2	(28, 1, 10512)
[2025-09-25 07:37:22,406][__main__][INFO] - Batches:
 X=[109, 1, 504]
 y=[109, 1, 24]
[2025-09-25 07:37:22,415][__main__][INFO] - --Training--
[2025-09-25 07:37:25,118][__main__][INFO] - Starting training pytorch with lr=1e-05
[2025-09-25 07:37:25,118][__main__][INFO] - Using device: cuda
[2025-09-25 07:37:25,118][__main__][INFO] - Training 1200 epochs of 1 batches (1200 steps): , eval_freq: 100, print_freq: 100
[2025-09-25 07:40:06,717][__main__][INFO] - Step 1 | valid1 MSE : 108.8581 | valid1 NMSE : 1.2758
[2025-09-25 07:42:50,977][__main__][INFO] - Step 100 | valid1 MSE : 21.8820 | valid1 NMSE : 0.2602
[2025-09-25 07:45:35,205][__main__][INFO] - Step 200 | valid1 MSE : 18.6399 | valid1 NMSE : 0.2227
[2025-09-25 07:48:19,731][__main__][INFO] - Step 300 | valid1 MSE : 16.4304 | valid1 NMSE : 0.1965
[2025-09-25 07:51:03,956][__main__][INFO] - Step 400 | valid1 MSE : 14.9375 | valid1 NMSE : 0.1793
[2025-09-25 07:53:48,528][__main__][INFO] - Step 500 | valid1 MSE : 13.9488 | valid1 NMSE : 0.1675
[2025-09-25 07:56:33,238][__main__][INFO] - Step 600 | valid1 MSE : 13.3441 | valid1 NMSE : 0.1600
[2025-09-25 07:59:17,737][__main__][INFO] - Step 700 | valid1 MSE : 12.8667 | valid1 NMSE : 0.1550
[2025-09-25 08:02:02,306][__main__][INFO] - Step 800 | valid1 MSE : 12.6442 | valid1 NMSE : 0.1518
[2025-09-25 08:04:46,840][__main__][INFO] - Step 900 | valid1 MSE : 12.4306 | valid1 NMSE : 0.1492
[2025-09-25 08:07:31,529][__main__][INFO] - Step 1000 | valid1 MSE : 12.2651 | valid1 NMSE : 0.1473
[2025-09-25 08:10:16,509][__main__][INFO] - Step 1100 | valid1 MSE : 12.1349 | valid1 NMSE : 0.1467
[2025-09-25 08:13:01,428][__main__][INFO] - Step 1200 | valid1 MSE : 12.0418 | valid1 NMSE : 0.1459
[2025-09-25 08:13:01,430][__main__][INFO] - Training done in 35.605 min
[2025-09-25 08:13:01,430][__main__][INFO] - Average time per step: 1.780 s
[2025-09-25 08:13:03,073][__main__][INFO] - End of training
[2025-09-25 08:13:03,073][__main__][INFO] - --Eval--
[2025-09-25 08:14:43,004][__main__][INFO] - Final modulations: {'beta': np.float32(0.0024590357), 'alpha': np.float32(0.99444133)}
[2025-09-25 08:14:43,004][__main__][INFO] - End of script

[2025-09-25 08:14:56,048][__main__][INFO] - =====Running train script=====
[2025-09-25 08:14:56,085][__main__][INFO] - Fetched main configs, save directory : ../outputs/norm/solar/lags504_horizon24/seed_5/min_init/
[2025-09-25 08:14:56,085][__main__][INFO] - Model PatchTST, norma mIN, criterion NMSE, kwargs {'latent': False, 'init_beta': True, 'fixed_beta': False, 'init_alpha': True, 'fixed_alpha': False, 'use_gamma': False, 'inverse_gamma': False}
[2025-09-25 08:14:57,759][__main__][INFO] - Fetched dataloaders
[2025-09-25 08:14:57,759][__main__][INFO] - Splits shapes:
train	(109, 1, 31536)
valid1	(109, 1, 10512)
valid2	(28, 1, 31536)
valid3	(28, 1, 10512)
test1	(109, 1, 10512)
test2	(28, 1, 10512)
[2025-09-25 08:14:57,759][__main__][INFO] - Batches:
 X=[109, 1, 504]
 y=[109, 1, 24]
[2025-09-25 08:14:57,767][__main__][INFO] - --Training--
[2025-09-25 08:15:00,650][__main__][INFO] - Starting training pytorch with lr=1e-05
[2025-09-25 08:15:00,650][__main__][INFO] - Using device: cuda
[2025-09-25 08:15:00,650][__main__][INFO] - Training 1200 epochs of 1 batches (1200 steps): , eval_freq: 100, print_freq: 100
[2025-09-25 08:17:40,018][__main__][INFO] - Step 1 | valid1 MSE : 98.2722 | valid1 NMSE : 1.1547
[2025-09-25 08:20:22,027][__main__][INFO] - Step 100 | valid1 MSE : 28.2392 | valid1 NMSE : 0.3473
[2025-09-25 08:23:04,342][__main__][INFO] - Step 200 | valid1 MSE : 19.6221 | valid1 NMSE : 0.2381
[2025-09-25 08:25:46,625][__main__][INFO] - Step 300 | valid1 MSE : 17.7611 | valid1 NMSE : 0.2135
[2025-09-25 08:28:28,748][__main__][INFO] - Step 400 | valid1 MSE : 16.7985 | valid1 NMSE : 0.2015
[2025-09-25 08:31:10,502][__main__][INFO] - Step 500 | valid1 MSE : 15.8125 | valid1 NMSE : 0.1900
[2025-09-25 08:33:52,697][__main__][INFO] - Step 600 | valid1 MSE : 14.9390 | valid1 NMSE : 0.1800
[2025-09-25 08:36:35,483][__main__][INFO] - Step 700 | valid1 MSE : 14.3524 | valid1 NMSE : 0.1737
[2025-09-25 08:39:17,585][__main__][INFO] - Step 800 | valid1 MSE : 13.8159 | valid1 NMSE : 0.1673
[2025-09-25 08:41:59,773][__main__][INFO] - Step 900 | valid1 MSE : 13.4106 | valid1 NMSE : 0.1623
[2025-09-25 08:44:41,657][__main__][INFO] - Step 1000 | valid1 MSE : 13.1229 | valid1 NMSE : 0.1587
[2025-09-25 08:47:23,581][__main__][INFO] - Step 1100 | valid1 MSE : 12.8759 | valid1 NMSE : 0.1561
[2025-09-25 08:50:05,361][__main__][INFO] - Step 1200 | valid1 MSE : 12.6167 | valid1 NMSE : 0.1529
[2025-09-25 08:50:05,362][__main__][INFO] - Training done in 35.079 min
[2025-09-25 08:50:05,362][__main__][INFO] - Average time per step: 1.754 s
[2025-09-25 08:50:06,918][__main__][INFO] - End of training
[2025-09-25 08:50:06,919][__main__][INFO] - --Eval--
[2025-09-25 08:51:44,886][__main__][INFO] - Final modulations: {'beta': np.float32(0.027679868), 'alpha': np.float32(0.30060998)}
[2025-09-25 08:51:44,887][__main__][INFO] - End of script

[2025-09-25 08:51:57,416][__main__][INFO] - =====Running train script=====
[2025-09-25 08:51:57,454][__main__][INFO] - Fetched main configs, save directory : ../outputs/norm/solar/lags504_horizon24/seed_5/min_revin/
[2025-09-25 08:51:57,454][__main__][INFO] - Model PatchTST, norma mIN, criterion NMSE, kwargs {'latent': False, 'init_beta': False, 'fixed_beta': False, 'init_alpha': False, 'fixed_alpha': False, 'use_gamma': True, 'inverse_gamma': True}
[2025-09-25 08:51:58,856][__main__][INFO] - Fetched dataloaders
[2025-09-25 08:51:58,856][__main__][INFO] - Splits shapes:
train	(109, 1, 31536)
valid1	(109, 1, 10512)
valid2	(28, 1, 31536)
valid3	(28, 1, 10512)
test1	(109, 1, 10512)
test2	(28, 1, 10512)
[2025-09-25 08:51:58,856][__main__][INFO] - Batches:
 X=[109, 1, 504]
 y=[109, 1, 24]
[2025-09-25 08:51:58,863][__main__][INFO] - --Training--
[2025-09-25 08:52:01,686][__main__][INFO] - Starting training pytorch with lr=1e-05
[2025-09-25 08:52:01,686][__main__][INFO] - Using device: cuda
[2025-09-25 08:52:01,686][__main__][INFO] - Training 1200 epochs of 1 batches (1200 steps): , eval_freq: 100, print_freq: 100
[2025-09-25 08:54:40,647][__main__][INFO] - Step 1 | valid1 MSE : 108.8583 | valid1 NMSE : 1.2758
[2025-09-25 08:57:22,271][__main__][INFO] - Step 100 | valid1 MSE : 21.9016 | valid1 NMSE : 0.2603
[2025-09-25 09:00:03,938][__main__][INFO] - Step 200 | valid1 MSE : 18.6576 | valid1 NMSE : 0.2228
[2025-09-25 09:02:45,971][__main__][INFO] - Step 300 | valid1 MSE : 16.4168 | valid1 NMSE : 0.1963
[2025-09-25 09:05:28,081][__main__][INFO] - Step 400 | valid1 MSE : 14.9043 | valid1 NMSE : 0.1788
[2025-09-25 09:08:09,769][__main__][INFO] - Step 500 | valid1 MSE : 13.9013 | valid1 NMSE : 0.1670
[2025-09-25 09:10:51,400][__main__][INFO] - Step 600 | valid1 MSE : 13.2898 | valid1 NMSE : 0.1595
[2025-09-25 09:13:33,282][__main__][INFO] - Step 700 | valid1 MSE : 12.8250 | valid1 NMSE : 0.1544
[2025-09-25 09:16:15,026][__main__][INFO] - Step 800 | valid1 MSE : 12.5894 | valid1 NMSE : 0.1514
[2025-09-25 09:18:56,694][__main__][INFO] - Step 900 | valid1 MSE : 12.3853 | valid1 NMSE : 0.1488
[2025-09-25 09:21:38,673][__main__][INFO] - Step 1000 | valid1 MSE : 12.2319 | valid1 NMSE : 0.1469
[2025-09-25 09:24:20,843][__main__][INFO] - Step 1100 | valid1 MSE : 12.1259 | valid1 NMSE : 0.1462
[2025-09-25 09:27:02,932][__main__][INFO] - Step 1200 | valid1 MSE : 12.0395 | valid1 NMSE : 0.1453
[2025-09-25 09:27:02,933][__main__][INFO] - Training done in 35.021 min
[2025-09-25 09:27:02,933][__main__][INFO] - Average time per step: 1.751 s
[2025-09-25 09:27:04,471][__main__][INFO] - End of training
[2025-09-25 09:27:04,472][__main__][INFO] - --Eval--
[2025-09-25 09:28:42,734][__main__][INFO] - Final modulations: {'beta': np.float32(-0.0007648452), 'alpha': np.float32(0.99375117)}
[2025-09-25 09:28:42,735][__main__][INFO] - End of script

==Table of ../outputs/norm/solar/lags504_horizon24/==
+----------------+-------------------+-------------------+-------------------+-------------------+-------------------+
|                | instance_NMSE     | revin_NMSE        | flexrevin_NMSE    | min_init          | min_revin         |
+================+===================+===================+===================+===================+===================+
| Test MSE * 1e1 | 136.1129 ± 3.7426 | 136.1373 ± 3.7553 | 137.7936 ± 3.9046 | 149.8392 ± 3.4679 | 136.1624 ± 3.7676 |
+----------------+-------------------+-------------------+-------------------+-------------------+-------------------+
| Test NMSE      | 0.2812 ± 0.0038   | 0.2812 ± 0.0038   | 0.2837 ± 0.0035   | 0.2941 ± 0.0035   | 0.2813 ± 0.0038   |
+----------------+-------------------+-------------------+-------------------+-------------------+-------------------+
==Table of ../outputs/norm/solar/lags504_horizon24/==
+----------------+-------------------+-------------------+-------------------+--------------------+-------------------+
|                | instance_NMSE     | revin_NMSE        | flexrevin_NMSE    | min_init           | min_revin         |
+================+===================+===================+===================+====================+===================+
| Test MSE * 1e1 | 128.7571 ± 9.8740 | 128.7819 ± 9.8682 | 129.6963 ± 9.9227 | 142.2794 ± 11.1135 | 128.8072 ± 9.8593 |
+----------------+-------------------+-------------------+-------------------+--------------------+-------------------+
| Test NMSE      | 0.2769 ± 0.0046   | 0.2769 ± 0.0046   | 0.2792 ± 0.0044   | 0.2915 ± 0.0061    | 0.2769 ± 0.0046   |
+----------------+-------------------+-------------------+-------------------+--------------------+-------------------+
