[2025-09-24 17:46:08,212][__main__][INFO] - =====Running train script=====
[2025-09-24 17:46:08,272][__main__][INFO] - Fetched main configs, save directory : ../outputs/norm/solar/lags504_horizon168/seed_1/instance_NMSE/
[2025-09-24 17:46:08,272][__main__][INFO] - Model PatchTST, norma instance, criterion NMSE, kwargs {'last': False, 'latent': False}
[2025-09-24 17:46:09,811][__main__][INFO] - Fetched dataloaders
[2025-09-24 17:46:09,812][__main__][INFO] - Splits shapes:
train	(109, 1, 31536)
valid1	(109, 1, 10512)
valid2	(28, 1, 31536)
valid3	(28, 1, 10512)
test1	(109, 1, 10512)
test2	(28, 1, 10512)
[2025-09-24 17:46:09,813][__main__][INFO] - Batches:
 X=[64, 1, 504]
 y=[64, 1, 168]
[2025-09-24 17:46:09,828][__main__][INFO] - --Training--
[2025-09-24 17:46:12,893][__main__][INFO] - Starting training pytorch with lr=1e-05
[2025-09-24 17:46:12,894][__main__][INFO] - Using device: cuda
[2025-09-24 17:46:12,894][__main__][INFO] - Training 1200 epochs of 2 batches (2400 steps): , eval_freq: 100, print_freq: 100
[2025-09-24 17:49:28,569][__main__][INFO] - Step 1 | valid1 MSE : 105.3799 | valid1 NMSE : 1.1751
[2025-09-24 17:52:46,378][__main__][INFO] - Step 100 | valid1 MSE : 24.2455 | valid1 NMSE : 0.2654
[2025-09-24 17:56:04,363][__main__][INFO] - Step 200 | valid1 MSE : 21.8733 | valid1 NMSE : 0.2387
[2025-09-24 17:59:22,413][__main__][INFO] - Step 300 | valid1 MSE : 20.4840 | valid1 NMSE : 0.2236
[2025-09-24 18:02:40,098][__main__][INFO] - Step 400 | valid1 MSE : 19.3934 | valid1 NMSE : 0.2123
[2025-09-24 18:05:57,738][__main__][INFO] - Step 500 | valid1 MSE : 18.8096 | valid1 NMSE : 0.2055
[2025-09-24 18:09:15,615][__main__][INFO] - Step 600 | valid1 MSE : 18.1514 | valid1 NMSE : 0.1992
[2025-09-24 18:12:33,455][__main__][INFO] - Step 700 | valid1 MSE : 17.9274 | valid1 NMSE : 0.1970
[2025-09-24 18:15:51,080][__main__][INFO] - Step 800 | valid1 MSE : 17.7737 | valid1 NMSE : 0.1953
[2025-09-24 18:19:08,771][__main__][INFO] - Step 900 | valid1 MSE : 17.6908 | valid1 NMSE : 0.1950
[2025-09-24 18:22:26,369][__main__][INFO] - Step 1000 | valid1 MSE : 17.6033 | valid1 NMSE : 0.1936
[2025-09-24 18:25:44,088][__main__][INFO] - Step 1100 | valid1 MSE : 17.3919 | valid1 NMSE : 0.1915
[2025-09-24 18:29:02,046][__main__][INFO] - Step 1200 | valid1 MSE : 17.3206 | valid1 NMSE : 0.1906
[2025-09-24 18:32:19,804][__main__][INFO] - Step 1300 | valid1 MSE : 17.3011 | valid1 NMSE : 0.1899
[2025-09-24 18:35:38,038][__main__][INFO] - Step 1400 | valid1 MSE : 17.2995 | valid1 NMSE : 0.1899
[2025-09-24 18:38:56,260][__main__][INFO] - Step 1500 | valid1 MSE : 17.4074 | valid1 NMSE : 0.1919
[2025-09-24 18:42:14,716][__main__][INFO] - Step 1600 | valid1 MSE : 17.1321 | valid1 NMSE : 0.1883
[2025-09-24 18:45:32,748][__main__][INFO] - Step 1700 | valid1 MSE : 17.0512 | valid1 NMSE : 0.1877
[2025-09-24 18:48:50,623][__main__][INFO] - Step 1800 | valid1 MSE : 17.0754 | valid1 NMSE : 0.1874
[2025-09-24 18:52:08,867][__main__][INFO] - Step 1900 | valid1 MSE : 17.0530 | valid1 NMSE : 0.1870
[2025-09-24 18:55:26,590][__main__][INFO] - Step 2000 | valid1 MSE : 17.0508 | valid1 NMSE : 0.1875
[2025-09-24 18:58:44,469][__main__][INFO] - Step 2100 | valid1 MSE : 17.0693 | valid1 NMSE : 0.1871
[2025-09-24 19:02:02,533][__main__][INFO] - Step 2200 | valid1 MSE : 16.9907 | valid1 NMSE : 0.1868
[2025-09-24 19:05:20,365][__main__][INFO] - Step 2300 | valid1 MSE : 16.8223 | valid1 NMSE : 0.1845
[2025-09-24 19:08:38,166][__main__][INFO] - Step 2400 | valid1 MSE : 16.8904 | valid1 NMSE : 0.1854
[2025-09-24 19:08:38,173][__main__][INFO] - Training done in 82.421 min
[2025-09-24 19:08:38,174][__main__][INFO] - Average time per step: 2.061 s
[2025-09-24 19:08:39,539][__main__][INFO] - End of training
[2025-09-24 19:08:39,539][__main__][INFO] - --Eval--
[2025-09-24 19:10:42,972][__main__][INFO] - End of script

[2025-09-24 19:10:55,954][__main__][INFO] - =====Running train script=====
[2025-09-24 19:10:56,012][__main__][INFO] - Fetched main configs, save directory : ../outputs/norm/solar/lags504_horizon168/seed_1/revin_NMSE/
[2025-09-24 19:10:56,012][__main__][INFO] - Model PatchTST, norma revin, criterion NMSE, kwargs {'latent': False}
[2025-09-24 19:10:57,436][__main__][INFO] - Fetched dataloaders
[2025-09-24 19:10:57,437][__main__][INFO] - Splits shapes:
train	(109, 1, 31536)
valid1	(109, 1, 10512)
valid2	(28, 1, 31536)
valid3	(28, 1, 10512)
test1	(109, 1, 10512)
test2	(28, 1, 10512)
[2025-09-24 19:10:57,437][__main__][INFO] - Batches:
 X=[64, 1, 504]
 y=[64, 1, 168]
[2025-09-24 19:10:57,451][__main__][INFO] - --Training--
[2025-09-24 19:11:00,158][__main__][INFO] - Starting training pytorch with lr=1e-05
[2025-09-24 19:11:00,158][__main__][INFO] - Using device: cuda
[2025-09-24 19:11:00,158][__main__][INFO] - Training 1200 epochs of 2 batches (2400 steps): , eval_freq: 100, print_freq: 100
[2025-09-24 19:14:17,663][__main__][INFO] - Step 1 | valid1 MSE : 105.3799 | valid1 NMSE : 1.1751
[2025-09-24 19:17:37,827][__main__][INFO] - Step 100 | valid1 MSE : 24.2441 | valid1 NMSE : 0.2654
[2025-09-24 19:20:57,373][__main__][INFO] - Step 200 | valid1 MSE : 21.8721 | valid1 NMSE : 0.2386
[2025-09-24 19:24:17,073][__main__][INFO] - Step 300 | valid1 MSE : 20.4866 | valid1 NMSE : 0.2236
[2025-09-24 19:27:36,752][__main__][INFO] - Step 400 | valid1 MSE : 19.3976 | valid1 NMSE : 0.2123
[2025-09-24 19:30:56,196][__main__][INFO] - Step 500 | valid1 MSE : 18.8111 | valid1 NMSE : 0.2054
[2025-09-24 19:34:16,002][__main__][INFO] - Step 600 | valid1 MSE : 18.1524 | valid1 NMSE : 0.1992
[2025-09-24 19:37:35,596][__main__][INFO] - Step 700 | valid1 MSE : 17.9284 | valid1 NMSE : 0.1970
[2025-09-24 19:40:55,219][__main__][INFO] - Step 800 | valid1 MSE : 17.7702 | valid1 NMSE : 0.1952
[2025-09-24 19:44:14,372][__main__][INFO] - Step 900 | valid1 MSE : 17.6874 | valid1 NMSE : 0.1950
[2025-09-24 19:47:33,806][__main__][INFO] - Step 1000 | valid1 MSE : 17.6035 | valid1 NMSE : 0.1936
[2025-09-24 19:50:53,241][__main__][INFO] - Step 1100 | valid1 MSE : 17.3894 | valid1 NMSE : 0.1914
[2025-09-24 19:54:13,194][__main__][INFO] - Step 1200 | valid1 MSE : 17.3191 | valid1 NMSE : 0.1905
[2025-09-24 19:57:32,912][__main__][INFO] - Step 1300 | valid1 MSE : 17.2979 | valid1 NMSE : 0.1899
[2025-09-24 20:00:52,705][__main__][INFO] - Step 1400 | valid1 MSE : 17.2947 | valid1 NMSE : 0.1898
[2025-09-24 20:04:12,410][__main__][INFO] - Step 1500 | valid1 MSE : 17.4023 | valid1 NMSE : 0.1918
[2025-09-24 20:07:32,256][__main__][INFO] - Step 1600 | valid1 MSE : 17.1275 | valid1 NMSE : 0.1882
[2025-09-24 20:10:51,972][__main__][INFO] - Step 1700 | valid1 MSE : 17.0447 | valid1 NMSE : 0.1876
[2025-09-24 20:14:11,502][__main__][INFO] - Step 1800 | valid1 MSE : 17.0724 | valid1 NMSE : 0.1873
[2025-09-24 20:17:31,304][__main__][INFO] - Step 1900 | valid1 MSE : 17.0462 | valid1 NMSE : 0.1869
[2025-09-24 20:20:50,618][__main__][INFO] - Step 2000 | valid1 MSE : 17.0458 | valid1 NMSE : 0.1874
[2025-09-24 20:24:10,269][__main__][INFO] - Step 2100 | valid1 MSE : 17.0632 | valid1 NMSE : 0.1870
[2025-09-24 20:27:29,992][__main__][INFO] - Step 2200 | valid1 MSE : 16.9842 | valid1 NMSE : 0.1867
[2025-09-24 20:30:49,793][__main__][INFO] - Step 2300 | valid1 MSE : 16.8172 | valid1 NMSE : 0.1844
[2025-09-24 20:34:09,399][__main__][INFO] - Step 2400 | valid1 MSE : 16.8820 | valid1 NMSE : 0.1853
[2025-09-24 20:34:09,400][__main__][INFO] - Training done in 83.154 min
[2025-09-24 20:34:09,400][__main__][INFO] - Average time per step: 2.079 s
[2025-09-24 20:34:11,148][__main__][INFO] - End of training
[2025-09-24 20:34:11,148][__main__][INFO] - --Eval--
[2025-09-24 20:36:14,770][__main__][INFO] - Final modulations: {'beta': np.float32(-0.005234161), 'alpha': np.float32(1.0117277)}
[2025-09-24 20:36:14,770][__main__][INFO] - End of script

[2025-09-24 20:36:27,532][__main__][INFO] - =====Running train script=====
[2025-09-24 20:36:27,574][__main__][INFO] - Fetched main configs, save directory : ../outputs/norm/solar/lags504_horizon168/seed_1/flexrevin_NMSE/
[2025-09-24 20:36:27,574][__main__][INFO] - Model PatchTST, norma flexrevin, criterion NMSE, kwargs {'latent': False, 'start': True}
[2025-09-24 20:36:28,999][__main__][INFO] - Fetched dataloaders
[2025-09-24 20:36:28,999][__main__][INFO] - Splits shapes:
train	(109, 1, 31536)
valid1	(109, 1, 10512)
valid2	(28, 1, 31536)
valid3	(28, 1, 10512)
test1	(109, 1, 10512)
test2	(28, 1, 10512)
[2025-09-24 20:36:28,999][__main__][INFO] - Batches:
 X=[64, 1, 504]
 y=[64, 1, 168]
[2025-09-24 20:36:29,012][__main__][INFO] - --Training--
[2025-09-24 20:36:31,734][__main__][INFO] - Starting training pytorch with lr=1e-05
[2025-09-24 20:36:31,734][__main__][INFO] - Using device: cuda
[2025-09-24 20:36:31,734][__main__][INFO] - Training 1200 epochs of 2 batches (2400 steps): , eval_freq: 100, print_freq: 100
[2025-09-24 20:39:51,937][__main__][INFO] - Step 1 | valid1 MSE : 105.3795 | valid1 NMSE : 1.1751
[2025-09-24 20:43:14,437][__main__][INFO] - Step 100 | valid1 MSE : 24.2174 | valid1 NMSE : 0.2652
[2025-09-24 20:46:36,708][__main__][INFO] - Step 200 | valid1 MSE : 21.8481 | valid1 NMSE : 0.2383
[2025-09-24 20:49:58,531][__main__][INFO] - Step 300 | valid1 MSE : 20.5089 | valid1 NMSE : 0.2236
[2025-09-24 20:53:20,735][__main__][INFO] - Step 400 | valid1 MSE : 19.4482 | valid1 NMSE : 0.2126
[2025-09-24 20:56:43,179][__main__][INFO] - Step 500 | valid1 MSE : 18.8636 | valid1 NMSE : 0.2057
[2025-09-24 21:00:05,424][__main__][INFO] - Step 600 | valid1 MSE : 18.2065 | valid1 NMSE : 0.1997
[2025-09-24 21:03:27,805][__main__][INFO] - Step 700 | valid1 MSE : 17.9646 | valid1 NMSE : 0.1974
[2025-09-24 21:06:50,053][__main__][INFO] - Step 800 | valid1 MSE : 17.7839 | valid1 NMSE : 0.1954
[2025-09-24 21:10:12,298][__main__][INFO] - Step 900 | valid1 MSE : 17.6699 | valid1 NMSE : 0.1951
[2025-09-24 21:13:34,654][__main__][INFO] - Step 1000 | valid1 MSE : 17.6060 | valid1 NMSE : 0.1937
[2025-09-24 21:16:56,741][__main__][INFO] - Step 1100 | valid1 MSE : 17.3895 | valid1 NMSE : 0.1915
[2025-09-24 21:20:18,845][__main__][INFO] - Step 1200 | valid1 MSE : 17.3007 | valid1 NMSE : 0.1905
[2025-09-24 21:23:41,068][__main__][INFO] - Step 1300 | valid1 MSE : 17.3007 | valid1 NMSE : 0.1898
[2025-09-24 21:27:03,264][__main__][INFO] - Step 1400 | valid1 MSE : 17.2614 | valid1 NMSE : 0.1897
[2025-09-24 21:30:25,305][__main__][INFO] - Step 1500 | valid1 MSE : 17.3276 | valid1 NMSE : 0.1916
[2025-09-24 21:33:47,731][__main__][INFO] - Step 1600 | valid1 MSE : 17.0949 | valid1 NMSE : 0.1879
[2025-09-24 21:37:09,758][__main__][INFO] - Step 1700 | valid1 MSE : 17.0034 | valid1 NMSE : 0.1874
[2025-09-24 21:40:31,838][__main__][INFO] - Step 1800 | valid1 MSE : 17.0436 | valid1 NMSE : 0.1870
[2025-09-24 21:43:54,159][__main__][INFO] - Step 1900 | valid1 MSE : 17.0165 | valid1 NMSE : 0.1865
[2025-09-24 21:47:15,963][__main__][INFO] - Step 2000 | valid1 MSE : 16.9674 | valid1 NMSE : 0.1870
[2025-09-24 21:50:38,093][__main__][INFO] - Step 2100 | valid1 MSE : 17.0051 | valid1 NMSE : 0.1864
[2025-09-24 21:54:00,676][__main__][INFO] - Step 2200 | valid1 MSE : 16.9265 | valid1 NMSE : 0.1864
[2025-09-24 21:57:22,863][__main__][INFO] - Step 2300 | valid1 MSE : 16.7680 | valid1 NMSE : 0.1839
[2025-09-24 22:00:44,823][__main__][INFO] - Step 2400 | valid1 MSE : 16.8129 | valid1 NMSE : 0.1846
[2025-09-24 22:00:44,823][__main__][INFO] - Training done in 84.218 min
[2025-09-24 22:00:44,824][__main__][INFO] - Average time per step: 2.105 s
[2025-09-24 22:00:46,341][__main__][INFO] - End of training
[2025-09-24 22:00:46,342][__main__][INFO] - --Eval--
[2025-09-24 22:02:51,225][__main__][INFO] - Final modulations: {'beta': np.float32(0.0089766355), 'alpha': np.float32(0.99168485)}
[2025-09-24 22:02:51,225][__main__][INFO] - End of script

[2025-09-24 22:03:03,593][__main__][INFO] - =====Running train script=====
[2025-09-24 22:03:03,646][__main__][INFO] - Fetched main configs, save directory : ../outputs/norm/solar/lags504_horizon168/seed_1/min_init/
[2025-09-24 22:03:03,646][__main__][INFO] - Model PatchTST, norma mIN, criterion NMSE, kwargs {'latent': False, 'init_beta': True, 'fixed_beta': False, 'init_alpha': True, 'fixed_alpha': False, 'use_gamma': False, 'inverse_gamma': False}
[2025-09-24 22:03:05,059][__main__][INFO] - Fetched dataloaders
[2025-09-24 22:03:05,060][__main__][INFO] - Splits shapes:
train	(109, 1, 31536)
valid1	(109, 1, 10512)
valid2	(28, 1, 31536)
valid3	(28, 1, 10512)
test1	(109, 1, 10512)
test2	(28, 1, 10512)
[2025-09-24 22:03:05,060][__main__][INFO] - Batches:
 X=[64, 1, 504]
 y=[64, 1, 168]
[2025-09-24 22:03:05,072][__main__][INFO] - --Training--
[2025-09-24 22:03:07,712][__main__][INFO] - Starting training pytorch with lr=1e-05
[2025-09-24 22:03:07,713][__main__][INFO] - Using device: cuda
[2025-09-24 22:03:07,713][__main__][INFO] - Training 1200 epochs of 2 batches (2400 steps): , eval_freq: 100, print_freq: 100
[2025-09-24 22:06:24,449][__main__][INFO] - Step 1 | valid1 MSE : 105.2797 | valid1 NMSE : 1.1724
[2025-09-24 22:09:43,453][__main__][INFO] - Step 100 | valid1 MSE : 24.3154 | valid1 NMSE : 0.2653
[2025-09-24 22:13:02,272][__main__][INFO] - Step 200 | valid1 MSE : 21.9565 | valid1 NMSE : 0.2387
[2025-09-24 22:16:21,331][__main__][INFO] - Step 300 | valid1 MSE : 20.5803 | valid1 NMSE : 0.2239
[2025-09-24 22:19:40,163][__main__][INFO] - Step 400 | valid1 MSE : 19.4822 | valid1 NMSE : 0.2127
[2025-09-24 22:22:59,293][__main__][INFO] - Step 500 | valid1 MSE : 18.8648 | valid1 NMSE : 0.2056
[2025-09-24 22:26:18,043][__main__][INFO] - Step 600 | valid1 MSE : 18.1832 | valid1 NMSE : 0.1992
[2025-09-24 22:29:36,665][__main__][INFO] - Step 700 | valid1 MSE : 17.9538 | valid1 NMSE : 0.1969
[2025-09-24 22:32:55,404][__main__][INFO] - Step 800 | valid1 MSE : 17.7728 | valid1 NMSE : 0.1951
[2025-09-24 22:36:14,131][__main__][INFO] - Step 900 | valid1 MSE : 17.6936 | valid1 NMSE : 0.1948
[2025-09-24 22:39:32,791][__main__][INFO] - Step 1000 | valid1 MSE : 17.6278 | valid1 NMSE : 0.1936
[2025-09-24 22:42:51,440][__main__][INFO] - Step 1100 | valid1 MSE : 17.3960 | valid1 NMSE : 0.1913
[2025-09-24 22:46:09,840][__main__][INFO] - Step 1200 | valid1 MSE : 17.3295 | valid1 NMSE : 0.1904
[2025-09-24 22:49:28,319][__main__][INFO] - Step 1300 | valid1 MSE : 17.2986 | valid1 NMSE : 0.1897
[2025-09-24 22:52:46,818][__main__][INFO] - Step 1400 | valid1 MSE : 17.2933 | valid1 NMSE : 0.1897
[2025-09-24 22:56:05,844][__main__][INFO] - Step 1500 | valid1 MSE : 17.4033 | valid1 NMSE : 0.1917
[2025-09-24 22:59:24,759][__main__][INFO] - Step 1600 | valid1 MSE : 17.1267 | valid1 NMSE : 0.1881
[2025-09-24 23:02:43,770][__main__][INFO] - Step 1700 | valid1 MSE : 17.0371 | valid1 NMSE : 0.1874
[2025-09-24 23:06:02,405][__main__][INFO] - Step 1800 | valid1 MSE : 17.0730 | valid1 NMSE : 0.1872
[2025-09-24 23:09:21,426][__main__][INFO] - Step 1900 | valid1 MSE : 17.0391 | valid1 NMSE : 0.1867
[2025-09-24 23:12:40,106][__main__][INFO] - Step 2000 | valid1 MSE : 17.0466 | valid1 NMSE : 0.1874
[2025-09-24 23:15:58,855][__main__][INFO] - Step 2100 | valid1 MSE : 17.0619 | valid1 NMSE : 0.1869
[2025-09-24 23:19:17,756][__main__][INFO] - Step 2200 | valid1 MSE : 16.9775 | valid1 NMSE : 0.1866
[2025-09-24 23:22:36,287][__main__][INFO] - Step 2300 | valid1 MSE : 16.8127 | valid1 NMSE : 0.1843
[2025-09-24 23:25:54,944][__main__][INFO] - Step 2400 | valid1 MSE : 16.8710 | valid1 NMSE : 0.1851
[2025-09-24 23:25:54,945][__main__][INFO] - Training done in 82.787 min
[2025-09-24 23:25:54,945][__main__][INFO] - Average time per step: 2.070 s
[2025-09-24 23:25:56,693][__main__][INFO] - End of training
[2025-09-24 23:25:56,693][__main__][INFO] - --Eval--
[2025-09-24 23:28:00,347][__main__][INFO] - Final modulations: {'beta': np.float32(0.023881456), 'alpha': np.float32(0.9763015)}
[2025-09-24 23:28:00,347][__main__][INFO] - End of script

[2025-09-24 23:28:13,134][__main__][INFO] - =====Running train script=====
[2025-09-24 23:28:13,200][__main__][INFO] - Fetched main configs, save directory : ../outputs/norm/solar/lags504_horizon168/seed_1/min_revin/
[2025-09-24 23:28:13,200][__main__][INFO] - Model PatchTST, norma mIN, criterion NMSE, kwargs {'latent': False, 'init_beta': False, 'fixed_beta': False, 'init_alpha': False, 'fixed_alpha': False, 'use_gamma': True, 'inverse_gamma': True}
[2025-09-24 23:28:14,625][__main__][INFO] - Fetched dataloaders
[2025-09-24 23:28:14,626][__main__][INFO] - Splits shapes:
train	(109, 1, 31536)
valid1	(109, 1, 10512)
valid2	(28, 1, 31536)
valid3	(28, 1, 10512)
test1	(109, 1, 10512)
test2	(28, 1, 10512)
[2025-09-24 23:28:14,626][__main__][INFO] - Batches:
 X=[64, 1, 504]
 y=[64, 1, 168]
[2025-09-24 23:28:14,640][__main__][INFO] - --Training--
[2025-09-24 23:28:17,479][__main__][INFO] - Starting training pytorch with lr=1e-05
[2025-09-24 23:28:17,479][__main__][INFO] - Using device: cuda
[2025-09-24 23:28:17,479][__main__][INFO] - Training 1200 epochs of 2 batches (2400 steps): , eval_freq: 100, print_freq: 100
[2025-09-24 23:31:35,933][__main__][INFO] - Step 1 | valid1 MSE : 105.3798 | valid1 NMSE : 1.1751
[2025-09-24 23:34:56,795][__main__][INFO] - Step 100 | valid1 MSE : 24.2412 | valid1 NMSE : 0.2654
[2025-09-24 23:38:17,870][__main__][INFO] - Step 200 | valid1 MSE : 21.8697 | valid1 NMSE : 0.2386
[2025-09-24 23:41:38,324][__main__][INFO] - Step 300 | valid1 MSE : 20.4885 | valid1 NMSE : 0.2235
[2025-09-24 23:44:58,929][__main__][INFO] - Step 400 | valid1 MSE : 19.4016 | valid1 NMSE : 0.2123
[2025-09-24 23:48:19,127][__main__][INFO] - Step 500 | valid1 MSE : 18.8127 | valid1 NMSE : 0.2054
[2025-09-24 23:51:39,796][__main__][INFO] - Step 600 | valid1 MSE : 18.1538 | valid1 NMSE : 0.1992
[2025-09-24 23:55:00,271][__main__][INFO] - Step 700 | valid1 MSE : 17.9298 | valid1 NMSE : 0.1969
[2025-09-24 23:58:21,145][__main__][INFO] - Step 800 | valid1 MSE : 17.7682 | valid1 NMSE : 0.1952
[2025-09-25 00:01:42,278][__main__][INFO] - Step 900 | valid1 MSE : 17.6854 | valid1 NMSE : 0.1949
[2025-09-25 00:05:03,711][__main__][INFO] - Step 1000 | valid1 MSE : 17.6039 | valid1 NMSE : 0.1936
[2025-09-25 00:08:25,059][__main__][INFO] - Step 1100 | valid1 MSE : 17.3881 | valid1 NMSE : 0.1913
[2025-09-25 00:11:46,592][__main__][INFO] - Step 1200 | valid1 MSE : 17.3185 | valid1 NMSE : 0.1905
[2025-09-25 00:15:07,795][__main__][INFO] - Step 1300 | valid1 MSE : 17.2960 | valid1 NMSE : 0.1898
[2025-09-25 00:18:28,427][__main__][INFO] - Step 1400 | valid1 MSE : 17.2916 | valid1 NMSE : 0.1898
[2025-09-25 00:21:49,225][__main__][INFO] - Step 1500 | valid1 MSE : 17.3998 | valid1 NMSE : 0.1917
[2025-09-25 00:25:09,972][__main__][INFO] - Step 1600 | valid1 MSE : 17.1247 | valid1 NMSE : 0.1881
[2025-09-25 00:28:30,902][__main__][INFO] - Step 1700 | valid1 MSE : 17.0407 | valid1 NMSE : 0.1875
[2025-09-25 00:31:51,302][__main__][INFO] - Step 1800 | valid1 MSE : 17.0705 | valid1 NMSE : 0.1872
[2025-09-25 00:35:12,080][__main__][INFO] - Step 1900 | valid1 MSE : 17.0414 | valid1 NMSE : 0.1868
[2025-09-25 00:38:32,693][__main__][INFO] - Step 2000 | valid1 MSE : 17.0422 | valid1 NMSE : 0.1874
[2025-09-25 00:41:52,551][__main__][INFO] - Step 2100 | valid1 MSE : 17.0573 | valid1 NMSE : 0.1869
[2025-09-25 00:45:11,817][__main__][INFO] - Step 2200 | valid1 MSE : 16.9800 | valid1 NMSE : 0.1866
[2025-09-25 00:48:30,676][__main__][INFO] - Step 2300 | valid1 MSE : 16.8136 | valid1 NMSE : 0.1844
[2025-09-25 00:51:49,679][__main__][INFO] - Step 2400 | valid1 MSE : 16.8766 | valid1 NMSE : 0.1852
[2025-09-25 00:51:49,686][__main__][INFO] - Training done in 83.537 min
[2025-09-25 00:51:49,686][__main__][INFO] - Average time per step: 2.088 s
[2025-09-25 00:51:51,334][__main__][INFO] - End of training
[2025-09-25 00:51:51,334][__main__][INFO] - --Eval--
[2025-09-25 00:53:54,900][__main__][INFO] - Final modulations: {'beta': np.float32(0.0039845277), 'alpha': np.float32(0.9886093)}
[2025-09-25 00:53:54,900][__main__][INFO] - End of script

[2025-09-25 00:54:14,751][__main__][INFO] - =====Running train script=====
[2025-09-25 00:54:14,817][__main__][INFO] - Fetched main configs, save directory : ../outputs/norm/solar/lags504_horizon168/seed_2/instance_NMSE/
[2025-09-25 00:54:14,817][__main__][INFO] - Model PatchTST, norma instance, criterion NMSE, kwargs {'last': False, 'latent': False}
[2025-09-25 00:54:16,281][__main__][INFO] - Fetched dataloaders
[2025-09-25 00:54:16,281][__main__][INFO] - Splits shapes:
train	(109, 1, 31536)
valid1	(109, 1, 10512)
valid2	(28, 1, 31536)
valid3	(28, 1, 10512)
test1	(109, 1, 10512)
test2	(28, 1, 10512)
[2025-09-25 00:54:16,281][__main__][INFO] - Batches:
 X=[64, 1, 504]
 y=[64, 1, 168]
[2025-09-25 00:54:16,296][__main__][INFO] - --Training--
[2025-09-25 00:54:19,032][__main__][INFO] - Starting training pytorch with lr=1e-05
[2025-09-25 00:54:19,032][__main__][INFO] - Using device: cuda
[2025-09-25 00:54:19,032][__main__][INFO] - Training 1200 epochs of 2 batches (2400 steps): , eval_freq: 100, print_freq: 100
[2025-09-25 00:57:36,393][__main__][INFO] - Step 1 | valid1 MSE : 109.7319 | valid1 NMSE : 1.2154
[2025-09-25 01:00:56,040][__main__][INFO] - Step 100 | valid1 MSE : 25.3158 | valid1 NMSE : 0.2735
[2025-09-25 01:04:15,818][__main__][INFO] - Step 200 | valid1 MSE : 22.9368 | valid1 NMSE : 0.2466
[2025-09-25 01:07:35,894][__main__][INFO] - Step 300 | valid1 MSE : 21.4838 | valid1 NMSE : 0.2310
[2025-09-25 01:10:55,469][__main__][INFO] - Step 400 | valid1 MSE : 20.2664 | valid1 NMSE : 0.2186
[2025-09-25 01:14:15,440][__main__][INFO] - Step 500 | valid1 MSE : 19.1770 | valid1 NMSE : 0.2093
[2025-09-25 01:17:35,187][__main__][INFO] - Step 600 | valid1 MSE : 18.8249 | valid1 NMSE : 0.2042
[2025-09-25 01:20:55,217][__main__][INFO] - Step 700 | valid1 MSE : 18.3126 | valid1 NMSE : 0.1998
[2025-09-25 01:24:15,038][__main__][INFO] - Step 800 | valid1 MSE : 18.1124 | valid1 NMSE : 0.1974
[2025-09-25 01:27:34,884][__main__][INFO] - Step 900 | valid1 MSE : 18.1070 | valid1 NMSE : 0.1963
[2025-09-25 01:30:54,635][__main__][INFO] - Step 1000 | valid1 MSE : 17.8218 | valid1 NMSE : 0.1938
[2025-09-25 01:34:14,466][__main__][INFO] - Step 1100 | valid1 MSE : 17.7491 | valid1 NMSE : 0.1935
[2025-09-25 01:37:34,362][__main__][INFO] - Step 1200 | valid1 MSE : 17.7831 | valid1 NMSE : 0.1930
[2025-09-25 01:40:54,090][__main__][INFO] - Step 1300 | valid1 MSE : 17.6651 | valid1 NMSE : 0.1921
[2025-09-25 01:44:13,964][__main__][INFO] - Step 1400 | valid1 MSE : 17.5763 | valid1 NMSE : 0.1906
[2025-09-25 01:47:33,912][__main__][INFO] - Step 1500 | valid1 MSE : 17.4897 | valid1 NMSE : 0.1902
[2025-09-25 01:50:53,949][__main__][INFO] - Step 1600 | valid1 MSE : 17.3873 | valid1 NMSE : 0.1892
[2025-09-25 01:54:13,793][__main__][INFO] - Step 1700 | valid1 MSE : 17.4474 | valid1 NMSE : 0.1899
[2025-09-25 01:57:33,699][__main__][INFO] - Step 1800 | valid1 MSE : 17.2833 | valid1 NMSE : 0.1883
[2025-09-25 02:00:53,438][__main__][INFO] - Step 1900 | valid1 MSE : 17.3015 | valid1 NMSE : 0.1887
[2025-09-25 02:04:13,640][__main__][INFO] - Step 2000 | valid1 MSE : 17.2544 | valid1 NMSE : 0.1871
[2025-09-25 02:07:33,464][__main__][INFO] - Step 2100 | valid1 MSE : 17.3308 | valid1 NMSE : 0.1885
[2025-09-25 02:10:53,112][__main__][INFO] - Step 2200 | valid1 MSE : 17.1611 | valid1 NMSE : 0.1867
[2025-09-25 02:14:13,031][__main__][INFO] - Step 2300 | valid1 MSE : 17.0756 | valid1 NMSE : 0.1857
[2025-09-25 02:17:32,758][__main__][INFO] - Step 2400 | valid1 MSE : 17.0355 | valid1 NMSE : 0.1846
[2025-09-25 02:17:32,760][__main__][INFO] - Training done in 83.229 min
[2025-09-25 02:17:32,760][__main__][INFO] - Average time per step: 2.081 s
[2025-09-25 02:17:34,281][__main__][INFO] - End of training
[2025-09-25 02:17:34,281][__main__][INFO] - --Eval--
[2025-09-25 02:19:37,908][__main__][INFO] - End of script

[2025-09-25 02:19:50,609][__main__][INFO] - =====Running train script=====
[2025-09-25 02:19:50,671][__main__][INFO] - Fetched main configs, save directory : ../outputs/norm/solar/lags504_horizon168/seed_2/revin_NMSE/
[2025-09-25 02:19:50,672][__main__][INFO] - Model PatchTST, norma revin, criterion NMSE, kwargs {'latent': False}
[2025-09-25 02:19:52,171][__main__][INFO] - Fetched dataloaders
[2025-09-25 02:19:52,171][__main__][INFO] - Splits shapes:
train	(109, 1, 31536)
valid1	(109, 1, 10512)
valid2	(28, 1, 31536)
valid3	(28, 1, 10512)
test1	(109, 1, 10512)
test2	(28, 1, 10512)
[2025-09-25 02:19:52,171][__main__][INFO] - Batches:
 X=[64, 1, 504]
 y=[64, 1, 168]
[2025-09-25 02:19:52,184][__main__][INFO] - --Training--
[2025-09-25 02:19:54,819][__main__][INFO] - Starting training pytorch with lr=1e-05
[2025-09-25 02:19:54,819][__main__][INFO] - Using device: cuda
[2025-09-25 02:19:54,820][__main__][INFO] - Training 1200 epochs of 2 batches (2400 steps): , eval_freq: 100, print_freq: 100
[2025-09-25 02:23:12,131][__main__][INFO] - Step 1 | valid1 MSE : 109.7319 | valid1 NMSE : 1.2154
[2025-09-25 02:26:30,988][__main__][INFO] - Step 100 | valid1 MSE : 25.3138 | valid1 NMSE : 0.2734
[2025-09-25 02:29:49,827][__main__][INFO] - Step 200 | valid1 MSE : 22.9338 | valid1 NMSE : 0.2466
[2025-09-25 02:33:08,922][__main__][INFO] - Step 300 | valid1 MSE : 21.4846 | valid1 NMSE : 0.2309
[2025-09-25 02:36:27,979][__main__][INFO] - Step 400 | valid1 MSE : 20.2704 | valid1 NMSE : 0.2186
[2025-09-25 02:39:46,938][__main__][INFO] - Step 500 | valid1 MSE : 19.1821 | valid1 NMSE : 0.2093
[2025-09-25 02:43:05,661][__main__][INFO] - Step 600 | valid1 MSE : 18.8301 | valid1 NMSE : 0.2042
[2025-09-25 02:46:25,062][__main__][INFO] - Step 700 | valid1 MSE : 18.3156 | valid1 NMSE : 0.1998
[2025-09-25 02:49:43,983][__main__][INFO] - Step 800 | valid1 MSE : 18.1142 | valid1 NMSE : 0.1974
[2025-09-25 02:53:03,035][__main__][INFO] - Step 900 | valid1 MSE : 18.1036 | valid1 NMSE : 0.1962
[2025-09-25 02:56:22,177][__main__][INFO] - Step 1000 | valid1 MSE : 17.8203 | valid1 NMSE : 0.1938
[2025-09-25 02:59:41,034][__main__][INFO] - Step 1100 | valid1 MSE : 17.7482 | valid1 NMSE : 0.1934
[2025-09-25 03:03:00,022][__main__][INFO] - Step 1200 | valid1 MSE : 17.7756 | valid1 NMSE : 0.1929
[2025-09-25 03:06:18,810][__main__][INFO] - Step 1300 | valid1 MSE : 17.6579 | valid1 NMSE : 0.1920
[2025-09-25 03:09:37,593][__main__][INFO] - Step 1400 | valid1 MSE : 17.5723 | valid1 NMSE : 0.1905
[2025-09-25 03:12:56,497][__main__][INFO] - Step 1500 | valid1 MSE : 17.4814 | valid1 NMSE : 0.1901
[2025-09-25 03:16:15,553][__main__][INFO] - Step 1600 | valid1 MSE : 17.3821 | valid1 NMSE : 0.1891
[2025-09-25 03:19:34,745][__main__][INFO] - Step 1700 | valid1 MSE : 17.4354 | valid1 NMSE : 0.1897
[2025-09-25 03:22:53,928][__main__][INFO] - Step 1800 | valid1 MSE : 17.2773 | valid1 NMSE : 0.1881
[2025-09-25 03:26:12,993][__main__][INFO] - Step 1900 | valid1 MSE : 17.2942 | valid1 NMSE : 0.1886
[2025-09-25 03:29:31,906][__main__][INFO] - Step 2000 | valid1 MSE : 17.2463 | valid1 NMSE : 0.1870
[2025-09-25 03:32:51,201][__main__][INFO] - Step 2100 | valid1 MSE : 17.3199 | valid1 NMSE : 0.1883
[2025-09-25 03:36:10,401][__main__][INFO] - Step 2200 | valid1 MSE : 17.1526 | valid1 NMSE : 0.1866
[2025-09-25 03:39:29,315][__main__][INFO] - Step 2300 | valid1 MSE : 17.0642 | valid1 NMSE : 0.1856
[2025-09-25 03:42:48,111][__main__][INFO] - Step 2400 | valid1 MSE : 17.0245 | valid1 NMSE : 0.1844
[2025-09-25 03:42:48,118][__main__][INFO] - Training done in 82.888 min
[2025-09-25 03:42:48,118][__main__][INFO] - Average time per step: 2.072 s
[2025-09-25 03:42:50,481][__main__][INFO] - End of training
[2025-09-25 03:42:50,481][__main__][INFO] - --Eval--
[2025-09-25 03:44:53,429][__main__][INFO] - Final modulations: {'beta': np.float32(-0.0051910076), 'alpha': np.float32(1.0115136)}
[2025-09-25 03:44:53,429][__main__][INFO] - End of script

[2025-09-25 03:45:06,849][__main__][INFO] - =====Running train script=====
[2025-09-25 03:45:06,910][__main__][INFO] - Fetched main configs, save directory : ../outputs/norm/solar/lags504_horizon168/seed_2/flexrevin_NMSE/
[2025-09-25 03:45:06,910][__main__][INFO] - Model PatchTST, norma flexrevin, criterion NMSE, kwargs {'latent': False, 'start': True}
[2025-09-25 03:45:08,390][__main__][INFO] - Fetched dataloaders
[2025-09-25 03:45:08,391][__main__][INFO] - Splits shapes:
train	(109, 1, 31536)
valid1	(109, 1, 10512)
valid2	(28, 1, 31536)
valid3	(28, 1, 10512)
test1	(109, 1, 10512)
test2	(28, 1, 10512)
[2025-09-25 03:45:08,391][__main__][INFO] - Batches:
 X=[64, 1, 504]
 y=[64, 1, 168]
[2025-09-25 03:45:08,404][__main__][INFO] - --Training--
[2025-09-25 03:45:11,182][__main__][INFO] - Starting training pytorch with lr=1e-05
[2025-09-25 03:45:11,182][__main__][INFO] - Using device: cuda
[2025-09-25 03:45:11,182][__main__][INFO] - Training 1200 epochs of 2 batches (2400 steps): , eval_freq: 100, print_freq: 100
[2025-09-25 03:48:27,979][__main__][INFO] - Step 1 | valid1 MSE : 109.7313 | valid1 NMSE : 1.2154
[2025-09-25 03:51:46,821][__main__][INFO] - Step 100 | valid1 MSE : 25.2765 | valid1 NMSE : 0.2731
[2025-09-25 03:55:05,596][__main__][INFO] - Step 200 | valid1 MSE : 22.8839 | valid1 NMSE : 0.2460
[2025-09-25 03:58:24,563][__main__][INFO] - Step 300 | valid1 MSE : 21.4790 | valid1 NMSE : 0.2307
[2025-09-25 04:01:43,513][__main__][INFO] - Step 400 | valid1 MSE : 20.3123 | valid1 NMSE : 0.2187
[2025-09-25 04:05:02,161][__main__][INFO] - Step 500 | valid1 MSE : 19.2280 | valid1 NMSE : 0.2097
[2025-09-25 04:08:21,511][__main__][INFO] - Step 600 | valid1 MSE : 18.9255 | valid1 NMSE : 0.2048
[2025-09-25 04:11:40,379][__main__][INFO] - Step 700 | valid1 MSE : 18.3761 | valid1 NMSE : 0.2004
[2025-09-25 04:14:59,016][__main__][INFO] - Step 800 | valid1 MSE : 18.1816 | valid1 NMSE : 0.1979
[2025-09-25 04:18:17,820][__main__][INFO] - Step 900 | valid1 MSE : 18.1944 | valid1 NMSE : 0.1965
[2025-09-25 04:21:36,584][__main__][INFO] - Step 1000 | valid1 MSE : 17.8715 | valid1 NMSE : 0.1941
[2025-09-25 04:24:55,170][__main__][INFO] - Step 1100 | valid1 MSE : 17.7635 | valid1 NMSE : 0.1939
[2025-09-25 04:28:13,985][__main__][INFO] - Step 1200 | valid1 MSE : 17.8232 | valid1 NMSE : 0.1930
[2025-09-25 04:31:32,897][__main__][INFO] - Step 1300 | valid1 MSE : 17.6883 | valid1 NMSE : 0.1921
[2025-09-25 04:34:51,782][__main__][INFO] - Step 1400 | valid1 MSE : 17.6112 | valid1 NMSE : 0.1905
[2025-09-25 04:38:10,979][__main__][INFO] - Step 1500 | valid1 MSE : 17.4839 | valid1 NMSE : 0.1901
[2025-09-25 04:41:30,035][__main__][INFO] - Step 1600 | valid1 MSE : 17.3731 | valid1 NMSE : 0.1890
[2025-09-25 04:44:48,837][__main__][INFO] - Step 1700 | valid1 MSE : 17.3976 | valid1 NMSE : 0.1896
[2025-09-25 04:48:07,843][__main__][INFO] - Step 1800 | valid1 MSE : 17.2495 | valid1 NMSE : 0.1881
[2025-09-25 04:51:26,687][__main__][INFO] - Step 1900 | valid1 MSE : 17.2418 | valid1 NMSE : 0.1885
[2025-09-25 04:54:45,156][__main__][INFO] - Step 2000 | valid1 MSE : 17.2404 | valid1 NMSE : 0.1868
[2025-09-25 04:58:04,049][__main__][INFO] - Step 2100 | valid1 MSE : 17.2792 | valid1 NMSE : 0.1879
[2025-09-25 05:01:23,342][__main__][INFO] - Step 2200 | valid1 MSE : 17.1006 | valid1 NMSE : 0.1864
[2025-09-25 05:04:42,635][__main__][INFO] - Step 2300 | valid1 MSE : 17.0012 | valid1 NMSE : 0.1852
[2025-09-25 05:08:01,436][__main__][INFO] - Step 2400 | valid1 MSE : 17.0086 | valid1 NMSE : 0.1841
[2025-09-25 05:08:01,437][__main__][INFO] - Training done in 82.838 min
[2025-09-25 05:08:01,437][__main__][INFO] - Average time per step: 2.071 s
[2025-09-25 05:08:02,964][__main__][INFO] - End of training
[2025-09-25 05:08:02,964][__main__][INFO] - --Eval--
[2025-09-25 05:10:05,965][__main__][INFO] - Final modulations: {'beta': np.float32(0.009380459), 'alpha': np.float32(0.99144554)}
[2025-09-25 05:10:05,966][__main__][INFO] - End of script

[2025-09-25 05:10:18,052][__main__][INFO] - =====Running train script=====
[2025-09-25 05:10:18,094][__main__][INFO] - Fetched main configs, save directory : ../outputs/norm/solar/lags504_horizon168/seed_2/min_init/
[2025-09-25 05:10:18,094][__main__][INFO] - Model PatchTST, norma mIN, criterion NMSE, kwargs {'latent': False, 'init_beta': True, 'fixed_beta': False, 'init_alpha': True, 'fixed_alpha': False, 'use_gamma': False, 'inverse_gamma': False}
[2025-09-25 05:10:19,555][__main__][INFO] - Fetched dataloaders
[2025-09-25 05:10:19,555][__main__][INFO] - Splits shapes:
train	(109, 1, 31536)
valid1	(109, 1, 10512)
valid2	(28, 1, 31536)
valid3	(28, 1, 10512)
test1	(109, 1, 10512)
test2	(28, 1, 10512)
[2025-09-25 05:10:19,555][__main__][INFO] - Batches:
 X=[64, 1, 504]
 y=[64, 1, 168]
[2025-09-25 05:10:19,570][__main__][INFO] - --Training--
[2025-09-25 05:10:22,184][__main__][INFO] - Starting training pytorch with lr=1e-05
[2025-09-25 05:10:22,184][__main__][INFO] - Using device: cuda
[2025-09-25 05:10:22,184][__main__][INFO] - Training 1200 epochs of 2 batches (2400 steps): , eval_freq: 100, print_freq: 100
[2025-09-25 05:13:39,969][__main__][INFO] - Step 1 | valid1 MSE : 109.5639 | valid1 NMSE : 1.2121
[2025-09-25 05:16:59,330][__main__][INFO] - Step 100 | valid1 MSE : 25.3855 | valid1 NMSE : 0.2733
[2025-09-25 05:20:18,832][__main__][INFO] - Step 200 | valid1 MSE : 23.0136 | valid1 NMSE : 0.2467
[2025-09-25 05:23:38,153][__main__][INFO] - Step 300 | valid1 MSE : 21.5781 | valid1 NMSE : 0.2312
[2025-09-25 05:26:57,659][__main__][INFO] - Step 400 | valid1 MSE : 20.3666 | valid1 NMSE : 0.2190
[2025-09-25 05:30:17,252][__main__][INFO] - Step 500 | valid1 MSE : 19.2663 | valid1 NMSE : 0.2096
[2025-09-25 05:33:37,109][__main__][INFO] - Step 600 | valid1 MSE : 18.8989 | valid1 NMSE : 0.2045
[2025-09-25 05:36:56,636][__main__][INFO] - Step 700 | valid1 MSE : 18.3632 | valid1 NMSE : 0.1999
[2025-09-25 05:40:16,010][__main__][INFO] - Step 800 | valid1 MSE : 18.1469 | valid1 NMSE : 0.1974
[2025-09-25 05:43:35,541][__main__][INFO] - Step 900 | valid1 MSE : 18.1116 | valid1 NMSE : 0.1961
[2025-09-25 05:46:55,091][__main__][INFO] - Step 1000 | valid1 MSE : 17.8319 | valid1 NMSE : 0.1937
[2025-09-25 05:50:14,819][__main__][INFO] - Step 1100 | valid1 MSE : 17.7582 | valid1 NMSE : 0.1934
[2025-09-25 05:53:34,493][__main__][INFO] - Step 1200 | valid1 MSE : 17.7621 | valid1 NMSE : 0.1926
[2025-09-25 05:56:54,020][__main__][INFO] - Step 1300 | valid1 MSE : 17.6420 | valid1 NMSE : 0.1916
[2025-09-25 06:00:13,353][__main__][INFO] - Step 1400 | valid1 MSE : 17.5703 | valid1 NMSE : 0.1904
[2025-09-25 06:03:33,043][__main__][INFO] - Step 1500 | valid1 MSE : 17.4662 | valid1 NMSE : 0.1898
[2025-09-25 06:06:52,482][__main__][INFO] - Step 1600 | valid1 MSE : 17.3737 | valid1 NMSE : 0.1889
[2025-09-25 06:10:12,535][__main__][INFO] - Step 1700 | valid1 MSE : 17.4158 | valid1 NMSE : 0.1894
[2025-09-25 06:13:32,138][__main__][INFO] - Step 1800 | valid1 MSE : 17.2681 | valid1 NMSE : 0.1879
[2025-09-25 06:16:51,673][__main__][INFO] - Step 1900 | valid1 MSE : 17.2831 | valid1 NMSE : 0.1884
[2025-09-25 06:20:11,262][__main__][INFO] - Step 2000 | valid1 MSE : 17.2316 | valid1 NMSE : 0.1868
[2025-09-25 06:23:30,985][__main__][INFO] - Step 2100 | valid1 MSE : 17.2996 | valid1 NMSE : 0.1880
[2025-09-25 06:26:50,346][__main__][INFO] - Step 2200 | valid1 MSE : 17.1370 | valid1 NMSE : 0.1863
[2025-09-25 06:30:09,855][__main__][INFO] - Step 2300 | valid1 MSE : 17.0471 | valid1 NMSE : 0.1853
[2025-09-25 06:33:29,425][__main__][INFO] - Step 2400 | valid1 MSE : 17.0075 | valid1 NMSE : 0.1842
[2025-09-25 06:33:29,427][__main__][INFO] - Training done in 83.121 min
[2025-09-25 06:33:29,427][__main__][INFO] - Average time per step: 2.078 s
[2025-09-25 06:33:31,410][__main__][INFO] - End of training
[2025-09-25 06:33:31,410][__main__][INFO] - --Eval--
[2025-09-25 06:35:34,805][__main__][INFO] - Final modulations: {'beta': np.float32(0.024573477), 'alpha': np.float32(0.9764928)}
[2025-09-25 06:35:34,805][__main__][INFO] - End of script

[2025-09-25 06:35:47,235][__main__][INFO] - =====Running train script=====
[2025-09-25 06:35:47,328][__main__][INFO] - Fetched main configs, save directory : ../outputs/norm/solar/lags504_horizon168/seed_2/min_revin/
[2025-09-25 06:35:47,328][__main__][INFO] - Model PatchTST, norma mIN, criterion NMSE, kwargs {'latent': False, 'init_beta': False, 'fixed_beta': False, 'init_alpha': False, 'fixed_alpha': False, 'use_gamma': True, 'inverse_gamma': True}
[2025-09-25 06:35:48,764][__main__][INFO] - Fetched dataloaders
[2025-09-25 06:35:48,764][__main__][INFO] - Splits shapes:
train	(109, 1, 31536)
valid1	(109, 1, 10512)
valid2	(28, 1, 31536)
valid3	(28, 1, 10512)
test1	(109, 1, 10512)
test2	(28, 1, 10512)
[2025-09-25 06:35:48,764][__main__][INFO] - Batches:
 X=[64, 1, 504]
 y=[64, 1, 168]
[2025-09-25 06:35:48,777][__main__][INFO] - --Training--
[2025-09-25 06:35:51,442][__main__][INFO] - Starting training pytorch with lr=1e-05
[2025-09-25 06:35:51,442][__main__][INFO] - Using device: cuda
[2025-09-25 06:35:51,442][__main__][INFO] - Training 1200 epochs of 2 batches (2400 steps): , eval_freq: 100, print_freq: 100
[2025-09-25 06:39:07,443][__main__][INFO] - Step 1 | valid1 MSE : 109.7316 | valid1 NMSE : 1.2154
[2025-09-25 06:42:25,314][__main__][INFO] - Step 100 | valid1 MSE : 25.3103 | valid1 NMSE : 0.2734
[2025-09-25 06:45:43,232][__main__][INFO] - Step 200 | valid1 MSE : 22.9297 | valid1 NMSE : 0.2465
[2025-09-25 06:49:01,134][__main__][INFO] - Step 300 | valid1 MSE : 21.4851 | valid1 NMSE : 0.2309
[2025-09-25 06:52:18,980][__main__][INFO] - Step 400 | valid1 MSE : 20.2748 | valid1 NMSE : 0.2186
[2025-09-25 06:55:36,797][__main__][INFO] - Step 500 | valid1 MSE : 19.1881 | valid1 NMSE : 0.2093
[2025-09-25 06:58:54,524][__main__][INFO] - Step 600 | valid1 MSE : 18.8357 | valid1 NMSE : 0.2043
[2025-09-25 07:02:12,246][__main__][INFO] - Step 700 | valid1 MSE : 18.3193 | valid1 NMSE : 0.1998
[2025-09-25 07:05:29,942][__main__][INFO] - Step 800 | valid1 MSE : 18.1167 | valid1 NMSE : 0.1973
[2025-09-25 07:08:47,820][__main__][INFO] - Step 900 | valid1 MSE : 18.1008 | valid1 NMSE : 0.1962
[2025-09-25 07:12:05,719][__main__][INFO] - Step 1000 | valid1 MSE : 17.8194 | valid1 NMSE : 0.1937
[2025-09-25 07:15:23,623][__main__][INFO] - Step 1100 | valid1 MSE : 17.7485 | valid1 NMSE : 0.1934
[2025-09-25 07:18:41,497][__main__][INFO] - Step 1200 | valid1 MSE : 17.7698 | valid1 NMSE : 0.1928
[2025-09-25 07:21:59,431][__main__][INFO] - Step 1300 | valid1 MSE : 17.6528 | valid1 NMSE : 0.1919
[2025-09-25 07:25:17,196][__main__][INFO] - Step 1400 | valid1 MSE : 17.5688 | valid1 NMSE : 0.1905
[2025-09-25 07:28:35,021][__main__][INFO] - Step 1500 | valid1 MSE : 17.4758 | valid1 NMSE : 0.1900
[2025-09-25 07:31:53,096][__main__][INFO] - Step 1600 | valid1 MSE : 17.3786 | valid1 NMSE : 0.1890
[2025-09-25 07:35:11,302][__main__][INFO] - Step 1700 | valid1 MSE : 17.4271 | valid1 NMSE : 0.1896
[2025-09-25 07:38:29,243][__main__][INFO] - Step 1800 | valid1 MSE : 17.2735 | valid1 NMSE : 0.1881
[2025-09-25 07:41:46,955][__main__][INFO] - Step 1900 | valid1 MSE : 17.2893 | valid1 NMSE : 0.1885
[2025-09-25 07:45:04,843][__main__][INFO] - Step 2000 | valid1 MSE : 17.2398 | valid1 NMSE : 0.1869
[2025-09-25 07:48:22,883][__main__][INFO] - Step 2100 | valid1 MSE : 17.3119 | valid1 NMSE : 0.1882
[2025-09-25 07:51:40,594][__main__][INFO] - Step 2200 | valid1 MSE : 17.1475 | valid1 NMSE : 0.1865
[2025-09-25 07:54:58,514][__main__][INFO] - Step 2300 | valid1 MSE : 17.0562 | valid1 NMSE : 0.1854
[2025-09-25 07:58:16,345][__main__][INFO] - Step 2400 | valid1 MSE : 17.0166 | valid1 NMSE : 0.1843
[2025-09-25 07:58:16,350][__main__][INFO] - Training done in 82.415 min
[2025-09-25 07:58:16,350][__main__][INFO] - Average time per step: 2.060 s
[2025-09-25 07:58:17,929][__main__][INFO] - End of training
[2025-09-25 07:58:17,930][__main__][INFO] - --Eval--
[2025-09-25 08:00:20,117][__main__][INFO] - Final modulations: {'beta': np.float32(0.004098283), 'alpha': np.float32(0.9886966)}
[2025-09-25 08:00:20,117][__main__][INFO] - End of script

[2025-09-25 08:00:39,627][__main__][INFO] - =====Running train script=====
[2025-09-25 08:00:39,678][__main__][INFO] - Fetched main configs, save directory : ../outputs/norm/solar/lags504_horizon168/seed_3/instance_NMSE/
[2025-09-25 08:00:39,679][__main__][INFO] - Model PatchTST, norma instance, criterion NMSE, kwargs {'last': False, 'latent': False}
[2025-09-25 08:00:41,115][__main__][INFO] - Fetched dataloaders
[2025-09-25 08:00:41,115][__main__][INFO] - Splits shapes:
train	(109, 1, 31536)
valid1	(109, 1, 10512)
valid2	(28, 1, 31536)
valid3	(28, 1, 10512)
test1	(109, 1, 10512)
test2	(28, 1, 10512)
[2025-09-25 08:00:41,115][__main__][INFO] - Batches:
 X=[64, 1, 504]
 y=[64, 1, 168]
[2025-09-25 08:00:41,130][__main__][INFO] - --Training--
[2025-09-25 08:00:43,795][__main__][INFO] - Starting training pytorch with lr=1e-05
[2025-09-25 08:00:43,795][__main__][INFO] - Using device: cuda
[2025-09-25 08:00:43,795][__main__][INFO] - Training 1200 epochs of 2 batches (2400 steps): , eval_freq: 100, print_freq: 100
[2025-09-25 08:04:00,038][__main__][INFO] - Step 1 | valid1 MSE : 107.5747 | valid1 NMSE : 1.2057
[2025-09-25 08:07:18,384][__main__][INFO] - Step 100 | valid1 MSE : 24.4202 | valid1 NMSE : 0.2695
[2025-09-25 08:10:36,585][__main__][INFO] - Step 200 | valid1 MSE : 22.1914 | valid1 NMSE : 0.2437
[2025-09-25 08:13:55,165][__main__][INFO] - Step 300 | valid1 MSE : 20.6311 | valid1 NMSE : 0.2274
[2025-09-25 08:17:13,497][__main__][INFO] - Step 400 | valid1 MSE : 19.6741 | valid1 NMSE : 0.2171
[2025-09-25 08:20:31,521][__main__][INFO] - Step 500 | valid1 MSE : 19.0637 | valid1 NMSE : 0.2096
[2025-09-25 08:23:49,981][__main__][INFO] - Step 600 | valid1 MSE : 18.3178 | valid1 NMSE : 0.2025
[2025-09-25 08:27:08,429][__main__][INFO] - Step 700 | valid1 MSE : 17.9794 | valid1 NMSE : 0.1994
[2025-09-25 08:30:26,760][__main__][INFO] - Step 800 | valid1 MSE : 17.7425 | valid1 NMSE : 0.1967
[2025-09-25 08:33:45,176][__main__][INFO] - Step 900 | valid1 MSE : 17.5480 | valid1 NMSE : 0.1952
[2025-09-25 08:37:03,445][__main__][INFO] - Step 1000 | valid1 MSE : 17.4024 | valid1 NMSE : 0.1935
[2025-09-25 08:40:22,000][__main__][INFO] - Step 1100 | valid1 MSE : 17.2884 | valid1 NMSE : 0.1923
[2025-09-25 08:43:40,349][__main__][INFO] - Step 1200 | valid1 MSE : 17.2946 | valid1 NMSE : 0.1925
[2025-09-25 08:46:59,104][__main__][INFO] - Step 1300 | valid1 MSE : 17.1103 | valid1 NMSE : 0.1904
[2025-09-25 08:50:18,018][__main__][INFO] - Step 1400 | valid1 MSE : 17.1417 | valid1 NMSE : 0.1904
[2025-09-25 08:53:36,481][__main__][INFO] - Step 1500 | valid1 MSE : 17.1467 | valid1 NMSE : 0.1900
[2025-09-25 08:56:54,981][__main__][INFO] - Step 1600 | valid1 MSE : 17.0534 | valid1 NMSE : 0.1893
[2025-09-25 09:00:13,231][__main__][INFO] - Step 1700 | valid1 MSE : 16.9447 | valid1 NMSE : 0.1887
[2025-09-25 09:03:32,338][__main__][INFO] - Step 1800 | valid1 MSE : 17.0057 | valid1 NMSE : 0.1894
[2025-09-25 09:06:51,335][__main__][INFO] - Step 1900 | valid1 MSE : 16.9991 | valid1 NMSE : 0.1898
[2025-09-25 09:10:09,836][__main__][INFO] - Step 2000 | valid1 MSE : 16.9401 | valid1 NMSE : 0.1883
[2025-09-25 09:13:28,536][__main__][INFO] - Step 2100 | valid1 MSE : 16.9588 | valid1 NMSE : 0.1890
[2025-09-25 09:16:47,040][__main__][INFO] - Step 2200 | valid1 MSE : 16.9729 | valid1 NMSE : 0.1877
[2025-09-25 09:20:04,995][__main__][INFO] - Step 2300 | valid1 MSE : 16.7786 | valid1 NMSE : 0.1864
[2025-09-25 09:23:23,106][__main__][INFO] - Step 2400 | valid1 MSE : 16.8390 | valid1 NMSE : 0.1871
[2025-09-25 09:23:23,107][__main__][INFO] - Training done in 82.655 min
[2025-09-25 09:23:23,107][__main__][INFO] - Average time per step: 2.066 s
[2025-09-25 09:23:24,471][__main__][INFO] - End of training
[2025-09-25 09:23:24,471][__main__][INFO] - --Eval--
[2025-09-25 09:25:27,223][__main__][INFO] - End of script

[2025-09-25 09:25:39,960][__main__][INFO] - =====Running train script=====
[2025-09-25 09:25:40,013][__main__][INFO] - Fetched main configs, save directory : ../outputs/norm/solar/lags504_horizon168/seed_3/revin_NMSE/
[2025-09-25 09:25:40,013][__main__][INFO] - Model PatchTST, norma revin, criterion NMSE, kwargs {'latent': False}
[2025-09-25 09:25:41,603][__main__][INFO] - Fetched dataloaders
[2025-09-25 09:25:41,603][__main__][INFO] - Splits shapes:
train	(109, 1, 31536)
valid1	(109, 1, 10512)
valid2	(28, 1, 31536)
valid3	(28, 1, 10512)
test1	(109, 1, 10512)
test2	(28, 1, 10512)
[2025-09-25 09:25:41,603][__main__][INFO] - Batches:
 X=[64, 1, 504]
 y=[64, 1, 168]
[2025-09-25 09:25:41,618][__main__][INFO] - --Training--
[2025-09-25 09:25:44,317][__main__][INFO] - Starting training pytorch with lr=1e-05
[2025-09-25 09:25:44,317][__main__][INFO] - Using device: cuda
[2025-09-25 09:25:44,317][__main__][INFO] - Training 1200 epochs of 2 batches (2400 steps): , eval_freq: 100, print_freq: 100
[2025-09-25 09:28:59,612][__main__][INFO] - Step 1 | valid1 MSE : 107.5747 | valid1 NMSE : 1.2057
[2025-09-25 09:32:17,406][__main__][INFO] - Step 100 | valid1 MSE : 24.4185 | valid1 NMSE : 0.2694
[2025-09-25 09:35:34,921][__main__][INFO] - Step 200 | valid1 MSE : 22.1895 | valid1 NMSE : 0.2437
[2025-09-25 09:38:52,660][__main__][INFO] - Step 300 | valid1 MSE : 20.6320 | valid1 NMSE : 0.2274
[2025-09-25 09:42:10,411][__main__][INFO] - Step 400 | valid1 MSE : 19.6761 | valid1 NMSE : 0.2171
[2025-09-25 09:45:27,937][__main__][INFO] - Step 500 | valid1 MSE : 19.0678 | valid1 NMSE : 0.2096
[2025-09-25 09:48:45,452][__main__][INFO] - Step 600 | valid1 MSE : 18.3192 | valid1 NMSE : 0.2025
[2025-09-25 09:52:03,070][__main__][INFO] - Step 700 | valid1 MSE : 17.9791 | valid1 NMSE : 0.1993
[2025-09-25 09:55:20,558][__main__][INFO] - Step 800 | valid1 MSE : 17.7428 | valid1 NMSE : 0.1967
[2025-09-25 09:58:37,260][__main__][INFO] - Step 900 | valid1 MSE : 17.5483 | valid1 NMSE : 0.1952
[2025-09-25 10:01:53,404][__main__][INFO] - Step 1000 | valid1 MSE : 17.4010 | valid1 NMSE : 0.1935
[2025-09-25 10:05:09,221][__main__][INFO] - Step 1100 | valid1 MSE : 17.2857 | valid1 NMSE : 0.1922
[2025-09-25 10:08:24,778][__main__][INFO] - Step 1200 | valid1 MSE : 17.2922 | valid1 NMSE : 0.1925
[2025-09-25 10:11:40,271][__main__][INFO] - Step 1300 | valid1 MSE : 17.1093 | valid1 NMSE : 0.1903
[2025-09-25 10:14:55,630][__main__][INFO] - Step 1400 | valid1 MSE : 17.1393 | valid1 NMSE : 0.1904
[2025-09-25 10:18:11,641][__main__][INFO] - Step 1500 | valid1 MSE : 17.1450 | valid1 NMSE : 0.1900
[2025-09-25 10:21:27,870][__main__][INFO] - Step 1600 | valid1 MSE : 17.0474 | valid1 NMSE : 0.1892
[2025-09-25 10:24:43,468][__main__][INFO] - Step 1700 | valid1 MSE : 16.9421 | valid1 NMSE : 0.1886
[2025-09-25 10:27:58,910][__main__][INFO] - Step 1800 | valid1 MSE : 16.9999 | valid1 NMSE : 0.1893
[2025-09-25 10:31:14,617][__main__][INFO] - Step 1900 | valid1 MSE : 16.9963 | valid1 NMSE : 0.1897
[2025-09-25 10:34:30,310][__main__][INFO] - Step 2000 | valid1 MSE : 16.9337 | valid1 NMSE : 0.1882
