nohup: ignoring input
[2025-05-26 19:56:41,283][__main__][INFO] - =====Running main script=====
[2025-05-26 19:56:41,288][__main__][INFO] - Fetched main configs, save directory : ../outputs/benchmark_cluster_full/PatchTST_instance_normalize_y/
[2025-05-26 19:56:41,288][__main__][INFO] - Model PatchTST, normalization instance, criterion normalize_y, kwargs {'last': False, 'latent': True}
[2025-05-26 19:56:41,346][__main__][INFO] - Fetched dataloaders
[2025-05-26 19:56:41,348][__main__][INFO] - Training data shape : (100, 1, 8736)
[2025-05-26 19:56:41,348][__main__][INFO] - Batch sizes : X=torch.Size([28, 1, 336]), y=torch.Size([28, 1, 24])
[2025-05-26 19:56:43,365][__main__][INFO] - batch_size=28, learning_rate=0.0001, steps per epoch=4, epochs=1000
[2025-05-26 19:56:43,365][__main__][INFO] - Starting training...
[2025-05-26 19:56:43,365][__main__][INFO] - Using device: cuda
[2025-05-26 19:56:43,365][__main__][INFO] - Training 1000 epochs of 4 batches (4000 steps): , eval_freq: 50, print_freq: 100
[2025-05-26 19:57:53,680][__main__][INFO] - Step 1 | valid1 NMSE : 0.9625 | valid1 MSE : 1394.5608
[2025-05-26 20:00:13,988][__main__][INFO] - Step 100 | valid1 NMSE : 0.0528 | valid1 MSE : 80.2670
[2025-05-26 20:02:34,750][__main__][INFO] - Step 200 | valid1 NMSE : 0.0348 | valid1 MSE : 54.2521
[2025-05-26 20:04:54,619][__main__][INFO] - Step 300 | valid1 NMSE : 0.0283 | valid1 MSE : 44.4736
[2025-05-26 20:07:11,859][__main__][INFO] - Step 400 | valid1 NMSE : 0.0248 | valid1 MSE : 38.9647
[2025-05-26 20:09:31,925][__main__][INFO] - Step 500 | valid1 NMSE : 0.0226 | valid1 MSE : 35.6372
[2025-05-26 20:11:51,220][__main__][INFO] - Step 600 | valid1 NMSE : 0.0236 | valid1 MSE : 36.9429
[2025-05-26 20:14:15,151][__main__][INFO] - Step 700 | valid1 NMSE : 0.0197 | valid1 MSE : 31.1874
[2025-05-26 20:16:34,251][__main__][INFO] - Step 800 | valid1 NMSE : 0.0204 | valid1 MSE : 32.1628
[2025-05-26 20:18:53,654][__main__][INFO] - Step 900 | valid1 NMSE : 0.0179 | valid1 MSE : 28.4187
[2025-05-26 20:21:17,442][__main__][INFO] - Step 1000 | valid1 NMSE : 0.0177 | valid1 MSE : 28.2546
[2025-05-26 20:23:37,478][__main__][INFO] - Step 1100 | valid1 NMSE : 0.0177 | valid1 MSE : 28.0201
[2025-05-26 20:26:05,120][__main__][INFO] - Step 1200 | valid1 NMSE : 0.0159 | valid1 MSE : 25.2545
[2025-05-26 20:28:23,947][__main__][INFO] - Step 1300 | valid1 NMSE : 0.0169 | valid1 MSE : 26.9743
[2025-05-26 20:30:46,301][__main__][INFO] - Step 1400 | valid1 NMSE : 0.0156 | valid1 MSE : 24.9492
[2025-05-26 20:33:05,832][__main__][INFO] - Step 1500 | valid1 NMSE : 0.0141 | valid1 MSE : 22.6866
[2025-05-26 20:35:26,810][__main__][INFO] - Step 1600 | valid1 NMSE : 0.0147 | valid1 MSE : 23.3498
[2025-05-26 20:38:16,223][__main__][INFO] - Step 1700 | valid1 NMSE : 0.0136 | valid1 MSE : 21.9342
[2025-05-26 20:42:25,320][__main__][INFO] - Step 1800 | valid1 NMSE : 0.0121 | valid1 MSE : 19.6223
[2025-05-26 20:44:44,200][__main__][INFO] - Step 1900 | valid1 NMSE : 0.0123 | valid1 MSE : 19.9366
[2025-05-26 20:47:03,599][__main__][INFO] - Step 2000 | valid1 NMSE : 0.0117 | valid1 MSE : 19.1149
[2025-05-26 20:49:25,805][__main__][INFO] - Step 2100 | valid1 NMSE : 0.0120 | valid1 MSE : 19.3480
[2025-05-26 20:51:45,091][__main__][INFO] - Step 2200 | valid1 NMSE : 0.0116 | valid1 MSE : 18.8283
[2025-05-26 20:54:03,368][__main__][INFO] - Step 2300 | valid1 NMSE : 0.0120 | valid1 MSE : 19.4762
[2025-05-26 20:56:24,510][__main__][INFO] - Step 2400 | valid1 NMSE : 0.0120 | valid1 MSE : 19.3502
[2025-05-26 20:58:46,323][__main__][INFO] - Step 2500 | valid1 NMSE : 0.0112 | valid1 MSE : 18.0707
[2025-05-26 21:01:06,354][__main__][INFO] - Step 2600 | valid1 NMSE : 0.0105 | valid1 MSE : 17.0556
[2025-05-26 21:03:27,560][__main__][INFO] - Step 2700 | valid1 NMSE : 0.0097 | valid1 MSE : 16.0054
[2025-05-26 21:05:45,462][__main__][INFO] - Step 2800 | valid1 NMSE : 0.0096 | valid1 MSE : 15.7690
[2025-05-26 21:08:04,795][__main__][INFO] - Step 2900 | valid1 NMSE : 0.0093 | valid1 MSE : 15.4298
[2025-05-26 21:10:25,581][__main__][INFO] - Step 3000 | valid1 NMSE : 0.0099 | valid1 MSE : 16.0646
[2025-05-26 21:12:44,791][__main__][INFO] - Step 3100 | valid1 NMSE : 0.0087 | valid1 MSE : 14.4620
[2025-05-26 21:15:13,251][__main__][INFO] - Step 3200 | valid1 NMSE : 0.0104 | valid1 MSE : 16.9870
[2025-05-26 21:17:37,360][__main__][INFO] - Step 3300 | valid1 NMSE : 0.0089 | valid1 MSE : 14.8076
[2025-05-26 21:19:57,911][__main__][INFO] - Step 3400 | valid1 NMSE : 0.0088 | valid1 MSE : 14.5974
[2025-05-26 21:22:20,865][__main__][INFO] - Step 3500 | valid1 NMSE : 0.0091 | valid1 MSE : 15.1263
[2025-05-26 21:24:41,823][__main__][INFO] - Step 3600 | valid1 NMSE : 0.0091 | valid1 MSE : 15.1012
[2025-05-26 21:27:00,084][__main__][INFO] - Step 3700 | valid1 NMSE : 0.0082 | valid1 MSE : 13.7290
[2025-05-26 21:29:20,772][__main__][INFO] - Step 3800 | valid1 NMSE : 0.0088 | valid1 MSE : 14.5729
[2025-05-26 21:31:38,936][__main__][INFO] - Step 3900 | valid1 NMSE : 0.0083 | valid1 MSE : 13.7131
[2025-05-26 21:33:55,817][__main__][INFO] - Step 4000 | valid1 NMSE : 0.0088 | valid1 MSE : 14.4705
[2025-05-26 21:33:55,817][__main__][INFO] - Training done in 97.208 min
[2025-05-26 21:33:55,818][__main__][INFO] - Average time per step: 1.458 s
[2025-05-26 21:33:55,961][__main__][INFO] - End of training
[2025-05-26 21:33:57,930][__main__][INFO] - Plotted losses
[2025-05-26 21:33:57,931][__main__][INFO] - Computing test metrics
[2025-05-26 21:34:13,013][__main__][INFO] - Evaluation done in 0.251 min
[2025-05-26 21:34:24,871][__main__][INFO] - Evaluation done in 0.148 min
[2025-05-26 21:34:29,452][__main__][INFO] - Saved plots
[2025-05-26 21:34:29,452][__main__][INFO] - End of script

[2025-05-26 21:34:54,442][__main__][INFO] - =====Running main script=====
[2025-05-26 21:34:54,544][__main__][INFO] - Fetched main configs, save directory : ../outputs/benchmark_cluster_full/PatchTST_mIN_normalize_y/
[2025-05-26 21:34:54,544][__main__][INFO] - Model PatchTST, normalization mIN, criterion normalize_y, kwargs {'last': False, 'latent': True}
[2025-05-26 21:34:54,632][__main__][INFO] - Fetched dataloaders
[2025-05-26 21:34:54,634][__main__][INFO] - Training data shape : (100, 1, 8736)
[2025-05-26 21:34:54,634][__main__][INFO] - Batch sizes : X=torch.Size([28, 1, 336]), y=torch.Size([28, 1, 24])
[2025-05-26 21:35:00,883][__main__][INFO] - batch_size=28, learning_rate=0.0001, steps per epoch=4, epochs=1000
[2025-05-26 21:35:00,883][__main__][INFO] - Starting training...
[2025-05-26 21:35:00,883][__main__][INFO] - Using device: cuda
[2025-05-26 21:35:00,883][__main__][INFO] - Training 1000 epochs of 4 batches (4000 steps): , eval_freq: 50, print_freq: 100
[2025-05-26 21:36:10,324][__main__][INFO] - Step 1 | valid1 NMSE : 0.9884 | valid1 MSE : 1477.2635
[2025-05-26 21:38:30,507][__main__][INFO] - Step 100 | valid1 NMSE : 0.0548 | valid1 MSE : 85.5984
[2025-05-26 21:40:50,092][__main__][INFO] - Step 200 | valid1 NMSE : 0.0346 | valid1 MSE : 55.8296
[2025-05-26 21:43:10,174][__main__][INFO] - Step 300 | valid1 NMSE : 0.0279 | valid1 MSE : 45.3373
[2025-05-26 21:45:31,416][__main__][INFO] - Step 400 | valid1 NMSE : 0.0264 | valid1 MSE : 42.9207
[2025-05-26 21:47:51,334][__main__][INFO] - Step 500 | valid1 NMSE : 0.0230 | valid1 MSE : 37.5583
[2025-05-26 21:50:09,033][__main__][INFO] - Step 600 | valid1 NMSE : 0.0216 | valid1 MSE : 35.3480
[2025-05-26 21:52:24,895][__main__][INFO] - Step 700 | valid1 NMSE : 0.0210 | valid1 MSE : 34.3533
[2025-05-26 21:54:42,435][__main__][INFO] - Step 800 | valid1 NMSE : 0.0189 | valid1 MSE : 30.9928
[2025-05-26 21:56:59,472][__main__][INFO] - Step 900 | valid1 NMSE : 0.0181 | valid1 MSE : 29.7922
[2025-05-26 21:59:17,050][__main__][INFO] - Step 1000 | valid1 NMSE : 0.0179 | valid1 MSE : 29.3760
[2025-05-26 22:01:33,912][__main__][INFO] - Step 1100 | valid1 NMSE : 0.0157 | valid1 MSE : 26.1206
[2025-05-26 22:03:51,150][__main__][INFO] - Step 1200 | valid1 NMSE : 0.0161 | valid1 MSE : 26.5291
[2025-05-26 22:06:08,297][__main__][INFO] - Step 1300 | valid1 NMSE : 0.0163 | valid1 MSE : 26.9079
[2025-05-26 22:08:24,806][__main__][INFO] - Step 1400 | valid1 NMSE : 0.0136 | valid1 MSE : 22.4956
[2025-05-26 22:10:41,325][__main__][INFO] - Step 1500 | valid1 NMSE : 0.0147 | valid1 MSE : 24.4445
[2025-05-26 22:12:59,621][__main__][INFO] - Step 1600 | valid1 NMSE : 0.0138 | valid1 MSE : 22.8473
[2025-05-26 22:15:20,939][__main__][INFO] - Step 1700 | valid1 NMSE : 0.0142 | valid1 MSE : 23.6434
[2025-05-26 22:19:17,139][__main__][INFO] - Step 1800 | valid1 NMSE : 0.0128 | valid1 MSE : 21.2830
[2025-05-26 22:23:31,261][__main__][INFO] - Step 1900 | valid1 NMSE : 0.0120 | valid1 MSE : 20.0482
[2025-05-26 22:27:35,928][__main__][INFO] - Step 2000 | valid1 NMSE : 0.0117 | valid1 MSE : 19.6990
[2025-05-26 22:31:40,557][__main__][INFO] - Step 2100 | valid1 NMSE : 0.0125 | valid1 MSE : 20.8481
[2025-05-26 22:35:43,728][__main__][INFO] - Step 2200 | valid1 NMSE : 0.0110 | valid1 MSE : 18.5195
[2025-05-26 22:40:01,992][__main__][INFO] - Step 2300 | valid1 NMSE : 0.0110 | valid1 MSE : 18.5842
[2025-05-26 22:44:19,139][__main__][INFO] - Step 2400 | valid1 NMSE : 0.0104 | valid1 MSE : 17.3667
[2025-05-26 22:48:38,328][__main__][INFO] - Step 2500 | valid1 NMSE : 0.0103 | valid1 MSE : 17.3902
[2025-05-26 22:52:57,306][__main__][INFO] - Step 2600 | valid1 NMSE : 0.0108 | valid1 MSE : 18.1948
[2025-05-26 22:57:15,907][__main__][INFO] - Step 2700 | valid1 NMSE : 0.0096 | valid1 MSE : 16.3609
[2025-05-26 23:01:32,524][__main__][INFO] - Step 2800 | valid1 NMSE : 0.0092 | valid1 MSE : 15.5745
[2025-05-26 23:05:42,414][__main__][INFO] - Step 2900 | valid1 NMSE : 0.0094 | valid1 MSE : 15.9359
[2025-05-26 23:09:51,113][__main__][INFO] - Step 3000 | valid1 NMSE : 0.0086 | valid1 MSE : 14.5271
[2025-05-26 23:13:57,533][__main__][INFO] - Step 3100 | valid1 NMSE : 0.0090 | valid1 MSE : 15.3731
[2025-05-26 23:18:04,312][__main__][INFO] - Step 3200 | valid1 NMSE : 0.0085 | valid1 MSE : 14.4618
[2025-05-26 23:22:16,946][__main__][INFO] - Step 3300 | valid1 NMSE : 0.0077 | valid1 MSE : 13.2431
[2025-05-26 23:26:31,061][__main__][INFO] - Step 3400 | valid1 NMSE : 0.0085 | valid1 MSE : 14.5589
[2025-05-26 23:30:40,284][__main__][INFO] - Step 3500 | valid1 NMSE : 0.0081 | valid1 MSE : 13.9125
[2025-05-26 23:34:47,846][__main__][INFO] - Step 3600 | valid1 NMSE : 0.0078 | valid1 MSE : 13.3856
[2025-05-26 23:39:01,698][__main__][INFO] - Step 3700 | valid1 NMSE : 0.0079 | valid1 MSE : 13.6081
[2025-05-26 23:43:02,284][__main__][INFO] - Step 3800 | valid1 NMSE : 0.0080 | valid1 MSE : 13.5900
[2025-05-26 23:46:59,715][__main__][INFO] - Step 3900 | valid1 NMSE : 0.0078 | valid1 MSE : 13.6268
[2025-05-26 23:51:11,095][__main__][INFO] - Step 4000 | valid1 NMSE : 0.0080 | valid1 MSE : 13.7942
[2025-05-26 23:51:11,096][__main__][INFO] - Training done in 136.170 min
[2025-05-26 23:51:11,096][__main__][INFO] - Average time per step: 2.043 s
[2025-05-26 23:51:11,288][__main__][INFO] - End of training
[2025-05-26 23:51:12,606][__main__][INFO] - Plotted losses
[2025-05-26 23:51:12,606][__main__][INFO] - Computing test metrics
[2025-05-26 23:51:44,886][__main__][INFO] - Evaluation done in 0.538 min
[2025-05-26 23:52:09,512][__main__][INFO] - Evaluation done in 0.363 min
[2025-05-26 23:52:14,095][__main__][INFO] - Saved plots
[2025-05-26 23:52:14,095][__main__][INFO] - Final mIN parameters: {'beta': np.float32(-0.000585073), 'alpha': np.float32(0.8257624)}
[2025-05-26 23:52:14,513][__main__][INFO] - End of script

[2025-05-26 23:52:20,454][__main__][INFO] - =====Running main script=====
[2025-05-26 23:52:20,690][__main__][INFO] - Fetched main configs, save directory : ../outputs/benchmark_cluster_full/PatchTST_instance_MSE/
[2025-05-26 23:52:20,691][__main__][INFO] - Model PatchTST, normalization instance, criterion MSE, kwargs {'last': False, 'latent': False}
[2025-05-26 23:52:20,835][__main__][INFO] - Fetched dataloaders
[2025-05-26 23:52:20,837][__main__][INFO] - Training data shape : (100, 1, 8736)
[2025-05-26 23:52:20,837][__main__][INFO] - Batch sizes : X=torch.Size([28, 1, 336]), y=torch.Size([28, 1, 24])
[2025-05-26 23:52:22,798][__main__][INFO] - batch_size=28, learning_rate=0.0001, steps per epoch=4, epochs=1000
[2025-05-26 23:52:22,798][__main__][INFO] - Starting training...
[2025-05-26 23:52:22,798][__main__][INFO] - Using device: cuda
[2025-05-26 23:52:22,798][__main__][INFO] - Training 1000 epochs of 4 batches (4000 steps): , eval_freq: 50, print_freq: 100
[2025-05-26 23:54:28,146][__main__][INFO] - Step 1 | valid1 MSE : 1591.7108 | valid1 NMSE : 1.0598
[2025-05-26 23:58:43,640][__main__][INFO] - Step 100 | valid1 MSE : 86.1173 | valid1 NMSE : 0.0570
[2025-05-27 00:02:59,660][__main__][INFO] - Step 200 | valid1 MSE : 58.1120 | valid1 NMSE : 0.0381
[2025-05-27 00:07:10,417][__main__][INFO] - Step 300 | valid1 MSE : 46.0507 | valid1 NMSE : 0.0299
[2025-05-27 00:11:18,033][__main__][INFO] - Step 400 | valid1 MSE : 41.1618 | valid1 NMSE : 0.0265
[2025-05-27 00:15:37,078][__main__][INFO] - Step 500 | valid1 MSE : 37.0623 | valid1 NMSE : 0.0237
[2025-05-27 00:19:51,875][__main__][INFO] - Step 600 | valid1 MSE : 35.6829 | valid1 NMSE : 0.0229
[2025-05-27 00:24:02,811][__main__][INFO] - Step 700 | valid1 MSE : 31.3309 | valid1 NMSE : 0.0201
[2025-05-27 00:28:14,647][__main__][INFO] - Step 800 | valid1 MSE : 32.1370 | valid1 NMSE : 0.0208
[2025-05-27 00:32:32,120][__main__][INFO] - Step 900 | valid1 MSE : 28.7939 | valid1 NMSE : 0.0183
[2025-05-27 00:36:43,864][__main__][INFO] - Step 1000 | valid1 MSE : 26.9184 | valid1 NMSE : 0.0171
[2025-05-27 00:40:51,682][__main__][INFO] - Step 1100 | valid1 MSE : 27.9594 | valid1 NMSE : 0.0179
[2025-05-27 00:44:58,612][__main__][INFO] - Step 1200 | valid1 MSE : 26.2319 | valid1 NMSE : 0.0168
[2025-05-27 00:49:05,030][__main__][INFO] - Step 1300 | valid1 MSE : 25.2514 | valid1 NMSE : 0.0162
[2025-05-27 00:53:18,438][__main__][INFO] - Step 1400 | valid1 MSE : 24.8137 | valid1 NMSE : 0.0161
[2025-05-27 00:57:31,845][__main__][INFO] - Step 1500 | valid1 MSE : 23.2710 | valid1 NMSE : 0.0147
[2025-05-27 01:01:45,789][__main__][INFO] - Step 1600 | valid1 MSE : 21.8544 | valid1 NMSE : 0.0138
[2025-05-27 01:05:58,360][__main__][INFO] - Step 1700 | valid1 MSE : 23.5392 | valid1 NMSE : 0.0152
[2025-05-27 01:10:12,760][__main__][INFO] - Step 1800 | valid1 MSE : 22.9519 | valid1 NMSE : 0.0151
[2025-05-27 01:14:24,939][__main__][INFO] - Step 1900 | valid1 MSE : 21.4746 | valid1 NMSE : 0.0137
[2025-05-27 01:18:40,943][__main__][INFO] - Step 2000 | valid1 MSE : 20.0406 | valid1 NMSE : 0.0128
[2025-05-27 01:22:51,695][__main__][INFO] - Step 2100 | valid1 MSE : 20.7421 | valid1 NMSE : 0.0137
[2025-05-27 01:27:06,504][__main__][INFO] - Step 2200 | valid1 MSE : 19.2721 | valid1 NMSE : 0.0126
[2025-05-27 01:31:22,152][__main__][INFO] - Step 2300 | valid1 MSE : 19.1622 | valid1 NMSE : 0.0128
[2025-05-27 01:35:33,373][__main__][INFO] - Step 2400 | valid1 MSE : 19.6258 | valid1 NMSE : 0.0130
[2025-05-27 01:39:53,267][__main__][INFO] - Step 2500 | valid1 MSE : 18.8732 | valid1 NMSE : 0.0122
[2025-05-27 01:44:05,437][__main__][INFO] - Step 2600 | valid1 MSE : 17.9905 | valid1 NMSE : 0.0118
[2025-05-27 01:48:14,456][__main__][INFO] - Step 2700 | valid1 MSE : 17.2879 | valid1 NMSE : 0.0110
[2025-05-27 01:52:39,214][__main__][INFO] - Step 2800 | valid1 MSE : 16.5140 | valid1 NMSE : 0.0108
[2025-05-27 01:56:55,826][__main__][INFO] - Step 2900 | valid1 MSE : 16.3801 | valid1 NMSE : 0.0106
[2025-05-27 02:01:14,403][__main__][INFO] - Step 3000 | valid1 MSE : 18.1700 | valid1 NMSE : 0.0120
[2025-05-27 02:05:30,928][__main__][INFO] - Step 3100 | valid1 MSE : 15.7596 | valid1 NMSE : 0.0105
[2025-05-27 02:09:43,892][__main__][INFO] - Step 3200 | valid1 MSE : 17.0615 | valid1 NMSE : 0.0113
[2025-05-27 02:13:50,624][__main__][INFO] - Step 3300 | valid1 MSE : 16.3953 | valid1 NMSE : 0.0108
[2025-05-27 02:18:10,343][__main__][INFO] - Step 3400 | valid1 MSE : 18.1767 | valid1 NMSE : 0.0125
[2025-05-27 02:22:23,233][__main__][INFO] - Step 3500 | valid1 MSE : 16.8302 | valid1 NMSE : 0.0114
[2025-05-27 02:26:43,793][__main__][INFO] - Step 3600 | valid1 MSE : 14.4874 | valid1 NMSE : 0.0095
[2025-05-27 02:30:55,965][__main__][INFO] - Step 3700 | valid1 MSE : 15.3113 | valid1 NMSE : 0.0102
[2025-05-27 02:35:10,581][__main__][INFO] - Step 3800 | valid1 MSE : 15.3915 | valid1 NMSE : 0.0105
[2025-05-27 02:39:23,072][__main__][INFO] - Step 3900 | valid1 MSE : 15.2422 | valid1 NMSE : 0.0102
[2025-05-27 02:43:32,234][__main__][INFO] - Step 4000 | valid1 MSE : 14.5300 | valid1 NMSE : 0.0101
[2025-05-27 02:43:32,235][__main__][INFO] - Training done in 171.157 min
[2025-05-27 02:43:32,235][__main__][INFO] - Average time per step: 2.567 s
[2025-05-27 02:43:32,345][__main__][INFO] - End of training
[2025-05-27 02:43:33,349][__main__][INFO] - Plotted losses
[2025-05-27 02:43:33,349][__main__][INFO] - Computing test metrics
[2025-05-27 02:44:07,086][__main__][INFO] - Evaluation done in 0.562 min
[2025-05-27 02:44:21,314][__main__][INFO] - Evaluation done in 0.190 min
[2025-05-27 02:44:25,953][__main__][INFO] - Saved plots
[2025-05-27 02:44:25,953][__main__][INFO] - End of script

[2025-05-27 02:44:34,409][__main__][INFO] - =====Running main script=====
[2025-05-27 02:44:34,626][__main__][INFO] - Fetched main configs, save directory : ../outputs/benchmark_cluster_full/PatchTST_mIN_MSE/
[2025-05-27 02:44:34,626][__main__][INFO] - Model PatchTST, normalization mIN, criterion MSE, kwargs {'last': False, 'latent': False}
[2025-05-27 02:44:34,918][__main__][INFO] - Fetched dataloaders
[2025-05-27 02:44:34,920][__main__][INFO] - Training data shape : (100, 1, 8736)
[2025-05-27 02:44:34,920][__main__][INFO] - Batch sizes : X=torch.Size([28, 1, 336]), y=torch.Size([28, 1, 24])
[2025-05-27 02:44:37,469][__main__][INFO] - batch_size=28, learning_rate=0.0001, steps per epoch=4, epochs=1000
[2025-05-27 02:44:37,469][__main__][INFO] - Starting training...
[2025-05-27 02:44:37,469][__main__][INFO] - Using device: cuda
[2025-05-27 02:44:37,469][__main__][INFO] - Training 1000 epochs of 4 batches (4000 steps): , eval_freq: 50, print_freq: 100
[2025-05-27 02:46:45,623][__main__][INFO] - Step 1 | valid1 MSE : 1522.5818 | valid1 NMSE : 1.0141
[2025-05-27 02:51:01,130][__main__][INFO] - Step 100 | valid1 MSE : 81.8292 | valid1 NMSE : 0.0534
[2025-05-27 02:55:14,358][__main__][INFO] - Step 200 | valid1 MSE : 57.5704 | valid1 NMSE : 0.0374
[2025-05-27 02:59:23,851][__main__][INFO] - Step 300 | valid1 MSE : 45.6607 | valid1 NMSE : 0.0297
[2025-05-27 03:03:30,009][__main__][INFO] - Step 400 | valid1 MSE : 40.3430 | valid1 NMSE : 0.0260
[2025-05-27 03:07:38,618][__main__][INFO] - Step 500 | valid1 MSE : 37.1843 | valid1 NMSE : 0.0237
[2025-05-27 03:11:50,809][__main__][INFO] - Step 600 | valid1 MSE : 37.1505 | valid1 NMSE : 0.0239
[2025-05-27 03:16:02,580][__main__][INFO] - Step 700 | valid1 MSE : 34.5967 | valid1 NMSE : 0.0218
[2025-05-27 03:20:20,617][__main__][INFO] - Step 800 | valid1 MSE : 30.3529 | valid1 NMSE : 0.0192
[2025-05-27 03:24:34,952][__main__][INFO] - Step 900 | valid1 MSE : 29.0752 | valid1 NMSE : 0.0184
[2025-05-27 03:28:46,876][__main__][INFO] - Step 1000 | valid1 MSE : 28.0443 | valid1 NMSE : 0.0177
[2025-05-27 03:33:03,718][__main__][INFO] - Step 1100 | valid1 MSE : 25.5576 | valid1 NMSE : 0.0163
[2025-05-27 03:37:20,576][__main__][INFO] - Step 1200 | valid1 MSE : 23.0719 | valid1 NMSE : 0.0144
[2025-05-27 03:41:37,301][__main__][INFO] - Step 1300 | valid1 MSE : 26.3102 | valid1 NMSE : 0.0170
[2025-05-27 03:45:50,055][__main__][INFO] - Step 1400 | valid1 MSE : 24.1049 | valid1 NMSE : 0.0153
[2025-05-27 03:50:03,121][__main__][INFO] - Step 1500 | valid1 MSE : 24.3647 | valid1 NMSE : 0.0159
[2025-05-27 03:54:16,089][__main__][INFO] - Step 1600 | valid1 MSE : 22.4733 | valid1 NMSE : 0.0141
[2025-05-27 03:58:26,437][__main__][INFO] - Step 1700 | valid1 MSE : 23.3397 | valid1 NMSE : 0.0152
[2025-05-27 04:02:40,589][__main__][INFO] - Step 1800 | valid1 MSE : 21.9579 | valid1 NMSE : 0.0139
[2025-05-27 04:06:53,102][__main__][INFO] - Step 1900 | valid1 MSE : 20.0212 | valid1 NMSE : 0.0130
[2025-05-27 04:11:05,875][__main__][INFO] - Step 2000 | valid1 MSE : 18.3568 | valid1 NMSE : 0.0116
[2025-05-27 04:15:21,621][__main__][INFO] - Step 2100 | valid1 MSE : 19.3146 | valid1 NMSE : 0.0123
[2025-05-27 04:19:33,690][__main__][INFO] - Step 2200 | valid1 MSE : 19.8988 | valid1 NMSE : 0.0128
[2025-05-27 04:23:46,674][__main__][INFO] - Step 2300 | valid1 MSE : 17.3076 | valid1 NMSE : 0.0108
[2025-05-27 04:27:58,320][__main__][INFO] - Step 2400 | valid1 MSE : 18.4757 | valid1 NMSE : 0.0117
[2025-05-27 04:32:14,450][__main__][INFO] - Step 2500 | valid1 MSE : 17.1957 | valid1 NMSE : 0.0108
[2025-05-27 04:36:30,344][__main__][INFO] - Step 2600 | valid1 MSE : 16.8815 | valid1 NMSE : 0.0107
[2025-05-27 04:40:43,038][__main__][INFO] - Step 2700 | valid1 MSE : 16.0188 | valid1 NMSE : 0.0099
[2025-05-27 04:44:54,378][__main__][INFO] - Step 2800 | valid1 MSE : 15.8192 | valid1 NMSE : 0.0100
[2025-05-27 04:49:12,013][__main__][INFO] - Step 2900 | valid1 MSE : 15.9243 | valid1 NMSE : 0.0100
[2025-05-27 04:53:31,715][__main__][INFO] - Step 3000 | valid1 MSE : 15.2605 | valid1 NMSE : 0.0096
[2025-05-27 04:57:47,509][__main__][INFO] - Step 3100 | valid1 MSE : 15.5154 | valid1 NMSE : 0.0099
[2025-05-27 05:02:04,401][__main__][INFO] - Step 3200 | valid1 MSE : 14.5522 | valid1 NMSE : 0.0093
[2025-05-27 05:06:17,674][__main__][INFO] - Step 3300 | valid1 MSE : 14.8149 | valid1 NMSE : 0.0096
[2025-05-27 05:10:27,851][__main__][INFO] - Step 3400 | valid1 MSE : 14.4695 | valid1 NMSE : 0.0092
[2025-05-27 05:14:40,847][__main__][INFO] - Step 3500 | valid1 MSE : 14.4172 | valid1 NMSE : 0.0090
[2025-05-27 05:18:50,737][__main__][INFO] - Step 3600 | valid1 MSE : 13.9476 | valid1 NMSE : 0.0089
[2025-05-27 05:23:04,341][__main__][INFO] - Step 3700 | valid1 MSE : 13.1225 | valid1 NMSE : 0.0083
[2025-05-27 05:27:19,967][__main__][INFO] - Step 3800 | valid1 MSE : 14.1984 | valid1 NMSE : 0.0091
[2025-05-27 05:31:41,572][__main__][INFO] - Step 3900 | valid1 MSE : 14.5346 | valid1 NMSE : 0.0094
[2025-05-27 05:36:01,746][__main__][INFO] - Step 4000 | valid1 MSE : 14.8769 | valid1 NMSE : 0.0096
[2025-05-27 05:36:01,746][__main__][INFO] - Training done in 171.405 min
[2025-05-27 05:36:01,746][__main__][INFO] - Average time per step: 2.571 s
[2025-05-27 05:36:01,856][__main__][INFO] - End of training
[2025-05-27 05:36:03,176][__main__][INFO] - Plotted losses
[2025-05-27 05:36:03,176][__main__][INFO] - Computing test metrics
[2025-05-27 05:36:19,605][__main__][INFO] - Evaluation done in 0.274 min
[2025-05-27 05:36:33,288][__main__][INFO] - Evaluation done in 0.180 min
[2025-05-27 05:36:37,787][__main__][INFO] - Saved plots
[2025-05-27 05:36:37,787][__main__][INFO] - Final mIN parameters: {'beta': np.float32(0.0013895435), 'alpha': np.float32(0.83712447)}
[2025-05-27 05:36:38,168][__main__][INFO] - End of script

+------------------+---------------------------------+----------------------------+-------------------------+--------------------+
|                  |   PatchTST_instance_normalize_y |   PatchTST_mIN_normalize_y |   PatchTST_instance_MSE |   PatchTST_mIN_MSE |
+==================+=================================+============================+=========================+====================+
| Test NMSE * 1e-3 |                          0.0000 |                     0.0000 |                  0.0000 |             0.0000 |
+------------------+---------------------------------+----------------------------+-------------------------+--------------------+
| Test MSE         |                         14.5317 |                    13.7892 |                 14.6553 |            14.7258 |
+------------------+---------------------------------+----------------------------+-------------------------+--------------------+
