[2025-08-21 09:35:31,630][__main__][INFO] - =====Running main script=====
[2025-08-21 09:35:31,636][__main__][INFO] - Fetched main configs, save directory : ../outputs/bench_cte/repeat_2_removeFalse/
[2025-08-21 09:35:31,636][__main__][INFO] - Model repeat, normalization None, criterion MSE, kwargs {}
[2025-08-21 09:35:31,880][__main__][INFO] - Fetched dataloaders
[2025-08-21 09:35:31,881][__main__][INFO] - Training data shape : (224, 1, 13152)
[2025-08-21 09:35:31,881][__main__][INFO] - Batch sizes : X=torch.Size([28, 1, 336]), y=torch.Size([28, 1, 48])
[2025-08-21 09:35:32,158][__main__][INFO] - No training needed
[2025-08-21 09:35:32,158][__main__][INFO] - Computing test metrics
[2025-08-21 09:35:50,692][__main__][INFO] - Evaluation done in 0.309 min
[2025-08-21 09:36:21,080][__main__][INFO] - Evaluation done in 0.125 min
[2025-08-21 09:36:37,330][__main__][INFO] - Saved plots
[2025-08-21 09:36:37,330][__main__][INFO] - End of script

[2025-08-21 09:36:42,851][__main__][INFO] - =====Running main script=====
[2025-08-21 09:36:42,856][__main__][INFO] - Fetched main configs, save directory : ../outputs/bench_cte/PatchTST_MSE_2_removeFalse/
[2025-08-21 09:36:42,856][__main__][INFO] - Model PatchTST, normalization instance, criterion MSE, kwargs {}
[2025-08-21 09:36:43,004][__main__][INFO] - Fetched dataloaders
[2025-08-21 09:36:43,009][__main__][INFO] - Training data shape : (224, 1, 13152)
[2025-08-21 09:36:43,009][__main__][INFO] - Batch sizes : X=torch.Size([223, 1, 336]), y=torch.Size([223, 1, 48])
[2025-08-21 09:36:45,553][__main__][INFO] - batch_size=223, learning_rate=1e-05, steps per epoch=2, epochs=2000
[2025-08-21 09:36:45,553][__main__][INFO] - Starting training...
[2025-08-21 09:36:45,553][__main__][INFO] - Using device: cuda
[2025-08-21 09:36:45,553][__main__][INFO] - Training 2000 epochs of 2 batches (4000 steps): , eval_freq: 100, print_freq: 100
[2025-08-21 09:38:53,851][__main__][INFO] - Step 1 | valid1 MSE : 81376912.0000 | valid1 MAE : 1096.7970 | valid1 NMSE : 7489042432.0000 | valid1 RMSE : 7489042432.0000
[2025-08-21 09:41:04,706][__main__][INFO] - Step 100 | valid1 MSE : 30335572.0000 | valid1 MAE : 670.5770 | valid1 NMSE : 7489042432.0000 | valid1 RMSE : 7489042432.0000
[2025-08-21 09:43:18,444][__main__][INFO] - Step 200 | valid1 MSE : 17239024.0000 | valid1 MAE : 527.5080 | valid1 NMSE : 7489042432.0000 | valid1 RMSE : 7489042432.0000
[2025-08-21 09:45:30,066][__main__][INFO] - Step 300 | valid1 MSE : 16129481.0000 | valid1 MAE : 511.6716 | valid1 NMSE : 7489042432.0000 | valid1 RMSE : 7489042432.0000
[2025-08-21 09:47:39,633][__main__][INFO] - Step 400 | valid1 MSE : 14450148.0000 | valid1 MAE : 488.9498 | valid1 NMSE : 7489042432.0000 | valid1 RMSE : 7489042432.0000
[2025-08-21 09:49:47,736][__main__][INFO] - Step 500 | valid1 MSE : 13352893.0000 | valid1 MAE : 473.3412 | valid1 NMSE : 7489042432.0000 | valid1 RMSE : 7489042432.0000
[2025-08-21 09:51:57,970][__main__][INFO] - Step 600 | valid1 MSE : 15940998.0000 | valid1 MAE : 504.2699 | valid1 NMSE : 7489042432.0000 | valid1 RMSE : 7489042432.0000
[2025-08-21 09:54:12,309][__main__][INFO] - Step 700 | valid1 MSE : 14958677.0000 | valid1 MAE : 491.1588 | valid1 NMSE : 7489042432.0000 | valid1 RMSE : 7489042432.0000
[2025-08-21 09:56:24,553][__main__][INFO] - Step 800 | valid1 MSE : 17177056.0000 | valid1 MAE : 519.8888 | valid1 NMSE : 7489042432.0000 | valid1 RMSE : 7489042432.0000
[2025-08-21 09:58:35,180][__main__][INFO] - Step 900 | valid1 MSE : 15988888.0000 | valid1 MAE : 504.1787 | valid1 NMSE : 7489042432.0000 | valid1 RMSE : 7489042432.0000
[2025-08-21 10:00:43,854][__main__][INFO] - Step 1000 | valid1 MSE : 14933668.0000 | valid1 MAE : 488.8672 | valid1 NMSE : 7489042432.0000 | valid1 RMSE : 7489042432.0000
[2025-08-21 10:02:54,338][__main__][INFO] - Step 1100 | valid1 MSE : 14309457.0000 | valid1 MAE : 480.9113 | valid1 NMSE : 7489042432.0000 | valid1 RMSE : 7489042432.0000
[2025-08-21 10:05:09,211][__main__][INFO] - Step 1200 | valid1 MSE : 13144031.0000 | valid1 MAE : 464.7903 | valid1 NMSE : 7489042432.0000 | valid1 RMSE : 7489042432.0000
[2025-08-21 10:07:21,599][__main__][INFO] - Step 1300 | valid1 MSE : 12497388.0000 | valid1 MAE : 455.5591 | valid1 NMSE : 7489042432.0000 | valid1 RMSE : 7489042432.0000
[2025-08-21 10:09:31,666][__main__][INFO] - Step 1400 | valid1 MSE : 19334324.0000 | valid1 MAE : 545.7874 | valid1 NMSE : 7489042432.0000 | valid1 RMSE : 7489042432.0000
[2025-08-21 10:11:39,481][__main__][INFO] - Step 1500 | valid1 MSE : 19122460.0000 | valid1 MAE : 543.2009 | valid1 NMSE : 7489042432.0000 | valid1 RMSE : 7489042432.0000
[2025-08-21 10:13:50,204][__main__][INFO] - Step 1600 | valid1 MSE : 17932092.0000 | valid1 MAE : 526.7924 | valid1 NMSE : 7489042432.0000 | valid1 RMSE : 7489042432.0000
[2025-08-21 10:16:01,884][__main__][INFO] - Step 1700 | valid1 MSE : 18442824.0000 | valid1 MAE : 535.9312 | valid1 NMSE : 7489042432.0000 | valid1 RMSE : 7489042432.0000
[2025-08-21 10:18:14,334][__main__][INFO] - Step 1800 | valid1 MSE : 17558328.0000 | valid1 MAE : 524.3828 | valid1 NMSE : 7489042432.0000 | valid1 RMSE : 7489042432.0000
[2025-08-21 10:20:24,762][__main__][INFO] - Step 1900 | valid1 MSE : 16196569.0000 | valid1 MAE : 505.0155 | valid1 NMSE : 7489042432.0000 | valid1 RMSE : 7489042432.0000
[2025-08-21 10:22:33,601][__main__][INFO] - Step 2000 | valid1 MSE : 15151796.0000 | valid1 MAE : 491.0800 | valid1 NMSE : 7489042432.0000 | valid1 RMSE : 7489042432.0000
[2025-08-21 10:24:45,166][__main__][INFO] - Step 2100 | valid1 MSE : 13930912.0000 | valid1 MAE : 474.2320 | valid1 NMSE : 7489042432.0000 | valid1 RMSE : 7489042432.0000
[2025-08-21 10:26:54,833][__main__][INFO] - Step 2200 | valid1 MSE : 13158117.0000 | valid1 MAE : 462.9447 | valid1 NMSE : 7489042432.0000 | valid1 RMSE : 7489042432.0000
[2025-08-21 10:29:08,325][__main__][INFO] - Step 2300 | valid1 MSE : 12599457.0000 | valid1 MAE : 453.5697 | valid1 NMSE : 7489042432.0000 | valid1 RMSE : 7489042432.0000
[2025-08-21 10:31:19,428][__main__][INFO] - Step 2400 | valid1 MSE : 17563172.0000 | valid1 MAE : 520.6329 | valid1 NMSE : 7489042432.0000 | valid1 RMSE : 7489042432.0000
[2025-08-21 10:33:28,542][__main__][INFO] - Step 2500 | valid1 MSE : 16578236.0000 | valid1 MAE : 508.2069 | valid1 NMSE : 7489042432.0000 | valid1 RMSE : 7489042432.0000
[2025-08-21 10:35:35,272][__main__][INFO] - Step 2600 | valid1 MSE : 14087833.0000 | valid1 MAE : 476.1860 | valid1 NMSE : 7489042432.0000 | valid1 RMSE : 7489042432.0000
[2025-08-21 10:37:44,287][__main__][INFO] - Step 2700 | valid1 MSE : 13401504.0000 | valid1 MAE : 465.9674 | valid1 NMSE : 7489042432.0000 | valid1 RMSE : 7489042432.0000
[2025-08-21 10:39:57,508][__main__][INFO] - Step 2800 | valid1 MSE : 12280705.0000 | valid1 MAE : 448.6877 | valid1 NMSE : 7489042432.0000 | valid1 RMSE : 7489042432.0000
[2025-08-21 10:42:09,604][__main__][INFO] - Step 2900 | valid1 MSE : 11306932.0000 | valid1 MAE : 434.0812 | valid1 NMSE : 7489042432.0000 | valid1 RMSE : 7489042432.0000
[2025-08-21 10:44:18,596][__main__][INFO] - Step 3000 | valid1 MSE : 11068148.0000 | valid1 MAE : 430.1138 | valid1 NMSE : 7489042432.0000 | valid1 RMSE : 7489042432.0000
[2025-08-21 10:46:25,367][__main__][INFO] - Step 3100 | valid1 MSE : 10497945.0000 | valid1 MAE : 420.6245 | valid1 NMSE : 7489042432.0000 | valid1 RMSE : 7489042432.0000
[2025-08-21 10:48:35,331][__main__][INFO] - Step 3200 | valid1 MSE : 10196996.0000 | valid1 MAE : 416.3655 | valid1 NMSE : 7489042432.0000 | valid1 RMSE : 7489042432.0000
[2025-08-21 10:50:48,798][__main__][INFO] - Step 3300 | valid1 MSE : 9970922.0000 | valid1 MAE : 412.5121 | valid1 NMSE : 7489042432.0000 | valid1 RMSE : 7489042432.0000
[2025-08-21 10:53:00,354][__main__][INFO] - Step 3400 | valid1 MSE : 9806530.0000 | valid1 MAE : 409.2705 | valid1 NMSE : 7489042432.0000 | valid1 RMSE : 7489042432.0000
[2025-08-21 10:55:09,683][__main__][INFO] - Step 3500 | valid1 MSE : 9556932.0000 | valid1 MAE : 404.5724 | valid1 NMSE : 7489042432.0000 | valid1 RMSE : 7489042432.0000
[2025-08-21 10:57:17,826][__main__][INFO] - Step 3600 | valid1 MSE : 9310354.0000 | valid1 MAE : 399.8070 | valid1 NMSE : 7489042432.0000 | valid1 RMSE : 7489042432.0000
[2025-08-21 10:59:27,776][__main__][INFO] - Step 3700 | valid1 MSE : 9227289.0000 | valid1 MAE : 399.0929 | valid1 NMSE : 7489042432.0000 | valid1 RMSE : 7489042432.0000
[2025-08-21 11:01:41,917][__main__][INFO] - Step 3800 | valid1 MSE : 8974187.0000 | valid1 MAE : 394.1186 | valid1 NMSE : 7489042432.0000 | valid1 RMSE : 7489042432.0000
[2025-08-21 11:03:53,461][__main__][INFO] - Step 3900 | valid1 MSE : 8949268.0000 | valid1 MAE : 393.6985 | valid1 NMSE : 7489042432.0000 | valid1 RMSE : 7489042432.0000
[2025-08-21 11:06:03,035][__main__][INFO] - Step 4000 | valid1 MSE : 8654604.0000 | valid1 MAE : 388.0776 | valid1 NMSE : 7489042432.0000 | valid1 RMSE : 7489042432.0000
[2025-08-21 11:06:03,036][__main__][INFO] - Training done in 89.291 min
[2025-08-21 11:06:03,036][__main__][INFO] - Average time per step: 1.339 s
[2025-08-21 11:06:03,073][__main__][INFO] - End of training
[2025-08-21 11:06:04,078][__main__][INFO] - Plotted losses
[2025-08-21 11:06:04,078][__main__][INFO] - Computing test metrics
[2025-08-21 11:06:18,827][__main__][INFO] - Evaluation done in 0.246 min
[2025-08-21 11:06:48,290][__main__][INFO] - Evaluation done in 0.117 min
[2025-08-21 11:07:04,762][__main__][INFO] - Saved plots
[2025-08-21 11:07:04,762][__main__][INFO] - End of script

[2025-08-21 11:07:11,057][__main__][INFO] - =====Running main script=====
[2025-08-21 11:07:11,080][__main__][INFO] - Fetched main configs, save directory : ../outputs/bench_cte/PatchTST_NMSE_2_removeFalse/
[2025-08-21 11:07:11,080][__main__][INFO] - Model PatchTST, normalization instance, criterion NMSE, kwargs {}
[2025-08-21 11:07:11,250][__main__][INFO] - Fetched dataloaders
[2025-08-21 11:07:11,255][__main__][INFO] - Training data shape : (224, 1, 13152)
[2025-08-21 11:07:11,255][__main__][INFO] - Batch sizes : X=torch.Size([223, 1, 336]), y=torch.Size([223, 1, 48])
[2025-08-21 11:07:13,757][__main__][INFO] - batch_size=223, learning_rate=1e-05, steps per epoch=2, epochs=2000
[2025-08-21 11:07:13,757][__main__][INFO] - Starting training...
[2025-08-21 11:07:13,758][__main__][INFO] - Using device: cuda
[2025-08-21 11:07:13,758][__main__][INFO] - Training 2000 epochs of 2 batches (4000 steps): , eval_freq: 100, print_freq: 100
[2025-08-21 11:09:21,400][__main__][INFO] - Step 1 | valid1 MSE : 80256552.0000 | valid1 MAE : 1089.5542 | valid1 NMSE : 7489042432.0000 | valid1 RMSE : 7489042432.0000
[2025-08-21 11:11:31,834][__main__][INFO] - Step 100 | valid1 MSE : 17786696.0000 | valid1 MAE : 521.3906 | valid1 NMSE : 7489042432.0000 | valid1 RMSE : 7489042432.0000
[2025-08-21 11:13:45,934][__main__][INFO] - Step 200 | valid1 MSE : 13828354.0000 | valid1 MAE : 463.0425 | valid1 NMSE : 7489042432.0000 | valid1 RMSE : 7489042432.0000
[2025-08-21 11:15:57,392][__main__][INFO] - Step 300 | valid1 MSE : 13480398.0000 | valid1 MAE : 457.3349 | valid1 NMSE : 7489042432.0000 | valid1 RMSE : 7489042432.0000
[2025-08-21 11:18:07,308][__main__][INFO] - Step 400 | valid1 MSE : 13488706.0000 | valid1 MAE : 457.4462 | valid1 NMSE : 7489042432.0000 | valid1 RMSE : 7489042432.0000
[2025-08-21 11:20:15,092][__main__][INFO] - Step 500 | valid1 MSE : 13751088.0000 | valid1 MAE : 461.4846 | valid1 NMSE : 7489042432.0000 | valid1 RMSE : 7489042432.0000
[2025-08-21 11:22:25,703][__main__][INFO] - Step 600 | valid1 MSE : 13547324.0000 | valid1 MAE : 458.0147 | valid1 NMSE : 7489042432.0000 | valid1 RMSE : 7489042432.0000
[2025-08-21 11:24:39,982][__main__][INFO] - Step 700 | valid1 MSE : 13525794.0000 | valid1 MAE : 458.3206 | valid1 NMSE : 7489042432.0000 | valid1 RMSE : 7489042432.0000
[2025-08-21 11:26:51,711][__main__][INFO] - Step 800 | valid1 MSE : 13727574.0000 | valid1 MAE : 461.0572 | valid1 NMSE : 7489042432.0000 | valid1 RMSE : 7489042432.0000
[2025-08-21 11:29:01,718][__main__][INFO] - Step 900 | valid1 MSE : 13691306.0000 | valid1 MAE : 460.4764 | valid1 NMSE : 7489042432.0000 | valid1 RMSE : 7489042432.0000
[2025-08-21 11:31:10,094][__main__][INFO] - Step 1000 | valid1 MSE : 13636239.0000 | valid1 MAE : 459.2317 | valid1 NMSE : 7489042432.0000 | valid1 RMSE : 7489042432.0000
[2025-08-21 11:33:21,360][__main__][INFO] - Step 1100 | valid1 MSE : 13619026.0000 | valid1 MAE : 458.9690 | valid1 NMSE : 7489042432.0000 | valid1 RMSE : 7489042432.0000
[2025-08-21 11:35:36,215][__main__][INFO] - Step 1200 | valid1 MSE : 13909915.0000 | valid1 MAE : 463.2187 | valid1 NMSE : 7489042432.0000 | valid1 RMSE : 7489042432.0000
[2025-08-21 11:37:48,732][__main__][INFO] - Step 1300 | valid1 MSE : 13805133.0000 | valid1 MAE : 461.9198 | valid1 NMSE : 7489042432.0000 | valid1 RMSE : 7489042432.0000
[2025-08-21 11:39:59,932][__main__][INFO] - Step 1400 | valid1 MSE : 13725266.0000 | valid1 MAE : 460.4143 | valid1 NMSE : 7489042432.0000 | valid1 RMSE : 7489042432.0000
[2025-08-21 11:42:08,137][__main__][INFO] - Step 1500 | valid1 MSE : 13683266.0000 | valid1 MAE : 459.5747 | valid1 NMSE : 7489042432.0000 | valid1 RMSE : 7489042432.0000
[2025-08-21 11:44:19,442][__main__][INFO] - Step 1600 | valid1 MSE : 13585543.0000 | valid1 MAE : 457.5918 | valid1 NMSE : 7489042432.0000 | valid1 RMSE : 7489042432.0000
[2025-08-21 11:46:31,514][__main__][INFO] - Step 1700 | valid1 MSE : 13809261.0000 | valid1 MAE : 461.8323 | valid1 NMSE : 7489042432.0000 | valid1 RMSE : 7489042432.0000
[2025-08-21 11:48:44,404][__main__][INFO] - Step 1800 | valid1 MSE : 13626696.0000 | valid1 MAE : 458.6774 | valid1 NMSE : 7489042432.0000 | valid1 RMSE : 7489042432.0000
[2025-08-21 11:50:54,926][__main__][INFO] - Step 1900 | valid1 MSE : 13707514.0000 | valid1 MAE : 460.4168 | valid1 NMSE : 7489042432.0000 | valid1 RMSE : 7489042432.0000
[2025-08-21 11:53:03,112][__main__][INFO] - Step 2000 | valid1 MSE : 13765925.0000 | valid1 MAE : 460.9683 | valid1 NMSE : 7489042432.0000 | valid1 RMSE : 7489042432.0000
[2025-08-21 11:55:13,936][__main__][INFO] - Step 2100 | valid1 MSE : 13644047.0000 | valid1 MAE : 459.0765 | valid1 NMSE : 7489042432.0000 | valid1 RMSE : 7489042432.0000
[2025-08-21 11:57:23,726][__main__][INFO] - Step 2200 | valid1 MSE : 13547366.0000 | valid1 MAE : 457.6275 | valid1 NMSE : 7489042432.0000 | valid1 RMSE : 7489042432.0000
[2025-08-21 11:59:37,594][__main__][INFO] - Step 2300 | valid1 MSE : 13524523.0000 | valid1 MAE : 457.6260 | valid1 NMSE : 7489042432.0000 | valid1 RMSE : 7489042432.0000
[2025-08-21 12:01:49,216][__main__][INFO] - Step 2400 | valid1 MSE : 13592240.0000 | valid1 MAE : 458.2316 | valid1 NMSE : 7489042432.0000 | valid1 RMSE : 7489042432.0000
[2025-08-21 12:03:58,140][__main__][INFO] - Step 2500 | valid1 MSE : 13541799.0000 | valid1 MAE : 457.3003 | valid1 NMSE : 7489042432.0000 | valid1 RMSE : 7489042432.0000
[2025-08-21 12:06:04,524][__main__][INFO] - Step 2600 | valid1 MSE : 13612305.0000 | valid1 MAE : 458.5311 | valid1 NMSE : 7489042432.0000 | valid1 RMSE : 7489042432.0000
[2025-08-21 12:08:14,125][__main__][INFO] - Step 2700 | valid1 MSE : 13456048.0000 | valid1 MAE : 456.1982 | valid1 NMSE : 7489042432.0000 | valid1 RMSE : 7489042432.0000
[2025-08-21 12:10:27,903][__main__][INFO] - Step 2800 | valid1 MSE : 13525935.0000 | valid1 MAE : 457.1765 | valid1 NMSE : 7489042432.0000 | valid1 RMSE : 7489042432.0000
[2025-08-21 12:12:39,624][__main__][INFO] - Step 2900 | valid1 MSE : 13641565.0000 | valid1 MAE : 458.7569 | valid1 NMSE : 7489042432.0000 | valid1 RMSE : 7489042432.0000
[2025-08-21 12:14:48,756][__main__][INFO] - Step 3000 | valid1 MSE : 13754574.0000 | valid1 MAE : 459.9782 | valid1 NMSE : 7489042432.0000 | valid1 RMSE : 7489042432.0000
[2025-08-21 12:16:55,392][__main__][INFO] - Step 3100 | valid1 MSE : 13705147.0000 | valid1 MAE : 459.7637 | valid1 NMSE : 7489042432.0000 | valid1 RMSE : 7489042432.0000
[2025-08-21 12:19:05,549][__main__][INFO] - Step 3200 | valid1 MSE : 13807809.0000 | valid1 MAE : 462.1120 | valid1 NMSE : 7489042432.0000 | valid1 RMSE : 7489042432.0000
[2025-08-21 12:21:19,196][__main__][INFO] - Step 3300 | valid1 MSE : 13697776.0000 | valid1 MAE : 459.6874 | valid1 NMSE : 7489042432.0000 | valid1 RMSE : 7489042432.0000
[2025-08-21 12:23:30,016][__main__][INFO] - Step 3400 | valid1 MSE : 14002684.0000 | valid1 MAE : 463.5462 | valid1 NMSE : 7489042432.0000 | valid1 RMSE : 7489042432.0000
[2025-08-21 12:25:38,840][__main__][INFO] - Step 3500 | valid1 MSE : 13778022.0000 | valid1 MAE : 460.9749 | valid1 NMSE : 7489042432.0000 | valid1 RMSE : 7489042432.0000
[2025-08-21 12:27:45,989][__main__][INFO] - Step 3600 | valid1 MSE : 13792500.0000 | valid1 MAE : 461.1954 | valid1 NMSE : 7489042432.0000 | valid1 RMSE : 7489042432.0000
[2025-08-21 12:29:56,158][__main__][INFO] - Step 3700 | valid1 MSE : 14057112.0000 | valid1 MAE : 465.1417 | valid1 NMSE : 7489042432.0000 | valid1 RMSE : 7489042432.0000
[2025-08-21 12:32:09,945][__main__][INFO] - Step 3800 | valid1 MSE : 13800313.0000 | valid1 MAE : 461.6605 | valid1 NMSE : 7489042432.0000 | valid1 RMSE : 7489042432.0000
[2025-08-21 12:34:22,371][__main__][INFO] - Step 3900 | valid1 MSE : 14414140.0000 | valid1 MAE : 469.4960 | valid1 NMSE : 7489042432.0000 | valid1 RMSE : 7489042432.0000
[2025-08-21 12:36:32,729][__main__][INFO] - Step 4000 | valid1 MSE : 14994586.0000 | valid1 MAE : 477.6253 | valid1 NMSE : 7489042432.0000 | valid1 RMSE : 7489042432.0000
[2025-08-21 12:36:32,731][__main__][INFO] - Training done in 89.316 min
[2025-08-21 12:36:32,731][__main__][INFO] - Average time per step: 1.340 s
[2025-08-21 12:36:32,786][__main__][INFO] - End of training
[2025-08-21 12:36:33,864][__main__][INFO] - Plotted losses
[2025-08-21 12:36:33,864][__main__][INFO] - Computing test metrics
[2025-08-21 12:36:48,863][__main__][INFO] - Evaluation done in 0.250 min
[2025-08-21 12:37:18,278][__main__][INFO] - Evaluation done in 0.116 min
[2025-08-21 12:37:34,510][__main__][INFO] - Saved plots
[2025-08-21 12:37:34,510][__main__][INFO] - End of script

[2025-08-21 12:37:53,060][__main__][INFO] - =====Running main script=====
[2025-08-21 12:37:53,066][__main__][INFO] - Fetched main configs, save directory : ../outputs/bench_cte/repeat_2_removeTrue/
[2025-08-21 12:37:53,066][__main__][INFO] - Model repeat, normalization None, criterion MSE, kwargs {}
[2025-08-21 12:37:53,361][__main__][INFO] - Fetched dataloaders
[2025-08-21 12:37:53,363][__main__][INFO] - Training data shape : (221, 1, 13152)
[2025-08-21 12:37:53,364][__main__][INFO] - Batch sizes : X=torch.Size([28, 1, 336]), y=torch.Size([28, 1, 48])
[2025-08-21 12:37:53,626][__main__][INFO] - No training needed
[2025-08-21 12:37:53,626][__main__][INFO] - Computing test metrics
[2025-08-21 12:38:13,098][__main__][INFO] - Evaluation done in 0.325 min
[2025-08-21 12:38:43,498][__main__][INFO] - Evaluation done in 0.131 min
[2025-08-21 12:38:59,810][__main__][INFO] - Saved plots
[2025-08-21 12:38:59,810][__main__][INFO] - End of script

[2025-08-21 12:39:05,809][__main__][INFO] - =====Running main script=====
[2025-08-21 12:39:05,815][__main__][INFO] - Fetched main configs, save directory : ../outputs/bench_cte/PatchTST_MSE_2_removeTrue/
[2025-08-21 12:39:05,815][__main__][INFO] - Model PatchTST, normalization instance, criterion MSE, kwargs {}
[2025-08-21 12:39:05,963][__main__][INFO] - Fetched dataloaders
[2025-08-21 12:39:05,971][__main__][INFO] - Training data shape : (221, 1, 13152)
[2025-08-21 12:39:05,971][__main__][INFO] - Batch sizes : X=torch.Size([221, 1, 336]), y=torch.Size([221, 1, 48])
[2025-08-21 12:39:08,506][__main__][INFO] - batch_size=223, learning_rate=1e-05, steps per epoch=1, epochs=2000
[2025-08-21 12:39:08,507][__main__][INFO] - Starting training...
[2025-08-21 12:39:08,507][__main__][INFO] - Using device: cuda
[2025-08-21 12:39:08,507][__main__][INFO] - Training 2000 epochs of 1 batches (2000 steps): , eval_freq: 100, print_freq: 100
[2025-08-21 12:41:19,023][__main__][INFO] - Step 1 | valid1 MSE : 82377320.0000 | valid1 MAE : 1100.3792 | valid1 NMSE : 1.4260 | valid1 RMSE : 0.2448
[2025-08-21 12:43:33,951][__main__][INFO] - Step 100 | valid1 MSE : 23300304.0000 | valid1 MAE : 592.6525 | valid1 NMSE : 0.8464 | valid1 RMSE : 0.1610
[2025-08-21 12:45:47,545][__main__][INFO] - Step 200 | valid1 MSE : 12991829.0000 | valid1 MAE : 460.2853 | valid1 NMSE : 0.7180 | valid1 RMSE : 0.1421
[2025-08-21 12:48:01,821][__main__][INFO] - Step 300 | valid1 MSE : 10366276.0000 | valid1 MAE : 417.0901 | valid1 NMSE : 0.6699 | valid1 RMSE : 0.1352
[2025-08-21 12:50:14,585][__main__][INFO] - Step 400 | valid1 MSE : 9529790.0000 | valid1 MAE : 401.4606 | valid1 NMSE : 0.6447 | valid1 RMSE : 0.1318
[2025-08-21 12:52:27,078][__main__][INFO] - Step 500 | valid1 MSE : 8567379.0000 | valid1 MAE : 380.7698 | valid1 NMSE : 0.6200 | valid1 RMSE : 0.1285
[2025-08-21 12:54:43,955][__main__][INFO] - Step 600 | valid1 MSE : 8089589.0000 | valid1 MAE : 369.7025 | valid1 NMSE : 0.6042 | valid1 RMSE : 0.1263
[2025-08-21 12:56:55,321][__main__][INFO] - Step 700 | valid1 MSE : 7212616.5000 | valid1 MAE : 350.6309 | valid1 NMSE : 0.5848 | valid1 RMSE : 0.1236
[2025-08-21 12:59:10,542][__main__][INFO] - Step 800 | valid1 MSE : 7048606.5000 | valid1 MAE : 346.3537 | valid1 NMSE : 0.5743 | valid1 RMSE : 0.1220
[2025-08-21 13:01:24,581][__main__][INFO] - Step 900 | valid1 MSE : 6496498.5000 | valid1 MAE : 335.0457 | valid1 NMSE : 0.5630 | valid1 RMSE : 0.1203
[2025-08-21 13:03:38,124][__main__][INFO] - Step 1000 | valid1 MSE : 6229445.5000 | valid1 MAE : 326.9705 | valid1 NMSE : 0.5537 | valid1 RMSE : 0.1189
[2025-08-21 13:05:50,675][__main__][INFO] - Step 1100 | valid1 MSE : 5788306.5000 | valid1 MAE : 317.4620 | valid1 NMSE : 0.5442 | valid1 RMSE : 0.1174
[2025-08-21 13:08:03,465][__main__][INFO] - Step 1200 | valid1 MSE : 5741175.0000 | valid1 MAE : 315.9044 | valid1 NMSE : 0.5400 | valid1 RMSE : 0.1166
[2025-08-21 13:10:19,680][__main__][INFO] - Step 1300 | valid1 MSE : 5655933.5000 | valid1 MAE : 313.7872 | valid1 NMSE : 0.5377 | valid1 RMSE : 0.1163
[2025-08-21 13:12:31,501][__main__][INFO] - Step 1400 | valid1 MSE : 5310145.0000 | valid1 MAE : 306.7474 | valid1 NMSE : 0.5315 | valid1 RMSE : 0.1152
[2025-08-21 13:14:47,350][__main__][INFO] - Step 1500 | valid1 MSE : 5208529.0000 | valid1 MAE : 303.4890 | valid1 NMSE : 0.5283 | valid1 RMSE : 0.1147
[2025-08-21 13:16:57,817][__main__][INFO] - Step 1600 | valid1 MSE : 5238748.0000 | valid1 MAE : 304.4302 | valid1 NMSE : 0.5278 | valid1 RMSE : 0.1147
[2025-08-21 13:19:13,360][__main__][INFO] - Step 1700 | valid1 MSE : 5165844.0000 | valid1 MAE : 301.6687 | valid1 NMSE : 0.5241 | valid1 RMSE : 0.1143
[2025-08-21 13:21:26,677][__main__][INFO] - Step 1800 | valid1 MSE : 4960358.0000 | valid1 MAE : 296.4970 | valid1 NMSE : 0.5198 | valid1 RMSE : 0.1135
[2025-08-21 13:23:40,544][__main__][INFO] - Step 1900 | valid1 MSE : 4696408.0000 | valid1 MAE : 290.3878 | valid1 NMSE : 0.5161 | valid1 RMSE : 0.1128
[2025-08-21 13:25:55,274][__main__][INFO] - Step 2000 | valid1 MSE : 4832823.5000 | valid1 MAE : 293.4556 | valid1 NMSE : 0.5159 | valid1 RMSE : 0.1127
[2025-08-21 13:25:55,277][__main__][INFO] - Training done in 46.780 min
[2025-08-21 13:25:55,277][__main__][INFO] - Average time per step: 1.403 s
[2025-08-21 13:25:55,332][__main__][INFO] - End of training
[2025-08-21 13:25:56,225][__main__][INFO] - Plotted losses
[2025-08-21 13:25:56,225][__main__][INFO] - Computing test metrics
[2025-08-21 13:26:13,025][__main__][INFO] - Evaluation done in 0.280 min
[2025-08-21 13:26:42,750][__main__][INFO] - Evaluation done in 0.130 min
[2025-08-21 13:26:58,556][__main__][INFO] - Saved plots
[2025-08-21 13:26:58,556][__main__][INFO] - End of script

[2025-08-21 13:27:04,899][__main__][INFO] - =====Running main script=====
[2025-08-21 13:27:04,905][__main__][INFO] - Fetched main configs, save directory : ../outputs/bench_cte/PatchTST_NMSE_2_removeTrue/
[2025-08-21 13:27:04,905][__main__][INFO] - Model PatchTST, normalization instance, criterion NMSE, kwargs {}
[2025-08-21 13:27:05,062][__main__][INFO] - Fetched dataloaders
[2025-08-21 13:27:05,071][__main__][INFO] - Training data shape : (221, 1, 13152)
[2025-08-21 13:27:05,071][__main__][INFO] - Batch sizes : X=torch.Size([221, 1, 336]), y=torch.Size([221, 1, 48])
[2025-08-21 13:27:07,575][__main__][INFO] - batch_size=223, learning_rate=1e-05, steps per epoch=1, epochs=2000
[2025-08-21 13:27:07,575][__main__][INFO] - Starting training...
[2025-08-21 13:27:07,575][__main__][INFO] - Using device: cuda
[2025-08-21 13:27:07,575][__main__][INFO] - Training 2000 epochs of 1 batches (2000 steps): , eval_freq: 100, print_freq: 100
[2025-08-21 13:29:18,207][__main__][INFO] - Step 1 | valid1 MSE : 81403096.0000 | valid1 MAE : 1093.7701 | valid1 NMSE : 1.4150 | valid1 RMSE : 0.2432
[2025-08-21 13:31:34,017][__main__][INFO] - Step 100 | valid1 MSE : 7258832.5000 | valid1 MAE : 339.6907 | valid1 NMSE : 0.5445 | valid1 RMSE : 0.1154
[2025-08-21 13:33:47,726][__main__][INFO] - Step 200 | valid1 MSE : 5303450.0000 | valid1 MAE : 292.5818 | valid1 NMSE : 0.4798 | valid1 RMSE : 0.1007
[2025-08-21 13:36:02,494][__main__][INFO] - Step 300 | valid1 MSE : 4531264.0000 | valid1 MAE : 270.8100 | valid1 NMSE : 0.4500 | valid1 RMSE : 0.0930
[2025-08-21 13:38:15,338][__main__][INFO] - Step 400 | valid1 MSE : 4105652.2500 | valid1 MAE : 258.1752 | valid1 NMSE : 0.4310 | valid1 RMSE : 0.0881
[2025-08-21 13:40:28,024][__main__][INFO] - Step 500 | valid1 MSE : 3819037.0000 | valid1 MAE : 249.3130 | valid1 NMSE : 0.4182 | valid1 RMSE : 0.0848
[2025-08-21 13:42:44,584][__main__][INFO] - Step 600 | valid1 MSE : 3694691.5000 | valid1 MAE : 244.1268 | valid1 NMSE : 0.4093 | valid1 RMSE : 0.0823
[2025-08-21 13:44:55,485][__main__][INFO] - Step 700 | valid1 MSE : 3573511.0000 | valid1 MAE : 239.2671 | valid1 NMSE : 0.4024 | valid1 RMSE : 0.0803
[2025-08-21 13:47:10,979][__main__][INFO] - Step 800 | valid1 MSE : 3486266.7500 | valid1 MAE : 235.6059 | valid1 NMSE : 0.3969 | valid1 RMSE : 0.0788
[2025-08-21 13:49:25,046][__main__][INFO] - Step 900 | valid1 MSE : 3412574.2500 | valid1 MAE : 232.3050 | valid1 NMSE : 0.3928 | valid1 RMSE : 0.0776
[2025-08-21 13:51:38,645][__main__][INFO] - Step 1000 | valid1 MSE : 3415628.7500 | valid1 MAE : 231.1156 | valid1 NMSE : 0.3896 | valid1 RMSE : 0.0766
[2025-08-21 13:53:51,520][__main__][INFO] - Step 1100 | valid1 MSE : 3354250.0000 | valid1 MAE : 228.6160 | valid1 NMSE : 0.3866 | valid1 RMSE : 0.0758
[2025-08-21 13:56:03,893][__main__][INFO] - Step 1200 | valid1 MSE : 3282077.7500 | valid1 MAE : 226.1026 | valid1 NMSE : 0.3840 | valid1 RMSE : 0.0752
[2025-08-21 13:58:21,036][__main__][INFO] - Step 1300 | valid1 MSE : 3252218.5000 | valid1 MAE : 224.5638 | valid1 NMSE : 0.3821 | valid1 RMSE : 0.0747
[2025-08-21 14:00:32,127][__main__][INFO] - Step 1400 | valid1 MSE : 3247847.5000 | valid1 MAE : 223.4780 | valid1 NMSE : 0.3807 | valid1 RMSE : 0.0742
[2025-08-21 14:02:47,446][__main__][INFO] - Step 1500 | valid1 MSE : 3196573.7500 | valid1 MAE : 221.7051 | valid1 NMSE : 0.3791 | valid1 RMSE : 0.0738
[2025-08-21 14:04:57,699][__main__][INFO] - Step 1600 | valid1 MSE : 3164396.7500 | valid1 MAE : 220.1291 | valid1 NMSE : 0.3776 | valid1 RMSE : 0.0734
[2025-08-21 14:07:12,223][__main__][INFO] - Step 1700 | valid1 MSE : 3139536.2500 | valid1 MAE : 219.5205 | valid1 NMSE : 0.3768 | valid1 RMSE : 0.0732
[2025-08-21 14:09:25,963][__main__][INFO] - Step 1800 | valid1 MSE : 3158710.7500 | valid1 MAE : 219.6693 | valid1 NMSE : 0.3758 | valid1 RMSE : 0.0729
[2025-08-21 14:11:39,122][__main__][INFO] - Step 1900 | valid1 MSE : 3098208.2500 | valid1 MAE : 217.2403 | valid1 NMSE : 0.3748 | valid1 RMSE : 0.0726
[2025-08-21 14:13:53,435][__main__][INFO] - Step 2000 | valid1 MSE : 3096156.2500 | valid1 MAE : 217.0360 | valid1 NMSE : 0.3739 | valid1 RMSE : 0.0724
[2025-08-21 14:13:53,436][__main__][INFO] - Training done in 46.764 min
[2025-08-21 14:13:53,436][__main__][INFO] - Average time per step: 1.403 s
[2025-08-21 14:13:53,463][__main__][INFO] - End of training
[2025-08-21 14:13:54,347][__main__][INFO] - Plotted losses
[2025-08-21 14:13:54,348][__main__][INFO] - Computing test metrics
[2025-08-21 14:14:10,964][__main__][INFO] - Evaluation done in 0.277 min
[2025-08-21 14:14:40,370][__main__][INFO] - Evaluation done in 0.127 min
[2025-08-21 14:14:56,308][__main__][INFO] - Saved plots
[2025-08-21 14:14:56,308][__main__][INFO] - End of script

==Table of ../outputs/bench_cte/==
+-----------------+------------------------+------------------------------+-------------------------------+-----------------------+-----------------------------+------------------------------+
|                 |   repeat_2_removeFalse |   PatchTST_MSE_2_removeFalse |   PatchTST_NMSE_2_removeFalse |   repeat_2_removeTrue |   PatchTST_MSE_2_removeTrue |   PatchTST_NMSE_2_removeTrue |
+=================+========================+==============================+===============================+=======================+=============================+==============================+
| Test MSE * 1e-8 |                 0.0746 |                       0.1598 |                        0.2704 |                0.0755 |                      0.0974 |                       0.0673 |
+-----------------+------------------------+------------------------------+-------------------------------+-----------------------+-----------------------------+------------------------------+
| Test MAE * 1e-3 |                 0.3098 |                       0.4519 |                        0.5646 |                0.3049 |                      0.3530 |                       0.2689 |
+-----------------+------------------------+------------------------------+-------------------------------+-----------------------+-----------------------------+------------------------------+
| Test NMSE       |       17676206080.0000 |             17676206080.0000 |              17676206080.0000 |                0.5027 |                      0.3941 |                       0.2530 |
+-----------------+------------------------+------------------------------+-------------------------------+-----------------------+-----------------------------+------------------------------+
| Test RMSE       |       17676206080.0000 |             17676206080.0000 |              17676206080.0000 |                0.1187 |                      0.0852 |                       0.0485 |
+-----------------+------------------------+------------------------------+-------------------------------+-----------------------+-----------------------------+------------------------------+
==Table of ../outputs/bench_cte/==
+-----------------+------------------------+------------------------------+-------------------------------+-----------------------+-----------------------------+------------------------------+
|                 |   repeat_2_removeFalse |   PatchTST_MSE_2_removeFalse |   PatchTST_NMSE_2_removeFalse |   repeat_2_removeTrue |   PatchTST_MSE_2_removeTrue |   PatchTST_NMSE_2_removeTrue |
+=================+========================+==============================+===============================+=======================+=============================+==============================+
| Test MSE * 1e-8 |                 0.0021 |                       0.0032 |                        0.0048 |                0.0023 |                      0.0020 |                       0.0011 |
+-----------------+------------------------+------------------------------+-------------------------------+-----------------------+-----------------------------+------------------------------+
| Test MAE * 1e-3 |                 0.1410 |                       0.1853 |                        0.2179 |                0.1617 |                      0.1676 |                       0.1154 |
+-----------------+------------------------+------------------------------+-------------------------------+-----------------------+-----------------------------+------------------------------+
| Test NMSE       |                 0.5581 |                       0.5589 |                        0.6134 |                0.5510 |                      0.4438 |                       0.2922 |
+-----------------+------------------------+------------------------------+-------------------------------+-----------------------+-----------------------------+------------------------------+
| Test RMSE       |                 0.1207 |                       0.1071 |                        0.1155 |                0.0914 |                      0.0701 |                       0.0430 |
+-----------------+------------------------+------------------------------+-------------------------------+-----------------------+-----------------------------+------------------------------+
