[2025-09-24 17:46:08,349][__main__][INFO] - =====Running train script=====
[2025-09-24 17:46:08,405][__main__][INFO] - Fetched main configs, save directory : ../outputs/norm/traffic/lags168_horizon24/seed_1/instance_NMSE/
[2025-09-24 17:46:08,406][__main__][INFO] - Model PatchTST, norma instance, criterion NMSE, kwargs {'last': False, 'latent': False}
[2025-09-24 17:46:11,900][__main__][INFO] - Fetched dataloaders
[2025-09-24 17:46:11,900][__main__][INFO] - Splits shapes:
train	(689, 1, 10526)
valid1	(689, 1, 3509)
valid2	(173, 1, 10526)
valid3	(173, 1, 3509)
test1	(689, 1, 3509)
test2	(173, 1, 3509)
[2025-09-24 17:46:11,900][__main__][INFO] - Batches:
 X=[256, 1, 168]
 y=[256, 1, 24]
[2025-09-24 17:46:11,906][__main__][INFO] - --Training--
[2025-09-24 17:46:13,471][__main__][INFO] - Starting training pytorch with lr=1e-05
[2025-09-24 17:46:13,472][__main__][INFO] - Using device: cuda
[2025-09-24 17:46:13,472][__main__][INFO] - Training 1200 epochs of 3 batches (3600 steps): , eval_freq: 100, print_freq: 100
[2025-09-24 17:50:25,488][__main__][INFO] - Step 1 | valid1 MSE : 0.0026 | valid1 NMSE : 1.1181
[2025-09-24 17:54:40,662][__main__][INFO] - Step 100 | valid1 MSE : 0.0014 | valid1 NMSE : 0.5681
[2025-09-24 17:58:55,852][__main__][INFO] - Step 200 | valid1 MSE : 0.0011 | valid1 NMSE : 0.4606
[2025-09-24 18:03:11,307][__main__][INFO] - Step 300 | valid1 MSE : 0.0010 | valid1 NMSE : 0.4127
[2025-09-24 18:07:26,245][__main__][INFO] - Step 400 | valid1 MSE : 0.0009 | valid1 NMSE : 0.3835
[2025-09-24 18:11:41,452][__main__][INFO] - Step 500 | valid1 MSE : 0.0008 | valid1 NMSE : 0.3624
[2025-09-24 18:15:56,951][__main__][INFO] - Step 600 | valid1 MSE : 0.0008 | valid1 NMSE : 0.3475
[2025-09-24 18:20:12,368][__main__][INFO] - Step 700 | valid1 MSE : 0.0008 | valid1 NMSE : 0.3365
[2025-09-24 18:24:27,779][__main__][INFO] - Step 800 | valid1 MSE : 0.0007 | valid1 NMSE : 0.3281
[2025-09-24 18:28:43,188][__main__][INFO] - Step 900 | valid1 MSE : 0.0007 | valid1 NMSE : 0.3216
[2025-09-24 18:32:58,321][__main__][INFO] - Step 1000 | valid1 MSE : 0.0007 | valid1 NMSE : 0.3169
[2025-09-24 18:37:13,284][__main__][INFO] - Step 1100 | valid1 MSE : 0.0007 | valid1 NMSE : 0.3130
[2025-09-24 18:41:28,811][__main__][INFO] - Step 1200 | valid1 MSE : 0.0007 | valid1 NMSE : 0.3099
[2025-09-24 18:45:43,679][__main__][INFO] - Step 1300 | valid1 MSE : 0.0007 | valid1 NMSE : 0.3073
[2025-09-24 18:49:59,045][__main__][INFO] - Step 1400 | valid1 MSE : 0.0007 | valid1 NMSE : 0.3053
[2025-09-24 18:54:14,288][__main__][INFO] - Step 1500 | valid1 MSE : 0.0007 | valid1 NMSE : 0.3033
[2025-09-24 18:58:29,567][__main__][INFO] - Step 1600 | valid1 MSE : 0.0007 | valid1 NMSE : 0.3017
[2025-09-24 19:02:44,603][__main__][INFO] - Step 1700 | valid1 MSE : 0.0007 | valid1 NMSE : 0.3005
[2025-09-24 19:06:59,555][__main__][INFO] - Step 1800 | valid1 MSE : 0.0007 | valid1 NMSE : 0.2993
[2025-09-24 19:11:14,973][__main__][INFO] - Step 1900 | valid1 MSE : 0.0007 | valid1 NMSE : 0.2984
[2025-09-24 19:15:29,973][__main__][INFO] - Step 2000 | valid1 MSE : 0.0007 | valid1 NMSE : 0.2975
[2025-09-24 19:19:45,456][__main__][INFO] - Step 2100 | valid1 MSE : 0.0007 | valid1 NMSE : 0.2967
[2025-09-24 19:24:00,389][__main__][INFO] - Step 2200 | valid1 MSE : 0.0007 | valid1 NMSE : 0.2960
[2025-09-24 19:28:15,358][__main__][INFO] - Step 2300 | valid1 MSE : 0.0007 | valid1 NMSE : 0.2952
[2025-09-24 19:32:30,383][__main__][INFO] - Step 2400 | valid1 MSE : 0.0007 | valid1 NMSE : 0.2944
[2025-09-24 19:36:45,349][__main__][INFO] - Step 2500 | valid1 MSE : 0.0007 | valid1 NMSE : 0.2938
[2025-09-24 19:41:00,634][__main__][INFO] - Step 2600 | valid1 MSE : 0.0007 | valid1 NMSE : 0.2935
[2025-09-24 19:45:15,794][__main__][INFO] - Step 2700 | valid1 MSE : 0.0007 | valid1 NMSE : 0.2933
[2025-09-24 19:49:30,747][__main__][INFO] - Step 2800 | valid1 MSE : 0.0007 | valid1 NMSE : 0.2924
[2025-09-24 19:53:45,456][__main__][INFO] - Step 2900 | valid1 MSE : 0.0006 | valid1 NMSE : 0.2919
[2025-09-24 19:58:00,947][__main__][INFO] - Step 3000 | valid1 MSE : 0.0006 | valid1 NMSE : 0.2917
[2025-09-24 20:02:15,934][__main__][INFO] - Step 3100 | valid1 MSE : 0.0006 | valid1 NMSE : 0.2913
[2025-09-24 20:06:30,965][__main__][INFO] - Step 3200 | valid1 MSE : 0.0006 | valid1 NMSE : 0.2910
[2025-09-24 20:10:46,006][__main__][INFO] - Step 3300 | valid1 MSE : 0.0006 | valid1 NMSE : 0.2908
[2025-09-24 20:15:00,871][__main__][INFO] - Step 3400 | valid1 MSE : 0.0006 | valid1 NMSE : 0.2903
[2025-09-24 20:19:15,699][__main__][INFO] - Step 3500 | valid1 MSE : 0.0006 | valid1 NMSE : 0.2902
[2025-09-24 20:23:30,737][__main__][INFO] - Step 3600 | valid1 MSE : 0.0006 | valid1 NMSE : 0.2897
[2025-09-24 20:23:30,740][__main__][INFO] - Training done in 157.288 min
[2025-09-24 20:23:30,740][__main__][INFO] - Average time per step: 2.621 s
[2025-09-24 20:23:32,117][__main__][INFO] - End of training
[2025-09-24 20:23:32,117][__main__][INFO] - --Eval--
[2025-09-24 20:26:09,510][__main__][INFO] - End of script

[2025-09-24 20:26:22,340][__main__][INFO] - =====Running train script=====
[2025-09-24 20:26:22,440][__main__][INFO] - Fetched main configs, save directory : ../outputs/norm/traffic/lags168_horizon24/seed_1/revin_NMSE/
[2025-09-24 20:26:22,440][__main__][INFO] - Model PatchTST, norma revin, criterion NMSE, kwargs {'latent': False}
[2025-09-24 20:26:25,835][__main__][INFO] - Fetched dataloaders
[2025-09-24 20:26:25,835][__main__][INFO] - Splits shapes:
train	(689, 1, 10526)
valid1	(689, 1, 3509)
valid2	(173, 1, 10526)
valid3	(173, 1, 3509)
test1	(689, 1, 3509)
test2	(173, 1, 3509)
[2025-09-24 20:26:25,835][__main__][INFO] - Batches:
 X=[256, 1, 168]
 y=[256, 1, 24]
[2025-09-24 20:26:25,843][__main__][INFO] - --Training--
[2025-09-24 20:26:28,637][__main__][INFO] - Starting training pytorch with lr=1e-05
[2025-09-24 20:26:28,637][__main__][INFO] - Using device: cuda
[2025-09-24 20:26:28,637][__main__][INFO] - Training 1200 epochs of 3 batches (3600 steps): , eval_freq: 100, print_freq: 100
[2025-09-24 20:30:40,618][__main__][INFO] - Step 1 | valid1 MSE : 0.0026 | valid1 NMSE : 1.1181
[2025-09-24 20:34:57,305][__main__][INFO] - Step 100 | valid1 MSE : 0.0014 | valid1 NMSE : 0.5681
[2025-09-24 20:39:13,264][__main__][INFO] - Step 200 | valid1 MSE : 0.0011 | valid1 NMSE : 0.4606
[2025-09-24 20:43:28,583][__main__][INFO] - Step 300 | valid1 MSE : 0.0010 | valid1 NMSE : 0.4127
[2025-09-24 20:47:43,672][__main__][INFO] - Step 400 | valid1 MSE : 0.0009 | valid1 NMSE : 0.3836
[2025-09-24 20:51:58,770][__main__][INFO] - Step 500 | valid1 MSE : 0.0008 | valid1 NMSE : 0.3625
[2025-09-24 20:56:13,723][__main__][INFO] - Step 600 | valid1 MSE : 0.0008 | valid1 NMSE : 0.3477
[2025-09-24 21:00:28,991][__main__][INFO] - Step 700 | valid1 MSE : 0.0008 | valid1 NMSE : 0.3366
[2025-09-24 21:04:44,055][__main__][INFO] - Step 800 | valid1 MSE : 0.0007 | valid1 NMSE : 0.3282
[2025-09-24 21:08:59,865][__main__][INFO] - Step 900 | valid1 MSE : 0.0007 | valid1 NMSE : 0.3217
[2025-09-24 21:13:14,639][__main__][INFO] - Step 1000 | valid1 MSE : 0.0007 | valid1 NMSE : 0.3170
[2025-09-24 21:17:29,656][__main__][INFO] - Step 1100 | valid1 MSE : 0.0007 | valid1 NMSE : 0.3132
[2025-09-24 21:21:44,867][__main__][INFO] - Step 1200 | valid1 MSE : 0.0007 | valid1 NMSE : 0.3100
[2025-09-24 21:25:59,795][__main__][INFO] - Step 1300 | valid1 MSE : 0.0007 | valid1 NMSE : 0.3074
[2025-09-24 21:30:15,023][__main__][INFO] - Step 1400 | valid1 MSE : 0.0007 | valid1 NMSE : 0.3054
[2025-09-24 21:34:30,247][__main__][INFO] - Step 1500 | valid1 MSE : 0.0007 | valid1 NMSE : 0.3034
[2025-09-24 21:38:45,357][__main__][INFO] - Step 1600 | valid1 MSE : 0.0007 | valid1 NMSE : 0.3018
[2025-09-24 21:43:00,624][__main__][INFO] - Step 1700 | valid1 MSE : 0.0007 | valid1 NMSE : 0.3006
[2025-09-24 21:47:15,840][__main__][INFO] - Step 1800 | valid1 MSE : 0.0007 | valid1 NMSE : 0.2994
[2025-09-24 21:51:31,299][__main__][INFO] - Step 1900 | valid1 MSE : 0.0007 | valid1 NMSE : 0.2984
[2025-09-24 21:55:46,675][__main__][INFO] - Step 2000 | valid1 MSE : 0.0007 | valid1 NMSE : 0.2975
[2025-09-24 22:00:02,611][__main__][INFO] - Step 2100 | valid1 MSE : 0.0007 | valid1 NMSE : 0.2967
[2025-09-24 22:04:17,628][__main__][INFO] - Step 2200 | valid1 MSE : 0.0007 | valid1 NMSE : 0.2961
[2025-09-24 22:08:32,730][__main__][INFO] - Step 2300 | valid1 MSE : 0.0007 | valid1 NMSE : 0.2953
[2025-09-24 22:12:48,057][__main__][INFO] - Step 2400 | valid1 MSE : 0.0007 | valid1 NMSE : 0.2944
[2025-09-24 22:17:03,235][__main__][INFO] - Step 2500 | valid1 MSE : 0.0007 | valid1 NMSE : 0.2938
[2025-09-24 22:21:18,574][__main__][INFO] - Step 2600 | valid1 MSE : 0.0007 | valid1 NMSE : 0.2935
[2025-09-24 22:25:33,682][__main__][INFO] - Step 2700 | valid1 MSE : 0.0007 | valid1 NMSE : 0.2933
[2025-09-24 22:29:48,880][__main__][INFO] - Step 2800 | valid1 MSE : 0.0007 | valid1 NMSE : 0.2924
[2025-09-24 22:34:03,696][__main__][INFO] - Step 2900 | valid1 MSE : 0.0006 | valid1 NMSE : 0.2919
[2025-09-24 22:38:18,942][__main__][INFO] - Step 3000 | valid1 MSE : 0.0006 | valid1 NMSE : 0.2917
[2025-09-24 22:42:34,098][__main__][INFO] - Step 3100 | valid1 MSE : 0.0006 | valid1 NMSE : 0.2913
[2025-09-24 22:46:49,288][__main__][INFO] - Step 3200 | valid1 MSE : 0.0006 | valid1 NMSE : 0.2910
[2025-09-24 22:51:04,691][__main__][INFO] - Step 3300 | valid1 MSE : 0.0006 | valid1 NMSE : 0.2908
[2025-09-24 22:55:19,688][__main__][INFO] - Step 3400 | valid1 MSE : 0.0006 | valid1 NMSE : 0.2903
[2025-09-24 22:59:34,945][__main__][INFO] - Step 3500 | valid1 MSE : 0.0006 | valid1 NMSE : 0.2902
[2025-09-24 23:03:50,377][__main__][INFO] - Step 3600 | valid1 MSE : 0.0006 | valid1 NMSE : 0.2897
[2025-09-24 23:03:50,377][__main__][INFO] - Training done in 157.362 min
[2025-09-24 23:03:50,378][__main__][INFO] - Average time per step: 2.623 s
[2025-09-24 23:03:52,030][__main__][INFO] - End of training
[2025-09-24 23:03:52,030][__main__][INFO] - --Eval--
[2025-09-24 23:06:29,247][__main__][INFO] - Final modulations: {'beta': np.float32(-0.004908436), 'alpha': np.float32(1.0234187)}
[2025-09-24 23:06:29,248][__main__][INFO] - End of script

[2025-09-24 23:06:41,467][__main__][INFO] - =====Running train script=====
[2025-09-24 23:06:41,535][__main__][INFO] - Fetched main configs, save directory : ../outputs/norm/traffic/lags168_horizon24/seed_1/flexrevin_NMSE/
[2025-09-24 23:06:41,535][__main__][INFO] - Model PatchTST, norma flexrevin, criterion NMSE, kwargs {'latent': False, 'start': True}
[2025-09-24 23:06:44,875][__main__][INFO] - Fetched dataloaders
[2025-09-24 23:06:44,875][__main__][INFO] - Splits shapes:
train	(689, 1, 10526)
valid1	(689, 1, 3509)
valid2	(173, 1, 10526)
valid3	(173, 1, 3509)
test1	(689, 1, 3509)
test2	(173, 1, 3509)
[2025-09-24 23:06:44,875][__main__][INFO] - Batches:
 X=[256, 1, 168]
 y=[256, 1, 24]
[2025-09-24 23:06:44,883][__main__][INFO] - --Training--
[2025-09-24 23:06:47,521][__main__][INFO] - Starting training pytorch with lr=1e-05
[2025-09-24 23:06:47,521][__main__][INFO] - Using device: cuda
[2025-09-24 23:06:47,521][__main__][INFO] - Training 1200 epochs of 3 batches (3600 steps): , eval_freq: 100, print_freq: 100
[2025-09-24 23:11:00,450][__main__][INFO] - Step 1 | valid1 MSE : 0.0026 | valid1 NMSE : 1.1181
[2025-09-24 23:15:17,887][__main__][INFO] - Step 100 | valid1 MSE : 0.0014 | valid1 NMSE : 0.5680
[2025-09-24 23:19:36,194][__main__][INFO] - Step 200 | valid1 MSE : 0.0011 | valid1 NMSE : 0.4604
[2025-09-24 23:23:53,201][__main__][INFO] - Step 300 | valid1 MSE : 0.0010 | valid1 NMSE : 0.4126
[2025-09-24 23:28:09,840][__main__][INFO] - Step 400 | valid1 MSE : 0.0009 | valid1 NMSE : 0.3836
[2025-09-24 23:32:27,109][__main__][INFO] - Step 500 | valid1 MSE : 0.0008 | valid1 NMSE : 0.3626
[2025-09-24 23:36:43,882][__main__][INFO] - Step 600 | valid1 MSE : 0.0008 | valid1 NMSE : 0.3478
[2025-09-24 23:41:00,975][__main__][INFO] - Step 700 | valid1 MSE : 0.0008 | valid1 NMSE : 0.3368
[2025-09-24 23:45:18,271][__main__][INFO] - Step 800 | valid1 MSE : 0.0007 | valid1 NMSE : 0.3283
[2025-09-24 23:49:35,731][__main__][INFO] - Step 900 | valid1 MSE : 0.0007 | valid1 NMSE : 0.3219
[2025-09-24 23:53:53,005][__main__][INFO] - Step 1000 | valid1 MSE : 0.0007 | valid1 NMSE : 0.3171
[2025-09-24 23:58:10,669][__main__][INFO] - Step 1100 | valid1 MSE : 0.0007 | valid1 NMSE : 0.3132
[2025-09-25 00:02:28,616][__main__][INFO] - Step 1200 | valid1 MSE : 0.0007 | valid1 NMSE : 0.3101
[2025-09-25 00:06:45,695][__main__][INFO] - Step 1300 | valid1 MSE : 0.0007 | valid1 NMSE : 0.3075
[2025-09-25 00:11:03,251][__main__][INFO] - Step 1400 | valid1 MSE : 0.0007 | valid1 NMSE : 0.3054
[2025-09-25 00:15:20,648][__main__][INFO] - Step 1500 | valid1 MSE : 0.0007 | valid1 NMSE : 0.3034
[2025-09-25 00:19:38,199][__main__][INFO] - Step 1600 | valid1 MSE : 0.0007 | valid1 NMSE : 0.3018
[2025-09-25 00:23:55,602][__main__][INFO] - Step 1700 | valid1 MSE : 0.0007 | valid1 NMSE : 0.3006
[2025-09-25 00:28:12,523][__main__][INFO] - Step 1800 | valid1 MSE : 0.0007 | valid1 NMSE : 0.2994
[2025-09-25 00:32:30,142][__main__][INFO] - Step 1900 | valid1 MSE : 0.0007 | valid1 NMSE : 0.2984
[2025-09-25 00:36:47,405][__main__][INFO] - Step 2000 | valid1 MSE : 0.0007 | valid1 NMSE : 0.2975
[2025-09-25 00:41:04,655][__main__][INFO] - Step 2100 | valid1 MSE : 0.0007 | valid1 NMSE : 0.2967
[2025-09-25 00:45:22,497][__main__][INFO] - Step 2200 | valid1 MSE : 0.0007 | valid1 NMSE : 0.2960
[2025-09-25 00:49:39,951][__main__][INFO] - Step 2300 | valid1 MSE : 0.0007 | valid1 NMSE : 0.2952
[2025-09-25 00:53:57,285][__main__][INFO] - Step 2400 | valid1 MSE : 0.0007 | valid1 NMSE : 0.2944
[2025-09-25 00:58:14,660][__main__][INFO] - Step 2500 | valid1 MSE : 0.0007 | valid1 NMSE : 0.2938
[2025-09-25 01:02:32,200][__main__][INFO] - Step 2600 | valid1 MSE : 0.0007 | valid1 NMSE : 0.2935
[2025-09-25 01:06:49,435][__main__][INFO] - Step 2700 | valid1 MSE : 0.0007 | valid1 NMSE : 0.2932
[2025-09-25 01:11:05,587][__main__][INFO] - Step 2800 | valid1 MSE : 0.0007 | valid1 NMSE : 0.2924
[2025-09-25 01:15:22,114][__main__][INFO] - Step 2900 | valid1 MSE : 0.0006 | valid1 NMSE : 0.2918
[2025-09-25 01:19:38,294][__main__][INFO] - Step 3000 | valid1 MSE : 0.0006 | valid1 NMSE : 0.2917
[2025-09-25 01:23:54,419][__main__][INFO] - Step 3100 | valid1 MSE : 0.0006 | valid1 NMSE : 0.2913
[2025-09-25 01:28:10,387][__main__][INFO] - Step 3200 | valid1 MSE : 0.0006 | valid1 NMSE : 0.2910
[2025-09-25 01:32:26,567][__main__][INFO] - Step 3300 | valid1 MSE : 0.0006 | valid1 NMSE : 0.2907
[2025-09-25 01:36:42,710][__main__][INFO] - Step 3400 | valid1 MSE : 0.0006 | valid1 NMSE : 0.2902
[2025-09-25 01:40:58,559][__main__][INFO] - Step 3500 | valid1 MSE : 0.0006 | valid1 NMSE : 0.2901
[2025-09-25 01:45:14,844][__main__][INFO] - Step 3600 | valid1 MSE : 0.0006 | valid1 NMSE : 0.2897
[2025-09-25 01:45:14,846][__main__][INFO] - Training done in 158.455 min
[2025-09-25 01:45:14,846][__main__][INFO] - Average time per step: 2.641 s
[2025-09-25 01:45:16,430][__main__][INFO] - End of training
[2025-09-25 01:45:16,430][__main__][INFO] - --Eval--
[2025-09-25 01:47:54,377][__main__][INFO] - Final modulations: {'beta': np.float32(0.0010478289), 'alpha': np.float32(0.98140055)}
[2025-09-25 01:47:54,378][__main__][INFO] - End of script

[2025-09-25 01:48:07,509][__main__][INFO] - =====Running train script=====
[2025-09-25 01:48:07,559][__main__][INFO] - Fetched main configs, save directory : ../outputs/norm/traffic/lags168_horizon24/seed_1/min_init/
[2025-09-25 01:48:07,559][__main__][INFO] - Model PatchTST, norma mIN, criterion NMSE, kwargs {'latent': False, 'init_beta': True, 'fixed_beta': False, 'init_alpha': True, 'fixed_alpha': False, 'use_gamma': False, 'inverse_gamma': False}
[2025-09-25 01:48:11,115][__main__][INFO] - Fetched dataloaders
[2025-09-25 01:48:11,115][__main__][INFO] - Splits shapes:
train	(689, 1, 10526)
valid1	(689, 1, 3509)
valid2	(173, 1, 10526)
valid3	(173, 1, 3509)
test1	(689, 1, 3509)
test2	(173, 1, 3509)
[2025-09-25 01:48:11,115][__main__][INFO] - Batches:
 X=[256, 1, 168]
 y=[256, 1, 24]
[2025-09-25 01:48:11,123][__main__][INFO] - --Training--
[2025-09-25 01:48:13,900][__main__][INFO] - Starting training pytorch with lr=1e-05
[2025-09-25 01:48:13,900][__main__][INFO] - Using device: cuda
[2025-09-25 01:48:13,900][__main__][INFO] - Training 1200 epochs of 3 batches (3600 steps): , eval_freq: 100, print_freq: 100
[2025-09-25 01:52:25,261][__main__][INFO] - Step 1 | valid1 MSE : 0.0025 | valid1 NMSE : 1.1098
[2025-09-25 01:56:41,583][__main__][INFO] - Step 100 | valid1 MSE : 0.0014 | valid1 NMSE : 0.5676
[2025-09-25 02:00:58,333][__main__][INFO] - Step 200 | valid1 MSE : 0.0011 | valid1 NMSE : 0.4602
[2025-09-25 02:05:15,786][__main__][INFO] - Step 300 | valid1 MSE : 0.0010 | valid1 NMSE : 0.4128
[2025-09-25 02:09:32,138][__main__][INFO] - Step 400 | valid1 MSE : 0.0009 | valid1 NMSE : 0.3842
[2025-09-25 02:13:47,690][__main__][INFO] - Step 500 | valid1 MSE : 0.0008 | valid1 NMSE : 0.3633
[2025-09-25 02:18:03,426][__main__][INFO] - Step 600 | valid1 MSE : 0.0008 | valid1 NMSE : 0.3485
[2025-09-25 02:22:18,765][__main__][INFO] - Step 700 | valid1 MSE : 0.0008 | valid1 NMSE : 0.3374
[2025-09-25 02:26:34,267][__main__][INFO] - Step 800 | valid1 MSE : 0.0007 | valid1 NMSE : 0.3288
[2025-09-25 02:30:50,037][__main__][INFO] - Step 900 | valid1 MSE : 0.0007 | valid1 NMSE : 0.3222
[2025-09-25 02:35:05,475][__main__][INFO] - Step 1000 | valid1 MSE : 0.0007 | valid1 NMSE : 0.3174
[2025-09-25 02:39:21,039][__main__][INFO] - Step 1100 | valid1 MSE : 0.0007 | valid1 NMSE : 0.3135
[2025-09-25 02:43:36,762][__main__][INFO] - Step 1200 | valid1 MSE : 0.0007 | valid1 NMSE : 0.3102
[2025-09-25 02:47:52,452][__main__][INFO] - Step 1300 | valid1 MSE : 0.0007 | valid1 NMSE : 0.3076
[2025-09-25 02:52:08,182][__main__][INFO] - Step 1400 | valid1 MSE : 0.0007 | valid1 NMSE : 0.3055
[2025-09-25 02:56:23,907][__main__][INFO] - Step 1500 | valid1 MSE : 0.0007 | valid1 NMSE : 0.3035
[2025-09-25 03:00:39,624][__main__][INFO] - Step 1600 | valid1 MSE : 0.0007 | valid1 NMSE : 0.3019
[2025-09-25 03:04:55,249][__main__][INFO] - Step 1700 | valid1 MSE : 0.0007 | valid1 NMSE : 0.3006
[2025-09-25 03:09:11,155][__main__][INFO] - Step 1800 | valid1 MSE : 0.0007 | valid1 NMSE : 0.2994
[2025-09-25 03:13:26,581][__main__][INFO] - Step 1900 | valid1 MSE : 0.0007 | valid1 NMSE : 0.2984
[2025-09-25 03:17:42,466][__main__][INFO] - Step 2000 | valid1 MSE : 0.0007 | valid1 NMSE : 0.2975
[2025-09-25 03:21:58,040][__main__][INFO] - Step 2100 | valid1 MSE : 0.0007 | valid1 NMSE : 0.2967
[2025-09-25 03:26:14,175][__main__][INFO] - Step 2200 | valid1 MSE : 0.0007 | valid1 NMSE : 0.2960
[2025-09-25 03:30:29,627][__main__][INFO] - Step 2300 | valid1 MSE : 0.0007 | valid1 NMSE : 0.2952
[2025-09-25 03:34:45,388][__main__][INFO] - Step 2400 | valid1 MSE : 0.0007 | valid1 NMSE : 0.2944
[2025-09-25 03:39:00,848][__main__][INFO] - Step 2500 | valid1 MSE : 0.0007 | valid1 NMSE : 0.2938
[2025-09-25 03:43:15,874][__main__][INFO] - Step 2600 | valid1 MSE : 0.0007 | valid1 NMSE : 0.2934
[2025-09-25 03:47:31,608][__main__][INFO] - Step 2700 | valid1 MSE : 0.0007 | valid1 NMSE : 0.2932
[2025-09-25 03:51:48,049][__main__][INFO] - Step 2800 | valid1 MSE : 0.0007 | valid1 NMSE : 0.2923
[2025-09-25 03:56:03,676][__main__][INFO] - Step 2900 | valid1 MSE : 0.0006 | valid1 NMSE : 0.2918
[2025-09-25 04:00:19,478][__main__][INFO] - Step 3000 | valid1 MSE : 0.0006 | valid1 NMSE : 0.2916
[2025-09-25 04:04:35,089][__main__][INFO] - Step 3100 | valid1 MSE : 0.0006 | valid1 NMSE : 0.2912
[2025-09-25 04:08:51,020][__main__][INFO] - Step 3200 | valid1 MSE : 0.0006 | valid1 NMSE : 0.2909
[2025-09-25 04:13:06,821][__main__][INFO] - Step 3300 | valid1 MSE : 0.0006 | valid1 NMSE : 0.2907
[2025-09-25 04:17:22,365][__main__][INFO] - Step 3400 | valid1 MSE : 0.0006 | valid1 NMSE : 0.2902
[2025-09-25 04:21:38,922][__main__][INFO] - Step 3500 | valid1 MSE : 0.0006 | valid1 NMSE : 0.2901
[2025-09-25 04:25:54,688][__main__][INFO] - Step 3600 | valid1 MSE : 0.0006 | valid1 NMSE : 0.2896
[2025-09-25 04:25:54,690][__main__][INFO] - Training done in 157.680 min
[2025-09-25 04:25:54,690][__main__][INFO] - Average time per step: 2.628 s
[2025-09-25 04:25:56,285][__main__][INFO] - End of training
[2025-09-25 04:25:56,286][__main__][INFO] - --Eval--
[2025-09-25 04:28:33,607][__main__][INFO] - Final modulations: {'beta': np.float32(0.010598024), 'alpha': np.float32(0.92506546)}
[2025-09-25 04:28:33,607][__main__][INFO] - End of script

[2025-09-25 04:28:45,569][__main__][INFO] - =====Running train script=====
[2025-09-25 04:28:45,626][__main__][INFO] - Fetched main configs, save directory : ../outputs/norm/traffic/lags168_horizon24/seed_1/min_revin/
[2025-09-25 04:28:45,626][__main__][INFO] - Model PatchTST, norma mIN, criterion NMSE, kwargs {'latent': False, 'init_beta': False, 'fixed_beta': False, 'init_alpha': False, 'fixed_alpha': False, 'use_gamma': True, 'inverse_gamma': True}
[2025-09-25 04:28:48,871][__main__][INFO] - Fetched dataloaders
[2025-09-25 04:28:48,871][__main__][INFO] - Splits shapes:
train	(689, 1, 10526)
valid1	(689, 1, 3509)
valid2	(173, 1, 10526)
valid3	(173, 1, 3509)
test1	(689, 1, 3509)
test2	(173, 1, 3509)
[2025-09-25 04:28:48,872][__main__][INFO] - Batches:
 X=[256, 1, 168]
 y=[256, 1, 24]
[2025-09-25 04:28:48,879][__main__][INFO] - --Training--
[2025-09-25 04:28:51,495][__main__][INFO] - Starting training pytorch with lr=1e-05
[2025-09-25 04:28:51,495][__main__][INFO] - Using device: cuda
[2025-09-25 04:28:51,496][__main__][INFO] - Training 1200 epochs of 3 batches (3600 steps): , eval_freq: 100, print_freq: 100
[2025-09-25 04:33:01,894][__main__][INFO] - Step 1 | valid1 MSE : 0.0026 | valid1 NMSE : 1.1181
[2025-09-25 04:37:16,877][__main__][INFO] - Step 100 | valid1 MSE : 0.0014 | valid1 NMSE : 0.5681
[2025-09-25 04:41:32,027][__main__][INFO] - Step 200 | valid1 MSE : 0.0011 | valid1 NMSE : 0.4606
[2025-09-25 04:45:47,177][__main__][INFO] - Step 300 | valid1 MSE : 0.0010 | valid1 NMSE : 0.4127
[2025-09-25 04:50:02,507][__main__][INFO] - Step 400 | valid1 MSE : 0.0009 | valid1 NMSE : 0.3837
[2025-09-25 04:54:16,768][__main__][INFO] - Step 500 | valid1 MSE : 0.0008 | valid1 NMSE : 0.3626
[2025-09-25 04:58:31,178][__main__][INFO] - Step 600 | valid1 MSE : 0.0008 | valid1 NMSE : 0.3478
[2025-09-25 05:02:46,003][__main__][INFO] - Step 700 | valid1 MSE : 0.0008 | valid1 NMSE : 0.3368
[2025-09-25 05:07:00,318][__main__][INFO] - Step 800 | valid1 MSE : 0.0007 | valid1 NMSE : 0.3283
[2025-09-25 05:11:15,139][__main__][INFO] - Step 900 | valid1 MSE : 0.0007 | valid1 NMSE : 0.3219
[2025-09-25 05:15:29,572][__main__][INFO] - Step 1000 | valid1 MSE : 0.0007 | valid1 NMSE : 0.3171
[2025-09-25 05:19:44,380][__main__][INFO] - Step 1100 | valid1 MSE : 0.0007 | valid1 NMSE : 0.3133
[2025-09-25 05:23:59,079][__main__][INFO] - Step 1200 | valid1 MSE : 0.0007 | valid1 NMSE : 0.3101
[2025-09-25 05:28:13,900][__main__][INFO] - Step 1300 | valid1 MSE : 0.0007 | valid1 NMSE : 0.3075
[2025-09-25 05:32:28,695][__main__][INFO] - Step 1400 | valid1 MSE : 0.0007 | valid1 NMSE : 0.3055
[2025-09-25 05:36:43,381][__main__][INFO] - Step 1500 | valid1 MSE : 0.0007 | valid1 NMSE : 0.3035
[2025-09-25 05:40:58,221][__main__][INFO] - Step 1600 | valid1 MSE : 0.0007 | valid1 NMSE : 0.3019
[2025-09-25 05:45:12,758][__main__][INFO] - Step 1700 | valid1 MSE : 0.0007 | valid1 NMSE : 0.3007
[2025-09-25 05:49:27,647][__main__][INFO] - Step 1800 | valid1 MSE : 0.0007 | valid1 NMSE : 0.2995
[2025-09-25 05:53:42,779][__main__][INFO] - Step 1900 | valid1 MSE : 0.0007 | valid1 NMSE : 0.2985
[2025-09-25 05:57:57,868][__main__][INFO] - Step 2000 | valid1 MSE : 0.0007 | valid1 NMSE : 0.2976
[2025-09-25 06:02:12,825][__main__][INFO] - Step 2100 | valid1 MSE : 0.0007 | valid1 NMSE : 0.2968
[2025-09-25 06:06:27,464][__main__][INFO] - Step 2200 | valid1 MSE : 0.0007 | valid1 NMSE : 0.2961
[2025-09-25 06:10:42,620][__main__][INFO] - Step 2300 | valid1 MSE : 0.0007 | valid1 NMSE : 0.2953
[2025-09-25 06:14:57,009][__main__][INFO] - Step 2400 | valid1 MSE : 0.0007 | valid1 NMSE : 0.2945
[2025-09-25 06:19:11,885][__main__][INFO] - Step 2500 | valid1 MSE : 0.0007 | valid1 NMSE : 0.2939
[2025-09-25 06:23:26,776][__main__][INFO] - Step 2600 | valid1 MSE : 0.0007 | valid1 NMSE : 0.2935
[2025-09-25 06:27:42,063][__main__][INFO] - Step 2700 | valid1 MSE : 0.0007 | valid1 NMSE : 0.2933
[2025-09-25 06:31:57,478][__main__][INFO] - Step 2800 | valid1 MSE : 0.0007 | valid1 NMSE : 0.2925
[2025-09-25 06:36:12,392][__main__][INFO] - Step 2900 | valid1 MSE : 0.0006 | valid1 NMSE : 0.2919
[2025-09-25 06:40:27,301][__main__][INFO] - Step 3000 | valid1 MSE : 0.0006 | valid1 NMSE : 0.2918
[2025-09-25 06:44:42,153][__main__][INFO] - Step 3100 | valid1 MSE : 0.0006 | valid1 NMSE : 0.2914
[2025-09-25 06:48:57,053][__main__][INFO] - Step 3200 | valid1 MSE : 0.0006 | valid1 NMSE : 0.2910
[2025-09-25 06:53:12,390][__main__][INFO] - Step 3300 | valid1 MSE : 0.0006 | valid1 NMSE : 0.2908
[2025-09-25 06:57:26,889][__main__][INFO] - Step 3400 | valid1 MSE : 0.0006 | valid1 NMSE : 0.2903
[2025-09-25 07:01:42,312][__main__][INFO] - Step 3500 | valid1 MSE : 0.0006 | valid1 NMSE : 0.2902
[2025-09-25 07:05:57,068][__main__][INFO] - Step 3600 | valid1 MSE : 0.0006 | valid1 NMSE : 0.2897
[2025-09-25 07:05:57,069][__main__][INFO] - Training done in 157.093 min
[2025-09-25 07:05:57,069][__main__][INFO] - Average time per step: 2.618 s
[2025-09-25 07:05:58,588][__main__][INFO] - End of training
[2025-09-25 07:05:58,589][__main__][INFO] - --Eval--
[2025-09-25 07:08:35,999][__main__][INFO] - Final modulations: {'beta': np.float32(0.0042521814), 'alpha': np.float32(0.97685385)}
[2025-09-25 07:08:35,999][__main__][INFO] - End of script

[2025-09-25 07:08:55,049][__main__][INFO] - =====Running train script=====
[2025-09-25 07:08:55,098][__main__][INFO] - Fetched main configs, save directory : ../outputs/norm/traffic/lags168_horizon24/seed_2/instance_NMSE/
[2025-09-25 07:08:55,098][__main__][INFO] - Model PatchTST, norma instance, criterion NMSE, kwargs {'last': False, 'latent': False}
[2025-09-25 07:08:58,406][__main__][INFO] - Fetched dataloaders
[2025-09-25 07:08:58,406][__main__][INFO] - Splits shapes:
train	(689, 1, 10526)
valid1	(689, 1, 3509)
valid2	(173, 1, 10526)
valid3	(173, 1, 3509)
test1	(689, 1, 3509)
test2	(173, 1, 3509)
[2025-09-25 07:08:58,406][__main__][INFO] - Batches:
 X=[256, 1, 168]
 y=[256, 1, 24]
[2025-09-25 07:08:58,416][__main__][INFO] - --Training--
[2025-09-25 07:09:01,112][__main__][INFO] - Starting training pytorch with lr=1e-05
[2025-09-25 07:09:01,112][__main__][INFO] - Using device: cuda
[2025-09-25 07:09:01,112][__main__][INFO] - Training 1200 epochs of 3 batches (3600 steps): , eval_freq: 100, print_freq: 100
[2025-09-25 07:13:15,977][__main__][INFO] - Step 1 | valid1 MSE : 0.0028 | valid1 NMSE : 1.1905
[2025-09-25 07:17:34,746][__main__][INFO] - Step 100 | valid1 MSE : 0.0015 | valid1 NMSE : 0.5919
[2025-09-25 07:21:53,610][__main__][INFO] - Step 200 | valid1 MSE : 0.0012 | valid1 NMSE : 0.4746
[2025-09-25 07:26:11,440][__main__][INFO] - Step 300 | valid1 MSE : 0.0010 | valid1 NMSE : 0.4247
[2025-09-25 07:30:29,854][__main__][INFO] - Step 400 | valid1 MSE : 0.0009 | valid1 NMSE : 0.3934
[2025-09-25 07:34:47,666][__main__][INFO] - Step 500 | valid1 MSE : 0.0009 | valid1 NMSE : 0.3717
[2025-09-25 07:39:05,543][__main__][INFO] - Step 600 | valid1 MSE : 0.0008 | valid1 NMSE : 0.3560
[2025-09-25 07:43:23,697][__main__][INFO] - Step 700 | valid1 MSE : 0.0008 | valid1 NMSE : 0.3443
[2025-09-25 07:47:41,502][__main__][INFO] - Step 800 | valid1 MSE : 0.0008 | valid1 NMSE : 0.3355
[2025-09-25 07:51:59,126][__main__][INFO] - Step 900 | valid1 MSE : 0.0007 | valid1 NMSE : 0.3287
[2025-09-25 07:56:16,336][__main__][INFO] - Step 1000 | valid1 MSE : 0.0007 | valid1 NMSE : 0.3235
[2025-09-25 08:00:33,705][__main__][INFO] - Step 1100 | valid1 MSE : 0.0007 | valid1 NMSE : 0.3194
[2025-09-25 08:04:51,034][__main__][INFO] - Step 1200 | valid1 MSE : 0.0007 | valid1 NMSE : 0.3161
[2025-09-25 08:09:08,148][__main__][INFO] - Step 1300 | valid1 MSE : 0.0007 | valid1 NMSE : 0.3132
[2025-09-25 08:13:25,505][__main__][INFO] - Step 1400 | valid1 MSE : 0.0007 | valid1 NMSE : 0.3111
[2025-09-25 08:17:42,858][__main__][INFO] - Step 1500 | valid1 MSE : 0.0007 | valid1 NMSE : 0.3090
[2025-09-25 08:22:00,293][__main__][INFO] - Step 1600 | valid1 MSE : 0.0007 | valid1 NMSE : 0.3075
[2025-09-25 08:26:17,785][__main__][INFO] - Step 1700 | valid1 MSE : 0.0007 | valid1 NMSE : 0.3059
[2025-09-25 08:30:35,573][__main__][INFO] - Step 1800 | valid1 MSE : 0.0007 | valid1 NMSE : 0.3047
[2025-09-25 08:34:53,267][__main__][INFO] - Step 1900 | valid1 MSE : 0.0007 | valid1 NMSE : 0.3036
[2025-09-25 08:39:10,530][__main__][INFO] - Step 2000 | valid1 MSE : 0.0007 | valid1 NMSE : 0.3026
[2025-09-25 08:43:28,137][__main__][INFO] - Step 2100 | valid1 MSE : 0.0007 | valid1 NMSE : 0.3017
[2025-09-25 08:47:45,881][__main__][INFO] - Step 2200 | valid1 MSE : 0.0007 | valid1 NMSE : 0.3008
[2025-09-25 08:52:04,076][__main__][INFO] - Step 2300 | valid1 MSE : 0.0007 | valid1 NMSE : 0.3002
[2025-09-25 08:56:21,627][__main__][INFO] - Step 2400 | valid1 MSE : 0.0007 | valid1 NMSE : 0.2999
[2025-09-25 09:00:38,955][__main__][INFO] - Step 2500 | valid1 MSE : 0.0007 | valid1 NMSE : 0.2990
[2025-09-25 09:04:56,516][__main__][INFO] - Step 2600 | valid1 MSE : 0.0007 | valid1 NMSE : 0.2985
[2025-09-25 09:09:13,995][__main__][INFO] - Step 2700 | valid1 MSE : 0.0007 | valid1 NMSE : 0.2980
[2025-09-25 09:13:31,669][__main__][INFO] - Step 2800 | valid1 MSE : 0.0007 | valid1 NMSE : 0.2974
[2025-09-25 09:17:49,498][__main__][INFO] - Step 2900 | valid1 MSE : 0.0007 | valid1 NMSE : 0.2970
[2025-09-25 09:22:07,835][__main__][INFO] - Step 3000 | valid1 MSE : 0.0007 | valid1 NMSE : 0.2965
[2025-09-25 09:26:25,840][__main__][INFO] - Step 3100 | valid1 MSE : 0.0007 | valid1 NMSE : 0.2961
[2025-09-25 09:30:43,820][__main__][INFO] - Step 3200 | valid1 MSE : 0.0007 | valid1 NMSE : 0.2959
[2025-09-25 09:35:02,000][__main__][INFO] - Step 3300 | valid1 MSE : 0.0007 | valid1 NMSE : 0.2955
[2025-09-25 09:39:20,598][__main__][INFO] - Step 3400 | valid1 MSE : 0.0007 | valid1 NMSE : 0.2951
[2025-09-25 09:43:38,924][__main__][INFO] - Step 3500 | valid1 MSE : 0.0007 | valid1 NMSE : 0.2948
[2025-09-25 09:47:58,470][__main__][INFO] - Step 3600 | valid1 MSE : 0.0007 | valid1 NMSE : 0.2945
[2025-09-25 09:47:58,471][__main__][INFO] - Training done in 158.956 min
[2025-09-25 09:47:58,471][__main__][INFO] - Average time per step: 2.649 s
[2025-09-25 09:47:59,938][__main__][INFO] - End of training
[2025-09-25 09:47:59,938][__main__][INFO] - --Eval--
[2025-09-25 09:50:39,774][__main__][INFO] - End of script

[2025-09-25 09:50:53,805][__main__][INFO] - =====Running train script=====
[2025-09-25 09:50:53,851][__main__][INFO] - Fetched main configs, save directory : ../outputs/norm/traffic/lags168_horizon24/seed_2/revin_NMSE/
[2025-09-25 09:50:53,851][__main__][INFO] - Model PatchTST, norma revin, criterion NMSE, kwargs {'latent': False}
[2025-09-25 09:50:57,434][__main__][INFO] - Fetched dataloaders
[2025-09-25 09:50:57,434][__main__][INFO] - Splits shapes:
train	(689, 1, 10526)
valid1	(689, 1, 3509)
valid2	(173, 1, 10526)
valid3	(173, 1, 3509)
test1	(689, 1, 3509)
test2	(173, 1, 3509)
[2025-09-25 09:50:57,434][__main__][INFO] - Batches:
 X=[256, 1, 168]
 y=[256, 1, 24]
[2025-09-25 09:50:57,442][__main__][INFO] - --Training--
[2025-09-25 09:51:00,165][__main__][INFO] - Starting training pytorch with lr=1e-05
[2025-09-25 09:51:00,165][__main__][INFO] - Using device: cuda
[2025-09-25 09:51:00,165][__main__][INFO] - Training 1200 epochs of 3 batches (3600 steps): , eval_freq: 100, print_freq: 100
[2025-09-25 09:55:13,471][__main__][INFO] - Step 1 | valid1 MSE : 0.0028 | valid1 NMSE : 1.1905
[2025-09-25 09:59:31,201][__main__][INFO] - Step 100 | valid1 MSE : 0.0015 | valid1 NMSE : 0.5920
[2025-09-25 10:03:49,044][__main__][INFO] - Step 200 | valid1 MSE : 0.0012 | valid1 NMSE : 0.4746
[2025-09-25 10:08:05,963][__main__][INFO] - Step 300 | valid1 MSE : 0.0010 | valid1 NMSE : 0.4248
[2025-09-25 10:12:22,172][__main__][INFO] - Step 400 | valid1 MSE : 0.0009 | valid1 NMSE : 0.3934
[2025-09-25 10:16:38,714][__main__][INFO] - Step 500 | valid1 MSE : 0.0009 | valid1 NMSE : 0.3718
[2025-09-25 10:20:53,676][__main__][INFO] - Step 600 | valid1 MSE : 0.0008 | valid1 NMSE : 0.3561
[2025-09-25 10:25:09,291][__main__][INFO] - Step 700 | valid1 MSE : 0.0008 | valid1 NMSE : 0.3444
[2025-09-25 10:29:25,660][__main__][INFO] - Step 800 | valid1 MSE : 0.0008 | valid1 NMSE : 0.3356
[2025-09-25 10:33:41,389][__main__][INFO] - Step 900 | valid1 MSE : 0.0007 | valid1 NMSE : 0.3288
