[2025-08-04 12:01:35,187][__main__][INFO] - =====Running main script=====
[2025-08-04 12:01:35,193][__main__][INFO] - Fetched main configs, save directory : ../outputs/bench_sk/sklinear/
[2025-08-04 12:01:35,193][__main__][INFO] - Model sklinear, normalization None, criterion MSE, kwargs {}
[2025-08-04 12:01:35,341][__main__][INFO] - Fetched dataloaders
[2025-08-04 12:01:35,353][__main__][INFO] - Training data shape : (223, 1, 13152)
[2025-08-04 12:01:35,353][__main__][INFO] - Batch sizes : X=torch.Size([6242, 1, 336]), y=torch.Size([6242, 1, 48])
[2025-08-04 12:01:35,617][__main__][INFO] - Starting scikit-learn fitting...
[2025-08-04 12:02:32,658][__main__][INFO] - End of training
[2025-08-04 12:02:32,659][__main__][INFO] - Computing test metrics
[2025-08-04 12:02:42,179][__main__][INFO] - Evaluation done in 0.159 min
[2025-08-04 12:02:57,235][__main__][INFO] - Evaluation done in 0.066 min
[2025-08-04 12:03:03,700][__main__][INFO] - Saved plots
[2025-08-04 12:03:03,833][__main__][INFO] - End of script

[2025-08-04 12:03:11,578][__main__][INFO] - =====Running main script=====
[2025-08-04 12:03:11,584][__main__][INFO] - Fetched main configs, save directory : ../outputs/bench_sk/sklinear_instance/
[2025-08-04 12:03:11,584][__main__][INFO] - Model sklinear, normalization instance, criterion MSE, kwargs {}
[2025-08-04 12:03:11,731][__main__][INFO] - Fetched dataloaders
[2025-08-04 12:03:11,744][__main__][INFO] - Training data shape : (223, 1, 13152)
[2025-08-04 12:03:11,744][__main__][INFO] - Batch sizes : X=torch.Size([6242, 1, 336]), y=torch.Size([6242, 1, 48])
[2025-08-04 12:03:12,052][__main__][INFO] - Starting scikit-learn fitting...
[2025-08-04 12:04:15,990][__main__][INFO] - End of training
[2025-08-04 12:04:15,991][__main__][INFO] - Computing test metrics
[2025-08-04 12:04:26,415][__main__][INFO] - Evaluation done in 0.174 min
[2025-08-04 12:04:41,926][__main__][INFO] - Evaluation done in 0.071 min
[2025-08-04 12:04:48,632][__main__][INFO] - Saved plots
[2025-08-04 12:04:48,767][__main__][INFO] - End of script

[2025-08-04 12:04:54,029][__main__][INFO] - =====Running main script=====
[2025-08-04 12:04:54,034][__main__][INFO] - Fetched main configs, save directory : ../outputs/bench_sk/sklinear_relative/
[2025-08-04 12:04:54,034][__main__][INFO] - Model sklinear, normalization relative, criterion MSE, kwargs {}
[2025-08-04 12:04:54,179][__main__][INFO] - Fetched dataloaders
[2025-08-04 12:04:54,191][__main__][INFO] - Training data shape : (223, 1, 13152)
[2025-08-04 12:04:54,191][__main__][INFO] - Batch sizes : X=torch.Size([6242, 1, 336]), y=torch.Size([6242, 1, 48])
[2025-08-04 12:04:54,493][__main__][INFO] - Starting scikit-learn fitting...
[2025-08-04 12:05:51,865][__main__][INFO] - End of training
[2025-08-04 12:05:51,866][__main__][INFO] - Computing test metrics
[2025-08-04 12:06:01,996][__main__][INFO] - Evaluation done in 0.169 min
[2025-08-04 12:06:17,552][__main__][INFO] - Evaluation done in 0.071 min
[2025-08-04 12:06:23,981][__main__][INFO] - Saved plots
[2025-08-04 12:06:24,125][__main__][INFO] - End of script

[2025-08-04 12:06:29,246][__main__][INFO] - =====Running main script=====
[2025-08-04 12:06:29,249][__main__][INFO] - Fetched main configs, save directory : ../outputs/bench_sk/sklinear_instance/
[2025-08-04 12:06:29,249][__main__][INFO] - Model sklinear, normalization instance, criterion MSE, kwargs {}
[2025-08-04 12:06:29,392][__main__][INFO] - Fetched dataloaders
[2025-08-04 12:06:29,395][__main__][INFO] - Training data shape : (223, 1, 13152)
[2025-08-04 12:06:29,395][__main__][INFO] - Batch sizes : X=torch.Size([28, 1, 336]), y=torch.Size([28, 1, 48])
[2025-08-04 12:06:29,672][__main__][INFO] - Starting scikit-learn fitting...
[2025-08-04 12:06:29,693][__main__][INFO] - End of training
[2025-08-04 12:06:29,693][__main__][INFO] - Computing test metrics
[2025-08-04 12:06:40,639][__main__][INFO] - Evaluation done in 0.182 min
[2025-08-04 12:06:56,666][__main__][INFO] - Evaluation done in 0.077 min
[2025-08-04 12:07:03,702][__main__][INFO] - Saved plots
[2025-08-04 12:07:03,845][__main__][INFO] - End of script

Table of ../outputs/bench_sk/test1_mean_results.json
+-----------------+------------+---------------------+---------------------+
|                 |   sklinear |   sklinear_instance |   sklinear_relative |
+=================+============+=====================+=====================+
| Test MSE * 1e-7 |     1.6682 |              1.9088 |              1.4713 |
+-----------------+------------+---------------------+---------------------+
| Test NMSE       |     0.5074 |              0.7594 |              0.3815 |
+-----------------+------------+---------------------+---------------------+
