[2025-08-02 13:07:42,770][__main__][INFO] - =====Running main script=====
[2025-08-02 13:07:42,776][__main__][INFO] - Fetched main configs, save directory : ../outputs/bench_repeat/sim1_repeat_1/
[2025-08-02 13:07:42,776][__main__][INFO] - Model repeat, normalization None, criterion MSE, kwargs {}
[2025-08-02 13:07:42,924][__main__][INFO] - Fetched dataloaders
[2025-08-02 13:07:42,946][__main__][INFO] - Training data shape : (223, 1, 13152)
[2025-08-02 13:07:42,946][__main__][INFO] - Batch sizes : X=torch.Size([28, 1, 336]), y=torch.Size([28, 1, 48])
[2025-08-02 13:07:43,274][__main__][INFO] - No training needed
[2025-08-02 13:07:43,274][__main__][INFO] - Computing test metrics
[2025-08-02 13:07:52,527][__main__][INFO] - Evaluation done in 0.154 min
[2025-08-02 13:08:08,042][__main__][INFO] - Evaluation done in 0.067 min
[2025-08-02 13:08:14,898][__main__][INFO] - Saved plots
[2025-08-02 13:08:14,898][__main__][INFO] - End of script

[2025-08-02 13:08:20,104][__main__][INFO] - =====Running main script=====
[2025-08-02 13:08:20,109][__main__][INFO] - Fetched main configs, save directory : ../outputs/bench_repeat/electricity_repeat_1/
[2025-08-02 13:08:20,109][__main__][INFO] - Model repeat, normalization None, criterion MSE, kwargs {}
[2025-08-02 13:08:20,254][__main__][INFO] - Fetched dataloaders
[2025-08-02 13:08:20,258][__main__][INFO] - Training data shape : (223, 1, 13152)
[2025-08-02 13:08:20,258][__main__][INFO] - Batch sizes : X=torch.Size([28, 1, 336]), y=torch.Size([28, 1, 48])
[2025-08-02 13:08:20,565][__main__][INFO] - No training needed
[2025-08-02 13:08:20,566][__main__][INFO] - Computing test metrics
[2025-08-02 13:08:29,312][__main__][INFO] - Evaluation done in 0.146 min
[2025-08-02 13:08:44,736][__main__][INFO] - Evaluation done in 0.066 min
[2025-08-02 13:08:51,134][__main__][INFO] - Saved plots
[2025-08-02 13:08:51,134][__main__][INFO] - End of script

[2025-08-02 13:08:57,071][__main__][INFO] - =====Running main script=====
[2025-08-02 13:08:57,077][__main__][INFO] - Fetched main configs, save directory : ../outputs/bench_repeat/sim1_repeat_2/
[2025-08-02 13:08:57,077][__main__][INFO] - Model repeat, normalization None, criterion MSE, kwargs {}
[2025-08-02 13:08:57,223][__main__][INFO] - Fetched dataloaders
[2025-08-02 13:08:57,227][__main__][INFO] - Training data shape : (223, 1, 13152)
[2025-08-02 13:08:57,227][__main__][INFO] - Batch sizes : X=torch.Size([28, 1, 336]), y=torch.Size([28, 1, 48])
[2025-08-02 13:08:57,540][__main__][INFO] - No training needed
[2025-08-02 13:08:57,540][__main__][INFO] - Computing test metrics
[2025-08-02 13:09:06,276][__main__][INFO] - Evaluation done in 0.146 min
[2025-08-02 13:09:21,735][__main__][INFO] - Evaluation done in 0.067 min
[2025-08-02 13:09:27,943][__main__][INFO] - Saved plots
[2025-08-02 13:09:27,943][__main__][INFO] - End of script

[2025-08-02 13:09:33,306][__main__][INFO] - =====Running main script=====
[2025-08-02 13:09:33,312][__main__][INFO] - Fetched main configs, save directory : ../outputs/bench_repeat/electricity_repeat_2/
[2025-08-02 13:09:33,312][__main__][INFO] - Model repeat, normalization None, criterion MSE, kwargs {}
[2025-08-02 13:09:33,457][__main__][INFO] - Fetched dataloaders
[2025-08-02 13:09:33,461][__main__][INFO] - Training data shape : (223, 1, 13152)
[2025-08-02 13:09:33,461][__main__][INFO] - Batch sizes : X=torch.Size([28, 1, 336]), y=torch.Size([28, 1, 48])
[2025-08-02 13:09:33,767][__main__][INFO] - No training needed
[2025-08-02 13:09:33,767][__main__][INFO] - Computing test metrics
[2025-08-02 13:09:42,511][__main__][INFO] - Evaluation done in 0.146 min
[2025-08-02 13:09:58,058][__main__][INFO] - Evaluation done in 0.068 min
[2025-08-02 13:10:04,386][__main__][INFO] - Saved plots
[2025-08-02 13:10:04,386][__main__][INFO] - End of script

[2025-08-02 13:10:11,173][__main__][INFO] - =====Running main script=====
[2025-08-02 13:10:11,179][__main__][INFO] - Fetched main configs, save directory : ../outputs/bench_repeat/sim1_repeat_3/
[2025-08-02 13:10:11,179][__main__][INFO] - Model repeat, normalization None, criterion MSE, kwargs {}
[2025-08-02 13:10:11,326][__main__][INFO] - Fetched dataloaders
[2025-08-02 13:10:11,330][__main__][INFO] - Training data shape : (223, 1, 13152)
[2025-08-02 13:10:11,330][__main__][INFO] - Batch sizes : X=torch.Size([28, 1, 336]), y=torch.Size([28, 1, 48])
[2025-08-02 13:10:11,650][__main__][INFO] - No training needed
[2025-08-02 13:10:11,650][__main__][INFO] - Computing test metrics
[2025-08-02 13:10:20,440][__main__][INFO] - Evaluation done in 0.146 min
[2025-08-02 13:10:35,921][__main__][INFO] - Evaluation done in 0.067 min
[2025-08-02 13:10:42,215][__main__][INFO] - Saved plots
[2025-08-02 13:10:42,216][__main__][INFO] - End of script

[2025-08-02 13:10:47,438][__main__][INFO] - =====Running main script=====
[2025-08-02 13:10:47,444][__main__][INFO] - Fetched main configs, save directory : ../outputs/bench_repeat/electricity_repeat_3/
[2025-08-02 13:10:47,444][__main__][INFO] - Model repeat, normalization None, criterion MSE, kwargs {}
[2025-08-02 13:10:47,588][__main__][INFO] - Fetched dataloaders
[2025-08-02 13:10:47,592][__main__][INFO] - Training data shape : (223, 1, 13152)
[2025-08-02 13:10:47,592][__main__][INFO] - Batch sizes : X=torch.Size([28, 1, 336]), y=torch.Size([28, 1, 48])
[2025-08-02 13:10:47,891][__main__][INFO] - No training needed
[2025-08-02 13:10:47,891][__main__][INFO] - Computing test metrics
[2025-08-02 13:10:56,705][__main__][INFO] - Evaluation done in 0.147 min
[2025-08-02 13:11:12,237][__main__][INFO] - Evaluation done in 0.067 min
[2025-08-02 13:11:18,643][__main__][INFO] - Saved plots
[2025-08-02 13:11:18,643][__main__][INFO] - End of script

Table of ../outputs/bench_repeat/test1_mean_results.json
+------------------+-----------------+------------------------+-----------------+------------------------+-----------------+------------------------+
|                  |   sim1_repeat_1 |   electricity_repeat_1 |   sim1_repeat_2 |   electricity_repeat_2 |   sim1_repeat_3 |   electricity_repeat_3 |
+==================+=================+========================+=================+========================+=================+========================+
| Test MSE * 1e-8  |          0.0751 |                 0.0751 |          0.0751 |                 0.0751 |          0.0751 |                 0.0751 |
+------------------+-----------------+------------------------+-----------------+------------------------+-----------------+------------------------+
| Test NMSE * 1e-3 |          0.0005 |                 0.0005 |          0.0005 |                 0.0005 |          0.0005 |                 0.0005 |
+------------------+-----------------+------------------------+-----------------+------------------------+-----------------+------------------------+
Table of ../outputs/bench_repeat/test2_mean_results.json
+------------------+-----------------+------------------------+-----------------+------------------------+-----------------+------------------------+
|                  |   sim1_repeat_1 |   electricity_repeat_1 |   sim1_repeat_2 |   electricity_repeat_2 |   sim1_repeat_3 |   electricity_repeat_3 |
+==================+=================+========================+=================+========================+=================+========================+
| Test MSE * 1e-8  |          0.0016 |                 0.0016 |          0.0018 |                 0.0018 |          0.0019 |                 0.0019 |
+------------------+-----------------+------------------------+-----------------+------------------------+-----------------+------------------------+
| Test NMSE * 1e-3 |          0.0006 |                 0.0006 |          0.0006 |                 0.0006 |          0.0005 |                 0.0005 |
+------------------+-----------------+------------------------+-----------------+------------------------+-----------------+------------------------+
