[2025-08-06 17:24:16,320][__main__][INFO] - =====Running main script=====
[2025-08-06 17:24:16,327][__main__][INFO] - Fetched main configs, save directory : ../outputs/bench_indiv2/TST_dates/
[2025-08-06 17:24:16,327][__main__][INFO] - Model PatchTST, normalization revin, criterion NMSE, kwargs {}
[2025-08-06 17:24:16,528][__main__][INFO] - Fetched dataloaders
[2025-08-06 17:24:16,531][__main__][INFO] - Training data shape : (223, 1, 2553)
[2025-08-06 17:24:16,531][__main__][INFO] - Batch sizes : X=torch.Size([223, 1, 336]), y=torch.Size([223, 1, 48])
[2025-08-06 17:24:19,485][__main__][INFO] - batch_size=1, learning_rate=1e-05, steps per epoch=2169, epochs=1
[2025-08-06 17:24:19,485][__main__][INFO] - Starting training...
[2025-08-06 17:24:19,485][__main__][INFO] - Using device: cuda
[2025-08-06 17:24:19,485][__main__][INFO] - Training 1 epochs of 2169 batches (2169 steps): , eval_freq: 100, print_freq: 100
[2025-08-06 17:27:28,783][__main__][INFO] - Step 1 | valid1 MSE : 77641728.0000 | valid1 NMSE : 1.3412
[2025-08-06 17:30:33,250][__main__][INFO] - Step 100 | valid1 MSE : 9442515.0000 | valid1 NMSE : 0.5499
[2025-08-06 17:33:38,422][__main__][INFO] - Step 200 | valid1 MSE : 6773531.5000 | valid1 NMSE : 0.4703
[2025-08-06 17:36:44,112][__main__][INFO] - Step 300 | valid1 MSE : 5782481.5000 | valid1 NMSE : 0.4385
[2025-08-06 17:39:49,374][__main__][INFO] - Step 400 | valid1 MSE : 5355173.0000 | valid1 NMSE : 0.4212
[2025-08-06 17:42:54,964][__main__][INFO] - Step 500 | valid1 MSE : 4750372.5000 | valid1 NMSE : 0.4050
[2025-08-06 17:46:01,298][__main__][INFO] - Step 600 | valid1 MSE : 4766227.5000 | valid1 NMSE : 0.3971
[2025-08-06 17:49:05,225][__main__][INFO] - Step 700 | valid1 MSE : 4657414.5000 | valid1 NMSE : 0.3888
[2025-08-06 17:52:10,434][__main__][INFO] - Step 800 | valid1 MSE : 4223356.5000 | valid1 NMSE : 0.3792
[2025-08-06 17:55:16,940][__main__][INFO] - Step 900 | valid1 MSE : 4246618.0000 | valid1 NMSE : 0.3752
[2025-08-06 17:58:20,105][__main__][INFO] - Step 1000 | valid1 MSE : 4188950.7500 | valid1 NMSE : 0.3703
[2025-08-06 18:01:27,338][__main__][INFO] - Step 1100 | valid1 MSE : 4062249.5000 | valid1 NMSE : 0.3659
[2025-08-06 18:04:32,520][__main__][INFO] - Step 1200 | valid1 MSE : 3899740.5000 | valid1 NMSE : 0.3613
[2025-08-06 18:07:35,974][__main__][INFO] - Step 1300 | valid1 MSE : 4034089.0000 | valid1 NMSE : 0.3599
[2025-08-06 18:10:43,190][__main__][INFO] - Step 1400 | valid1 MSE : 3978840.5000 | valid1 NMSE : 0.3570
[2025-08-06 18:13:48,359][__main__][INFO] - Step 1500 | valid1 MSE : 3863312.2500 | valid1 NMSE : 0.3539
[2025-08-06 18:16:52,123][__main__][INFO] - Step 1600 | valid1 MSE : 3622218.2500 | valid1 NMSE : 0.3503
[2025-08-06 18:19:59,223][__main__][INFO] - Step 1700 | valid1 MSE : 3861817.2500 | valid1 NMSE : 0.3507
[2025-08-06 18:23:02,777][__main__][INFO] - Step 1800 | valid1 MSE : 3726574.2500 | valid1 NMSE : 0.3482
[2025-08-06 18:26:06,745][__main__][INFO] - Step 1900 | valid1 MSE : 3746496.0000 | valid1 NMSE : 0.3480
[2025-08-06 18:29:10,929][__main__][INFO] - Step 2000 | valid1 MSE : 3619065.2500 | valid1 NMSE : 0.3451
[2025-08-06 18:32:17,039][__main__][INFO] - Step 2100 | valid1 MSE : 3724673.5000 | valid1 NMSE : 0.3450
[2025-08-06 18:35:19,605][__main__][INFO] - Step 2169 | valid1 MSE : 3751755.0000 | valid1 NMSE : 0.3442
[2025-08-06 18:35:19,607][__main__][INFO] - Training done in 71.002 min
[2025-08-06 18:35:19,607][__main__][INFO] - Average time per step: 1.964 s
[2025-08-06 18:35:19,653][__main__][INFO] - End of training
[2025-08-06 18:35:20,879][__main__][INFO] - Plotted losses
[2025-08-06 18:35:20,879][__main__][INFO] - Computing test metrics
[2025-08-06 18:35:51,468][__main__][INFO] - Evaluation done in 0.510 min
[2025-08-06 18:36:27,318][__main__][INFO] - Evaluation done in 0.333 min
[2025-08-06 18:36:35,919][__main__][INFO] - Saved plots
[2025-08-06 18:36:35,919][__main__][INFO] - Final mIN parameters: {'beta': np.float32(-0.00040356), 'alpha': np.float32(1.0138699)}
[2025-08-06 18:36:35,919][__main__][INFO] - End of script

[2025-08-06 18:36:44,029][__main__][INFO] - =====Running main script=====
[2025-08-06 18:36:44,036][__main__][INFO] - Fetched main configs, save directory : ../outputs/bench_indiv2/TST_indiv/
[2025-08-06 18:36:44,036][__main__][INFO] - Model PatchTST, normalization revin, criterion NMSE, kwargs {}
[2025-08-06 18:36:44,254][__main__][INFO] - Fetched dataloaders
[2025-08-06 18:36:44,266][__main__][INFO] - Training data shape : (223, 1, 13152)
[2025-08-06 18:36:44,267][__main__][INFO] - Batch sizes : X=torch.Size([223, 1, 336]), y=torch.Size([223, 1, 48])
[2025-08-06 18:36:47,427][__main__][INFO] - batch_size=223, learning_rate=1e-05, steps per epoch=1, epochs=2169
[2025-08-06 18:36:47,427][__main__][INFO] - Starting training...
[2025-08-06 18:36:47,427][__main__][INFO] - Using device: cuda
[2025-08-06 18:36:47,427][__main__][INFO] - Training 2169 epochs of 1 batches (2169 steps): , eval_freq: 100, print_freq: 100
[2025-08-06 18:38:29,084][__main__][INFO] - Step 1 | valid1 MSE : 76970960.0000 | valid1 NMSE : 1.3342
[2025-08-06 18:40:10,564][__main__][INFO] - Step 100 | valid1 MSE : 6907797.0000 | valid1 NMSE : 0.4821
[2025-08-06 18:41:52,935][__main__][INFO] - Step 200 | valid1 MSE : 5210402.5000 | valid1 NMSE : 0.4232
[2025-08-06 18:43:35,649][__main__][INFO] - Step 300 | valid1 MSE : 4559274.5000 | valid1 NMSE : 0.3981
[2025-08-06 18:45:19,347][__main__][INFO] - Step 400 | valid1 MSE : 4181040.0000 | valid1 NMSE : 0.3818
[2025-08-06 18:46:57,980][__main__][INFO] - Step 500 | valid1 MSE : 3904566.0000 | valid1 NMSE : 0.3702
[2025-08-06 18:48:41,720][__main__][INFO] - Step 600 | valid1 MSE : 3741971.2500 | valid1 NMSE : 0.3618
[2025-08-06 18:50:26,552][__main__][INFO] - Step 700 | valid1 MSE : 3613773.2500 | valid1 NMSE : 0.3555
[2025-08-06 18:52:10,715][__main__][INFO] - Step 800 | valid1 MSE : 3494285.0000 | valid1 NMSE : 0.3503
[2025-08-06 18:53:52,737][__main__][INFO] - Step 900 | valid1 MSE : 3459391.5000 | valid1 NMSE : 0.3467
[2025-08-06 18:55:38,254][__main__][INFO] - Step 1000 | valid1 MSE : 3388653.5000 | valid1 NMSE : 0.3433
[2025-08-06 18:57:22,495][__main__][INFO] - Step 1100 | valid1 MSE : 3331408.7500 | valid1 NMSE : 0.3408
[2025-08-06 18:59:07,230][__main__][INFO] - Step 1200 | valid1 MSE : 3299828.5000 | valid1 NMSE : 0.3387
[2025-08-06 19:00:51,802][__main__][INFO] - Step 1300 | valid1 MSE : 3245154.7500 | valid1 NMSE : 0.3368
[2025-08-06 19:02:36,639][__main__][INFO] - Step 1400 | valid1 MSE : 3244444.7500 | valid1 NMSE : 0.3355
[2025-08-06 19:04:21,891][__main__][INFO] - Step 1500 | valid1 MSE : 3220988.2500 | valid1 NMSE : 0.3342
[2025-08-06 19:06:02,331][__main__][INFO] - Step 1600 | valid1 MSE : 3217910.2500 | valid1 NMSE : 0.3335
[2025-08-06 19:07:46,695][__main__][INFO] - Step 1700 | valid1 MSE : 3186214.0000 | valid1 NMSE : 0.3324
[2025-08-06 19:09:31,174][__main__][INFO] - Step 1800 | valid1 MSE : 3169877.2500 | valid1 NMSE : 0.3320
[2025-08-06 19:11:12,181][__main__][INFO] - Step 1900 | valid1 MSE : 3100492.5000 | valid1 NMSE : 0.3307
[2025-08-06 19:12:33,285][__main__][INFO] - Step 2000 | valid1 MSE : 3134654.7500 | valid1 NMSE : 0.3304
[2025-08-06 19:13:50,793][__main__][INFO] - Step 2100 | valid1 MSE : 3070786.2500 | valid1 NMSE : 0.3294
[2025-08-06 19:15:07,517][__main__][INFO] - Step 2169 | valid1 MSE : 3084068.0000 | valid1 NMSE : 0.3295
[2025-08-06 19:15:07,518][__main__][INFO] - Training done in 38.335 min
[2025-08-06 19:15:07,518][__main__][INFO] - Average time per step: 1.060 s
[2025-08-06 19:15:07,549][__main__][INFO] - End of training
[2025-08-06 19:15:08,346][__main__][INFO] - Plotted losses
[2025-08-06 19:15:08,346][__main__][INFO] - Computing test metrics
[2025-08-06 19:15:19,864][__main__][INFO] - Evaluation done in 0.192 min
[2025-08-06 19:15:35,578][__main__][INFO] - Evaluation done in 0.079 min
[2025-08-06 19:15:42,419][__main__][INFO] - Saved plots
[2025-08-06 19:15:42,419][__main__][INFO] - Final mIN parameters: {'beta': np.float32(-0.0015219153), 'alpha': np.float32(1.0137209)}
[2025-08-06 19:15:42,419][__main__][INFO] - End of script

Table of ../outputs/bench_indiv2/test1_mean_results.json
+-----------------+-------------+-------------+
|                 |   TST_dates |   TST_indiv |
+=================+=============+=============+
| Test MSE * 1e-7 |      0.7800 |      0.6660 |
+-----------------+-------------+-------------+
| Test NMSE       |      0.2772 |      0.2613 |
+-----------------+-------------+-------------+
Table of ../outputs/bench_indiv2/test2_mean_results.json
+-----------------+-------------+-------------+
|                 |   TST_dates |   TST_indiv |
+=================+=============+=============+
| Test MSE * 1e-7 |      0.0113 |      0.0102 |
+-----------------+-------------+-------------+
| Test NMSE       |      0.3128 |      0.2961 |
+-----------------+-------------+-------------+
