[2025-08-06 11:10:16,945][__main__][INFO] - =====Running main script=====
[2025-08-06 11:10:16,951][__main__][INFO] - Fetched main configs, save directory : ../outputs/bench_indiv/TST_bs5_dates/
[2025-08-06 11:10:16,951][__main__][INFO] - Model PatchTST, normalization revin, criterion NMSE, kwargs {}
[2025-08-06 11:10:17,102][__main__][INFO] - Fetched dataloaders
[2025-08-06 11:10:17,105][__main__][INFO] - Training data shape : (223, 1, 13152)
[2025-08-06 11:10:17,106][__main__][INFO] - Batch sizes : X=torch.Size([1114, 1, 336]), y=torch.Size([1114, 1, 48])
[2025-08-06 11:10:19,775][__main__][INFO] - batch_size=5, learning_rate=0.0001, steps per epoch=2554, epochs=1
[2025-08-06 11:10:19,775][__main__][INFO] - Starting training...
[2025-08-06 11:10:19,775][__main__][INFO] - Using device: cuda
[2025-08-06 11:10:19,775][__main__][INFO] - Training 1 epochs of 2554 batches (2554 steps): , eval_freq: 100, print_freq: 100
[2025-08-06 11:11:56,035][__main__][INFO] - Step 1 | valid1 MSE : 58579488.0000 | valid1 NMSE : 1.1346
[2025-08-06 11:13:33,204][__main__][INFO] - Step 100 | valid1 MSE : 5151382.5000 | valid1 NMSE : 0.3700
[2025-08-06 11:15:10,079][__main__][INFO] - Step 200 | valid1 MSE : 4029710.7500 | valid1 NMSE : 0.3450
[2025-08-06 11:16:47,040][__main__][INFO] - Step 300 | valid1 MSE : 3832820.7500 | valid1 NMSE : 0.3407
[2025-08-06 11:18:24,143][__main__][INFO] - Step 400 | valid1 MSE : 4213784.5000 | valid1 NMSE : 0.3421
[2025-08-06 11:20:01,019][__main__][INFO] - Step 500 | valid1 MSE : 3754025.7500 | valid1 NMSE : 0.3353
[2025-08-06 11:21:37,762][__main__][INFO] - Step 600 | valid1 MSE : 3759148.7500 | valid1 NMSE : 0.3331
[2025-08-06 11:23:15,196][__main__][INFO] - Step 700 | valid1 MSE : 3670071.7500 | valid1 NMSE : 0.3328
[2025-08-06 11:24:52,408][__main__][INFO] - Step 800 | valid1 MSE : 3506193.5000 | valid1 NMSE : 0.3316
[2025-08-06 11:26:29,143][__main__][INFO] - Step 900 | valid1 MSE : 3645198.0000 | valid1 NMSE : 0.3296
[2025-08-06 11:28:05,557][__main__][INFO] - Step 1000 | valid1 MSE : 3574702.5000 | valid1 NMSE : 0.3302
[2025-08-06 11:29:42,385][__main__][INFO] - Step 1100 | valid1 MSE : 3222682.5000 | valid1 NMSE : 0.3244
[2025-08-06 11:31:19,465][__main__][INFO] - Step 1200 | valid1 MSE : 3837230.2500 | valid1 NMSE : 0.3296
[2025-08-06 11:32:56,115][__main__][INFO] - Step 1300 | valid1 MSE : 3927000.0000 | valid1 NMSE : 0.3330
[2025-08-06 11:34:33,018][__main__][INFO] - Step 1400 | valid1 MSE : 3453795.0000 | valid1 NMSE : 0.3265
[2025-08-06 11:36:09,138][__main__][INFO] - Step 1500 | valid1 MSE : 3202529.7500 | valid1 NMSE : 0.3250
[2025-08-06 11:37:46,820][__main__][INFO] - Step 1600 | valid1 MSE : 3811917.5000 | valid1 NMSE : 0.3293
[2025-08-06 11:39:23,557][__main__][INFO] - Step 1700 | valid1 MSE : 3340173.2500 | valid1 NMSE : 0.3257
[2025-08-06 11:41:00,717][__main__][INFO] - Step 1800 | valid1 MSE : 3101307.0000 | valid1 NMSE : 0.3233
[2025-08-06 11:42:37,062][__main__][INFO] - Step 1900 | valid1 MSE : 3497592.5000 | valid1 NMSE : 0.3263
[2025-08-06 11:44:13,748][__main__][INFO] - Step 2000 | valid1 MSE : 3281831.0000 | valid1 NMSE : 0.3276
[2025-08-06 11:45:50,501][__main__][INFO] - Step 2100 | valid1 MSE : 3111155.5000 | valid1 NMSE : 0.3227
[2025-08-06 11:47:26,947][__main__][INFO] - Step 2200 | valid1 MSE : 3156939.0000 | valid1 NMSE : 0.3225
[2025-08-06 11:49:03,875][__main__][INFO] - Step 2300 | valid1 MSE : 3622616.7500 | valid1 NMSE : 0.3290
[2025-08-06 11:50:40,367][__main__][INFO] - Step 2400 | valid1 MSE : 3592884.7500 | valid1 NMSE : 0.3303
[2025-08-06 11:52:17,639][__main__][INFO] - Step 2500 | valid1 MSE : 3470584.7500 | valid1 NMSE : 0.3281
[2025-08-06 11:53:53,878][__main__][INFO] - Step 2554 | valid1 MSE : 4097320.2500 | valid1 NMSE : 0.3327
[2025-08-06 11:53:53,879][__main__][INFO] - Training done in 43.568 min
[2025-08-06 11:53:53,879][__main__][INFO] - Average time per step: 1.024 s
[2025-08-06 11:53:53,950][__main__][INFO] - End of training
[2025-08-06 11:53:54,696][__main__][INFO] - Plotted losses
[2025-08-06 11:53:54,696][__main__][INFO] - Computing test metrics
[2025-08-06 11:54:10,618][__main__][INFO] - Evaluation done in 0.265 min
[2025-08-06 11:54:29,795][__main__][INFO] - Evaluation done in 0.137 min
[2025-08-06 11:54:36,350][__main__][INFO] - Saved plots
[2025-08-06 11:54:36,351][__main__][INFO] - Final mIN parameters: {'beta': np.float32(-0.0021010584), 'alpha': np.float32(1.1066791)}
[2025-08-06 11:54:36,351][__main__][INFO] - End of script

[2025-08-06 11:54:42,984][__main__][INFO] - =====Running main script=====
[2025-08-06 11:54:42,990][__main__][INFO] - Fetched main configs, save directory : ../outputs/bench_indiv/TST_bs28_individuals/
[2025-08-06 11:54:42,990][__main__][INFO] - Model PatchTST, normalization revin, criterion NMSE, kwargs {}
[2025-08-06 11:54:43,142][__main__][INFO] - Fetched dataloaders
[2025-08-06 11:54:43,145][__main__][INFO] - Training data shape : (223, 1, 13152)
[2025-08-06 11:54:43,145][__main__][INFO] - Batch sizes : X=torch.Size([28, 1, 336]), y=torch.Size([28, 1, 48])
[2025-08-06 11:54:45,732][__main__][INFO] - batch_size=28, learning_rate=0.0001, steps per epoch=8, epochs=300
[2025-08-06 11:54:45,732][__main__][INFO] - Starting training...
[2025-08-06 11:54:45,732][__main__][INFO] - Using device: cuda
[2025-08-06 11:54:45,732][__main__][INFO] - Training 300 epochs of 8 batches (2400 steps): , eval_freq: 100, print_freq: 100
[2025-08-06 11:56:13,382][__main__][INFO] - Step 1 | valid1 MSE : 59185328.0000 | valid1 NMSE : 1.1422
[2025-08-06 11:57:39,180][__main__][INFO] - Step 100 | valid1 MSE : 5112536.5000 | valid1 NMSE : 0.3933
[2025-08-06 11:59:04,429][__main__][INFO] - Step 200 | valid1 MSE : 4404081.5000 | valid1 NMSE : 0.3596
[2025-08-06 12:00:31,656][__main__][INFO] - Step 300 | valid1 MSE : 4341455.0000 | valid1 NMSE : 0.3521
[2025-08-06 12:01:57,527][__main__][INFO] - Step 400 | valid1 MSE : 3780297.7500 | valid1 NMSE : 0.3443
[2025-08-06 12:03:23,248][__main__][INFO] - Step 500 | valid1 MSE : 4678508.5000 | valid1 NMSE : 0.3484
[2025-08-06 12:04:49,384][__main__][INFO] - Step 600 | valid1 MSE : 3878827.7500 | valid1 NMSE : 0.3429
[2025-08-06 12:06:15,121][__main__][INFO] - Step 700 | valid1 MSE : 3842019.5000 | valid1 NMSE : 0.3389
[2025-08-06 12:07:41,472][__main__][INFO] - Step 800 | valid1 MSE : 3762838.5000 | valid1 NMSE : 0.3378
[2025-08-06 12:09:06,908][__main__][INFO] - Step 900 | valid1 MSE : 4164056.2500 | valid1 NMSE : 0.3418
[2025-08-06 12:10:33,000][__main__][INFO] - Step 1000 | valid1 MSE : 3812296.7500 | valid1 NMSE : 0.3388
[2025-08-06 12:11:58,474][__main__][INFO] - Step 1100 | valid1 MSE : 3699557.0000 | valid1 NMSE : 0.3375
[2025-08-06 12:13:24,352][__main__][INFO] - Step 1200 | valid1 MSE : 4227094.5000 | valid1 NMSE : 0.3382
[2025-08-06 12:14:49,731][__main__][INFO] - Step 1300 | valid1 MSE : 3842681.7500 | valid1 NMSE : 0.3403
[2025-08-06 12:16:15,242][__main__][INFO] - Step 1400 | valid1 MSE : 3546984.5000 | valid1 NMSE : 0.3349
[2025-08-06 12:17:41,194][__main__][INFO] - Step 1500 | valid1 MSE : 4214996.5000 | valid1 NMSE : 0.3416
[2025-08-06 12:19:06,809][__main__][INFO] - Step 1600 | valid1 MSE : 3745077.5000 | valid1 NMSE : 0.3360
[2025-08-06 12:20:32,140][__main__][INFO] - Step 1700 | valid1 MSE : 3945836.0000 | valid1 NMSE : 0.3365
[2025-08-06 12:21:58,519][__main__][INFO] - Step 1800 | valid1 MSE : 3498154.7500 | valid1 NMSE : 0.3313
[2025-08-06 12:23:23,846][__main__][INFO] - Step 1900 | valid1 MSE : 3488643.0000 | valid1 NMSE : 0.3324
[2025-08-06 12:24:50,073][__main__][INFO] - Step 2000 | valid1 MSE : 3840752.2500 | valid1 NMSE : 0.3344
[2025-08-06 12:26:15,054][__main__][INFO] - Step 2100 | valid1 MSE : 3903113.7500 | valid1 NMSE : 0.3386
[2025-08-06 12:27:40,073][__main__][INFO] - Step 2200 | valid1 MSE : 3648391.7500 | valid1 NMSE : 0.3319
[2025-08-06 12:29:05,038][__main__][INFO] - Step 2300 | valid1 MSE : 3234142.7500 | valid1 NMSE : 0.3286
[2025-08-06 12:30:30,515][__main__][INFO] - Step 2400 | valid1 MSE : 3481892.0000 | valid1 NMSE : 0.3309
[2025-08-06 12:30:30,516][__main__][INFO] - Training done in 35.746 min
[2025-08-06 12:30:30,516][__main__][INFO] - Average time per step: 0.894 s
[2025-08-06 12:30:30,556][__main__][INFO] - End of training
[2025-08-06 12:30:31,320][__main__][INFO] - Plotted losses
[2025-08-06 12:30:31,320][__main__][INFO] - Computing test metrics
[2025-08-06 12:30:44,477][__main__][INFO] - Evaluation done in 0.219 min
[2025-08-06 12:31:01,518][__main__][INFO] - Evaluation done in 0.101 min
[2025-08-06 12:31:07,524][__main__][INFO] - Saved plots
[2025-08-06 12:31:07,525][__main__][INFO] - Final mIN parameters: {'beta': np.float32(-0.0025207768), 'alpha': np.float32(1.107724)}
[2025-08-06 12:31:07,525][__main__][INFO] - End of script

[2025-08-06 12:31:14,155][__main__][INFO] - =====Running main script=====
[2025-08-06 12:31:14,163][__main__][INFO] - Fetched main configs, save directory : ../outputs/bench_indiv/TST_bs56_individuals/
[2025-08-06 12:31:14,163][__main__][INFO] - Model PatchTST, normalization revin, criterion NMSE, kwargs {}
[2025-08-06 12:31:14,326][__main__][INFO] - Fetched dataloaders
[2025-08-06 12:31:14,329][__main__][INFO] - Training data shape : (223, 1, 13152)
[2025-08-06 12:31:14,329][__main__][INFO] - Batch sizes : X=torch.Size([56, 1, 336]), y=torch.Size([56, 1, 48])
[2025-08-06 12:31:17,068][__main__][INFO] - batch_size=56, learning_rate=0.0001, steps per epoch=4, epochs=300
[2025-08-06 12:31:17,068][__main__][INFO] - Starting training...
[2025-08-06 12:31:17,068][__main__][INFO] - Using device: cuda
[2025-08-06 12:31:17,068][__main__][INFO] - Training 300 epochs of 4 batches (1200 steps): , eval_freq: 100, print_freq: 100
[2025-08-06 12:32:40,084][__main__][INFO] - Step 1 | valid1 MSE : 58117980.0000 | valid1 NMSE : 1.1301
[2025-08-06 12:34:00,432][__main__][INFO] - Step 100 | valid1 MSE : 4136358.5000 | valid1 NMSE : 0.3643
[2025-08-06 12:35:20,894][__main__][INFO] - Step 200 | valid1 MSE : 4096733.5000 | valid1 NMSE : 0.3572
[2025-08-06 12:36:41,098][__main__][INFO] - Step 300 | valid1 MSE : 3647236.5000 | valid1 NMSE : 0.3413
[2025-08-06 12:38:01,964][__main__][INFO] - Step 400 | valid1 MSE : 3754014.2500 | valid1 NMSE : 0.3462
[2025-08-06 12:39:22,950][__main__][INFO] - Step 500 | valid1 MSE : 3700900.7500 | valid1 NMSE : 0.3413
[2025-08-06 12:40:41,916][__main__][INFO] - Step 600 | valid1 MSE : 4126157.7500 | valid1 NMSE : 0.3408
[2025-08-06 12:42:01,326][__main__][INFO] - Step 700 | valid1 MSE : 3732458.5000 | valid1 NMSE : 0.3340
[2025-08-06 12:43:20,389][__main__][INFO] - Step 800 | valid1 MSE : 3654928.7500 | valid1 NMSE : 0.3332
[2025-08-06 12:44:39,951][__main__][INFO] - Step 900 | valid1 MSE : 3764896.7500 | valid1 NMSE : 0.3333
[2025-08-06 12:45:59,392][__main__][INFO] - Step 1000 | valid1 MSE : 4532347.5000 | valid1 NMSE : 0.3452
[2025-08-06 12:47:19,035][__main__][INFO] - Step 1100 | valid1 MSE : 3639182.7500 | valid1 NMSE : 0.3375
[2025-08-06 12:48:38,581][__main__][INFO] - Step 1200 | valid1 MSE : 3458800.5000 | valid1 NMSE : 0.3314
[2025-08-06 12:48:38,582][__main__][INFO] - Training done in 17.359 min
[2025-08-06 12:48:38,582][__main__][INFO] - Average time per step: 0.868 s
[2025-08-06 12:48:38,628][__main__][INFO] - End of training
[2025-08-06 12:48:39,564][__main__][INFO] - Plotted losses
[2025-08-06 12:48:39,564][__main__][INFO] - Computing test metrics
[2025-08-06 12:48:52,394][__main__][INFO] - Evaluation done in 0.214 min
[2025-08-06 12:49:08,670][__main__][INFO] - Evaluation done in 0.086 min
[2025-08-06 12:49:14,730][__main__][INFO] - Saved plots
[2025-08-06 12:49:14,730][__main__][INFO] - Final mIN parameters: {'beta': np.float32(-0.0022356468), 'alpha': np.float32(1.0470865)}
[2025-08-06 12:49:14,730][__main__][INFO] - End of script

[2025-08-06 12:49:21,159][__main__][INFO] - =====Running main script=====
[2025-08-06 12:49:21,182][__main__][INFO] - Fetched main configs, save directory : ../outputs/bench_indiv/TST_bs28_individuals_lr1e-5/
[2025-08-06 12:49:21,182][__main__][INFO] - Model PatchTST, normalization revin, criterion NMSE, kwargs {}
[2025-08-06 12:49:21,353][__main__][INFO] - Fetched dataloaders
[2025-08-06 12:49:21,355][__main__][INFO] - Training data shape : (223, 1, 13152)
[2025-08-06 12:49:21,355][__main__][INFO] - Batch sizes : X=torch.Size([28, 1, 336]), y=torch.Size([28, 1, 48])
[2025-08-06 12:49:23,887][__main__][INFO] - batch_size=28, learning_rate=1e-05, steps per epoch=8, epochs=300
[2025-08-06 12:49:23,887][__main__][INFO] - Starting training...
[2025-08-06 12:49:23,887][__main__][INFO] - Using device: cuda
[2025-08-06 12:49:23,887][__main__][INFO] - Training 300 epochs of 8 batches (2400 steps): , eval_freq: 100, print_freq: 100
[2025-08-06 12:50:50,806][__main__][INFO] - Step 1 | valid1 MSE : 77147192.0000 | valid1 NMSE : 1.3363
[2025-08-06 12:52:15,565][__main__][INFO] - Step 100 | valid1 MSE : 8156404.0000 | valid1 NMSE : 0.5197
[2025-08-06 12:53:40,353][__main__][INFO] - Step 200 | valid1 MSE : 6147226.5000 | valid1 NMSE : 0.4558
[2025-08-06 12:55:06,672][__main__][INFO] - Step 300 | valid1 MSE : 5393656.5000 | valid1 NMSE : 0.4282
[2025-08-06 12:56:32,447][__main__][INFO] - Step 400 | valid1 MSE : 4887694.0000 | valid1 NMSE : 0.4107
[2025-08-06 12:57:57,554][__main__][INFO] - Step 500 | valid1 MSE : 4590907.5000 | valid1 NMSE : 0.3983
[2025-08-06 12:59:22,789][__main__][INFO] - Step 600 | valid1 MSE : 4321232.0000 | valid1 NMSE : 0.3892
[2025-08-06 13:00:47,982][__main__][INFO] - Step 700 | valid1 MSE : 4210685.5000 | valid1 NMSE : 0.3812
[2025-08-06 13:02:13,178][__main__][INFO] - Step 800 | valid1 MSE : 4137887.5000 | valid1 NMSE : 0.3754
[2025-08-06 13:03:38,477][__main__][INFO] - Step 900 | valid1 MSE : 3975101.2500 | valid1 NMSE : 0.3705
[2025-08-06 13:05:04,064][__main__][INFO] - Step 1000 | valid1 MSE : 3852032.5000 | valid1 NMSE : 0.3650
[2025-08-06 13:06:29,045][__main__][INFO] - Step 1100 | valid1 MSE : 3799485.5000 | valid1 NMSE : 0.3617
[2025-08-06 13:07:54,444][__main__][INFO] - Step 1200 | valid1 MSE : 3788145.2500 | valid1 NMSE : 0.3584
[2025-08-06 13:09:19,252][__main__][INFO] - Step 1300 | valid1 MSE : 3609761.0000 | valid1 NMSE : 0.3548
[2025-08-06 13:10:44,146][__main__][INFO] - Step 1400 | valid1 MSE : 3619942.5000 | valid1 NMSE : 0.3530
[2025-08-06 13:12:09,256][__main__][INFO] - Step 1500 | valid1 MSE : 3633097.7500 | valid1 NMSE : 0.3515
[2025-08-06 13:13:34,316][__main__][INFO] - Step 1600 | valid1 MSE : 3516573.2500 | valid1 NMSE : 0.3491
[2025-08-06 13:14:59,187][__main__][INFO] - Step 1700 | valid1 MSE : 3624511.2500 | valid1 NMSE : 0.3476
[2025-08-06 13:16:24,341][__main__][INFO] - Step 1800 | valid1 MSE : 3546695.5000 | valid1 NMSE : 0.3456
[2025-08-06 13:17:49,334][__main__][INFO] - Step 1900 | valid1 MSE : 3454481.7500 | valid1 NMSE : 0.3439
[2025-08-06 13:19:14,824][__main__][INFO] - Step 2000 | valid1 MSE : 3466605.5000 | valid1 NMSE : 0.3426
[2025-08-06 13:20:39,764][__main__][INFO] - Step 2100 | valid1 MSE : 3497511.2500 | valid1 NMSE : 0.3422
[2025-08-06 13:22:05,273][__main__][INFO] - Step 2200 | valid1 MSE : 3444487.7500 | valid1 NMSE : 0.3406
[2025-08-06 13:23:30,345][__main__][INFO] - Step 2300 | valid1 MSE : 3358416.7500 | valid1 NMSE : 0.3397
[2025-08-06 13:24:55,520][__main__][INFO] - Step 2400 | valid1 MSE : 3361438.5000 | valid1 NMSE : 0.3386
[2025-08-06 13:24:55,521][__main__][INFO] - Training done in 35.527 min
[2025-08-06 13:24:55,521][__main__][INFO] - Average time per step: 0.888 s
[2025-08-06 13:24:55,564][__main__][INFO] - End of training
[2025-08-06 13:24:56,361][__main__][INFO] - Plotted losses
[2025-08-06 13:24:56,361][__main__][INFO] - Computing test metrics
[2025-08-06 13:25:09,560][__main__][INFO] - Evaluation done in 0.220 min
[2025-08-06 13:25:25,843][__main__][INFO] - Evaluation done in 0.089 min
[2025-08-06 13:25:32,540][__main__][INFO] - Saved plots
[2025-08-06 13:25:32,540][__main__][INFO] - Final mIN parameters: {'beta': np.float32(-0.0012209603), 'alpha': np.float32(1.0171129)}
[2025-08-06 13:25:32,540][__main__][INFO] - End of script

Table of ../outputs/bench_indiv/test1_mean_results.json
+-----------------+-----------------+------------------------+------------------------+-------------------------------+
|                 |   TST_bs5_dates |   TST_bs28_individuals |   TST_bs56_individuals |   TST_bs28_individuals_lr1e-5 |
+=================+=================+========================+========================+===============================+
| Test MSE * 1e-7 |          0.8271 |                 0.7346 |                 0.7208 |                        0.7296 |
+-----------------+-----------------+------------------------+------------------------+-------------------------------+
| Test NMSE       |          0.2641 |                 0.2632 |                 0.2629 |                        0.2720 |
+-----------------+-----------------+------------------------+------------------------+-------------------------------+
Table of ../outputs/bench_indiv/test2_mean_results.json
+-----------------+-----------------+------------------------+------------------------+-------------------------------+
|                 |   TST_bs5_dates |   TST_bs28_individuals |   TST_bs56_individuals |   TST_bs28_individuals_lr1e-5 |
+=================+=================+========================+========================+===============================+
| Test MSE * 1e-7 |          0.0115 |                 0.0108 |                 0.0107 |                        0.0108 |
+-----------------+-----------------+------------------------+------------------------+-------------------------------+
| Test NMSE       |          0.2974 |                 0.2958 |                 0.2955 |                        0.3074 |
+-----------------+-----------------+------------------------+------------------------+-------------------------------+
