[2025-08-04 13:32:03,506][__main__][INFO] - =====Running main script=====
[2025-08-04 13:32:03,511][__main__][INFO] - Fetched main configs, save directory : ../outputs/benchmark_linear/repeat/
[2025-08-04 13:32:03,511][__main__][INFO] - Model repeat, normalization instance, criterion MSE, kwargs {}
[2025-08-04 13:32:03,663][__main__][INFO] - Fetched dataloaders
[2025-08-04 13:32:03,666][__main__][INFO] - Training data shape : (223, 1, 13152)
[2025-08-04 13:32:03,666][__main__][INFO] - Batch sizes : X=torch.Size([28, 1, 336]), y=torch.Size([28, 1, 48])
[2025-08-04 13:32:03,928][__main__][INFO] - No training needed
[2025-08-04 13:32:03,928][__main__][INFO] - Computing test metrics
[2025-08-04 13:32:12,398][__main__][INFO] - Evaluation done in 0.141 min
[2025-08-04 13:32:27,773][__main__][INFO] - Evaluation done in 0.063 min
[2025-08-04 13:32:34,059][__main__][INFO] - Saved plots
[2025-08-04 13:32:34,059][__main__][INFO] - End of script

[2025-08-04 13:32:38,918][__main__][INFO] - =====Running main script=====
[2025-08-04 13:32:38,924][__main__][INFO] - Fetched main configs, save directory : ../outputs/benchmark_linear/linear/
[2025-08-04 13:32:38,924][__main__][INFO] - Model linear, normalization None, criterion MSE, kwargs {}
[2025-08-04 13:32:39,067][__main__][INFO] - Fetched dataloaders
[2025-08-04 13:32:39,069][__main__][INFO] - Training data shape : (223, 1, 13152)
[2025-08-04 13:32:39,069][__main__][INFO] - Batch sizes : X=torch.Size([28, 1, 336]), y=torch.Size([28, 1, 48])
[2025-08-04 13:32:41,569][__main__][INFO] - batch_size=28, learning_rate=0.0001, steps per epoch=8, epochs=300
[2025-08-04 13:32:41,569][__main__][INFO] - Starting training...
[2025-08-04 13:32:41,569][__main__][INFO] - Using device: cuda
[2025-08-04 13:32:41,569][__main__][INFO] - Training 300 epochs of 8 batches (2400 steps): , eval_freq: 100, print_freq: 100
[2025-08-04 13:33:54,521][__main__][INFO] - Step 1 | valid1 MSE : 353309856.0000 | valid1 NMSE : 31.6823
[2025-08-04 13:35:06,417][__main__][INFO] - Step 100 | valid1 MSE : 128380376.0000 | valid1 NMSE : 7.1192
[2025-08-04 13:36:18,011][__main__][INFO] - Step 200 | valid1 MSE : 87447000.0000 | valid1 NMSE : 3.1833
[2025-08-04 13:37:29,993][__main__][INFO] - Step 300 | valid1 MSE : 65775200.0000 | valid1 NMSE : 1.6052
