[2025-08-20 18:44:10,571][__main__][INFO] - =====Running main script=====
[2025-08-20 18:44:10,578][__main__][INFO] - Fetched main configs, save directory : ../outputs/bench_min_1/seed_1/PatchTST_instance_NMSE/
[2025-08-20 18:44:10,578][__main__][INFO] - Model PatchTST, normalization instance, criterion NMSE, kwargs {}
[2025-08-20 18:44:10,611][__main__][INFO] - Fetched dataloaders
[2025-08-20 18:44:10,615][__main__][INFO] - Training data shape : (70, 1, 1000)
[2025-08-20 18:44:10,615][__main__][INFO] - Batch sizes : X=torch.Size([70, 1, 100]), y=torch.Size([70, 1, 20])
[2025-08-20 18:44:12,838][__main__][INFO] - batch_size=70, learning_rate=1e-05, steps per epoch=1, epochs=1000
[2025-08-20 18:44:12,838][__main__][INFO] - Starting training...
[2025-08-20 18:44:12,838][__main__][INFO] - Using device: cuda
[2025-08-20 18:44:12,838][__main__][INFO] - Training 1000 epochs of 1 batches (1000 steps): , eval_freq: 100, print_freq: 100
[2025-08-20 18:44:13,871][__main__][INFO] - Step 1 | valid1 MSE : 1.0060 | valid1 NMSE : 1.7021
[2025-08-20 18:44:15,269][__main__][INFO] - Step 100 | valid1 MSE : 0.2753 | valid1 NMSE : 0.4645
[2025-08-20 18:44:16,805][__main__][INFO] - Step 200 | valid1 MSE : 0.0480 | valid1 NMSE : 0.0809
[2025-08-20 18:44:18,200][__main__][INFO] - Step 300 | valid1 MSE : 0.0073 | valid1 NMSE : 0.0123
[2025-08-20 18:44:19,601][__main__][INFO] - Step 400 | valid1 MSE : 0.0043 | valid1 NMSE : 0.0072
[2025-08-20 18:44:21,138][__main__][INFO] - Step 500 | valid1 MSE : 0.0040 | valid1 NMSE : 0.0068
[2025-08-20 18:44:22,530][__main__][INFO] - Step 600 | valid1 MSE : 0.0039 | valid1 NMSE : 0.0066
[2025-08-20 18:44:24,075][__main__][INFO] - Step 700 | valid1 MSE : 0.0038 | valid1 NMSE : 0.0063
[2025-08-20 18:44:25,464][__main__][INFO] - Step 800 | valid1 MSE : 0.0037 | valid1 NMSE : 0.0062
[2025-08-20 18:44:26,857][__main__][INFO] - Step 900 | valid1 MSE : 0.0036 | valid1 NMSE : 0.0061
[2025-08-20 18:44:28,369][__main__][INFO] - Step 1000 | valid1 MSE : 0.0035 | valid1 NMSE : 0.0059
[2025-08-20 18:44:28,369][__main__][INFO] - Training done in 0.259 min
[2025-08-20 18:44:28,369][__main__][INFO] - Average time per step: 0.016 s
[2025-08-20 18:44:28,390][__main__][INFO] - End of training
[2025-08-20 18:44:29,017][__main__][INFO] - Plotted losses
[2025-08-20 18:44:29,017][__main__][INFO] - Computing test metrics
[2025-08-20 18:44:29,078][__main__][INFO] - Evaluation done in 0.001 min
[2025-08-20 18:44:29,193][__main__][INFO] - Evaluation done in 0.000 min
[2025-08-20 18:44:29,364][__main__][INFO] - Saved plots
[2025-08-20 18:44:29,365][__main__][INFO] - End of script

[2025-08-20 18:44:35,162][__main__][INFO] - =====Running main script=====
[2025-08-20 18:44:35,169][__main__][INFO] - Fetched main configs, save directory : ../outputs/bench_min_1/seed_1/PatchTST_revin_NMSE/
[2025-08-20 18:44:35,169][__main__][INFO] - Model PatchTST, normalization revin, criterion NMSE, kwargs {}
[2025-08-20 18:44:35,201][__main__][INFO] - Fetched dataloaders
[2025-08-20 18:44:35,205][__main__][INFO] - Training data shape : (70, 1, 1000)
[2025-08-20 18:44:35,205][__main__][INFO] - Batch sizes : X=torch.Size([70, 1, 100]), y=torch.Size([70, 1, 20])
[2025-08-20 18:44:37,706][__main__][INFO] - batch_size=70, learning_rate=1e-05, steps per epoch=1, epochs=1000
[2025-08-20 18:44:37,707][__main__][INFO] - Starting training...
[2025-08-20 18:44:37,707][__main__][INFO] - Using device: cuda
[2025-08-20 18:44:37,707][__main__][INFO] - Training 1000 epochs of 1 batches (1000 steps): , eval_freq: 100, print_freq: 100
[2025-08-20 18:44:38,763][__main__][INFO] - Step 1 | valid1 MSE : 1.0060 | valid1 NMSE : 1.7021
[2025-08-20 18:44:40,191][__main__][INFO] - Step 100 | valid1 MSE : 0.2749 | valid1 NMSE : 0.4638
[2025-08-20 18:44:41,765][__main__][INFO] - Step 200 | valid1 MSE : 0.0477 | valid1 NMSE : 0.0803
[2025-08-20 18:44:43,191][__main__][INFO] - Step 300 | valid1 MSE : 0.0073 | valid1 NMSE : 0.0123
[2025-08-20 18:44:44,625][__main__][INFO] - Step 400 | valid1 MSE : 0.0043 | valid1 NMSE : 0.0072
[2025-08-20 18:44:46,175][__main__][INFO] - Step 500 | valid1 MSE : 0.0040 | valid1 NMSE : 0.0068
[2025-08-20 18:44:47,597][__main__][INFO] - Step 600 | valid1 MSE : 0.0039 | valid1 NMSE : 0.0066
[2025-08-20 18:44:49,145][__main__][INFO] - Step 700 | valid1 MSE : 0.0037 | valid1 NMSE : 0.0063
[2025-08-20 18:44:50,559][__main__][INFO] - Step 800 | valid1 MSE : 0.0036 | valid1 NMSE : 0.0062
[2025-08-20 18:44:51,974][__main__][INFO] - Step 900 | valid1 MSE : 0.0036 | valid1 NMSE : 0.0060
[2025-08-20 18:44:53,531][__main__][INFO] - Step 1000 | valid1 MSE : 0.0035 | valid1 NMSE : 0.0059
[2025-08-20 18:44:53,531][__main__][INFO] - Training done in 0.264 min
[2025-08-20 18:44:53,531][__main__][INFO] - Average time per step: 0.016 s
[2025-08-20 18:44:53,553][__main__][INFO] - End of training
[2025-08-20 18:44:54,392][__main__][INFO] - Plotted losses
[2025-08-20 18:44:54,392][__main__][INFO] - Computing test metrics
[2025-08-20 18:44:54,460][__main__][INFO] - Evaluation done in 0.001 min
[2025-08-20 18:44:54,575][__main__][INFO] - Evaluation done in 0.000 min
[2025-08-20 18:44:54,751][__main__][INFO] - Saved plots
[2025-08-20 18:44:54,751][__main__][INFO] - Final mIN parameters: {'beta': np.float32(-0.0019256964), 'alpha': np.float32(1.0044839)}
[2025-08-20 18:44:54,751][__main__][INFO] - End of script

[2025-08-20 18:45:00,059][__main__][INFO] - =====Running main script=====
[2025-08-20 18:45:00,067][__main__][INFO] - Fetched main configs, save directory : ../outputs/bench_min_1/seed_1/min/
[2025-08-20 18:45:00,067][__main__][INFO] - Model PatchTST, normalization mIN, criterion NMSE, kwargs {}
[2025-08-20 18:45:00,104][__main__][INFO] - Fetched dataloaders
[2025-08-20 18:45:00,108][__main__][INFO] - Training data shape : (70, 1, 1000)
[2025-08-20 18:45:00,108][__main__][INFO] - Batch sizes : X=torch.Size([70, 1, 100]), y=torch.Size([70, 1, 20])
[2025-08-20 18:45:02,368][__main__][INFO] - batch_size=70, learning_rate=1e-05, steps per epoch=1, epochs=1000
[2025-08-20 18:45:02,369][__main__][INFO] - Starting training...
[2025-08-20 18:45:02,369][__main__][INFO] - Using device: cuda
[2025-08-20 18:45:02,369][__main__][INFO] - Training 1000 epochs of 1 batches (1000 steps): , eval_freq: 100, print_freq: 100
[2025-08-20 18:45:03,418][__main__][INFO] - Step 1 | valid1 MSE : 1.0060 | valid1 NMSE : 1.7021
[2025-08-20 18:45:04,838][__main__][INFO] - Step 100 | valid1 MSE : 0.2748 | valid1 NMSE : 0.4637
[2025-08-20 18:45:06,396][__main__][INFO] - Step 200 | valid1 MSE : 0.0476 | valid1 NMSE : 0.0802
[2025-08-20 18:45:07,809][__main__][INFO] - Step 300 | valid1 MSE : 0.0073 | valid1 NMSE : 0.0123
[2025-08-20 18:45:09,223][__main__][INFO] - Step 400 | valid1 MSE : 0.0043 | valid1 NMSE : 0.0072
[2025-08-20 18:45:10,765][__main__][INFO] - Step 500 | valid1 MSE : 0.0040 | valid1 NMSE : 0.0068
[2025-08-20 18:45:12,180][__main__][INFO] - Step 600 | valid1 MSE : 0.0039 | valid1 NMSE : 0.0066
[2025-08-20 18:45:13,724][__main__][INFO] - Step 700 | valid1 MSE : 0.0037 | valid1 NMSE : 0.0063
[2025-08-20 18:45:15,132][__main__][INFO] - Step 800 | valid1 MSE : 0.0036 | valid1 NMSE : 0.0062
[2025-08-20 18:45:16,531][__main__][INFO] - Step 900 | valid1 MSE : 0.0036 | valid1 NMSE : 0.0060
[2025-08-20 18:45:18,116][__main__][INFO] - Step 1000 | valid1 MSE : 0.0035 | valid1 NMSE : 0.0059
[2025-08-20 18:45:18,117][__main__][INFO] - Training done in 0.262 min
[2025-08-20 18:45:18,117][__main__][INFO] - Average time per step: 0.016 s
[2025-08-20 18:45:18,138][__main__][INFO] - End of training
[2025-08-20 18:45:18,918][__main__][INFO] - Plotted losses
[2025-08-20 18:45:18,918][__main__][INFO] - Computing test metrics
[2025-08-20 18:45:18,983][__main__][INFO] - Evaluation done in 0.001 min
[2025-08-20 18:45:19,098][__main__][INFO] - Evaluation done in 0.000 min
[2025-08-20 18:45:19,272][__main__][INFO] - Saved plots
[2025-08-20 18:45:19,272][__main__][INFO] - Final mIN parameters: {'beta': np.float32(0.001929061), 'alpha': np.float32(0.99622005)}
[2025-08-20 18:45:19,272][__main__][INFO] - End of script

[2025-08-20 18:45:24,304][__main__][INFO] - =====Running main script=====
[2025-08-20 18:45:24,310][__main__][INFO] - Fetched main configs, save directory : ../outputs/bench_min_1/seed_1/min_init/
[2025-08-20 18:45:24,310][__main__][INFO] - Model PatchTST, normalization mIN, criterion NMSE, kwargs {}
[2025-08-20 18:45:24,340][__main__][INFO] - Fetched dataloaders
[2025-08-20 18:45:24,345][__main__][INFO] - Training data shape : (70, 1, 1000)
[2025-08-20 18:45:24,345][__main__][INFO] - Batch sizes : X=torch.Size([70, 1, 100]), y=torch.Size([70, 1, 20])
[2025-08-20 18:45:26,434][__main__][INFO] - batch_size=70, learning_rate=1e-05, steps per epoch=1, epochs=1000
[2025-08-20 18:45:26,434][__main__][INFO] - Starting training...
[2025-08-20 18:45:26,434][__main__][INFO] - Using device: cuda
[2025-08-20 18:45:26,434][__main__][INFO] - Training 1000 epochs of 1 batches (1000 steps): , eval_freq: 100, print_freq: 100
[2025-08-20 18:45:27,504][__main__][INFO] - Step 1 | valid1 MSE : 0.6090 | valid1 NMSE : 1.0277
[2025-08-20 18:45:28,919][__main__][INFO] - Step 100 | valid1 MSE : 0.0722 | valid1 NMSE : 0.1213
[2025-08-20 18:45:30,470][__main__][INFO] - Step 200 | valid1 MSE : 0.0067 | valid1 NMSE : 0.0113
[2025-08-20 18:45:31,876][__main__][INFO] - Step 300 | valid1 MSE : 0.0040 | valid1 NMSE : 0.0068
[2025-08-20 18:45:33,278][__main__][INFO] - Step 400 | valid1 MSE : 0.0038 | valid1 NMSE : 0.0064
[2025-08-20 18:45:34,842][__main__][INFO] - Step 500 | valid1 MSE : 0.0036 | valid1 NMSE : 0.0061
[2025-08-20 18:45:36,263][__main__][INFO] - Step 600 | valid1 MSE : 0.0035 | valid1 NMSE : 0.0060
[2025-08-20 18:45:37,809][__main__][INFO] - Step 700 | valid1 MSE : 0.0034 | valid1 NMSE : 0.0058
[2025-08-20 18:45:39,221][__main__][INFO] - Step 800 | valid1 MSE : 0.0033 | valid1 NMSE : 0.0056
[2025-08-20 18:45:40,619][__main__][INFO] - Step 900 | valid1 MSE : 0.0033 | valid1 NMSE : 0.0055
[2025-08-20 18:45:42,189][__main__][INFO] - Step 1000 | valid1 MSE : 0.0032 | valid1 NMSE : 0.0054
[2025-08-20 18:45:42,190][__main__][INFO] - Training done in 0.263 min
[2025-08-20 18:45:42,190][__main__][INFO] - Average time per step: 0.016 s
[2025-08-20 18:45:42,210][__main__][INFO] - End of training
[2025-08-20 18:45:42,988][__main__][INFO] - Plotted losses
[2025-08-20 18:45:42,988][__main__][INFO] - Computing test metrics
[2025-08-20 18:45:43,049][__main__][INFO] - Evaluation done in 0.001 min
[2025-08-20 18:45:43,165][__main__][INFO] - Evaluation done in 0.000 min
[2025-08-20 18:45:43,337][__main__][INFO] - Saved plots
[2025-08-20 18:45:43,338][__main__][INFO] - Final mIN parameters: {'beta': np.float32(0.7822245), 'alpha': np.float32(0.9412938)}
[2025-08-20 18:45:43,338][__main__][INFO] - End of script

[2025-08-20 18:45:48,861][__main__][INFO] - =====Running main script=====
[2025-08-20 18:45:48,867][__main__][INFO] - Fetched main configs, save directory : ../outputs/bench_min_1/seed_1/min_fixed/
[2025-08-20 18:45:48,867][__main__][INFO] - Model PatchTST, normalization mIN, criterion NMSE, kwargs {}
[2025-08-20 18:45:48,897][__main__][INFO] - Fetched dataloaders
[2025-08-20 18:45:48,902][__main__][INFO] - Training data shape : (70, 1, 1000)
[2025-08-20 18:45:48,902][__main__][INFO] - Batch sizes : X=torch.Size([70, 1, 100]), y=torch.Size([70, 1, 20])
[2025-08-20 18:45:51,272][__main__][INFO] - batch_size=70, learning_rate=1e-05, steps per epoch=1, epochs=1000
[2025-08-20 18:45:51,272][__main__][INFO] - Starting training...
[2025-08-20 18:45:51,272][__main__][INFO] - Using device: cuda
[2025-08-20 18:45:51,272][__main__][INFO] - Training 1000 epochs of 1 batches (1000 steps): , eval_freq: 100, print_freq: 100
[2025-08-20 18:45:52,326][__main__][INFO] - Step 1 | valid1 MSE : 0.6090 | valid1 NMSE : 1.0277
[2025-08-20 18:45:53,744][__main__][INFO] - Step 100 | valid1 MSE : 0.0723 | valid1 NMSE : 0.1214
[2025-08-20 18:45:55,305][__main__][INFO] - Step 200 | valid1 MSE : 0.0067 | valid1 NMSE : 0.0113
[2025-08-20 18:45:56,718][__main__][INFO] - Step 300 | valid1 MSE : 0.0040 | valid1 NMSE : 0.0068
[2025-08-20 18:45:58,134][__main__][INFO] - Step 400 | valid1 MSE : 0.0038 | valid1 NMSE : 0.0064
[2025-08-20 18:45:59,691][__main__][INFO] - Step 500 | valid1 MSE : 0.0036 | valid1 NMSE : 0.0061
[2025-08-20 18:46:01,088][__main__][INFO] - Step 600 | valid1 MSE : 0.0035 | valid1 NMSE : 0.0060
[2025-08-20 18:46:02,604][__main__][INFO] - Step 700 | valid1 MSE : 0.0034 | valid1 NMSE : 0.0058
[2025-08-20 18:46:03,999][__main__][INFO] - Step 800 | valid1 MSE : 0.0033 | valid1 NMSE : 0.0056
[2025-08-20 18:46:05,396][__main__][INFO] - Step 900 | valid1 MSE : 0.0033 | valid1 NMSE : 0.0055
[2025-08-20 18:46:06,940][__main__][INFO] - Step 1000 | valid1 MSE : 0.0032 | valid1 NMSE : 0.0054
[2025-08-20 18:46:06,940][__main__][INFO] - Training done in 0.261 min
[2025-08-20 18:46:06,940][__main__][INFO] - Average time per step: 0.016 s
[2025-08-20 18:46:06,960][__main__][INFO] - End of training
[2025-08-20 18:46:07,772][__main__][INFO] - Plotted losses
[2025-08-20 18:46:07,772][__main__][INFO] - Computing test metrics
[2025-08-20 18:46:07,832][__main__][INFO] - Evaluation done in 0.001 min
[2025-08-20 18:46:07,947][__main__][INFO] - Evaluation done in 0.000 min
[2025-08-20 18:46:08,121][__main__][INFO] - Saved plots
[2025-08-20 18:46:08,121][__main__][INFO] - Final mIN parameters: {'beta': np.float32(0.7805), 'alpha': np.float32(0.9412937)}
[2025-08-20 18:46:08,121][__main__][INFO] - End of script

[2025-08-20 18:46:13,136][__main__][INFO] - =====Running main script=====
[2025-08-20 18:46:13,142][__main__][INFO] - Fetched main configs, save directory : ../outputs/bench_min_1/seed_1/min+revin/
[2025-08-20 18:46:13,142][__main__][INFO] - Model PatchTST, normalization mIN, criterion NMSE, kwargs {}
[2025-08-20 18:46:13,173][__main__][INFO] - Fetched dataloaders
[2025-08-20 18:46:13,177][__main__][INFO] - Training data shape : (70, 1, 1000)
[2025-08-20 18:46:13,177][__main__][INFO] - Batch sizes : X=torch.Size([70, 1, 100]), y=torch.Size([70, 1, 20])
[2025-08-20 18:46:15,316][__main__][INFO] - batch_size=70, learning_rate=1e-05, steps per epoch=1, epochs=1000
[2025-08-20 18:46:15,317][__main__][INFO] - Starting training...
[2025-08-20 18:46:15,317][__main__][INFO] - Using device: cuda
[2025-08-20 18:46:15,317][__main__][INFO] - Training 1000 epochs of 1 batches (1000 steps): , eval_freq: 100, print_freq: 100
[2025-08-20 18:46:16,401][__main__][INFO] - Step 1 | valid1 MSE : 1.0060 | valid1 NMSE : 1.7021
[2025-08-20 18:46:17,842][__main__][INFO] - Step 100 | valid1 MSE : 0.2744 | valid1 NMSE : 0.4630
[2025-08-20 18:46:19,438][__main__][INFO] - Step 200 | valid1 MSE : 0.0473 | valid1 NMSE : 0.0796
[2025-08-20 18:46:20,877][__main__][INFO] - Step 300 | valid1 MSE : 0.0072 | valid1 NMSE : 0.0122
[2025-08-20 18:46:22,321][__main__][INFO] - Step 400 | valid1 MSE : 0.0043 | valid1 NMSE : 0.0072
[2025-08-20 18:46:23,892][__main__][INFO] - Step 500 | valid1 MSE : 0.0040 | valid1 NMSE : 0.0068
[2025-08-20 18:46:25,323][__main__][INFO] - Step 600 | valid1 MSE : 0.0039 | valid1 NMSE : 0.0066
[2025-08-20 18:46:26,861][__main__][INFO] - Step 700 | valid1 MSE : 0.0037 | valid1 NMSE : 0.0063
[2025-08-20 18:46:28,279][__main__][INFO] - Step 800 | valid1 MSE : 0.0036 | valid1 NMSE : 0.0062
[2025-08-20 18:46:29,700][__main__][INFO] - Step 900 | valid1 MSE : 0.0036 | valid1 NMSE : 0.0060
[2025-08-20 18:46:31,300][__main__][INFO] - Step 1000 | valid1 MSE : 0.0035 | valid1 NMSE : 0.0058
[2025-08-20 18:46:31,300][__main__][INFO] - Training done in 0.266 min
[2025-08-20 18:46:31,300][__main__][INFO] - Average time per step: 0.016 s
[2025-08-20 18:46:31,650][__main__][INFO] - End of training
[2025-08-20 18:46:32,615][__main__][INFO] - Plotted losses
[2025-08-20 18:46:32,615][__main__][INFO] - Computing test metrics
[2025-08-20 18:46:32,679][__main__][INFO] - Evaluation done in 0.001 min
[2025-08-20 18:46:32,794][__main__][INFO] - Evaluation done in 0.001 min
[2025-08-20 18:46:32,984][__main__][INFO] - Saved plots
[2025-08-20 18:46:32,984][__main__][INFO] - Final mIN parameters: {'beta': np.float32(0.0019315646), 'alpha': np.float32(0.9962396)}
[2025-08-20 18:46:32,984][__main__][INFO] - End of script

[2025-08-20 18:46:38,102][__main__][INFO] - =====Running main script=====
[2025-08-20 18:46:38,108][__main__][INFO] - Fetched main configs, save directory : ../outputs/bench_min_1/seed_1/min_init+revin/
[2025-08-20 18:46:38,108][__main__][INFO] - Model PatchTST, normalization mIN, criterion NMSE, kwargs {}
[2025-08-20 18:46:38,139][__main__][INFO] - Fetched dataloaders
[2025-08-20 18:46:38,143][__main__][INFO] - Training data shape : (70, 1, 1000)
[2025-08-20 18:46:38,143][__main__][INFO] - Batch sizes : X=torch.Size([70, 1, 100]), y=torch.Size([70, 1, 20])
[2025-08-20 18:46:40,605][__main__][INFO] - batch_size=70, learning_rate=1e-05, steps per epoch=1, epochs=1000
[2025-08-20 18:46:40,605][__main__][INFO] - Starting training...
[2025-08-20 18:46:40,605][__main__][INFO] - Using device: cuda
[2025-08-20 18:46:40,605][__main__][INFO] - Training 1000 epochs of 1 batches (1000 steps): , eval_freq: 100, print_freq: 100
[2025-08-20 18:46:41,683][__main__][INFO] - Step 1 | valid1 MSE : 0.6090 | valid1 NMSE : 1.0277
[2025-08-20 18:46:43,133][__main__][INFO] - Step 100 | valid1 MSE : 0.0723 | valid1 NMSE : 0.1214
[2025-08-20 18:46:44,742][__main__][INFO] - Step 200 | valid1 MSE : 0.0067 | valid1 NMSE : 0.0113
[2025-08-20 18:46:46,177][__main__][INFO] - Step 300 | valid1 MSE : 0.0040 | valid1 NMSE : 0.0068
[2025-08-20 18:46:47,624][__main__][INFO] - Step 400 | valid1 MSE : 0.0038 | valid1 NMSE : 0.0064
[2025-08-20 18:46:49,215][__main__][INFO] - Step 500 | valid1 MSE : 0.0036 | valid1 NMSE : 0.0061
[2025-08-20 18:46:50,663][__main__][INFO] - Step 600 | valid1 MSE : 0.0035 | valid1 NMSE : 0.0060
[2025-08-20 18:46:52,238][__main__][INFO] - Step 700 | valid1 MSE : 0.0034 | valid1 NMSE : 0.0058
[2025-08-20 18:46:53,686][__main__][INFO] - Step 800 | valid1 MSE : 0.0033 | valid1 NMSE : 0.0056
[2025-08-20 18:46:55,117][__main__][INFO] - Step 900 | valid1 MSE : 0.0033 | valid1 NMSE : 0.0055
[2025-08-20 18:46:56,732][__main__][INFO] - Step 1000 | valid1 MSE : 0.0032 | valid1 NMSE : 0.0054
[2025-08-20 18:46:56,732][__main__][INFO] - Training done in 0.269 min
[2025-08-20 18:46:56,732][__main__][INFO] - Average time per step: 0.016 s
[2025-08-20 18:46:56,753][__main__][INFO] - End of training
[2025-08-20 18:46:57,544][__main__][INFO] - Plotted losses
[2025-08-20 18:46:57,544][__main__][INFO] - Computing test metrics
[2025-08-20 18:46:57,605][__main__][INFO] - Evaluation done in 0.001 min
[2025-08-20 18:46:57,720][__main__][INFO] - Evaluation done in 0.000 min
[2025-08-20 18:46:57,895][__main__][INFO] - Saved plots
[2025-08-20 18:46:57,895][__main__][INFO] - Final mIN parameters: {'beta': np.float32(0.7822102), 'alpha': np.float32(0.94133013)}
[2025-08-20 18:46:57,895][__main__][INFO] - End of script

[2025-08-20 18:47:03,592][__main__][INFO] - =====Running main script=====
[2025-08-20 18:47:03,598][__main__][INFO] - Fetched main configs, save directory : ../outputs/bench_min_1/seed_1/min_fixed+revin/
[2025-08-20 18:47:03,598][__main__][INFO] - Model PatchTST, normalization mIN, criterion NMSE, kwargs {}
[2025-08-20 18:47:03,631][__main__][INFO] - Fetched dataloaders
[2025-08-20 18:47:03,635][__main__][INFO] - Training data shape : (70, 1, 1000)
[2025-08-20 18:47:03,635][__main__][INFO] - Batch sizes : X=torch.Size([70, 1, 100]), y=torch.Size([70, 1, 20])
[2025-08-20 18:47:06,086][__main__][INFO] - batch_size=70, learning_rate=1e-05, steps per epoch=1, epochs=1000
[2025-08-20 18:47:06,086][__main__][INFO] - Starting training...
[2025-08-20 18:47:06,086][__main__][INFO] - Using device: cuda
[2025-08-20 18:47:06,086][__main__][INFO] - Training 1000 epochs of 1 batches (1000 steps): , eval_freq: 100, print_freq: 100
[2025-08-20 18:47:07,171][__main__][INFO] - Step 1 | valid1 MSE : 0.6090 | valid1 NMSE : 1.0277
[2025-08-20 18:47:08,610][__main__][INFO] - Step 100 | valid1 MSE : 0.0723 | valid1 NMSE : 0.1214
[2025-08-20 18:47:10,184][__main__][INFO] - Step 200 | valid1 MSE : 0.0067 | valid1 NMSE : 0.0113
[2025-08-20 18:47:11,607][__main__][INFO] - Step 300 | valid1 MSE : 0.0040 | valid1 NMSE : 0.0068
[2025-08-20 18:47:13,029][__main__][INFO] - Step 400 | valid1 MSE : 0.0038 | valid1 NMSE : 0.0064
[2025-08-20 18:47:14,592][__main__][INFO] - Step 500 | valid1 MSE : 0.0036 | valid1 NMSE : 0.0061
[2025-08-20 18:47:16,025][__main__][INFO] - Step 600 | valid1 MSE : 0.0035 | valid1 NMSE : 0.0060
[2025-08-20 18:47:17,588][__main__][INFO] - Step 700 | valid1 MSE : 0.0034 | valid1 NMSE : 0.0058
[2025-08-20 18:47:19,004][__main__][INFO] - Step 800 | valid1 MSE : 0.0033 | valid1 NMSE : 0.0056
[2025-08-20 18:47:20,410][__main__][INFO] - Step 900 | valid1 MSE : 0.0033 | valid1 NMSE : 0.0055
[2025-08-20 18:47:21,976][__main__][INFO] - Step 1000 | valid1 MSE : 0.0032 | valid1 NMSE : 0.0054
[2025-08-20 18:47:21,977][__main__][INFO] - Training done in 0.265 min
[2025-08-20 18:47:21,977][__main__][INFO] - Average time per step: 0.016 s
[2025-08-20 18:47:21,997][__main__][INFO] - End of training
[2025-08-20 18:47:22,773][__main__][INFO] - Plotted losses
[2025-08-20 18:47:22,773][__main__][INFO] - Computing test metrics
[2025-08-20 18:47:22,833][__main__][INFO] - Evaluation done in 0.001 min
[2025-08-20 18:47:22,947][__main__][INFO] - Evaluation done in 0.000 min
[2025-08-20 18:47:23,124][__main__][INFO] - Saved plots
[2025-08-20 18:47:23,124][__main__][INFO] - Final mIN parameters: {'beta': np.float32(0.7805), 'alpha': np.float32(0.9413303)}
[2025-08-20 18:47:23,124][__main__][INFO] - End of script

[2025-08-20 18:47:28,209][__main__][INFO] - =====Running main script=====
[2025-08-20 18:47:28,215][__main__][INFO] - Fetched main configs, save directory : ../outputs/bench_min_1/seed_1/min+gamma/
[2025-08-20 18:47:28,215][__main__][INFO] - Model PatchTST, normalization mIN, criterion NMSE, kwargs {}
[2025-08-20 18:47:28,246][__main__][INFO] - Fetched dataloaders
[2025-08-20 18:47:28,250][__main__][INFO] - Training data shape : (70, 1, 1000)
[2025-08-20 18:47:28,250][__main__][INFO] - Batch sizes : X=torch.Size([70, 1, 100]), y=torch.Size([70, 1, 20])
[2025-08-20 18:47:30,455][__main__][INFO] - batch_size=70, learning_rate=1e-05, steps per epoch=1, epochs=1000
[2025-08-20 18:47:30,456][__main__][INFO] - Starting training...
[2025-08-20 18:47:30,456][__main__][INFO] - Using device: cuda
[2025-08-20 18:47:30,456][__main__][INFO] - Training 1000 epochs of 1 batches (1000 steps): , eval_freq: 100, print_freq: 100
[2025-08-20 18:47:31,535][__main__][INFO] - Step 1 | valid1 MSE : 1.0060 | valid1 NMSE : 1.7021
[2025-08-20 18:47:32,969][__main__][INFO] - Step 100 | valid1 MSE : 0.2744 | valid1 NMSE : 0.4630
[2025-08-20 18:47:34,537][__main__][INFO] - Step 200 | valid1 MSE : 0.0473 | valid1 NMSE : 0.0796
[2025-08-20 18:47:35,971][__main__][INFO] - Step 300 | valid1 MSE : 0.0072 | valid1 NMSE : 0.0122
[2025-08-20 18:47:37,399][__main__][INFO] - Step 400 | valid1 MSE : 0.0043 | valid1 NMSE : 0.0072
[2025-08-20 18:47:38,961][__main__][INFO] - Step 500 | valid1 MSE : 0.0040 | valid1 NMSE : 0.0068
[2025-08-20 18:47:40,383][__main__][INFO] - Step 600 | valid1 MSE : 0.0039 | valid1 NMSE : 0.0066
[2025-08-20 18:47:41,951][__main__][INFO] - Step 700 | valid1 MSE : 0.0037 | valid1 NMSE : 0.0063
[2025-08-20 18:47:43,379][__main__][INFO] - Step 800 | valid1 MSE : 0.0036 | valid1 NMSE : 0.0062
[2025-08-20 18:47:44,800][__main__][INFO] - Step 900 | valid1 MSE : 0.0036 | valid1 NMSE : 0.0060
[2025-08-20 18:47:46,395][__main__][INFO] - Step 1000 | valid1 MSE : 0.0035 | valid1 NMSE : 0.0058
[2025-08-20 18:47:46,395][__main__][INFO] - Training done in 0.266 min
[2025-08-20 18:47:46,395][__main__][INFO] - Average time per step: 0.016 s
[2025-08-20 18:47:46,415][__main__][INFO] - End of training
[2025-08-20 18:47:47,182][__main__][INFO] - Plotted losses
[2025-08-20 18:47:47,182][__main__][INFO] - Computing test metrics
[2025-08-20 18:47:47,247][__main__][INFO] - Evaluation done in 0.001 min
[2025-08-20 18:47:47,363][__main__][INFO] - Evaluation done in 0.001 min
[2025-08-20 18:47:47,534][__main__][INFO] - Saved plots
[2025-08-20 18:47:47,534][__main__][INFO] - Final mIN parameters: {'beta': np.float32(0.0019315646), 'alpha': np.float32(0.9962396)}
[2025-08-20 18:47:47,534][__main__][INFO] - End of script

[2025-08-20 18:47:52,650][__main__][INFO] - =====Running main script=====
[2025-08-20 18:47:52,656][__main__][INFO] - Fetched main configs, save directory : ../outputs/bench_min_1/seed_1/min_init+gamma/
[2025-08-20 18:47:52,656][__main__][INFO] - Model PatchTST, normalization mIN, criterion NMSE, kwargs {}
[2025-08-20 18:47:52,687][__main__][INFO] - Fetched dataloaders
[2025-08-20 18:47:52,691][__main__][INFO] - Training data shape : (70, 1, 1000)
[2025-08-20 18:47:52,691][__main__][INFO] - Batch sizes : X=torch.Size([70, 1, 100]), y=torch.Size([70, 1, 20])
[2025-08-20 18:47:54,806][__main__][INFO] - batch_size=70, learning_rate=1e-05, steps per epoch=1, epochs=1000
[2025-08-20 18:47:54,806][__main__][INFO] - Starting training...
[2025-08-20 18:47:54,806][__main__][INFO] - Using device: cuda
[2025-08-20 18:47:54,806][__main__][INFO] - Training 1000 epochs of 1 batches (1000 steps): , eval_freq: 100, print_freq: 100
[2025-08-20 18:47:55,883][__main__][INFO] - Step 1 | valid1 MSE : 0.6090 | valid1 NMSE : 1.0277
[2025-08-20 18:47:57,322][__main__][INFO] - Step 100 | valid1 MSE : 0.0723 | valid1 NMSE : 0.1214
[2025-08-20 18:47:58,918][__main__][INFO] - Step 200 | valid1 MSE : 0.0067 | valid1 NMSE : 0.0113
[2025-08-20 18:48:00,358][__main__][INFO] - Step 300 | valid1 MSE : 0.0040 | valid1 NMSE : 0.0068
