[2025-08-06 11:10:16,945][__main__][INFO] - =====Running main script=====
[2025-08-06 11:10:16,951][__main__][INFO] - Fetched main configs, save directory : ../outputs/bench_indiv/TST_bs5_dates/
[2025-08-06 11:10:16,951][__main__][INFO] - Model PatchTST, normalization revin, criterion NMSE, kwargs {}
[2025-08-06 11:10:17,102][__main__][INFO] - Fetched dataloaders
[2025-08-06 11:10:17,105][__main__][INFO] - Training data shape : (223, 1, 13152)
[2025-08-06 11:10:17,106][__main__][INFO] - Batch sizes : X=torch.Size([1114, 1, 336]), y=torch.Size([1114, 1, 48])
[2025-08-06 11:10:19,775][__main__][INFO] - batch_size=5, learning_rate=0.0001, steps per epoch=2554, epochs=1
[2025-08-06 11:10:19,775][__main__][INFO] - Starting training...
[2025-08-06 11:10:19,775][__main__][INFO] - Using device: cuda
[2025-08-06 11:10:19,775][__main__][INFO] - Training 1 epochs of 2554 batches (2554 steps): , eval_freq: 100, print_freq: 100
[2025-08-06 11:11:56,035][__main__][INFO] - Step 1 | valid1 MSE : 58579488.0000 | valid1 NMSE : 1.1346
[2025-08-06 11:13:33,204][__main__][INFO] - Step 100 | valid1 MSE : 5151382.5000 | valid1 NMSE : 0.3700
[2025-08-06 11:15:10,079][__main__][INFO] - Step 200 | valid1 MSE : 4029710.7500 | valid1 NMSE : 0.3450
[2025-08-06 11:16:47,040][__main__][INFO] - Step 300 | valid1 MSE : 3832820.7500 | valid1 NMSE : 0.3407
[2025-08-06 11:18:24,143][__main__][INFO] - Step 400 | valid1 MSE : 4213784.5000 | valid1 NMSE : 0.3421
[2025-08-06 11:20:01,019][__main__][INFO] - Step 500 | valid1 MSE : 3754025.7500 | valid1 NMSE : 0.3353
[2025-08-06 11:21:37,762][__main__][INFO] - Step 600 | valid1 MSE : 3759148.7500 | valid1 NMSE : 0.3331
[2025-08-06 11:23:15,196][__main__][INFO] - Step 700 | valid1 MSE : 3670071.7500 | valid1 NMSE : 0.3328
[2025-08-06 11:24:52,408][__main__][INFO] - Step 800 | valid1 MSE : 3506193.5000 | valid1 NMSE : 0.3316
[2025-08-06 11:26:29,143][__main__][INFO] - Step 900 | valid1 MSE : 3645198.0000 | valid1 NMSE : 0.3296
[2025-08-06 11:28:05,557][__main__][INFO] - Step 1000 | valid1 MSE : 3574702.5000 | valid1 NMSE : 0.3302
[2025-08-06 11:29:42,385][__main__][INFO] - Step 1100 | valid1 MSE : 3222682.5000 | valid1 NMSE : 0.3244
[2025-08-06 11:31:19,465][__main__][INFO] - Step 1200 | valid1 MSE : 3837230.2500 | valid1 NMSE : 0.3296
[2025-08-06 11:32:56,115][__main__][INFO] - Step 1300 | valid1 MSE : 3927000.0000 | valid1 NMSE : 0.3330
[2025-08-06 11:34:33,018][__main__][INFO] - Step 1400 | valid1 MSE : 3453795.0000 | valid1 NMSE : 0.3265
[2025-08-06 11:36:09,138][__main__][INFO] - Step 1500 | valid1 MSE : 3202529.7500 | valid1 NMSE : 0.3250
[2025-08-06 11:37:46,820][__main__][INFO] - Step 1600 | valid1 MSE : 3811917.5000 | valid1 NMSE : 0.3293
[2025-08-06 11:39:23,557][__main__][INFO] - Step 1700 | valid1 MSE : 3340173.2500 | valid1 NMSE : 0.3257
[2025-08-06 11:41:00,717][__main__][INFO] - Step 1800 | valid1 MSE : 3101307.0000 | valid1 NMSE : 0.3233
[2025-08-06 11:42:37,062][__main__][INFO] - Step 1900 | valid1 MSE : 3497592.5000 | valid1 NMSE : 0.3263
[2025-08-06 11:44:13,748][__main__][INFO] - Step 2000 | valid1 MSE : 3281831.0000 | valid1 NMSE : 0.3276
[2025-08-06 11:45:50,501][__main__][INFO] - Step 2100 | valid1 MSE : 3111155.5000 | valid1 NMSE : 0.3227
[2025-08-06 11:47:26,947][__main__][INFO] - Step 2200 | valid1 MSE : 3156939.0000 | valid1 NMSE : 0.3225
[2025-08-06 11:49:03,875][__main__][INFO] - Step 2300 | valid1 MSE : 3622616.7500 | valid1 NMSE : 0.3290
[2025-08-06 11:50:40,367][__main__][INFO] - Step 2400 | valid1 MSE : 3592884.7500 | valid1 NMSE : 0.3303
[2025-08-06 11:52:17,639][__main__][INFO] - Step 2500 | valid1 MSE : 3470584.7500 | valid1 NMSE : 0.3281
[2025-08-06 11:53:53,878][__main__][INFO] - Step 2554 | valid1 MSE : 4097320.2500 | valid1 NMSE : 0.3327
[2025-08-06 11:53:53,879][__main__][INFO] - Training done in 43.568 min
[2025-08-06 11:53:53,879][__main__][INFO] - Average time per step: 1.024 s
[2025-08-06 11:53:53,950][__main__][INFO] - End of training
[2025-08-06 11:53:54,696][__main__][INFO] - Plotted losses
[2025-08-06 11:53:54,696][__main__][INFO] - Computing test metrics
[2025-08-06 11:54:10,618][__main__][INFO] - Evaluation done in 0.265 min
[2025-08-06 11:54:29,795][__main__][INFO] - Evaluation done in 0.137 min
[2025-08-06 11:54:36,350][__main__][INFO] - Saved plots
[2025-08-06 11:54:36,351][__main__][INFO] - Final mIN parameters: {'beta': np.float32(-0.0021010584), 'alpha': np.float32(1.1066791)}
[2025-08-06 11:54:36,351][__main__][INFO] - End of script

[2025-08-06 11:54:42,984][__main__][INFO] - =====Running main script=====
[2025-08-06 11:54:42,990][__main__][INFO] - Fetched main configs, save directory : ../outputs/bench_indiv/TST_bs28_individuals/
[2025-08-06 11:54:42,990][__main__][INFO] - Model PatchTST, normalization revin, criterion NMSE, kwargs {}
[2025-08-06 11:54:43,142][__main__][INFO] - Fetched dataloaders
[2025-08-06 11:54:43,145][__main__][INFO] - Training data shape : (223, 1, 13152)
[2025-08-06 11:54:43,145][__main__][INFO] - Batch sizes : X=torch.Size([28, 1, 336]), y=torch.Size([28, 1, 48])
[2025-08-06 11:54:45,732][__main__][INFO] - batch_size=28, learning_rate=0.0001, steps per epoch=8, epochs=300
[2025-08-06 11:54:45,732][__main__][INFO] - Starting training...
[2025-08-06 11:54:45,732][__main__][INFO] - Using device: cuda
[2025-08-06 11:54:45,732][__main__][INFO] - Training 300 epochs of 8 batches (2400 steps): , eval_freq: 100, print_freq: 100
[2025-08-06 11:56:13,382][__main__][INFO] - Step 1 | valid1 MSE : 59185328.0000 | valid1 NMSE : 1.1422
[2025-08-06 11:57:39,180][__main__][INFO] - Step 100 | valid1 MSE : 5112536.5000 | valid1 NMSE : 0.3933
[2025-08-06 11:59:04,429][__main__][INFO] - Step 200 | valid1 MSE : 4404081.5000 | valid1 NMSE : 0.3596
[2025-08-06 12:00:31,656][__main__][INFO] - Step 300 | valid1 MSE : 4341455.0000 | valid1 NMSE : 0.3521
[2025-08-06 12:01:57,527][__main__][INFO] - Step 400 | valid1 MSE : 3780297.7500 | valid1 NMSE : 0.3443
[2025-08-06 12:03:23,248][__main__][INFO] - Step 500 | valid1 MSE : 4678508.5000 | valid1 NMSE : 0.3484
