[2025-09-03 10:08:52,749][__main__][INFO] - =====Running data script=====
[2025-09-03 10:08:54,356][__main__][INFO] - End of script

[2025-09-03 10:08:59,031][__main__][INFO] - =====Running train script=====
[2025-09-03 10:08:59,282][__main__][INFO] - Fetched main configs, save directory : ../outputs/bench_min0/seed_1/instance/
[2025-09-03 10:08:59,283][__main__][INFO] - Model PatchTST, normalization instance, criterion NMSE, kwargs {'last': False, 'latent': False}
[2025-09-03 10:08:59,331][__main__][INFO] - Fetched dataloaders
[2025-09-03 10:08:59,331][__main__][INFO] - Batches: 1 * (X=[70, 1, 100], c=[70, 1, 120], y=[70, 1, 20])
[2025-09-03 10:09:01,469][__main__][INFO] - batch_size=100, learning_rate=1e-05, steps per epoch=1, epochs=1000
[2025-09-03 10:09:01,469][__main__][INFO] - Starting training...
[2025-09-03 10:09:01,469][__main__][INFO] - Using device: cuda
[2025-09-03 10:09:01,469][__main__][INFO] - Training 1000 epochs of 1 batches (1000 steps): , eval_freq: 100, print_freq: 100
[2025-09-03 10:09:02,643][__main__][INFO] - Step 1 | valid1 MSE : 0.1036 | valid1 NMSE : 1.7018
[2025-09-03 10:09:04,242][__main__][INFO] - Step 100 | valid1 MSE : 0.0283 | valid1 NMSE : 0.4645
[2025-09-03 10:09:05,849][__main__][INFO] - Step 200 | valid1 MSE : 0.0050 | valid1 NMSE : 0.0810
[2025-09-03 10:09:07,452][__main__][INFO] - Step 300 | valid1 MSE : 0.0008 | valid1 NMSE : 0.0124
[2025-09-03 10:09:09,199][__main__][INFO] - Step 400 | valid1 MSE : 0.0004 | valid1 NMSE : 0.0072
[2025-09-03 10:09:10,790][__main__][INFO] - Step 500 | valid1 MSE : 0.0004 | valid1 NMSE : 0.0068
[2025-09-03 10:09:12,383][__main__][INFO] - Step 600 | valid1 MSE : 0.0004 | valid1 NMSE : 0.0066
[2025-09-03 10:09:14,135][__main__][INFO] - Step 700 | valid1 MSE : 0.0004 | valid1 NMSE : 0.0064
[2025-09-03 10:09:15,723][__main__][INFO] - Step 800 | valid1 MSE : 0.0004 | valid1 NMSE : 0.0062
[2025-09-03 10:09:17,323][__main__][INFO] - Step 900 | valid1 MSE : 0.0004 | valid1 NMSE : 0.0061
[2025-09-03 10:09:18,920][__main__][INFO] - Step 1000 | valid1 MSE : 0.0004 | valid1 NMSE : 0.0059
[2025-09-03 10:09:18,921][__main__][INFO] - Training done in 0.291 min
[2025-09-03 10:09:18,921][__main__][INFO] - Average time per step: 0.017 s
[2025-09-03 10:09:18,944][__main__][INFO] - End of training
[2025-09-03 10:09:19,616][__main__][INFO] - Plotted losses
[2025-09-03 10:09:19,616][__main__][INFO] - Computing test metrics
[2025-09-03 10:09:19,720][__main__][INFO] - Evaluation done in 0.002 min
[2025-09-03 10:09:19,853][__main__][INFO] - Evaluation done in 0.001 min
[2025-09-03 10:09:20,025][__main__][INFO] - Saved plots
[2025-09-03 10:09:20,025][__main__][INFO] - End of script

[2025-09-03 10:09:25,094][__main__][INFO] - =====Running train script=====
[2025-09-03 10:09:25,348][__main__][INFO] - Fetched main configs, save directory : ../outputs/bench_min0/seed_1/revin/
[2025-09-03 10:09:25,348][__main__][INFO] - Model PatchTST, normalization revin, criterion NMSE, kwargs {'latent': False}
[2025-09-03 10:09:25,396][__main__][INFO] - Fetched dataloaders
[2025-09-03 10:09:25,396][__main__][INFO] - Batches: 1 * (X=[70, 1, 100], c=[70, 1, 120], y=[70, 1, 20])
[2025-09-03 10:09:27,171][__main__][INFO] - batch_size=100, learning_rate=1e-05, steps per epoch=1, epochs=1000
[2025-09-03 10:09:27,172][__main__][INFO] - Starting training...
[2025-09-03 10:09:27,172][__main__][INFO] - Using device: cuda
[2025-09-03 10:09:27,172][__main__][INFO] - Training 1000 epochs of 1 batches (1000 steps): , eval_freq: 100, print_freq: 100
[2025-09-03 10:09:28,347][__main__][INFO] - Step 1 | valid1 MSE : 0.1036 | valid1 NMSE : 1.7017
[2025-09-03 10:09:29,960][__main__][INFO] - Step 100 | valid1 MSE : 0.0283 | valid1 NMSE : 0.4638
[2025-09-03 10:09:31,573][__main__][INFO] - Step 200 | valid1 MSE : 0.0049 | valid1 NMSE : 0.0804
[2025-09-03 10:09:33,337][__main__][INFO] - Step 300 | valid1 MSE : 0.0008 | valid1 NMSE : 0.0123
[2025-09-03 10:09:34,957][__main__][INFO] - Step 400 | valid1 MSE : 0.0004 | valid1 NMSE : 0.0072
[2025-09-03 10:09:36,568][__main__][INFO] - Step 500 | valid1 MSE : 0.0004 | valid1 NMSE : 0.0068
[2025-09-03 10:09:38,180][__main__][INFO] - Step 600 | valid1 MSE : 0.0004 | valid1 NMSE : 0.0066
[2025-09-03 10:09:39,929][__main__][INFO] - Step 700 | valid1 MSE : 0.0004 | valid1 NMSE : 0.0064
[2025-09-03 10:09:41,542][__main__][INFO] - Step 800 | valid1 MSE : 0.0004 | valid1 NMSE : 0.0062
[2025-09-03 10:09:43,150][__main__][INFO] - Step 900 | valid1 MSE : 0.0004 | valid1 NMSE : 0.0061
[2025-09-03 10:09:44,907][__main__][INFO] - Step 1000 | valid1 MSE : 0.0004 | valid1 NMSE : 0.0059
[2025-09-03 10:09:44,907][__main__][INFO] - Training done in 0.296 min
[2025-09-03 10:09:44,907][__main__][INFO] - Average time per step: 0.018 s
[2025-09-03 10:09:44,931][__main__][INFO] - End of training
[2025-09-03 10:09:45,581][__main__][INFO] - Plotted losses
[2025-09-03 10:09:45,581][__main__][INFO] - Computing test metrics
[2025-09-03 10:09:45,686][__main__][INFO] - Evaluation done in 0.002 min
[2025-09-03 10:09:45,820][__main__][INFO] - Evaluation done in 0.001 min
[2025-09-03 10:09:45,998][__main__][INFO] - Saved plots
[2025-09-03 10:09:45,998][__main__][INFO] - Final modulations: {'beta': np.float32(-0.0019287941), 'alpha': np.float32(1.004486)}
[2025-09-03 10:09:45,998][__main__][INFO] - End of script

[2025-09-03 10:09:51,541][__main__][INFO] - =====Running train script=====
[2025-09-03 10:09:51,802][__main__][INFO] - Fetched main configs, save directory : ../outputs/bench_min0/seed_1/min/
[2025-09-03 10:09:51,802][__main__][INFO] - Model PatchTST, normalization mIN, criterion NMSE, kwargs {'last': False, 'latent': False, 'init_beta': False, 'fixed_beta': False, 'init_alpha': False, 'fixed_alpha': False, 'use_gamma': False, 'inverse_gamma': False}
[2025-09-03 10:09:51,850][__main__][INFO] - Fetched dataloaders
[2025-09-03 10:09:51,851][__main__][INFO] - Batches: 1 * (X=[70, 1, 100], c=[70, 1, 120], y=[70, 1, 20])
[2025-09-03 10:09:53,945][__main__][INFO] - batch_size=100, learning_rate=1e-05, steps per epoch=1, epochs=1000
[2025-09-03 10:09:53,945][__main__][INFO] - Starting training...
[2025-09-03 10:09:53,945][__main__][INFO] - Using device: cuda
[2025-09-03 10:09:53,945][__main__][INFO] - Training 1000 epochs of 1 batches (1000 steps): , eval_freq: 100, print_freq: 100
[2025-09-03 10:09:55,136][__main__][INFO] - Step 1 | valid1 MSE : 0.1036 | valid1 NMSE : 1.7017
[2025-09-03 10:09:56,742][__main__][INFO] - Step 100 | valid1 MSE : 0.0283 | valid1 NMSE : 0.4637
[2025-09-03 10:09:58,357][__main__][INFO] - Step 200 | valid1 MSE : 0.0049 | valid1 NMSE : 0.0803
[2025-09-03 10:09:59,975][__main__][INFO] - Step 300 | valid1 MSE : 0.0007 | valid1 NMSE : 0.0123
[2025-09-03 10:10:01,736][__main__][INFO] - Step 400 | valid1 MSE : 0.0004 | valid1 NMSE : 0.0073
[2025-09-03 10:10:03,334][__main__][INFO] - Step 500 | valid1 MSE : 0.0004 | valid1 NMSE : 0.0068
[2025-09-03 10:10:04,938][__main__][INFO] - Step 600 | valid1 MSE : 0.0004 | valid1 NMSE : 0.0066
[2025-09-03 10:10:06,686][__main__][INFO] - Step 700 | valid1 MSE : 0.0004 | valid1 NMSE : 0.0064
[2025-09-03 10:10:08,277][__main__][INFO] - Step 800 | valid1 MSE : 0.0004 | valid1 NMSE : 0.0062
[2025-09-03 10:10:09,887][__main__][INFO] - Step 900 | valid1 MSE : 0.0004 | valid1 NMSE : 0.0061
[2025-09-03 10:10:11,488][__main__][INFO] - Step 1000 | valid1 MSE : 0.0004 | valid1 NMSE : 0.0059
[2025-09-03 10:10:11,488][__main__][INFO] - Training done in 0.292 min
[2025-09-03 10:10:11,488][__main__][INFO] - Average time per step: 0.018 s
[2025-09-03 10:10:11,511][__main__][INFO] - End of training
[2025-09-03 10:10:12,273][__main__][INFO] - Plotted losses
[2025-09-03 10:10:12,273][__main__][INFO] - Computing test metrics
[2025-09-03 10:10:12,377][__main__][INFO] - Evaluation done in 0.002 min
[2025-09-03 10:10:12,510][__main__][INFO] - Evaluation done in 0.001 min
[2025-09-03 10:10:12,683][__main__][INFO] - Saved plots
[2025-09-03 10:10:12,683][__main__][INFO] - Final modulations: {'beta': np.float32(0.0019304684), 'alpha': np.float32(0.9962167)}
[2025-09-03 10:10:12,683][__main__][INFO] - End of script

[2025-09-03 10:10:17,892][__main__][INFO] - =====Running train script=====
[2025-09-03 10:10:18,166][__main__][INFO] - Fetched main configs, save directory : ../outputs/bench_min0/seed_1/min_init/
[2025-09-03 10:10:18,166][__main__][INFO] - Model PatchTST, normalization mIN, criterion NMSE, kwargs {'last': False, 'latent': False, 'init_beta': True, 'fixed_beta': False, 'init_alpha': True, 'fixed_alpha': False, 'use_gamma': False, 'inverse_gamma': False}
[2025-09-03 10:10:18,214][__main__][INFO] - Fetched dataloaders
[2025-09-03 10:10:18,214][__main__][INFO] - Batches: 1 * (X=[70, 1, 100], c=[70, 1, 120], y=[70, 1, 20])
[2025-09-03 10:10:20,275][__main__][INFO] - batch_size=100, learning_rate=1e-05, steps per epoch=1, epochs=1000
[2025-09-03 10:10:20,275][__main__][INFO] - Starting training...
[2025-09-03 10:10:20,275][__main__][INFO] - Using device: cuda
[2025-09-03 10:10:20,275][__main__][INFO] - Training 1000 epochs of 1 batches (1000 steps): , eval_freq: 100, print_freq: 100
[2025-09-03 10:10:21,459][__main__][INFO] - Step 1 | valid1 MSE : 0.0627 | valid1 NMSE : 1.0274
[2025-09-03 10:10:23,049][__main__][INFO] - Step 100 | valid1 MSE : 0.0074 | valid1 NMSE : 0.1213
[2025-09-03 10:10:24,651][__main__][INFO] - Step 200 | valid1 MSE : 0.0007 | valid1 NMSE : 0.0114
[2025-09-03 10:10:26,247][__main__][INFO] - Step 300 | valid1 MSE : 0.0004 | valid1 NMSE : 0.0068
[2025-09-03 10:10:27,987][__main__][INFO] - Step 400 | valid1 MSE : 0.0004 | valid1 NMSE : 0.0065
[2025-09-03 10:10:29,573][__main__][INFO] - Step 500 | valid1 MSE : 0.0004 | valid1 NMSE : 0.0061
[2025-09-03 10:10:31,166][__main__][INFO] - Step 600 | valid1 MSE : 0.0004 | valid1 NMSE : 0.0060
[2025-09-03 10:10:32,892][__main__][INFO] - Step 700 | valid1 MSE : 0.0004 | valid1 NMSE : 0.0058
[2025-09-03 10:10:34,479][__main__][INFO] - Step 800 | valid1 MSE : 0.0003 | valid1 NMSE : 0.0056
[2025-09-03 10:10:36,072][__main__][INFO] - Step 900 | valid1 MSE : 0.0003 | valid1 NMSE : 0.0055
[2025-09-03 10:10:37,662][__main__][INFO] - Step 1000 | valid1 MSE : 0.0003 | valid1 NMSE : 0.0054
[2025-09-03 10:10:37,663][__main__][INFO] - Training done in 0.290 min
[2025-09-03 10:10:37,663][__main__][INFO] - Average time per step: 0.017 s
[2025-09-03 10:10:37,690][__main__][INFO] - End of training
[2025-09-03 10:10:38,480][__main__][INFO] - Plotted losses
[2025-09-03 10:10:38,480][__main__][INFO] - Computing test metrics
[2025-09-03 10:10:38,580][__main__][INFO] - Evaluation done in 0.002 min
[2025-09-03 10:10:38,715][__main__][INFO] - Evaluation done in 0.001 min
[2025-09-03 10:10:38,892][__main__][INFO] - Saved plots
[2025-09-03 10:10:38,893][__main__][INFO] - Final modulations: {'beta': np.float32(0.7822005), 'alpha': np.float32(0.9410215)}
[2025-09-03 10:10:38,893][__main__][INFO] - End of script

[2025-09-03 10:10:44,292][__main__][INFO] - =====Running train script=====
[2025-09-03 10:10:44,597][__main__][INFO] - Fetched main configs, save directory : ../outputs/bench_min0/seed_1/min_fixed/
[2025-09-03 10:10:44,597][__main__][INFO] - Model PatchTST, normalization mIN, criterion NMSE, kwargs {'last': False, 'latent': False, 'init_beta': True, 'fixed_beta': True, 'init_alpha': True, 'fixed_alpha': True, 'use_gamma': False, 'inverse_gamma': False}
[2025-09-03 10:10:44,647][__main__][INFO] - Fetched dataloaders
[2025-09-03 10:10:44,647][__main__][INFO] - Batches: 1 * (X=[70, 1, 100], c=[70, 1, 120], y=[70, 1, 20])
[2025-09-03 10:10:46,613][__main__][INFO] - batch_size=100, learning_rate=1e-05, steps per epoch=1, epochs=1000
[2025-09-03 10:10:46,614][__main__][INFO] - Starting training...
[2025-09-03 10:10:46,614][__main__][INFO] - Using device: cuda
[2025-09-03 10:10:46,614][__main__][INFO] - Training 1000 epochs of 1 batches (1000 steps): , eval_freq: 100, print_freq: 100
[2025-09-03 10:10:47,822][__main__][INFO] - Step 1 | valid1 MSE : 0.0627 | valid1 NMSE : 1.0274
[2025-09-03 10:10:49,417][__main__][INFO] - Step 100 | valid1 MSE : 0.0074 | valid1 NMSE : 0.1213
[2025-09-03 10:10:51,026][__main__][INFO] - Step 200 | valid1 MSE : 0.0007 | valid1 NMSE : 0.0114
[2025-09-03 10:10:52,633][__main__][INFO] - Step 300 | valid1 MSE : 0.0004 | valid1 NMSE : 0.0069
[2025-09-03 10:10:54,379][__main__][INFO] - Step 400 | valid1 MSE : 0.0004 | valid1 NMSE : 0.0065
[2025-09-03 10:10:55,972][__main__][INFO] - Step 500 | valid1 MSE : 0.0004 | valid1 NMSE : 0.0061
[2025-09-03 10:10:57,564][__main__][INFO] - Step 600 | valid1 MSE : 0.0004 | valid1 NMSE : 0.0060
[2025-09-03 10:10:59,301][__main__][INFO] - Step 700 | valid1 MSE : 0.0004 | valid1 NMSE : 0.0058
[2025-09-03 10:11:00,889][__main__][INFO] - Step 800 | valid1 MSE : 0.0003 | valid1 NMSE : 0.0057
[2025-09-03 10:11:02,489][__main__][INFO] - Step 900 | valid1 MSE : 0.0003 | valid1 NMSE : 0.0055
[2025-09-03 10:11:04,082][__main__][INFO] - Step 1000 | valid1 MSE : 0.0003 | valid1 NMSE : 0.0054
[2025-09-03 10:11:04,082][__main__][INFO] - Training done in 0.291 min
[2025-09-03 10:11:04,082][__main__][INFO] - Average time per step: 0.017 s
[2025-09-03 10:11:04,107][__main__][INFO] - End of training
[2025-09-03 10:11:04,862][__main__][INFO] - Plotted losses
[2025-09-03 10:11:04,862][__main__][INFO] - Computing test metrics
[2025-09-03 10:11:04,962][__main__][INFO] - Evaluation done in 0.002 min
[2025-09-03 10:11:05,100][__main__][INFO] - Evaluation done in 0.001 min
[2025-09-03 10:11:05,278][__main__][INFO] - Saved plots
[2025-09-03 10:11:05,278][__main__][INFO] - Final modulations: {'beta': np.float32(0.7804675), 'alpha': np.float32(0.94821525)}
[2025-09-03 10:11:05,278][__main__][INFO] - End of script

[2025-09-03 10:11:10,704][__main__][INFO] - =====Running train script=====
[2025-09-03 10:11:10,998][__main__][INFO] - Fetched main configs, save directory : ../outputs/bench_min0/seed_1/min+revin/
[2025-09-03 10:11:10,998][__main__][INFO] - Model PatchTST, normalization mIN, criterion NMSE, kwargs {'last': False, 'latent': False, 'init_beta': False, 'fixed_beta': False, 'init_alpha': False, 'fixed_alpha': False, 'use_gamma': True, 'inverse_gamma': True}
[2025-09-03 10:11:11,047][__main__][INFO] - Fetched dataloaders
[2025-09-03 10:11:11,047][__main__][INFO] - Batches: 1 * (X=[70, 1, 100], c=[70, 1, 120], y=[70, 1, 20])
[2025-09-03 10:11:12,801][__main__][INFO] - batch_size=100, learning_rate=1e-05, steps per epoch=1, epochs=1000
[2025-09-03 10:11:12,801][__main__][INFO] - Starting training...
[2025-09-03 10:11:12,801][__main__][INFO] - Using device: cuda
[2025-09-03 10:11:12,801][__main__][INFO] - Training 1000 epochs of 1 batches (1000 steps): , eval_freq: 100, print_freq: 100
[2025-09-03 10:11:13,991][__main__][INFO] - Step 1 | valid1 MSE : 0.1036 | valid1 NMSE : 1.7017
[2025-09-03 10:11:15,615][__main__][INFO] - Step 100 | valid1 MSE : 0.0283 | valid1 NMSE : 0.4630
[2025-09-03 10:11:17,235][__main__][INFO] - Step 200 | valid1 MSE : 0.0049 | valid1 NMSE : 0.0797
[2025-09-03 10:11:18,853][__main__][INFO] - Step 300 | valid1 MSE : 0.0007 | valid1 NMSE : 0.0122
[2025-09-03 10:11:20,614][__main__][INFO] - Step 400 | valid1 MSE : 0.0004 | valid1 NMSE : 0.0073
[2025-09-03 10:11:22,226][__main__][INFO] - Step 500 | valid1 MSE : 0.0004 | valid1 NMSE : 0.0068
[2025-09-03 10:11:23,838][__main__][INFO] - Step 600 | valid1 MSE : 0.0004 | valid1 NMSE : 0.0066
[2025-09-03 10:11:25,600][__main__][INFO] - Step 700 | valid1 MSE : 0.0004 | valid1 NMSE : 0.0064
[2025-09-03 10:11:27,221][__main__][INFO] - Step 800 | valid1 MSE : 0.0004 | valid1 NMSE : 0.0062
[2025-09-03 10:11:28,836][__main__][INFO] - Step 900 | valid1 MSE : 0.0004 | valid1 NMSE : 0.0060
[2025-09-03 10:11:30,450][__main__][INFO] - Step 1000 | valid1 MSE : 0.0004 | valid1 NMSE : 0.0059
[2025-09-03 10:11:30,451][__main__][INFO] - Training done in 0.294 min
[2025-09-03 10:11:30,451][__main__][INFO] - Average time per step: 0.018 s
[2025-09-03 10:11:30,474][__main__][INFO] - End of training
[2025-09-03 10:11:31,241][__main__][INFO] - Plotted losses
[2025-09-03 10:11:31,242][__main__][INFO] - Computing test metrics
[2025-09-03 10:11:31,341][__main__][INFO] - Evaluation done in 0.002 min
[2025-09-03 10:11:31,477][__main__][INFO] - Evaluation done in 0.001 min
[2025-09-03 10:11:31,657][__main__][INFO] - Saved plots
[2025-09-03 10:11:31,657][__main__][INFO] - Final modulations: {'beta': np.float32(0.0019329682), 'alpha': np.float32(0.9962375)}
[2025-09-03 10:11:31,657][__main__][INFO] - End of script

[2025-09-03 10:11:37,790][__main__][INFO] - =====Running train script=====
[2025-09-03 10:11:38,090][__main__][INFO] - Fetched main configs, save directory : ../outputs/bench_min0/seed_1/min_init+revin/
[2025-09-03 10:11:38,090][__main__][INFO] - Model PatchTST, normalization mIN, criterion NMSE, kwargs {'last': False, 'latent': False, 'init_beta': True, 'fixed_beta': False, 'init_alpha': True, 'fixed_alpha': False, 'use_gamma': True, 'inverse_gamma': True}
[2025-09-03 10:11:38,149][__main__][INFO] - Fetched dataloaders
[2025-09-03 10:11:38,149][__main__][INFO] - Batches: 1 * (X=[70, 1, 100], c=[70, 1, 120], y=[70, 1, 20])
[2025-09-03 10:11:40,665][__main__][INFO] - batch_size=100, learning_rate=1e-05, steps per epoch=1, epochs=1000
[2025-09-03 10:11:40,665][__main__][INFO] - Starting training...
[2025-09-03 10:11:40,665][__main__][INFO] - Using device: cuda
[2025-09-03 10:11:40,665][__main__][INFO] - Training 1000 epochs of 1 batches (1000 steps): , eval_freq: 100, print_freq: 100
[2025-09-03 10:11:41,917][__main__][INFO] - Step 1 | valid1 MSE : 0.0627 | valid1 NMSE : 1.0274
[2025-09-03 10:11:43,567][__main__][INFO] - Step 100 | valid1 MSE : 0.0074 | valid1 NMSE : 0.1213
[2025-09-03 10:11:45,201][__main__][INFO] - Step 200 | valid1 MSE : 0.0007 | valid1 NMSE : 0.0113
[2025-09-03 10:11:46,831][__main__][INFO] - Step 300 | valid1 MSE : 0.0004 | valid1 NMSE : 0.0068
[2025-09-03 10:11:48,596][__main__][INFO] - Step 400 | valid1 MSE : 0.0004 | valid1 NMSE : 0.0064
[2025-09-03 10:11:50,227][__main__][INFO] - Step 500 | valid1 MSE : 0.0004 | valid1 NMSE : 0.0061
[2025-09-03 10:11:51,844][__main__][INFO] - Step 600 | valid1 MSE : 0.0004 | valid1 NMSE : 0.0060
[2025-09-03 10:11:53,607][__main__][INFO] - Step 700 | valid1 MSE : 0.0004 | valid1 NMSE : 0.0058
[2025-09-03 10:11:55,233][__main__][INFO] - Step 800 | valid1 MSE : 0.0003 | valid1 NMSE : 0.0056
[2025-09-03 10:11:56,857][__main__][INFO] - Step 900 | valid1 MSE : 0.0003 | valid1 NMSE : 0.0055
[2025-09-03 10:11:58,475][__main__][INFO] - Step 1000 | valid1 MSE : 0.0003 | valid1 NMSE : 0.0054
[2025-09-03 10:11:58,475][__main__][INFO] - Training done in 0.297 min
[2025-09-03 10:11:58,475][__main__][INFO] - Average time per step: 0.018 s
[2025-09-03 10:11:58,502][__main__][INFO] - End of training
[2025-09-03 10:11:59,335][__main__][INFO] - Plotted losses
[2025-09-03 10:11:59,335][__main__][INFO] - Computing test metrics
[2025-09-03 10:11:59,436][__main__][INFO] - Evaluation done in 0.002 min
[2025-09-03 10:11:59,572][__main__][INFO] - Evaluation done in 0.001 min
[2025-09-03 10:11:59,752][__main__][INFO] - Saved plots
[2025-09-03 10:11:59,752][__main__][INFO] - Final modulations: {'beta': np.float32(0.7821861), 'alpha': np.float32(0.9410598)}
[2025-09-03 10:11:59,752][__main__][INFO] - End of script

[2025-09-03 10:12:05,173][__main__][INFO] - =====Running train script=====
[2025-09-03 10:12:05,436][__main__][INFO] - Fetched main configs, save directory : ../outputs/bench_min0/seed_1/min_fixed+revin/
[2025-09-03 10:12:05,437][__main__][INFO] - Model PatchTST, normalization mIN, criterion NMSE, kwargs {'last': False, 'latent': False, 'init_beta': True, 'fixed_beta': True, 'init_alpha': True, 'fixed_alpha': True, 'use_gamma': True, 'inverse_gamma': True}
[2025-09-03 10:12:05,491][__main__][INFO] - Fetched dataloaders
[2025-09-03 10:12:05,491][__main__][INFO] - Batches: 1 * (X=[70, 1, 100], c=[70, 1, 120], y=[70, 1, 20])
[2025-09-03 10:12:07,487][__main__][INFO] - batch_size=100, learning_rate=1e-05, steps per epoch=1, epochs=1000
[2025-09-03 10:12:07,487][__main__][INFO] - Starting training...
[2025-09-03 10:12:07,487][__main__][INFO] - Using device: cuda
[2025-09-03 10:12:07,487][__main__][INFO] - Training 1000 epochs of 1 batches (1000 steps): , eval_freq: 100, print_freq: 100
[2025-09-03 10:12:08,685][__main__][INFO] - Step 1 | valid1 MSE : 0.0627 | valid1 NMSE : 1.0274
[2025-09-03 10:12:10,295][__main__][INFO] - Step 100 | valid1 MSE : 0.0074 | valid1 NMSE : 0.1213
[2025-09-03 10:12:11,926][__main__][INFO] - Step 200 | valid1 MSE : 0.0007 | valid1 NMSE : 0.0114
[2025-09-03 10:12:13,556][__main__][INFO] - Step 300 | valid1 MSE : 0.0004 | valid1 NMSE : 0.0068
[2025-09-03 10:12:15,331][__main__][INFO] - Step 400 | valid1 MSE : 0.0004 | valid1 NMSE : 0.0065
[2025-09-03 10:12:16,944][__main__][INFO] - Step 500 | valid1 MSE : 0.0004 | valid1 NMSE : 0.0061
[2025-09-03 10:12:18,559][__main__][INFO] - Step 600 | valid1 MSE : 0.0004 | valid1 NMSE : 0.0060
[2025-09-03 10:12:20,323][__main__][INFO] - Step 700 | valid1 MSE : 0.0004 | valid1 NMSE : 0.0058
[2025-09-03 10:12:21,928][__main__][INFO] - Step 800 | valid1 MSE : 0.0003 | valid1 NMSE : 0.0056
[2025-09-03 10:12:23,545][__main__][INFO] - Step 900 | valid1 MSE : 0.0003 | valid1 NMSE : 0.0055
[2025-09-03 10:12:25,159][__main__][INFO] - Step 1000 | valid1 MSE : 0.0003 | valid1 NMSE : 0.0054
[2025-09-03 10:12:25,160][__main__][INFO] - Training done in 0.295 min
[2025-09-03 10:12:25,160][__main__][INFO] - Average time per step: 0.018 s
[2025-09-03 10:12:25,185][__main__][INFO] - End of training
[2025-09-03 10:12:25,958][__main__][INFO] - Plotted losses
[2025-09-03 10:12:25,958][__main__][INFO] - Computing test metrics
[2025-09-03 10:12:26,059][__main__][INFO] - Evaluation done in 0.002 min
[2025-09-03 10:12:26,196][__main__][INFO] - Evaluation done in 0.001 min
[2025-09-03 10:12:26,581][__main__][INFO] - Saved plots
[2025-09-03 10:12:26,581][__main__][INFO] - Final modulations: {'beta': np.float32(0.7804675), 'alpha': np.float32(0.94821525)}
[2025-09-03 10:12:26,581][__main__][INFO] - End of script

[2025-09-03 10:12:32,586][__main__][INFO] - =====Running train script=====
[2025-09-03 10:12:32,984][__main__][INFO] - Fetched main configs, save directory : ../outputs/bench_min0/seed_1/min+gamma/
[2025-09-03 10:12:32,984][__main__][INFO] - Model PatchTST, normalization mIN, criterion NMSE, kwargs {'last': False, 'latent': False, 'init_beta': False, 'fixed_beta': False, 'init_alpha': False, 'fixed_alpha': False, 'use_gamma': True, 'inverse_gamma': False}
[2025-09-03 10:12:33,035][__main__][INFO] - Fetched dataloaders
[2025-09-03 10:12:33,035][__main__][INFO] - Batches: 1 * (X=[70, 1, 100], c=[70, 1, 120], y=[70, 1, 20])
[2025-09-03 10:12:34,923][__main__][INFO] - batch_size=100, learning_rate=1e-05, steps per epoch=1, epochs=1000
[2025-09-03 10:12:34,923][__main__][INFO] - Starting training...
[2025-09-03 10:12:34,923][__main__][INFO] - Using device: cuda
[2025-09-03 10:12:34,923][__main__][INFO] - Training 1000 epochs of 1 batches (1000 steps): , eval_freq: 100, print_freq: 100
[2025-09-03 10:12:36,113][__main__][INFO] - Step 1 | valid1 MSE : 0.1036 | valid1 NMSE : 1.7017
[2025-09-03 10:12:37,745][__main__][INFO] - Step 100 | valid1 MSE : 0.0283 | valid1 NMSE : 0.4635
[2025-09-03 10:12:39,370][__main__][INFO] - Step 200 | valid1 MSE : 0.0049 | valid1 NMSE : 0.0802
[2025-09-03 10:12:41,003][__main__][INFO] - Step 300 | valid1 MSE : 0.0007 | valid1 NMSE : 0.0123
[2025-09-03 10:12:42,766][__main__][INFO] - Step 400 | valid1 MSE : 0.0004 | valid1 NMSE : 0.0072
[2025-09-03 10:12:44,383][__main__][INFO] - Step 500 | valid1 MSE : 0.0004 | valid1 NMSE : 0.0068
[2025-09-03 10:12:46,007][__main__][INFO] - Step 600 | valid1 MSE : 0.0004 | valid1 NMSE : 0.0066
[2025-09-03 10:12:47,812][__main__][INFO] - Step 700 | valid1 MSE : 0.0004 | valid1 NMSE : 0.0064
[2025-09-03 10:12:49,449][__main__][INFO] - Step 800 | valid1 MSE : 0.0004 | valid1 NMSE : 0.0062
[2025-09-03 10:12:51,090][__main__][INFO] - Step 900 | valid1 MSE : 0.0004 | valid1 NMSE : 0.0061
[2025-09-03 10:12:52,712][__main__][INFO] - Step 1000 | valid1 MSE : 0.0004 | valid1 NMSE : 0.0059
[2025-09-03 10:12:52,712][__main__][INFO] - Training done in 0.296 min
[2025-09-03 10:12:52,712][__main__][INFO] - Average time per step: 0.018 s
[2025-09-03 10:12:52,736][__main__][INFO] - End of training
[2025-09-03 10:12:53,496][__main__][INFO] - Plotted losses
[2025-09-03 10:12:53,496][__main__][INFO] - Computing test metrics
[2025-09-03 10:12:53,597][__main__][INFO] - Evaluation done in 0.002 min
[2025-09-03 10:12:53,733][__main__][INFO] - Evaluation done in 0.001 min
[2025-09-03 10:12:53,918][__main__][INFO] - Saved plots
[2025-09-03 10:12:53,919][__main__][INFO] - Final modulations: {'beta': np.float32(0.0019302125), 'alpha': np.float32(0.9962188)}
[2025-09-03 10:12:53,919][__main__][INFO] - End of script

[2025-09-03 10:12:59,502][__main__][INFO] - =====Running train script=====
[2025-09-03 10:12:59,765][__main__][INFO] - Fetched main configs, save directory : ../outputs/bench_min0/seed_1/min_init+gamma/
[2025-09-03 10:12:59,765][__main__][INFO] - Model PatchTST, normalization mIN, criterion NMSE, kwargs {'last': False, 'latent': False, 'init_beta': True, 'fixed_beta': False, 'init_alpha': True, 'fixed_alpha': False, 'use_gamma': True, 'inverse_gamma': False}
[2025-09-03 10:12:59,816][__main__][INFO] - Fetched dataloaders
[2025-09-03 10:12:59,816][__main__][INFO] - Batches: 1 * (X=[70, 1, 100], c=[70, 1, 120], y=[70, 1, 20])
[2025-09-03 10:13:02,387][__main__][INFO] - batch_size=100, learning_rate=1e-05, steps per epoch=1, epochs=1000
[2025-09-03 10:13:02,387][__main__][INFO] - Starting training...
[2025-09-03 10:13:02,387][__main__][INFO] - Using device: cuda
[2025-09-03 10:13:02,387][__main__][INFO] - Training 1000 epochs of 1 batches (1000 steps): , eval_freq: 100, print_freq: 100
[2025-09-03 10:13:03,590][__main__][INFO] - Step 1 | valid1 MSE : 0.0627 | valid1 NMSE : 1.0274
[2025-09-03 10:13:05,220][__main__][INFO] - Step 100 | valid1 MSE : 0.0074 | valid1 NMSE : 0.1212
[2025-09-03 10:13:06,857][__main__][INFO] - Step 200 | valid1 MSE : 0.0007 | valid1 NMSE : 0.0113
[2025-09-03 10:13:08,498][__main__][INFO] - Step 300 | valid1 MSE : 0.0004 | valid1 NMSE : 0.0068
[2025-09-03 10:13:10,279][__main__][INFO] - Step 400 | valid1 MSE : 0.0004 | valid1 NMSE : 0.0065
[2025-09-03 10:13:11,904][__main__][INFO] - Step 500 | valid1 MSE : 0.0004 | valid1 NMSE : 0.0061
[2025-09-03 10:13:13,523][__main__][INFO] - Step 600 | valid1 MSE : 0.0004 | valid1 NMSE : 0.0060
[2025-09-03 10:13:15,294][__main__][INFO] - Step 700 | valid1 MSE : 0.0004 | valid1 NMSE : 0.0058
[2025-09-03 10:13:16,915][__main__][INFO] - Step 800 | valid1 MSE : 0.0003 | valid1 NMSE : 0.0056
[2025-09-03 10:13:18,552][__main__][INFO] - Step 900 | valid1 MSE : 0.0003 | valid1 NMSE : 0.0055
[2025-09-03 10:13:20,170][__main__][INFO] - Step 1000 | valid1 MSE : 0.0003 | valid1 NMSE : 0.0054
[2025-09-03 10:13:20,170][__main__][INFO] - Training done in 0.296 min
[2025-09-03 10:13:20,170][__main__][INFO] - Average time per step: 0.018 s
[2025-09-03 10:13:20,198][__main__][INFO] - End of training
[2025-09-03 10:13:21,015][__main__][INFO] - Plotted losses
[2025-09-03 10:13:21,015][__main__][INFO] - Computing test metrics
[2025-09-03 10:13:21,117][__main__][INFO] - Evaluation done in 0.002 min
[2025-09-03 10:13:21,254][__main__][INFO] - Evaluation done in 0.001 min
[2025-09-03 10:13:21,437][__main__][INFO] - Saved plots
[2025-09-03 10:13:21,437][__main__][INFO] - Final modulations: {'beta': np.float32(0.7822007), 'alpha': np.float32(0.9410237)}
[2025-09-03 10:13:21,437][__main__][INFO] - End of script

[2025-09-03 10:13:27,415][__main__][INFO] - =====Running train script=====
[2025-09-03 10:13:27,672][__main__][INFO] - Fetched main configs, save directory : ../outputs/bench_min0/seed_1/min_fixed+gamma/
[2025-09-03 10:13:27,672][__main__][INFO] - Model PatchTST, normalization mIN, criterion NMSE, kwargs {'last': False, 'latent': False, 'init_beta': True, 'fixed_beta': True, 'init_alpha': True, 'fixed_alpha': True, 'use_gamma': True, 'inverse_gamma': False}
[2025-09-03 10:13:27,731][__main__][INFO] - Fetched dataloaders
[2025-09-03 10:13:27,731][__main__][INFO] - Batches: 1 * (X=[70, 1, 100], c=[70, 1, 120], y=[70, 1, 20])
[2025-09-03 10:13:30,064][__main__][INFO] - batch_size=100, learning_rate=1e-05, steps per epoch=1, epochs=1000
[2025-09-03 10:13:30,064][__main__][INFO] - Starting training...
[2025-09-03 10:13:30,064][__main__][INFO] - Using device: cuda
[2025-09-03 10:13:30,064][__main__][INFO] - Training 1000 epochs of 1 batches (1000 steps): , eval_freq: 100, print_freq: 100
[2025-09-03 10:13:31,284][__main__][INFO] - Step 1 | valid1 MSE : 0.0627 | valid1 NMSE : 1.0274
[2025-09-03 10:13:32,906][__main__][INFO] - Step 100 | valid1 MSE : 0.0074 | valid1 NMSE : 0.1212
[2025-09-03 10:13:34,542][__main__][INFO] - Step 200 | valid1 MSE : 0.0007 | valid1 NMSE : 0.0113
[2025-09-03 10:13:36,179][__main__][INFO] - Step 300 | valid1 MSE : 0.0004 | valid1 NMSE : 0.0069
[2025-09-03 10:13:37,969][__main__][INFO] - Step 400 | valid1 MSE : 0.0004 | valid1 NMSE : 0.0065
[2025-09-03 10:13:39,606][__main__][INFO] - Step 500 | valid1 MSE : 0.0004 | valid1 NMSE : 0.0061
[2025-09-03 10:13:41,226][__main__][INFO] - Step 600 | valid1 MSE : 0.0004 | valid1 NMSE : 0.0060
[2025-09-03 10:13:43,004][__main__][INFO] - Step 700 | valid1 MSE : 0.0004 | valid1 NMSE : 0.0058
[2025-09-03 10:13:44,638][__main__][INFO] - Step 800 | valid1 MSE : 0.0003 | valid1 NMSE : 0.0057
[2025-09-03 10:13:46,281][__main__][INFO] - Step 900 | valid1 MSE : 0.0003 | valid1 NMSE : 0.0055
[2025-09-03 10:13:47,920][__main__][INFO] - Step 1000 | valid1 MSE : 0.0003 | valid1 NMSE : 0.0054
[2025-09-03 10:13:47,921][__main__][INFO] - Training done in 0.298 min
[2025-09-03 10:13:47,921][__main__][INFO] - Average time per step: 0.018 s
[2025-09-03 10:13:47,951][__main__][INFO] - End of training
[2025-09-03 10:13:48,788][__main__][INFO] - Plotted losses
[2025-09-03 10:13:48,788][__main__][INFO] - Computing test metrics
[2025-09-03 10:13:48,890][__main__][INFO] - Evaluation done in 0.002 min
[2025-09-03 10:13:49,029][__main__][INFO] - Evaluation done in 0.001 min
[2025-09-03 10:13:49,248][__main__][INFO] - Saved plots
[2025-09-03 10:13:49,249][__main__][INFO] - Final modulations: {'beta': np.float32(0.7804675), 'alpha': np.float32(0.94821525)}
[2025-09-03 10:13:49,249][__main__][INFO] - End of script

[2025-09-03 10:14:01,446][__main__][INFO] - =====Running data script=====
[2025-09-03 10:14:03,112][__main__][INFO] - End of script

[2025-09-03 10:14:08,333][__main__][INFO] - =====Running train script=====
[2025-09-03 10:14:08,633][__main__][INFO] - Fetched main configs, save directory : ../outputs/bench_min0/seed_2/instance/
[2025-09-03 10:14:08,633][__main__][INFO] - Model PatchTST, normalization instance, criterion NMSE, kwargs {'last': False, 'latent': False}
[2025-09-03 10:14:08,693][__main__][INFO] - Fetched dataloaders
[2025-09-03 10:14:08,693][__main__][INFO] - Batches: 1 * (X=[70, 1, 100], c=[70, 1, 120], y=[70, 1, 20])
[2025-09-03 10:14:11,598][__main__][INFO] - batch_size=100, learning_rate=1e-05, steps per epoch=1, epochs=1000
[2025-09-03 10:14:11,599][__main__][INFO] - Starting training...
[2025-09-03 10:14:11,599][__main__][INFO] - Using device: cuda
[2025-09-03 10:14:11,599][__main__][INFO] - Training 1000 epochs of 1 batches (1000 steps): , eval_freq: 100, print_freq: 100
[2025-09-03 10:14:12,783][__main__][INFO] - Step 1 | valid1 MSE : 0.1127 | valid1 NMSE : 1.8270
[2025-09-03 10:14:14,391][__main__][INFO] - Step 100 | valid1 MSE : 0.0335 | valid1 NMSE : 0.5441
[2025-09-03 10:14:16,011][__main__][INFO] - Step 200 | valid1 MSE : 0.0078 | valid1 NMSE : 0.1273
[2025-09-03 10:14:17,623][__main__][INFO] - Step 300 | valid1 MSE : 0.0014 | valid1 NMSE : 0.0229
[2025-09-03 10:14:19,399][__main__][INFO] - Step 400 | valid1 MSE : 0.0006 | valid1 NMSE : 0.0091
[2025-09-03 10:14:20,995][__main__][INFO] - Step 500 | valid1 MSE : 0.0005 | valid1 NMSE : 0.0075
[2025-09-03 10:14:22,602][__main__][INFO] - Step 600 | valid1 MSE : 0.0004 | valid1 NMSE : 0.0071
[2025-09-03 10:14:24,364][__main__][INFO] - Step 700 | valid1 MSE : 0.0004 | valid1 NMSE : 0.0067
[2025-09-03 10:14:25,965][__main__][INFO] - Step 800 | valid1 MSE : 0.0004 | valid1 NMSE : 0.0065
[2025-09-03 10:14:27,576][__main__][INFO] - Step 900 | valid1 MSE : 0.0004 | valid1 NMSE : 0.0063
[2025-09-03 10:14:29,174][__main__][INFO] - Step 1000 | valid1 MSE : 0.0004 | valid1 NMSE : 0.0061
[2025-09-03 10:14:29,174][__main__][INFO] - Training done in 0.293 min
[2025-09-03 10:14:29,174][__main__][INFO] - Average time per step: 0.018 s
[2025-09-03 10:14:29,202][__main__][INFO] - End of training
[2025-09-03 10:14:29,935][__main__][INFO] - Plotted losses
[2025-09-03 10:14:29,935][__main__][INFO] - Computing test metrics
[2025-09-03 10:14:30,039][__main__][INFO] - Evaluation done in 0.002 min
[2025-09-03 10:14:30,176][__main__][INFO] - Evaluation done in 0.001 min
[2025-09-03 10:14:30,362][__main__][INFO] - Saved plots
[2025-09-03 10:14:30,362][__main__][INFO] - End of script

[2025-09-03 10:14:36,282][__main__][INFO] - =====Running train script=====
[2025-09-03 10:14:36,563][__main__][INFO] - Fetched main configs, save directory : ../outputs/bench_min0/seed_2/revin/
[2025-09-03 10:14:36,563][__main__][INFO] - Model PatchTST, normalization revin, criterion NMSE, kwargs {'latent': False}
[2025-09-03 10:14:36,616][__main__][INFO] - Fetched dataloaders
[2025-09-03 10:14:36,616][__main__][INFO] - Batches: 1 * (X=[70, 1, 100], c=[70, 1, 120], y=[70, 1, 20])
[2025-09-03 10:14:38,621][__main__][INFO] - batch_size=100, learning_rate=1e-05, steps per epoch=1, epochs=1000
[2025-09-03 10:14:38,621][__main__][INFO] - Starting training...
[2025-09-03 10:14:38,621][__main__][INFO] - Using device: cuda
[2025-09-03 10:14:38,621][__main__][INFO] - Training 1000 epochs of 1 batches (1000 steps): , eval_freq: 100, print_freq: 100
[2025-09-03 10:14:39,847][__main__][INFO] - Step 1 | valid1 MSE : 0.1127 | valid1 NMSE : 1.8270
[2025-09-03 10:14:41,473][__main__][INFO] - Step 100 | valid1 MSE : 0.0335 | valid1 NMSE : 0.5433
[2025-09-03 10:14:43,111][__main__][INFO] - Step 200 | valid1 MSE : 0.0078 | valid1 NMSE : 0.1266
[2025-09-03 10:14:44,749][__main__][INFO] - Step 300 | valid1 MSE : 0.0014 | valid1 NMSE : 0.0227
[2025-09-03 10:14:46,546][__main__][INFO] - Step 400 | valid1 MSE : 0.0006 | valid1 NMSE : 0.0090
[2025-09-03 10:14:48,153][__main__][INFO] - Step 500 | valid1 MSE : 0.0005 | valid1 NMSE : 0.0075
[2025-09-03 10:14:49,763][__main__][INFO] - Step 600 | valid1 MSE : 0.0004 | valid1 NMSE : 0.0070
[2025-09-03 10:14:51,545][__main__][INFO] - Step 700 | valid1 MSE : 0.0004 | valid1 NMSE : 0.0067
[2025-09-03 10:14:53,149][__main__][INFO] - Step 800 | valid1 MSE : 0.0004 | valid1 NMSE : 0.0065
[2025-09-03 10:14:54,778][__main__][INFO] - Step 900 | valid1 MSE : 0.0004 | valid1 NMSE : 0.0063
[2025-09-03 10:14:56,397][__main__][INFO] - Step 1000 | valid1 MSE : 0.0004 | valid1 NMSE : 0.0061
[2025-09-03 10:14:56,397][__main__][INFO] - Training done in 0.296 min
[2025-09-03 10:14:56,397][__main__][INFO] - Average time per step: 0.018 s
[2025-09-03 10:14:56,424][__main__][INFO] - End of training
[2025-09-03 10:14:57,223][__main__][INFO] - Plotted losses
[2025-09-03 10:14:57,223][__main__][INFO] - Computing test metrics
[2025-09-03 10:14:57,330][__main__][INFO] - Evaluation done in 0.002 min
[2025-09-03 10:14:57,466][__main__][INFO] - Evaluation done in 0.001 min
[2025-09-03 10:14:57,845][__main__][INFO] - Saved plots
[2025-09-03 10:14:57,845][__main__][INFO] - Final modulations: {'beta': np.float32(-0.0023137375), 'alpha': np.float32(1.0039591)}
[2025-09-03 10:14:57,845][__main__][INFO] - End of script

[2025-09-03 10:15:03,496][__main__][INFO] - =====Running train script=====
[2025-09-03 10:15:03,856][__main__][INFO] - Fetched main configs, save directory : ../outputs/bench_min0/seed_2/min/
[2025-09-03 10:15:03,856][__main__][INFO] - Model PatchTST, normalization mIN, criterion NMSE, kwargs {'last': False, 'latent': False, 'init_beta': False, 'fixed_beta': False, 'init_alpha': False, 'fixed_alpha': False, 'use_gamma': False, 'inverse_gamma': False}
[2025-09-03 10:15:03,908][__main__][INFO] - Fetched dataloaders
[2025-09-03 10:15:03,908][__main__][INFO] - Batches: 1 * (X=[70, 1, 100], c=[70, 1, 120], y=[70, 1, 20])
[2025-09-03 10:15:05,946][__main__][INFO] - batch_size=100, learning_rate=1e-05, steps per epoch=1, epochs=1000
[2025-09-03 10:15:05,946][__main__][INFO] - Starting training...
[2025-09-03 10:15:05,946][__main__][INFO] - Using device: cuda
[2025-09-03 10:15:05,946][__main__][INFO] - Training 1000 epochs of 1 batches (1000 steps): , eval_freq: 100, print_freq: 100
[2025-09-03 10:15:07,157][__main__][INFO] - Step 1 | valid1 MSE : 0.1127 | valid1 NMSE : 1.8270
[2025-09-03 10:15:08,759][__main__][INFO] - Step 100 | valid1 MSE : 0.0335 | valid1 NMSE : 0.5433
[2025-09-03 10:15:10,380][__main__][INFO] - Step 200 | valid1 MSE : 0.0078 | valid1 NMSE : 0.1265
[2025-09-03 10:15:11,986][__main__][INFO] - Step 300 | valid1 MSE : 0.0014 | valid1 NMSE : 0.0227
[2025-09-03 10:15:13,749][__main__][INFO] - Step 400 | valid1 MSE : 0.0006 | valid1 NMSE : 0.0090
[2025-09-03 10:15:15,342][__main__][INFO] - Step 500 | valid1 MSE : 0.0005 | valid1 NMSE : 0.0075
[2025-09-03 10:15:16,936][__main__][INFO] - Step 600 | valid1 MSE : 0.0004 | valid1 NMSE : 0.0070
[2025-09-03 10:15:18,706][__main__][INFO] - Step 700 | valid1 MSE : 0.0004 | valid1 NMSE : 0.0067
[2025-09-03 10:15:20,311][__main__][INFO] - Step 800 | valid1 MSE : 0.0004 | valid1 NMSE : 0.0065
[2025-09-03 10:15:21,919][__main__][INFO] - Step 900 | valid1 MSE : 0.0004 | valid1 NMSE : 0.0063
[2025-09-03 10:15:23,527][__main__][INFO] - Step 1000 | valid1 MSE : 0.0004 | valid1 NMSE : 0.0061
[2025-09-03 10:15:23,527][__main__][INFO] - Training done in 0.293 min
[2025-09-03 10:15:23,527][__main__][INFO] - Average time per step: 0.018 s
[2025-09-03 10:15:23,555][__main__][INFO] - End of training
[2025-09-03 10:15:24,348][__main__][INFO] - Plotted losses
[2025-09-03 10:15:24,348][__main__][INFO] - Computing test metrics
[2025-09-03 10:15:24,452][__main__][INFO] - Evaluation done in 0.002 min
[2025-09-03 10:15:24,586][__main__][INFO] - Evaluation done in 0.001 min
[2025-09-03 10:15:24,767][__main__][INFO] - Saved plots
[2025-09-03 10:15:24,767][__main__][INFO] - Final modulations: {'beta': np.float32(0.0022795831), 'alpha': np.float32(0.99672425)}
[2025-09-03 10:15:24,767][__main__][INFO] - End of script

[2025-09-03 10:15:30,119][__main__][INFO] - =====Running train script=====
[2025-09-03 10:15:30,380][__main__][INFO] - Fetched main configs, save directory : ../outputs/bench_min0/seed_2/min_init/
[2025-09-03 10:15:30,381][__main__][INFO] - Model PatchTST, normalization mIN, criterion NMSE, kwargs {'last': False, 'latent': False, 'init_beta': True, 'fixed_beta': False, 'init_alpha': True, 'fixed_alpha': False, 'use_gamma': False, 'inverse_gamma': False}
[2025-09-03 10:15:30,432][__main__][INFO] - Fetched dataloaders
[2025-09-03 10:15:30,432][__main__][INFO] - Batches: 1 * (X=[70, 1, 100], c=[70, 1, 120], y=[70, 1, 20])
[2025-09-03 10:15:32,791][__main__][INFO] - batch_size=100, learning_rate=1e-05, steps per epoch=1, epochs=1000
[2025-09-03 10:15:32,791][__main__][INFO] - Starting training...
[2025-09-03 10:15:32,791][__main__][INFO] - Using device: cuda
[2025-09-03 10:15:32,791][__main__][INFO] - Training 1000 epochs of 1 batches (1000 steps): , eval_freq: 100, print_freq: 100
[2025-09-03 10:15:34,003][__main__][INFO] - Step 1 | valid1 MSE : 0.0700 | valid1 NMSE : 1.1350
[2025-09-03 10:15:35,609][__main__][INFO] - Step 100 | valid1 MSE : 0.0103 | valid1 NMSE : 0.1684
[2025-09-03 10:15:37,228][__main__][INFO] - Step 200 | valid1 MSE : 0.0010 | valid1 NMSE : 0.0158
[2025-09-03 10:15:38,840][__main__][INFO] - Step 300 | valid1 MSE : 0.0005 | valid1 NMSE : 0.0074
[2025-09-03 10:15:40,616][__main__][INFO] - Step 400 | valid1 MSE : 0.0004 | valid1 NMSE : 0.0069
[2025-09-03 10:15:42,228][__main__][INFO] - Step 500 | valid1 MSE : 0.0004 | valid1 NMSE : 0.0065
[2025-09-03 10:15:43,835][__main__][INFO] - Step 600 | valid1 MSE : 0.0004 | valid1 NMSE : 0.0063
[2025-09-03 10:15:45,590][__main__][INFO] - Step 700 | valid1 MSE : 0.0004 | valid1 NMSE : 0.0060
[2025-09-03 10:15:47,187][__main__][INFO] - Step 800 | valid1 MSE : 0.0004 | valid1 NMSE : 0.0058
[2025-09-03 10:15:48,791][__main__][INFO] - Step 900 | valid1 MSE : 0.0003 | valid1 NMSE : 0.0056
[2025-09-03 10:15:50,395][__main__][INFO] - Step 1000 | valid1 MSE : 0.0003 | valid1 NMSE : 0.0055
[2025-09-03 10:15:50,396][__main__][INFO] - Training done in 0.293 min
[2025-09-03 10:15:50,396][__main__][INFO] - Average time per step: 0.018 s
[2025-09-03 10:15:50,421][__main__][INFO] - End of training
[2025-09-03 10:15:51,265][__main__][INFO] - Plotted losses
[2025-09-03 10:15:51,266][__main__][INFO] - Computing test metrics
[2025-09-03 10:15:51,371][__main__][INFO] - Evaluation done in 0.002 min
[2025-09-03 10:15:51,513][__main__][INFO] - Evaluation done in 0.001 min
[2025-09-03 10:15:51,701][__main__][INFO] - Saved plots
[2025-09-03 10:15:51,701][__main__][INFO] - Final modulations: {'beta': np.float32(0.78210914), 'alpha': np.float32(0.9420286)}
[2025-09-03 10:15:51,701][__main__][INFO] - End of script

[2025-09-03 10:15:57,829][__main__][INFO] - =====Running train script=====
[2025-09-03 10:15:58,128][__main__][INFO] - Fetched main configs, save directory : ../outputs/bench_min0/seed_2/min_fixed/
[2025-09-03 10:15:58,128][__main__][INFO] - Model PatchTST, normalization mIN, criterion NMSE, kwargs {'last': False, 'latent': False, 'init_beta': True, 'fixed_beta': True, 'init_alpha': True, 'fixed_alpha': True, 'use_gamma': False, 'inverse_gamma': False}
[2025-09-03 10:15:58,186][__main__][INFO] - Fetched dataloaders
[2025-09-03 10:15:58,186][__main__][INFO] - Batches: 1 * (X=[70, 1, 100], c=[70, 1, 120], y=[70, 1, 20])
[2025-09-03 10:16:00,336][__main__][INFO] - batch_size=100, learning_rate=1e-05, steps per epoch=1, epochs=1000
[2025-09-03 10:16:00,336][__main__][INFO] - Starting training...
[2025-09-03 10:16:00,336][__main__][INFO] - Using device: cuda
[2025-09-03 10:16:00,336][__main__][INFO] - Training 1000 epochs of 1 batches (1000 steps): , eval_freq: 100, print_freq: 100
[2025-09-03 10:16:01,566][__main__][INFO] - Step 1 | valid1 MSE : 0.0700 | valid1 NMSE : 1.1350
[2025-09-03 10:16:03,181][__main__][INFO] - Step 100 | valid1 MSE : 0.0103 | valid1 NMSE : 0.1683
[2025-09-03 10:16:04,819][__main__][INFO] - Step 200 | valid1 MSE : 0.0010 | valid1 NMSE : 0.0158
[2025-09-03 10:16:06,448][__main__][INFO] - Step 300 | valid1 MSE : 0.0005 | valid1 NMSE : 0.0074
[2025-09-03 10:16:08,226][__main__][INFO] - Step 400 | valid1 MSE : 0.0004 | valid1 NMSE : 0.0069
[2025-09-03 10:16:09,821][__main__][INFO] - Step 500 | valid1 MSE : 0.0004 | valid1 NMSE : 0.0065
[2025-09-03 10:16:11,418][__main__][INFO] - Step 600 | valid1 MSE : 0.0004 | valid1 NMSE : 0.0063
[2025-09-03 10:16:13,169][__main__][INFO] - Step 700 | valid1 MSE : 0.0004 | valid1 NMSE : 0.0060
[2025-09-03 10:16:14,769][__main__][INFO] - Step 800 | valid1 MSE : 0.0004 | valid1 NMSE : 0.0058
[2025-09-03 10:16:16,388][__main__][INFO] - Step 900 | valid1 MSE : 0.0003 | valid1 NMSE : 0.0057
[2025-09-03 10:16:18,009][__main__][INFO] - Step 1000 | valid1 MSE : 0.0003 | valid1 NMSE : 0.0055
[2025-09-03 10:16:18,009][__main__][INFO] - Training done in 0.295 min
[2025-09-03 10:16:18,009][__main__][INFO] - Average time per step: 0.018 s
[2025-09-03 10:16:18,038][__main__][INFO] - End of training
[2025-09-03 10:16:18,836][__main__][INFO] - Plotted losses
[2025-09-03 10:16:18,836][__main__][INFO] - Computing test metrics
[2025-09-03 10:16:18,938][__main__][INFO] - Evaluation done in 0.002 min
[2025-09-03 10:16:19,074][__main__][INFO] - Evaluation done in 0.001 min
[2025-09-03 10:16:19,260][__main__][INFO] - Saved plots
[2025-09-03 10:16:19,261][__main__][INFO] - Final modulations: {'beta': np.float32(0.7807108), 'alpha': np.float32(0.94816554)}
[2025-09-03 10:16:19,261][__main__][INFO] - End of script

[2025-09-03 10:16:25,041][__main__][INFO] - =====Running train script=====
[2025-09-03 10:16:25,315][__main__][INFO] - Fetched main configs, save directory : ../outputs/bench_min0/seed_2/min+revin/
[2025-09-03 10:16:25,315][__main__][INFO] - Model PatchTST, normalization mIN, criterion NMSE, kwargs {'last': False, 'latent': False, 'init_beta': False, 'fixed_beta': False, 'init_alpha': False, 'fixed_alpha': False, 'use_gamma': True, 'inverse_gamma': True}
[2025-09-03 10:16:25,367][__main__][INFO] - Fetched dataloaders
[2025-09-03 10:16:25,367][__main__][INFO] - Batches: 1 * (X=[70, 1, 100], c=[70, 1, 120], y=[70, 1, 20])
[2025-09-03 10:16:27,334][__main__][INFO] - batch_size=100, learning_rate=1e-05, steps per epoch=1, epochs=1000
[2025-09-03 10:16:27,334][__main__][INFO] - Starting training...
[2025-09-03 10:16:27,334][__main__][INFO] - Using device: cuda
[2025-09-03 10:16:27,335][__main__][INFO] - Training 1000 epochs of 1 batches (1000 steps): , eval_freq: 100, print_freq: 100
[2025-09-03 10:16:28,537][__main__][INFO] - Step 1 | valid1 MSE : 0.1127 | valid1 NMSE : 1.8270
[2025-09-03 10:16:30,163][__main__][INFO] - Step 100 | valid1 MSE : 0.0334 | valid1 NMSE : 0.5425
[2025-09-03 10:16:31,802][__main__][INFO] - Step 200 | valid1 MSE : 0.0077 | valid1 NMSE : 0.1257
[2025-09-03 10:16:33,437][__main__][INFO] - Step 300 | valid1 MSE : 0.0014 | valid1 NMSE : 0.0225
[2025-09-03 10:16:35,218][__main__][INFO] - Step 400 | valid1 MSE : 0.0006 | valid1 NMSE : 0.0090
[2025-09-03 10:16:36,842][__main__][INFO] - Step 500 | valid1 MSE : 0.0005 | valid1 NMSE : 0.0075
[2025-09-03 10:16:38,458][__main__][INFO] - Step 600 | valid1 MSE : 0.0004 | valid1 NMSE : 0.0070
[2025-09-03 10:16:40,226][__main__][INFO] - Step 700 | valid1 MSE : 0.0004 | valid1 NMSE : 0.0067
[2025-09-03 10:16:41,845][__main__][INFO] - Step 800 | valid1 MSE : 0.0004 | valid1 NMSE : 0.0065
[2025-09-03 10:16:43,469][__main__][INFO] - Step 900 | valid1 MSE : 0.0004 | valid1 NMSE : 0.0062
[2025-09-03 10:16:45,095][__main__][INFO] - Step 1000 | valid1 MSE : 0.0004 | valid1 NMSE : 0.0061
[2025-09-03 10:16:45,095][__main__][INFO] - Training done in 0.296 min
[2025-09-03 10:16:45,095][__main__][INFO] - Average time per step: 0.018 s
[2025-09-03 10:16:45,121][__main__][INFO] - End of training
[2025-09-03 10:16:45,895][__main__][INFO] - Plotted losses
[2025-09-03 10:16:45,895][__main__][INFO] - Computing test metrics
[2025-09-03 10:16:46,001][__main__][INFO] - Evaluation done in 0.002 min
[2025-09-03 10:16:46,139][__main__][INFO] - Evaluation done in 0.001 min
[2025-09-03 10:16:46,322][__main__][INFO] - Saved plots
[2025-09-03 10:16:46,322][__main__][INFO] - Final modulations: {'beta': np.float32(0.002280884), 'alpha': np.float32(0.9967446)}
[2025-09-03 10:16:46,322][__main__][INFO] - End of script

[2025-09-03 10:16:51,795][__main__][INFO] - =====Running train script=====
[2025-09-03 10:16:52,103][__main__][INFO] - Fetched main configs, save directory : ../outputs/bench_min0/seed_2/min_init+revin/
[2025-09-03 10:16:52,103][__main__][INFO] - Model PatchTST, normalization mIN, criterion NMSE, kwargs {'last': False, 'latent': False, 'init_beta': True, 'fixed_beta': False, 'init_alpha': True, 'fixed_alpha': False, 'use_gamma': True, 'inverse_gamma': True}
[2025-09-03 10:16:52,156][__main__][INFO] - Fetched dataloaders
[2025-09-03 10:16:52,156][__main__][INFO] - Batches: 1 * (X=[70, 1, 100], c=[70, 1, 120], y=[70, 1, 20])
[2025-09-03 10:16:54,493][__main__][INFO] - batch_size=100, learning_rate=1e-05, steps per epoch=1, epochs=1000
[2025-09-03 10:16:54,493][__main__][INFO] - Starting training...
[2025-09-03 10:16:54,493][__main__][INFO] - Using device: cuda
[2025-09-03 10:16:54,493][__main__][INFO] - Training 1000 epochs of 1 batches (1000 steps): , eval_freq: 100, print_freq: 100
[2025-09-03 10:16:55,743][__main__][INFO] - Step 1 | valid1 MSE : 0.0700 | valid1 NMSE : 1.1350
