[2025-08-20 18:29:06,905][__main__][INFO] - =====Running main script=====
[2025-08-20 18:29:06,911][__main__][INFO] - Fetched main configs, save directory : ../outputs/bench_cte/repeat_2_removeFalse/
[2025-08-20 18:29:06,911][__main__][INFO] - Model repeat, normalization None, criterion MSE, kwargs {}
[2025-08-20 18:29:07,146][__main__][INFO] - Fetched dataloaders
[2025-08-20 18:29:07,147][__main__][INFO] - Training data shape : (224, 1, 13152)
[2025-08-20 18:29:07,147][__main__][INFO] - Batch sizes : X=torch.Size([28, 1, 336]), y=torch.Size([28, 1, 48])
[2025-08-20 18:29:07,376][__main__][INFO] - No training needed
[2025-08-20 18:29:07,376][__main__][INFO] - Computing test metrics
[2025-08-20 18:29:26,046][__main__][INFO] - Evaluation done in 0.311 min
[2025-08-20 18:29:56,189][__main__][INFO] - Evaluation done in 0.122 min
[2025-08-20 18:30:12,284][__main__][INFO] - Saved plots
[2025-08-20 18:30:12,285][__main__][INFO] - End of script

[2025-08-20 18:30:18,019][__main__][INFO] - =====Running main script=====
[2025-08-20 18:30:18,024][__main__][INFO] - Fetched main configs, save directory : ../outputs/bench_cte/PatchTST_MSE_2_removeFalse/
[2025-08-20 18:30:18,024][__main__][INFO] - Model PatchTST, normalization instance, criterion MSE, kwargs {}
[2025-08-20 18:30:18,171][__main__][INFO] - Fetched dataloaders
[2025-08-20 18:30:18,175][__main__][INFO] - Training data shape : (224, 1, 13152)
[2025-08-20 18:30:18,175][__main__][INFO] - Batch sizes : X=torch.Size([223, 1, 336]), y=torch.Size([223, 1, 48])
[2025-08-20 18:30:20,590][__main__][INFO] - batch_size=223, learning_rate=1e-05, steps per epoch=2, epochs=300
[2025-08-20 18:30:20,590][__main__][INFO] - Starting training...
[2025-08-20 18:30:20,590][__main__][INFO] - Using device: cuda
[2025-08-20 18:30:20,591][__main__][INFO] - Training 300 epochs of 2 batches (600 steps): , eval_freq: 100, print_freq: 100
[2025-08-20 18:32:28,199][__main__][INFO] - Step 1 | valid1 MSE : 81376912.0000 | valid1 MAE : 1096.7970 | valid1 NMSE : 7489042432.0000 | valid1 RMSE : 7489042432.0000
[2025-08-20 18:34:38,564][__main__][INFO] - Step 100 | valid1 MSE : 30335572.0000 | valid1 MAE : 670.5770 | valid1 NMSE : 7489042432.0000 | valid1 RMSE : 7489042432.0000
[2025-08-20 18:36:52,926][__main__][INFO] - Step 200 | valid1 MSE : 17239024.0000 | valid1 MAE : 527.5080 | valid1 NMSE : 7489042432.0000 | valid1 RMSE : 7489042432.0000
[2025-08-20 18:39:04,895][__main__][INFO] - Step 300 | valid1 MSE : 16129481.0000 | valid1 MAE : 511.6716 | valid1 NMSE : 7489042432.0000 | valid1 RMSE : 7489042432.0000
[2025-08-20 18:41:14,996][__main__][INFO] - Step 400 | valid1 MSE : 14450148.0000 | valid1 MAE : 488.9498 | valid1 NMSE : 7489042432.0000 | valid1 RMSE : 7489042432.0000
[2025-08-20 18:43:23,526][__main__][INFO] - Step 500 | valid1 MSE : 13352893.0000 | valid1 MAE : 473.3412 | valid1 NMSE : 7489042432.0000 | valid1 RMSE : 7489042432.0000
[2025-08-20 18:45:34,637][__main__][INFO] - Step 600 | valid1 MSE : 15940998.0000 | valid1 MAE : 504.2699 | valid1 NMSE : 7489042432.0000 | valid1 RMSE : 7489042432.0000
[2025-08-20 18:45:34,638][__main__][INFO] - Training done in 15.234 min
[2025-08-20 18:45:34,638][__main__][INFO] - Average time per step: 1.523 s
[2025-08-20 18:45:34,662][__main__][INFO] - End of training
[2025-08-20 18:45:35,536][__main__][INFO] - Plotted losses
[2025-08-20 18:45:35,537][__main__][INFO] - Computing test metrics
[2025-08-20 18:45:50,748][__main__][INFO] - Evaluation done in 0.254 min
[2025-08-20 18:46:20,449][__main__][INFO] - Evaluation done in 0.119 min
[2025-08-20 18:46:36,688][__main__][INFO] - Saved plots
[2025-08-20 18:46:36,688][__main__][INFO] - End of script

[2025-08-20 18:46:42,162][__main__][INFO] - =====Running main script=====
[2025-08-20 18:46:42,168][__main__][INFO] - Fetched main configs, save directory : ../outputs/bench_cte/PatchTST_NMSE_2_removeFalse/
[2025-08-20 18:46:42,168][__main__][INFO] - Model PatchTST, normalization instance, criterion NMSE, kwargs {}
[2025-08-20 18:46:42,314][__main__][INFO] - Fetched dataloaders
[2025-08-20 18:46:42,318][__main__][INFO] - Training data shape : (224, 1, 13152)
[2025-08-20 18:46:42,318][__main__][INFO] - Batch sizes : X=torch.Size([223, 1, 336]), y=torch.Size([223, 1, 48])
[2025-08-20 18:46:44,394][__main__][INFO] - batch_size=223, learning_rate=1e-05, steps per epoch=2, epochs=300
[2025-08-20 18:46:44,394][__main__][INFO] - Starting training...
[2025-08-20 18:46:44,394][__main__][INFO] - Using device: cuda
[2025-08-20 18:46:44,394][__main__][INFO] - Training 300 epochs of 2 batches (600 steps): , eval_freq: 100, print_freq: 100
