[2025-07-29 13:01:06,504][__main__][INFO] - =====Running main script=====
[2025-07-29 13:01:06,511][__main__][INFO] - Fetched main configs, save directory : ../outputs/benchmark_min_1/seed_1/PatchTST_instance/
[2025-07-29 13:01:06,511][__main__][INFO] - Model PatchTST, normalization instance, criterion MSE, kwargs {}
[2025-07-29 13:01:06,558][__main__][INFO] - Fetched dataloaders
[2025-07-29 13:01:06,561][__main__][INFO] - Training data shape : (70, 1, 1000)
[2025-07-29 13:01:06,561][__main__][INFO] - Batch sizes : X=torch.Size([10, 1, 100]), y=torch.Size([10, 1, 20])
[2025-07-29 13:01:09,440][__main__][INFO] - batch_size=10, learning_rate=0.0001, steps per epoch=7, epochs=300
[2025-07-29 13:01:09,441][__main__][INFO] - Starting training...
[2025-07-29 13:01:09,441][__main__][INFO] - Using device: cuda
[2025-07-29 13:01:09,441][__main__][INFO] - Training 300 epochs of 7 batches (2100 steps): , eval_freq: 100, print_freq: 100
[2025-07-29 13:01:17,669][__main__][INFO] - Step 1 | valid1 MSE : 0.9710 | valid1 MAE : 0.8074 | valid1 NMSE : 0.3097 | valid1 RMSE : 0.0017
[2025-07-29 13:01:26,637][__main__][INFO] - Step 100 | valid1 MSE : 0.0205 | valid1 MAE : 0.1147 | valid1 NMSE : 0.0066 | valid1 RMSE : 0.0000
[2025-07-29 13:01:35,390][__main__][INFO] - Step 200 | valid1 MSE : 0.0170 | valid1 MAE : 0.1050 | valid1 NMSE : 0.0055 | valid1 RMSE : 0.0000
[2025-07-29 13:01:44,135][__main__][INFO] - Step 300 | valid1 MSE : 0.0127 | valid1 MAE : 0.0895 | valid1 NMSE : 0.0040 | valid1 RMSE : 0.0000
[2025-07-29 13:01:52,926][__main__][INFO] - Step 400 | valid1 MSE : 0.0138 | valid1 MAE : 0.0940 | valid1 NMSE : 0.0044 | valid1 RMSE : 0.0000
[2025-07-29 13:02:01,687][__main__][INFO] - Step 500 | valid1 MSE : 0.0088 | valid1 MAE : 0.0757 | valid1 NMSE : 0.0028 | valid1 RMSE : 0.0000
[2025-07-29 13:02:10,613][__main__][INFO] - Step 600 | valid1 MSE : 0.0120 | valid1 MAE : 0.0876 | valid1 NMSE : 0.0039 | valid1 RMSE : 0.0000
[2025-07-29 13:02:19,313][__main__][INFO] - Step 700 | valid1 MSE : 0.0107 | valid1 MAE : 0.0809 | valid1 NMSE : 0.0034 | valid1 RMSE : 0.0000
[2025-07-29 13:02:28,032][__main__][INFO] - Step 800 | valid1 MSE : 0.0113 | valid1 MAE : 0.0859 | valid1 NMSE : 0.0036 | valid1 RMSE : 0.0000
[2025-07-29 13:02:36,799][__main__][INFO] - Step 900 | valid1 MSE : 0.0103 | valid1 MAE : 0.0817 | valid1 NMSE : 0.0033 | valid1 RMSE : 0.0000
[2025-07-29 13:02:45,517][__main__][INFO] - Step 1000 | valid1 MSE : 0.0103 | valid1 MAE : 0.0820 | valid1 NMSE : 0.0033 | valid1 RMSE : 0.0000
[2025-07-29 13:02:54,350][__main__][INFO] - Step 1100 | valid1 MSE : 0.0090 | valid1 MAE : 0.0763 | valid1 NMSE : 0.0029 | valid1 RMSE : 0.0000
[2025-07-29 13:03:03,046][__main__][INFO] - Step 1200 | valid1 MSE : 0.0095 | valid1 MAE : 0.0761 | valid1 NMSE : 0.0030 | valid1 RMSE : 0.0000
[2025-07-29 13:03:11,812][__main__][INFO] - Step 1300 | valid1 MSE : 0.0101 | valid1 MAE : 0.0790 | valid1 NMSE : 0.0032 | valid1 RMSE : 0.0000
[2025-07-29 13:03:20,579][__main__][INFO] - Step 1400 | valid1 MSE : 0.0085 | valid1 MAE : 0.0740 | valid1 NMSE : 0.0027 | valid1 RMSE : 0.0000
[2025-07-29 13:03:29,308][__main__][INFO] - Step 1500 | valid1 MSE : 0.0087 | valid1 MAE : 0.0745 | valid1 NMSE : 0.0028 | valid1 RMSE : 0.0000
[2025-07-29 13:03:38,193][__main__][INFO] - Step 1600 | valid1 MSE : 0.0069 | valid1 MAE : 0.0659 | valid1 NMSE : 0.0022 | valid1 RMSE : 0.0000
[2025-07-29 13:03:46,807][__main__][INFO] - Step 1700 | valid1 MSE : 0.0091 | valid1 MAE : 0.0750 | valid1 NMSE : 0.0029 | valid1 RMSE : 0.0000
[2025-07-29 13:03:55,535][__main__][INFO] - Step 1800 | valid1 MSE : 0.0082 | valid1 MAE : 0.0721 | valid1 NMSE : 0.0026 | valid1 RMSE : 0.0000
[2025-07-29 13:04:04,325][__main__][INFO] - Step 1900 | valid1 MSE : 0.0075 | valid1 MAE : 0.0696 | valid1 NMSE : 0.0024 | valid1 RMSE : 0.0000
[2025-07-29 13:04:13,065][__main__][INFO] - Step 2000 | valid1 MSE : 0.0084 | valid1 MAE : 0.0719 | valid1 NMSE : 0.0027 | valid1 RMSE : 0.0000
[2025-07-29 13:04:21,918][__main__][INFO] - Step 2100 | valid1 MSE : 0.0079 | valid1 MAE : 0.0717 | valid1 NMSE : 0.0025 | valid1 RMSE : 0.0000
[2025-07-29 13:04:21,919][__main__][INFO] - Training done in 3.208 min
[2025-07-29 13:04:21,919][__main__][INFO] - Average time per step: 0.092 s
[2025-07-29 13:04:21,948][__main__][INFO] - End of training
[2025-07-29 13:04:23,153][__main__][INFO] - Plotted losses
[2025-07-29 13:04:23,154][__main__][INFO] - Computing test metrics
[2025-07-29 13:04:24,215][__main__][INFO] - Evaluation done in 0.018 min
[2025-07-29 13:04:25,680][__main__][INFO] - Evaluation done in 0.018 min
[2025-07-29 13:04:29,191][__main__][INFO] - Saved plots
[2025-07-29 13:04:29,192][__main__][INFO] - End of script

[2025-07-29 13:04:37,356][__main__][INFO] - =====Running main script=====
[2025-07-29 13:04:37,363][__main__][INFO] - Fetched main configs, save directory : ../outputs/benchmark_min_1/seed_1/PatchTST_revin/
[2025-07-29 13:04:37,363][__main__][INFO] - Model PatchTST, normalization revin, criterion MSE, kwargs {}
[2025-07-29 13:04:37,410][__main__][INFO] - Fetched dataloaders
[2025-07-29 13:04:37,414][__main__][INFO] - Training data shape : (70, 1, 1000)
[2025-07-29 13:04:37,414][__main__][INFO] - Batch sizes : X=torch.Size([10, 1, 100]), y=torch.Size([10, 1, 20])
[2025-07-29 13:04:40,530][__main__][INFO] - batch_size=10, learning_rate=0.0001, steps per epoch=7, epochs=300
[2025-07-29 13:04:40,530][__main__][INFO] - Starting training...
[2025-07-29 13:04:40,531][__main__][INFO] - Using device: cuda
[2025-07-29 13:04:40,531][__main__][INFO] - Training 300 epochs of 7 batches (2100 steps): , eval_freq: 100, print_freq: 100
[2025-07-29 13:04:48,880][__main__][INFO] - Step 1 | valid1 MSE : 0.9708 | valid1 MAE : 0.8073 | valid1 NMSE : 0.3096 | valid1 RMSE : 0.0017
[2025-07-29 13:04:57,872][__main__][INFO] - Step 100 | valid1 MSE : 0.0201 | valid1 MAE : 0.1137 | valid1 NMSE : 0.0064 | valid1 RMSE : 0.0000
[2025-07-29 13:05:06,694][__main__][INFO] - Step 200 | valid1 MSE : 0.0166 | valid1 MAE : 0.1038 | valid1 NMSE : 0.0053 | valid1 RMSE : 0.0000
[2025-07-29 13:05:15,500][__main__][INFO] - Step 300 | valid1 MSE : 0.0124 | valid1 MAE : 0.0885 | valid1 NMSE : 0.0040 | valid1 RMSE : 0.0000
[2025-07-29 13:05:24,301][__main__][INFO] - Step 400 | valid1 MSE : 0.0132 | valid1 MAE : 0.0919 | valid1 NMSE : 0.0042 | valid1 RMSE : 0.0000
[2025-07-29 13:05:33,133][__main__][INFO] - Step 500 | valid1 MSE : 0.0085 | valid1 MAE : 0.0741 | valid1 NMSE : 0.0027 | valid1 RMSE : 0.0000
[2025-07-29 13:05:42,129][__main__][INFO] - Step 600 | valid1 MSE : 0.0112 | valid1 MAE : 0.0845 | valid1 NMSE : 0.0036 | valid1 RMSE : 0.0000
[2025-07-29 13:05:50,937][__main__][INFO] - Step 700 | valid1 MSE : 0.0100 | valid1 MAE : 0.0785 | valid1 NMSE : 0.0032 | valid1 RMSE : 0.0000
[2025-07-29 13:05:59,770][__main__][INFO] - Step 800 | valid1 MSE : 0.0106 | valid1 MAE : 0.0830 | valid1 NMSE : 0.0034 | valid1 RMSE : 0.0000
[2025-07-29 13:06:08,655][__main__][INFO] - Step 900 | valid1 MSE : 0.0099 | valid1 MAE : 0.0802 | valid1 NMSE : 0.0032 | valid1 RMSE : 0.0000
[2025-07-29 13:06:17,528][__main__][INFO] - Step 1000 | valid1 MSE : 0.0094 | valid1 MAE : 0.0782 | valid1 NMSE : 0.0030 | valid1 RMSE : 0.0000
[2025-07-29 13:06:26,500][__main__][INFO] - Step 1100 | valid1 MSE : 0.0083 | valid1 MAE : 0.0730 | valid1 NMSE : 0.0027 | valid1 RMSE : 0.0000
[2025-07-29 13:06:35,263][__main__][INFO] - Step 1200 | valid1 MSE : 0.0086 | valid1 MAE : 0.0726 | valid1 NMSE : 0.0028 | valid1 RMSE : 0.0000
[2025-07-29 13:06:44,122][__main__][INFO] - Step 1300 | valid1 MSE : 0.0095 | valid1 MAE : 0.0766 | valid1 NMSE : 0.0030 | valid1 RMSE : 0.0000
[2025-07-29 13:06:52,976][__main__][INFO] - Step 1400 | valid1 MSE : 0.0082 | valid1 MAE : 0.0725 | valid1 NMSE : 0.0026 | valid1 RMSE : 0.0000
[2025-07-29 13:07:01,790][__main__][INFO] - Step 1500 | valid1 MSE : 0.0078 | valid1 MAE : 0.0705 | valid1 NMSE : 0.0025 | valid1 RMSE : 0.0000
[2025-07-29 13:07:10,782][__main__][INFO] - Step 1600 | valid1 MSE : 0.0065 | valid1 MAE : 0.0644 | valid1 NMSE : 0.0021 | valid1 RMSE : 0.0000
[2025-07-29 13:07:19,603][__main__][INFO] - Step 1700 | valid1 MSE : 0.0083 | valid1 MAE : 0.0712 | valid1 NMSE : 0.0026 | valid1 RMSE : 0.0000
[2025-07-29 13:07:28,451][__main__][INFO] - Step 1800 | valid1 MSE : 0.0075 | valid1 MAE : 0.0688 | valid1 NMSE : 0.0024 | valid1 RMSE : 0.0000
[2025-07-29 13:07:37,309][__main__][INFO] - Step 1900 | valid1 MSE : 0.0068 | valid1 MAE : 0.0661 | valid1 NMSE : 0.0022 | valid1 RMSE : 0.0000
[2025-07-29 13:07:46,174][__main__][INFO] - Step 2000 | valid1 MSE : 0.0076 | valid1 MAE : 0.0684 | valid1 NMSE : 0.0024 | valid1 RMSE : 0.0000
[2025-07-29 13:07:55,181][__main__][INFO] - Step 2100 | valid1 MSE : 0.0074 | valid1 MAE : 0.0690 | valid1 NMSE : 0.0024 | valid1 RMSE : 0.0000
[2025-07-29 13:07:55,181][__main__][INFO] - Training done in 3.244 min
[2025-07-29 13:07:55,182][__main__][INFO] - Average time per step: 0.093 s
[2025-07-29 13:07:55,216][__main__][INFO] - End of training
[2025-07-29 13:07:56,681][__main__][INFO] - Plotted losses
[2025-07-29 13:07:56,681][__main__][INFO] - Computing test metrics
[2025-07-29 13:07:57,741][__main__][INFO] - Evaluation done in 0.018 min
[2025-07-29 13:07:59,147][__main__][INFO] - Evaluation done in 0.017 min
[2025-07-29 13:08:02,653][__main__][INFO] - Saved plots
[2025-07-29 13:08:02,653][__main__][INFO] - Final mIN parameters: {'beta': np.float32(-0.014845341), 'alpha': np.float32(1.0868365)}
[2025-07-29 13:08:02,653][__main__][INFO] - End of script

[2025-07-29 13:08:11,012][__main__][INFO] - =====Running main script=====
[2025-07-29 13:08:11,019][__main__][INFO] - Fetched main configs, save directory : ../outputs/benchmark_min_1/seed_1/default/
[2025-07-29 13:08:11,020][__main__][INFO] - Model PatchTST, normalization mIN, criterion MSE, kwargs {}
[2025-07-29 13:08:11,070][__main__][INFO] - Fetched dataloaders
[2025-07-29 13:08:11,073][__main__][INFO] - Training data shape : (70, 1, 1000)
[2025-07-29 13:08:11,073][__main__][INFO] - Batch sizes : X=torch.Size([10, 1, 100]), y=torch.Size([10, 1, 20])
[2025-07-29 13:08:14,311][__main__][INFO] - batch_size=10, learning_rate=0.0001, steps per epoch=7, epochs=300
[2025-07-29 13:08:14,311][__main__][INFO] - Starting training...
[2025-07-29 13:08:14,311][__main__][INFO] - Using device: cuda
[2025-07-29 13:08:14,311][__main__][INFO] - Training 300 epochs of 7 batches (2100 steps): , eval_freq: 100, print_freq: 100
[2025-07-29 13:08:22,563][__main__][INFO] - Step 1 | valid1 MSE : 0.9708 | valid1 MAE : 0.8073 | valid1 NMSE : 0.3096 | valid1 RMSE : 0.0017
[2025-07-29 13:08:31,417][__main__][INFO] - Step 100 | valid1 MSE : 0.0201 | valid1 MAE : 0.1135 | valid1 NMSE : 0.0064 | valid1 RMSE : 0.0000
[2025-07-29 13:08:40,276][__main__][INFO] - Step 200 | valid1 MSE : 0.0167 | valid1 MAE : 0.1039 | valid1 NMSE : 0.0053 | valid1 RMSE : 0.0000
[2025-07-29 13:08:48,966][__main__][INFO] - Step 300 | valid1 MSE : 0.0124 | valid1 MAE : 0.0887 | valid1 NMSE : 0.0040 | valid1 RMSE : 0.0000
[2025-07-29 13:08:57,883][__main__][INFO] - Step 400 | valid1 MSE : 0.0132 | valid1 MAE : 0.0919 | valid1 NMSE : 0.0042 | valid1 RMSE : 0.0000
[2025-07-29 13:09:06,679][__main__][INFO] - Step 500 | valid1 MSE : 0.0085 | valid1 MAE : 0.0740 | valid1 NMSE : 0.0027 | valid1 RMSE : 0.0000
[2025-07-29 13:09:15,483][__main__][INFO] - Step 600 | valid1 MSE : 0.0112 | valid1 MAE : 0.0845 | valid1 NMSE : 0.0036 | valid1 RMSE : 0.0000
[2025-07-29 13:09:24,248][__main__][INFO] - Step 700 | valid1 MSE : 0.0099 | valid1 MAE : 0.0784 | valid1 NMSE : 0.0032 | valid1 RMSE : 0.0000
[2025-07-29 13:09:33,101][__main__][INFO] - Step 800 | valid1 MSE : 0.0106 | valid1 MAE : 0.0830 | valid1 NMSE : 0.0034 | valid1 RMSE : 0.0000
[2025-07-29 13:09:41,766][__main__][INFO] - Step 900 | valid1 MSE : 0.0100 | valid1 MAE : 0.0803 | valid1 NMSE : 0.0032 | valid1 RMSE : 0.0000
[2025-07-29 13:09:50,449][__main__][INFO] - Step 1000 | valid1 MSE : 0.0093 | valid1 MAE : 0.0779 | valid1 NMSE : 0.0030 | valid1 RMSE : 0.0000
[2025-07-29 13:09:59,149][__main__][INFO] - Step 1100 | valid1 MSE : 0.0082 | valid1 MAE : 0.0727 | valid1 NMSE : 0.0026 | valid1 RMSE : 0.0000
[2025-07-29 13:10:07,823][__main__][INFO] - Step 1200 | valid1 MSE : 0.0086 | valid1 MAE : 0.0723 | valid1 NMSE : 0.0027 | valid1 RMSE : 0.0000
[2025-07-29 13:10:16,620][__main__][INFO] - Step 1300 | valid1 MSE : 0.0094 | valid1 MAE : 0.0763 | valid1 NMSE : 0.0030 | valid1 RMSE : 0.0000
[2025-07-29 13:10:25,372][__main__][INFO] - Step 1400 | valid1 MSE : 0.0082 | valid1 MAE : 0.0727 | valid1 NMSE : 0.0026 | valid1 RMSE : 0.0000
[2025-07-29 13:10:34,116][__main__][INFO] - Step 1500 | valid1 MSE : 0.0077 | valid1 MAE : 0.0701 | valid1 NMSE : 0.0024 | valid1 RMSE : 0.0000
[2025-07-29 13:10:42,817][__main__][INFO] - Step 1600 | valid1 MSE : 0.0065 | valid1 MAE : 0.0644 | valid1 NMSE : 0.0021 | valid1 RMSE : 0.0000
[2025-07-29 13:10:51,543][__main__][INFO] - Step 1700 | valid1 MSE : 0.0081 | valid1 MAE : 0.0707 | valid1 NMSE : 0.0026 | valid1 RMSE : 0.0000
[2025-07-29 13:11:00,423][__main__][INFO] - Step 1800 | valid1 MSE : 0.0073 | valid1 MAE : 0.0683 | valid1 NMSE : 0.0023 | valid1 RMSE : 0.0000
[2025-07-29 13:11:09,094][__main__][INFO] - Step 1900 | valid1 MSE : 0.0068 | valid1 MAE : 0.0658 | valid1 NMSE : 0.0022 | valid1 RMSE : 0.0000
[2025-07-29 13:11:17,762][__main__][INFO] - Step 2000 | valid1 MSE : 0.0075 | valid1 MAE : 0.0677 | valid1 NMSE : 0.0024 | valid1 RMSE : 0.0000
[2025-07-29 13:11:26,488][__main__][INFO] - Step 2100 | valid1 MSE : 0.0073 | valid1 MAE : 0.0684 | valid1 NMSE : 0.0023 | valid1 RMSE : 0.0000
[2025-07-29 13:11:26,489][__main__][INFO] - Training done in 3.203 min
[2025-07-29 13:11:26,489][__main__][INFO] - Average time per step: 0.092 s
[2025-07-29 13:11:26,516][__main__][INFO] - End of training
[2025-07-29 13:11:27,910][__main__][INFO] - Plotted losses
[2025-07-29 13:11:27,910][__main__][INFO] - Computing test metrics
[2025-07-29 13:11:29,106][__main__][INFO] - Evaluation done in 0.020 min
[2025-07-29 13:11:30,335][__main__][INFO] - Evaluation done in 0.014 min
[2025-07-29 13:11:33,796][__main__][INFO] - Saved plots
[2025-07-29 13:11:33,796][__main__][INFO] - Final mIN parameters: {'beta': np.float32(0.012371768), 'alpha': np.float32(0.9054651)}
[2025-07-29 13:11:33,796][__main__][INFO] - End of script

[2025-07-29 13:11:41,980][__main__][INFO] - =====Running main script=====
[2025-07-29 13:11:41,987][__main__][INFO] - Fetched main configs, save directory : ../outputs/benchmark_min_1/seed_1/init/
[2025-07-29 13:11:41,987][__main__][INFO] - Model PatchTST, normalization mIN, criterion MSE, kwargs {}
[2025-07-29 13:11:42,034][__main__][INFO] - Fetched dataloaders
[2025-07-29 13:11:42,038][__main__][INFO] - Training data shape : (70, 1, 1000)
[2025-07-29 13:11:42,038][__main__][INFO] - Batch sizes : X=torch.Size([10, 1, 100]), y=torch.Size([10, 1, 20])
[2025-07-29 13:11:45,237][__main__][INFO] - batch_size=10, learning_rate=0.0001, steps per epoch=7, epochs=300
[2025-07-29 13:11:45,237][__main__][INFO] - Starting training...
[2025-07-29 13:11:45,237][__main__][INFO] - Using device: cuda
[2025-07-29 13:11:45,237][__main__][INFO] - Training 300 epochs of 7 batches (2100 steps): , eval_freq: 100, print_freq: 100
[2025-07-29 13:11:53,619][__main__][INFO] - Step 1 | valid1 MSE : 1.2283 | valid1 MAE : 0.8889 | valid1 NMSE : 0.3926 | valid1 RMSE : 0.0022
[2025-07-29 13:12:02,563][__main__][INFO] - Step 100 | valid1 MSE : 0.0169 | valid1 MAE : 0.1043 | valid1 NMSE : 0.0054 | valid1 RMSE : 0.0000
[2025-07-29 13:12:11,256][__main__][INFO] - Step 200 | valid1 MSE : 0.0175 | valid1 MAE : 0.1062 | valid1 NMSE : 0.0056 | valid1 RMSE : 0.0000
[2025-07-29 13:12:20,173][__main__][INFO] - Step 300 | valid1 MSE : 0.0115 | valid1 MAE : 0.0846 | valid1 NMSE : 0.0037 | valid1 RMSE : 0.0000
[2025-07-29 13:12:28,990][__main__][INFO] - Step 400 | valid1 MSE : 0.0127 | valid1 MAE : 0.0912 | valid1 NMSE : 0.0041 | valid1 RMSE : 0.0000
[2025-07-29 13:12:38,056][__main__][INFO] - Step 500 | valid1 MSE : 0.0080 | valid1 MAE : 0.0719 | valid1 NMSE : 0.0025 | valid1 RMSE : 0.0000
[2025-07-29 13:12:46,903][__main__][INFO] - Step 600 | valid1 MSE : 0.0105 | valid1 MAE : 0.0813 | valid1 NMSE : 0.0034 | valid1 RMSE : 0.0000
[2025-07-29 13:12:55,686][__main__][INFO] - Step 700 | valid1 MSE : 0.0099 | valid1 MAE : 0.0797 | valid1 NMSE : 0.0032 | valid1 RMSE : 0.0000
[2025-07-29 13:13:04,530][__main__][INFO] - Step 800 | valid1 MSE : 0.0107 | valid1 MAE : 0.0834 | valid1 NMSE : 0.0034 | valid1 RMSE : 0.0000
[2025-07-29 13:13:13,670][__main__][INFO] - Step 900 | valid1 MSE : 0.0096 | valid1 MAE : 0.0784 | valid1 NMSE : 0.0031 | valid1 RMSE : 0.0000
[2025-07-29 13:13:22,557][__main__][INFO] - Step 1000 | valid1 MSE : 0.0096 | valid1 MAE : 0.0792 | valid1 NMSE : 0.0031 | valid1 RMSE : 0.0000
[2025-07-29 13:13:31,411][__main__][INFO] - Step 1100 | valid1 MSE : 0.0081 | valid1 MAE : 0.0732 | valid1 NMSE : 0.0026 | valid1 RMSE : 0.0000
[2025-07-29 13:13:40,224][__main__][INFO] - Step 1200 | valid1 MSE : 0.0087 | valid1 MAE : 0.0731 | valid1 NMSE : 0.0028 | valid1 RMSE : 0.0000
[2025-07-29 13:13:49,066][__main__][INFO] - Step 1300 | valid1 MSE : 0.0093 | valid1 MAE : 0.0780 | valid1 NMSE : 0.0030 | valid1 RMSE : 0.0000
[2025-07-29 13:13:58,040][__main__][INFO] - Step 1400 | valid1 MSE : 0.0090 | valid1 MAE : 0.0761 | valid1 NMSE : 0.0029 | valid1 RMSE : 0.0000
[2025-07-29 13:14:06,899][__main__][INFO] - Step 1500 | valid1 MSE : 0.0077 | valid1 MAE : 0.0696 | valid1 NMSE : 0.0025 | valid1 RMSE : 0.0000
[2025-07-29 13:14:15,704][__main__][INFO] - Step 1600 | valid1 MSE : 0.0064 | valid1 MAE : 0.0641 | valid1 NMSE : 0.0020 | valid1 RMSE : 0.0000
[2025-07-29 13:14:24,557][__main__][INFO] - Step 1700 | valid1 MSE : 0.0075 | valid1 MAE : 0.0682 | valid1 NMSE : 0.0024 | valid1 RMSE : 0.0000
[2025-07-29 13:14:33,353][__main__][INFO] - Step 1800 | valid1 MSE : 0.0077 | valid1 MAE : 0.0715 | valid1 NMSE : 0.0025 | valid1 RMSE : 0.0000
[2025-07-29 13:14:42,339][__main__][INFO] - Step 1900 | valid1 MSE : 0.0066 | valid1 MAE : 0.0650 | valid1 NMSE : 0.0021 | valid1 RMSE : 0.0000
[2025-07-29 13:14:51,210][__main__][INFO] - Step 2000 | valid1 MSE : 0.0068 | valid1 MAE : 0.0642 | valid1 NMSE : 0.0022 | valid1 RMSE : 0.0000
[2025-07-29 13:14:59,989][__main__][INFO] - Step 2100 | valid1 MSE : 0.0088 | valid1 MAE : 0.0751 | valid1 NMSE : 0.0028 | valid1 RMSE : 0.0000
[2025-07-29 13:14:59,989][__main__][INFO] - Training done in 3.246 min
[2025-07-29 13:14:59,989][__main__][INFO] - Average time per step: 0.093 s
[2025-07-29 13:15:00,072][__main__][INFO] - End of training
[2025-07-29 13:15:01,517][__main__][INFO] - Plotted losses
[2025-07-29 13:15:01,518][__main__][INFO] - Computing test metrics
[2025-07-29 13:15:02,755][__main__][INFO] - Evaluation done in 0.021 min
[2025-07-29 13:15:03,997][__main__][INFO] - Evaluation done in 0.014 min
[2025-07-29 13:15:07,449][__main__][INFO] - Saved plots
[2025-07-29 13:15:07,450][__main__][INFO] - Final mIN parameters: {'beta': np.float32(0.7571167), 'alpha': np.float32(0.8542455)}
[2025-07-29 13:15:07,450][__main__][INFO] - End of script

[2025-07-29 13:15:15,687][__main__][INFO] - =====Running main script=====
[2025-07-29 13:15:15,694][__main__][INFO] - Fetched main configs, save directory : ../outputs/benchmark_min_1/seed_1/fixed/
[2025-07-29 13:15:15,694][__main__][INFO] - Model PatchTST, normalization mIN, criterion MSE, kwargs {}
[2025-07-29 13:15:15,741][__main__][INFO] - Fetched dataloaders
[2025-07-29 13:15:15,744][__main__][INFO] - Training data shape : (70, 1, 1000)
[2025-07-29 13:15:15,745][__main__][INFO] - Batch sizes : X=torch.Size([10, 1, 100]), y=torch.Size([10, 1, 20])
[2025-07-29 13:15:19,136][__main__][INFO] - batch_size=10, learning_rate=0.0001, steps per epoch=7, epochs=300
[2025-07-29 13:15:19,136][__main__][INFO] - Starting training...
[2025-07-29 13:15:19,136][__main__][INFO] - Using device: cuda
[2025-07-29 13:15:19,136][__main__][INFO] - Training 300 epochs of 7 batches (2100 steps): , eval_freq: 100, print_freq: 100
[2025-07-29 13:15:27,378][__main__][INFO] - Step 1 | valid1 MSE : 1.2286 | valid1 MAE : 0.8890 | valid1 NMSE : 0.3927 | valid1 RMSE : 0.0022
[2025-07-29 13:15:36,198][__main__][INFO] - Step 100 | valid1 MSE : 0.0173 | valid1 MAE : 0.1053 | valid1 NMSE : 0.0055 | valid1 RMSE : 0.0000
[2025-07-29 13:15:44,793][__main__][INFO] - Step 200 | valid1 MSE : 0.0178 | valid1 MAE : 0.1072 | valid1 NMSE : 0.0057 | valid1 RMSE : 0.0000
[2025-07-29 13:15:53,672][__main__][INFO] - Step 300 | valid1 MSE : 0.0119 | valid1 MAE : 0.0859 | valid1 NMSE : 0.0038 | valid1 RMSE : 0.0000
[2025-07-29 13:16:02,418][__main__][INFO] - Step 400 | valid1 MSE : 0.0133 | valid1 MAE : 0.0935 | valid1 NMSE : 0.0043 | valid1 RMSE : 0.0000
[2025-07-29 13:16:11,234][__main__][INFO] - Step 500 | valid1 MSE : 0.0083 | valid1 MAE : 0.0734 | valid1 NMSE : 0.0026 | valid1 RMSE : 0.0000
[2025-07-29 13:16:19,924][__main__][INFO] - Step 600 | valid1 MSE : 0.0112 | valid1 MAE : 0.0839 | valid1 NMSE : 0.0036 | valid1 RMSE : 0.0000
[2025-07-29 13:16:28,624][__main__][INFO] - Step 700 | valid1 MSE : 0.0109 | valid1 MAE : 0.0833 | valid1 NMSE : 0.0035 | valid1 RMSE : 0.0000
[2025-07-29 13:16:37,300][__main__][INFO] - Step 800 | valid1 MSE : 0.0116 | valid1 MAE : 0.0870 | valid1 NMSE : 0.0037 | valid1 RMSE : 0.0000
