[2025-07-30 10:18:21,064][__main__][INFO] - =====Running main script=====
[2025-07-30 10:18:21,070][__main__][INFO] - Fetched main configs, save directory : ../outputs/benchmark_tst/repeat/
[2025-07-30 10:18:21,070][__main__][INFO] - Model repeat, normalization instance, criterion MSE, kwargs {}
[2025-07-30 10:18:21,323][__main__][INFO] - Fetched dataloaders
[2025-07-30 10:18:21,330][__main__][INFO] - Training data shape : (223, 1, 13152)
[2025-07-30 10:18:21,330][__main__][INFO] - Batch sizes : X=torch.Size([28, 1, 336]), y=torch.Size([28, 1, 48])
[2025-07-30 10:18:21,563][__main__][INFO] - No training needed
[2025-07-30 10:18:21,563][__main__][INFO] - Computing test metrics
[2025-07-30 10:19:09,399][__main__][INFO] - Evaluation done in 0.797 min
[2025-07-30 10:20:14,868][__main__][INFO] - Evaluation done in 0.285 min
[2025-07-30 10:20:45,652][__main__][INFO] - Saved plots
[2025-07-30 10:20:45,653][__main__][INFO] - End of script

[2025-07-30 10:20:54,128][__main__][INFO] - =====Running main script=====
[2025-07-30 10:20:54,135][__main__][INFO] - Fetched main configs, save directory : ../outputs/benchmark_tst/PatchTST/
[2025-07-30 10:20:54,135][__main__][INFO] - Model PatchTST, normalization None, criterion MSE, kwargs {}
[2025-07-30 10:20:54,386][__main__][INFO] - Fetched dataloaders
[2025-07-30 10:20:54,394][__main__][INFO] - Training data shape : (223, 1, 13152)
[2025-07-30 10:20:54,394][__main__][INFO] - Batch sizes : X=torch.Size([28, 1, 336]), y=torch.Size([28, 1, 48])
[2025-07-30 10:20:57,499][__main__][INFO] - batch_size=28, learning_rate=0.0001, steps per epoch=8, epochs=200
[2025-07-30 10:20:57,499][__main__][INFO] - Starting training...
[2025-07-30 10:20:57,499][__main__][INFO] - Using device: cuda
[2025-07-30 10:20:57,499][__main__][INFO] - Training 200 epochs of 8 batches (1600 steps): , eval_freq: 100, print_freq: 100
[2025-07-30 10:27:29,725][__main__][INFO] - Step 1 | valid1 MSE : 293542144.0000 | valid1 MAE : 3042.1287 | valid1 NMSE : 27.0565 | valid1 RMSE : 1.2034
[2025-07-30 10:34:03,656][__main__][INFO] - Step 100 | valid1 MSE : 292822976.0000 | valid1 MAE : 3043.2600 | valid1 NMSE : 28.0453 | valid1 RMSE : 1.2395
[2025-07-30 10:40:41,713][__main__][INFO] - Step 200 | valid1 MSE : 292389952.0000 | valid1 MAE : 3042.8066 | valid1 NMSE : 28.5378 | valid1 RMSE : 1.2579
[2025-07-30 10:47:25,468][__main__][INFO] - Step 300 | valid1 MSE : 291283104.0000 | valid1 MAE : 3040.1057 | valid1 NMSE : 29.3359 | valid1 RMSE : 1.2883
[2025-07-30 10:53:50,670][__main__][INFO] - Step 400 | valid1 MSE : 290864448.0000 | valid1 MAE : 3038.9692 | valid1 NMSE : 29.6585 | valid1 RMSE : 1.3008
[2025-07-30 11:00:23,092][__main__][INFO] - Step 500 | valid1 MSE : 287452192.0000 | valid1 MAE : 3027.4719 | valid1 NMSE : 31.7318 | valid1 RMSE : 1.3836
[2025-07-30 11:06:49,128][__main__][INFO] - Step 600 | valid1 MSE : 289142752.0000 | valid1 MAE : 3034.6785 | valid1 NMSE : 31.1019 | valid1 RMSE : 1.3581
[2025-07-30 11:13:13,321][__main__][INFO] - Step 700 | valid1 MSE : 288036960.0000 | valid1 MAE : 3026.2954 | valid1 NMSE : 30.6217 | valid1 RMSE : 1.3390
[2025-07-30 11:19:28,810][__main__][INFO] - Step 800 | valid1 MSE : 285666400.0000 | valid1 MAE : 3024.2947 | valid1 NMSE : 33.3971 | valid1 RMSE : 1.4530
[2025-07-30 11:25:42,869][__main__][INFO] - Step 900 | valid1 MSE : 286520928.0000 | valid1 MAE : 3024.7734 | valid1 NMSE : 32.5459 | valid1 RMSE : 1.4176
[2025-07-30 11:31:48,767][__main__][INFO] - Step 1000 | valid1 MSE : 283306432.0000 | valid1 MAE : 3012.3027 | valid1 NMSE : 33.9517 | valid1 RMSE : 1.4770
[2025-07-30 11:37:51,137][__main__][INFO] - Step 1100 | valid1 MSE : 281555840.0000 | valid1 MAE : 3000.0508 | valid1 NMSE : 33.9864 | valid1 RMSE : 1.4795
[2025-07-30 11:44:03,500][__main__][INFO] - Step 1200 | valid1 MSE : 280418976.0000 | valid1 MAE : 2998.6382 | valid1 NMSE : 35.4764 | valid1 RMSE : 1.5439
[2025-07-30 11:50:06,204][__main__][INFO] - Step 1300 | valid1 MSE : 282960864.0000 | valid1 MAE : 2993.0483 | valid1 NMSE : 30.4871 | valid1 RMSE : 1.3347
[2025-07-30 11:56:11,194][__main__][INFO] - Step 1400 | valid1 MSE : 280001472.0000 | valid1 MAE : 2988.0117 | valid1 NMSE : 32.9510 | valid1 RMSE : 1.4368
[2025-07-30 12:02:15,390][__main__][INFO] - Step 1500 | valid1 MSE : 275953952.0000 | valid1 MAE : 2974.0112 | valid1 NMSE : 36.0588 | valid1 RMSE : 1.5721
[2025-07-30 12:08:14,716][__main__][INFO] - Step 1600 | valid1 MSE : 277522080.0000 | valid1 MAE : 2967.8635 | valid1 NMSE : 32.2210 | valid1 RMSE : 1.4080
[2025-07-30 12:08:14,718][__main__][INFO] - Training done in 107.287 min
[2025-07-30 12:08:14,718][__main__][INFO] - Average time per step: 4.023 s
[2025-07-30 12:08:14,757][__main__][INFO] - End of training
[2025-07-30 12:08:16,115][__main__][INFO] - Plotted losses
[2025-07-30 12:08:16,115][__main__][INFO] - Computing test metrics
[2025-07-30 12:09:08,080][__main__][INFO] - Evaluation done in 0.866 min
[2025-07-30 12:10:19,559][__main__][INFO] - Evaluation done in 0.389 min
[2025-07-30 12:10:49,415][__main__][INFO] - Saved plots
[2025-07-30 12:10:49,416][__main__][INFO] - End of script

[2025-07-30 12:10:58,073][__main__][INFO] - =====Running main script=====
[2025-07-30 12:10:58,079][__main__][INFO] - Fetched main configs, save directory : ../outputs/benchmark_tst/PatchTST_instance/
[2025-07-30 12:10:58,079][__main__][INFO] - Model PatchTST, normalization instance, criterion MSE, kwargs {}
[2025-07-30 12:10:58,319][__main__][INFO] - Fetched dataloaders
[2025-07-30 12:10:58,326][__main__][INFO] - Training data shape : (223, 1, 13152)
[2025-07-30 12:10:58,326][__main__][INFO] - Batch sizes : X=torch.Size([28, 1, 336]), y=torch.Size([28, 1, 48])
[2025-07-30 12:11:01,430][__main__][INFO] - batch_size=28, learning_rate=0.0001, steps per epoch=8, epochs=200
[2025-07-30 12:11:01,430][__main__][INFO] - Starting training...
[2025-07-30 12:11:01,431][__main__][INFO] - Using device: cuda
[2025-07-30 12:11:01,431][__main__][INFO] - Training 200 epochs of 8 batches (1600 steps): , eval_freq: 100, print_freq: 100
[2025-07-30 12:16:59,369][__main__][INFO] - Step 1 | valid1 MSE : 61343532.0000 | valid1 MAE : 993.6092 | valid1 NMSE : 1.1748 | valid1 RMSE : 0.2084
[2025-07-30 12:22:56,808][__main__][INFO] - Step 100 | valid1 MSE : 17997456.0000 | valid1 MAE : 545.3483 | valid1 NMSE : 0.6893 | valid1 RMSE : 0.1434
[2025-07-30 12:28:58,437][__main__][INFO] - Step 200 | valid1 MSE : 28286046.0000 | valid1 MAE : 649.4940 | valid1 NMSE : 0.7755 | valid1 RMSE : 0.1557
[2025-07-30 12:34:57,381][__main__][INFO] - Step 300 | valid1 MSE : 31955844.0000 | valid1 MAE : 694.3278 | valid1 NMSE : 0.8309 | valid1 RMSE : 0.1649
[2025-07-30 12:40:57,270][__main__][INFO] - Step 400 | valid1 MSE : 22940148.0000 | valid1 MAE : 595.3445 | valid1 NMSE : 0.7355 | valid1 RMSE : 0.1515
[2025-07-30 12:46:51,442][__main__][INFO] - Step 500 | valid1 MSE : 18882920.0000 | valid1 MAE : 550.4133 | valid1 NMSE : 0.7049 | valid1 RMSE : 0.1479
[2025-07-30 12:52:53,953][__main__][INFO] - Step 600 | valid1 MSE : 20691466.0000 | valid1 MAE : 561.4852 | valid1 NMSE : 0.7099 | valid1 RMSE : 0.1482
[2025-07-30 12:58:54,150][__main__][INFO] - Step 700 | valid1 MSE : 17120484.0000 | valid1 MAE : 527.9257 | valid1 NMSE : 0.6733 | valid1 RMSE : 0.1424
[2025-07-30 13:04:55,673][__main__][INFO] - Step 800 | valid1 MSE : 23969120.0000 | valid1 MAE : 600.3693 | valid1 NMSE : 0.7965 | valid1 RMSE : 0.1585
[2025-07-30 13:11:00,462][__main__][INFO] - Step 900 | valid1 MSE : 18710852.0000 | valid1 MAE : 566.5816 | valid1 NMSE : 0.7924 | valid1 RMSE : 0.1576
[2025-07-30 13:17:03,379][__main__][INFO] - Step 1000 | valid1 MSE : 17034220.0000 | valid1 MAE : 536.8593 | valid1 NMSE : 0.7628 | valid1 RMSE : 0.1545
[2025-07-30 13:23:08,271][__main__][INFO] - Step 1100 | valid1 MSE : 17710364.0000 | valid1 MAE : 548.6682 | valid1 NMSE : 0.7716 | valid1 RMSE : 0.1559
[2025-07-30 13:29:05,944][__main__][INFO] - Step 1200 | valid1 MSE : 12595248.0000 | valid1 MAE : 475.4043 | valid1 NMSE : 0.6679 | valid1 RMSE : 0.1415
[2025-07-30 13:35:06,980][__main__][INFO] - Step 1300 | valid1 MSE : 16802396.0000 | valid1 MAE : 545.7950 | valid1 NMSE : 0.8038 | valid1 RMSE : 0.1634
[2025-07-30 13:41:11,814][__main__][INFO] - Step 1400 | valid1 MSE : 10392096.0000 | valid1 MAE : 446.1235 | valid1 NMSE : 0.6640 | valid1 RMSE : 0.1473
[2025-07-30 13:47:15,940][__main__][INFO] - Step 1500 | valid1 MSE : 14681121.0000 | valid1 MAE : 519.2623 | valid1 NMSE : 0.8026 | valid1 RMSE : 0.1569
[2025-07-30 13:53:17,978][__main__][INFO] - Step 1600 | valid1 MSE : 17594508.0000 | valid1 MAE : 552.0771 | valid1 NMSE : 0.7947 | valid1 RMSE : 0.1587
[2025-07-30 13:53:17,980][__main__][INFO] - Training done in 102.276 min
[2025-07-30 13:53:17,980][__main__][INFO] - Average time per step: 3.835 s
[2025-07-30 13:53:18,017][__main__][INFO] - End of training
[2025-07-30 13:53:19,399][__main__][INFO] - Plotted losses
[2025-07-30 13:53:19,399][__main__][INFO] - Computing test metrics
[2025-07-30 13:54:11,423][__main__][INFO] - Evaluation done in 0.867 min
[2025-07-30 13:55:26,455][__main__][INFO] - Evaluation done in 0.418 min
[2025-07-30 13:55:56,243][__main__][INFO] - Saved plots
[2025-07-30 13:55:56,243][__main__][INFO] - End of script

[2025-07-30 13:56:04,784][__main__][INFO] - =====Running main script=====
[2025-07-30 13:56:04,791][__main__][INFO] - Fetched main configs, save directory : ../outputs/benchmark_tst/PatchTST_revin/
[2025-07-30 13:56:04,791][__main__][INFO] - Model PatchTST, normalization revin, criterion MSE, kwargs {}
[2025-07-30 13:56:05,020][__main__][INFO] - Fetched dataloaders
[2025-07-30 13:56:05,025][__main__][INFO] - Training data shape : (223, 1, 13152)
[2025-07-30 13:56:05,025][__main__][INFO] - Batch sizes : X=torch.Size([28, 1, 336]), y=torch.Size([28, 1, 48])
[2025-07-30 13:56:08,324][__main__][INFO] - batch_size=28, learning_rate=0.0001, steps per epoch=8, epochs=200
[2025-07-30 13:56:08,325][__main__][INFO] - Starting training...
[2025-07-30 13:56:08,325][__main__][INFO] - Using device: cuda
[2025-07-30 13:56:08,325][__main__][INFO] - Training 200 epochs of 8 batches (1600 steps): , eval_freq: 100, print_freq: 100
[2025-07-30 14:02:13,059][__main__][INFO] - Step 1 | valid1 MSE : 61342548.0000 | valid1 MAE : 993.6180 | valid1 NMSE : 1.1748 | valid1 RMSE : 0.2084
[2025-07-30 14:08:13,522][__main__][INFO] - Step 100 | valid1 MSE : 18002886.0000 | valid1 MAE : 545.3080 | valid1 NMSE : 0.6890 | valid1 RMSE : 0.1433
[2025-07-30 14:14:20,367][__main__][INFO] - Step 200 | valid1 MSE : 28095308.0000 | valid1 MAE : 647.4146 | valid1 NMSE : 0.7729 | valid1 RMSE : 0.1553
[2025-07-30 14:20:30,687][__main__][INFO] - Step 300 | valid1 MSE : 31645570.0000 | valid1 MAE : 691.0418 | valid1 NMSE : 0.8262 | valid1 RMSE : 0.1642
[2025-07-30 14:26:36,450][__main__][INFO] - Step 400 | valid1 MSE : 22673480.0000 | valid1 MAE : 592.0276 | valid1 NMSE : 0.7307 | valid1 RMSE : 0.1506
[2025-07-30 14:32:43,237][__main__][INFO] - Step 500 | valid1 MSE : 18601020.0000 | valid1 MAE : 546.6133 | valid1 NMSE : 0.6986 | valid1 RMSE : 0.1468
[2025-07-30 14:38:49,594][__main__][INFO] - Step 600 | valid1 MSE : 20233402.0000 | valid1 MAE : 556.0082 | valid1 NMSE : 0.7018 | valid1 RMSE : 0.1469
[2025-07-30 14:44:58,113][__main__][INFO] - Step 700 | valid1 MSE : 16796160.0000 | valid1 MAE : 523.2366 | valid1 NMSE : 0.6662 | valid1 RMSE : 0.1411
[2025-07-30 14:51:05,100][__main__][INFO] - Step 800 | valid1 MSE : 23368792.0000 | valid1 MAE : 593.2497 | valid1 NMSE : 0.7834 | valid1 RMSE : 0.1565
[2025-07-30 14:57:12,030][__main__][INFO] - Step 900 | valid1 MSE : 18213346.0000 | valid1 MAE : 559.4323 | valid1 NMSE : 0.7779 | valid1 RMSE : 0.1553
[2025-07-30 15:03:20,239][__main__][INFO] - Step 1000 | valid1 MSE : 16672616.0000 | valid1 MAE : 531.2737 | valid1 NMSE : 0.7517 | valid1 RMSE : 0.1525
[2025-07-30 15:09:18,316][__main__][INFO] - Step 1100 | valid1 MSE : 17198534.0000 | valid1 MAE : 541.0013 | valid1 NMSE : 0.7560 | valid1 RMSE : 0.1533
[2025-07-30 15:15:22,914][__main__][INFO] - Step 1200 | valid1 MSE : 12309209.0000 | valid1 MAE : 470.1393 | valid1 NMSE : 0.6573 | valid1 RMSE : 0.1396
[2025-07-30 15:21:25,319][__main__][INFO] - Step 1300 | valid1 MSE : 16417849.0000 | valid1 MAE : 539.4249 | valid1 NMSE : 0.7876 | valid1 RMSE : 0.1606
[2025-07-30 15:27:30,767][__main__][INFO] - Step 1400 | valid1 MSE : 10218536.0000 | valid1 MAE : 442.0496 | valid1 NMSE : 0.6533 | valid1 RMSE : 0.1450
[2025-07-30 15:33:37,075][__main__][INFO] - Step 1500 | valid1 MSE : 14326479.0000 | valid1 MAE : 511.9537 | valid1 NMSE : 0.7791 | valid1 RMSE : 0.1533
[2025-07-30 15:39:43,815][__main__][INFO] - Step 1600 | valid1 MSE : 17562634.0000 | valid1 MAE : 549.8557 | valid1 NMSE : 0.7818 | valid1 RMSE : 0.1565
[2025-07-30 15:39:43,819][__main__][INFO] - Training done in 103.592 min
[2025-07-30 15:39:43,820][__main__][INFO] - Average time per step: 3.885 s
[2025-07-30 15:39:43,869][__main__][INFO] - End of training
[2025-07-30 15:39:45,438][__main__][INFO] - Plotted losses
[2025-07-30 15:39:45,438][__main__][INFO] - Computing test metrics
[2025-07-30 15:40:37,683][__main__][INFO] - Evaluation done in 0.871 min
[2025-07-30 15:41:49,821][__main__][INFO] - Evaluation done in 0.413 min
[2025-07-30 15:42:19,292][__main__][INFO] - Saved plots
[2025-07-30 15:42:19,292][__main__][INFO] - Final mIN parameters: {'beta': np.float32(-0.0033277082), 'alpha': np.float32(1.0251477)}
[2025-07-30 15:42:19,292][__main__][INFO] - End of script

[2025-07-30 15:42:27,710][__main__][INFO] - =====Running main script=====
[2025-07-30 15:42:27,716][__main__][INFO] - Fetched main configs, save directory : ../outputs/benchmark_tst/PatchTST_NMSE/
[2025-07-30 15:42:27,716][__main__][INFO] - Model PatchTST, normalization None, criterion NMSE, kwargs {}
[2025-07-30 15:42:27,961][__main__][INFO] - Fetched dataloaders
