nohup: ignoring input
[2025-07-21 18:32:16,595][__main__][INFO] - =====Running main script=====
[2025-07-21 18:32:16,629][__main__][INFO] - Fetched main configs, save directory : ../outputs/benchmark_min_all/seed_1/cmin_default/
[2025-07-21 18:32:16,629][__main__][INFO] - Model PatchTST, normalization cmIN, criterion MSE, kwargs {}
[2025-07-21 18:32:16,739][__main__][INFO] - Fetched dataloaders
[2025-07-21 18:32:16,743][__main__][INFO] - Training data shape : ((140, 1, 1000), (140, 1, 1000))
[2025-07-21 18:32:16,743][__main__][INFO] - Batch sizes : X=torch.Size([10, 1, 100]), c=torch.Size([10, 1, 120]), y=torch.Size([10, 1, 20])
[2025-07-21 18:32:20,187][__main__][INFO] - batch_size=10, learning_rate=0.0001, steps per epoch=14, epochs=200
[2025-07-21 18:32:20,187][__main__][INFO] - Starting training...
[2025-07-21 18:32:20,187][__main__][INFO] - Using device: cuda
[2025-07-21 18:32:20,187][__main__][INFO] - Training 200 epochs of 14 batches (2800 steps): , eval_freq: 50, print_freq: 100
[2025-07-21 18:32:30,144][__main__][INFO] - Step 1 | valid1 MSE : 3949.1597 | valid1 MAE : 54.3271 | valid1 NMSE : 1261.6627 | valid1 RMSE : 0.9453
[2025-07-21 18:32:51,993][__main__][INFO] - Step 100 | valid1 MSE : 3336.3745 | valid1 MAE : 53.5919 | valid1 NMSE : 1065.9752 | valid1 RMSE : 1.2835
[2025-07-21 18:33:14,048][__main__][INFO] - Step 200 | valid1 MSE : 3035.3931 | valid1 MAE : 53.4556 | valid1 NMSE : 969.9091 | valid1 RMSE : 1.7169
[2025-07-21 18:33:35,970][__main__][INFO] - Step 300 | valid1 MSE : 2746.4871 | valid1 MAE : 51.9725 | valid1 NMSE : 877.6793 | valid1 RMSE : 2.0313
[2025-07-21 18:33:57,342][__main__][INFO] - Step 400 | valid1 MSE : 3029.2021 | valid1 MAE : 55.0020 | valid1 NMSE : 968.1077 | valid1 RMSE : 2.6981
[2025-07-21 18:34:18,121][__main__][INFO] - Step 500 | valid1 MSE : 2918.6660 | valid1 MAE : 54.0151 | valid1 NMSE : 932.7984 | valid1 RMSE : 2.6896
[2025-07-21 18:34:39,157][__main__][INFO] - Step 600 | valid1 MSE : 2583.4607 | valid1 MAE : 50.7777 | valid1 NMSE : 825.6465 | valid1 RMSE : 2.2670
[2025-07-21 18:35:00,405][__main__][INFO] - Step 700 | valid1 MSE : 2693.0049 | valid1 MAE : 51.6968 | valid1 NMSE : 860.6210 | valid1 RMSE : 2.1675
[2025-07-21 18:35:21,521][__main__][INFO] - Step 800 | valid1 MSE : 2346.0518 | valid1 MAE : 48.4288 | valid1 NMSE : 749.7980 | valid1 RMSE : 2.1946
[2025-07-21 18:35:42,880][__main__][INFO] - Step 900 | valid1 MSE : 2395.2222 | valid1 MAE : 48.9185 | valid1 NMSE : 765.5340 | valid1 RMSE : 2.3522
[2025-07-21 18:36:04,713][__main__][INFO] - Step 1000 | valid1 MSE : 2383.1235 | valid1 MAE : 48.7467 | valid1 NMSE : 761.6121 | valid1 RMSE : 2.0442
[2025-07-21 18:36:25,815][__main__][INFO] - Step 1100 | valid1 MSE : 2186.2998 | valid1 MAE : 46.6824 | valid1 NMSE : 698.7092 | valid1 RMSE : 1.8676
[2025-07-21 18:36:46,863][__main__][INFO] - Step 1200 | valid1 MSE : 2105.3577 | valid1 MAE : 45.8542 | valid1 NMSE : 672.8580 | valid1 RMSE : 1.8816
[2025-07-21 18:37:08,239][__main__][INFO] - Step 1300 | valid1 MSE : 1811.1292 | valid1 MAE : 42.5276 | valid1 NMSE : 578.8222 | valid1 RMSE : 1.6094
[2025-07-21 18:37:28,771][__main__][INFO] - Step 1400 | valid1 MSE : 1516.3878 | valid1 MAE : 38.4900 | valid1 NMSE : 484.5735 | valid1 RMSE : 1.0667
[2025-07-21 18:37:49,708][__main__][INFO] - Step 1500 | valid1 MSE : 1484.4955 | valid1 MAE : 38.5116 | valid1 NMSE : 474.4521 | valid1 RMSE : 1.4228
[2025-07-21 18:38:11,088][__main__][INFO] - Step 1600 | valid1 MSE : 1076.0233 | valid1 MAE : 32.6937 | valid1 NMSE : 343.8740 | valid1 RMSE : 0.8803
[2025-07-21 18:38:33,001][__main__][INFO] - Step 1700 | valid1 MSE : 956.3248 | valid1 MAE : 30.3504 | valid1 NMSE : 305.5915 | valid1 RMSE : 0.6179
[2025-07-21 18:38:54,133][__main__][INFO] - Step 1800 | valid1 MSE : 767.1169 | valid1 MAE : 27.1350 | valid1 NMSE : 245.1298 | valid1 RMSE : 0.4901
[2025-07-21 18:39:15,574][__main__][INFO] - Step 1900 | valid1 MSE : 727.2458 | valid1 MAE : 26.1891 | valid1 NMSE : 232.3800 | valid1 RMSE : 0.4167
[2025-07-21 18:39:36,126][__main__][INFO] - Step 2000 | valid1 MSE : 518.9361 | valid1 MAE : 22.5666 | valid1 NMSE : 165.8333 | valid1 RMSE : 0.3824
[2025-07-21 18:39:56,847][__main__][INFO] - Step 2100 | valid1 MSE : 464.3566 | valid1 MAE : 21.0725 | valid1 NMSE : 148.3823 | valid1 RMSE : 0.2885
[2025-07-21 18:40:17,201][__main__][INFO] - Step 2200 | valid1 MSE : 437.0290 | valid1 MAE : 20.5389 | valid1 NMSE : 139.6524 | valid1 RMSE : 0.2869
[2025-07-21 18:40:38,155][__main__][INFO] - Step 2300 | valid1 MSE : 225.7912 | valid1 MAE : 14.3563 | valid1 NMSE : 72.1461 | valid1 RMSE : 0.1156
[2025-07-21 18:40:58,502][__main__][INFO] - Step 2400 | valid1 MSE : 246.5654 | valid1 MAE : 15.2880 | valid1 NMSE : 78.7877 | valid1 RMSE : 0.1489
[2025-07-21 18:41:20,296][__main__][INFO] - Step 2500 | valid1 MSE : 204.6347 | valid1 MAE : 13.3406 | valid1 NMSE : 65.3823 | valid1 RMSE : 0.0840
[2025-07-21 18:41:40,796][__main__][INFO] - Step 2600 | valid1 MSE : 124.5585 | valid1 MAE : 10.7009 | valid1 NMSE : 39.8012 | valid1 RMSE : 0.0682
[2025-07-21 18:42:01,815][__main__][INFO] - Step 2700 | valid1 MSE : 153.1629 | valid1 MAE : 11.7295 | valid1 NMSE : 48.9390 | valid1 RMSE : 0.0729
[2025-07-21 18:42:22,569][__main__][INFO] - Step 2800 | valid1 MSE : 124.8561 | valid1 MAE : 10.4896 | valid1 NMSE : 39.8932 | valid1 RMSE : 0.0544
[2025-07-21 18:42:22,569][__main__][INFO] - Training done in 10.040 min
[2025-07-21 18:42:22,569][__main__][INFO] - Average time per step: 0.215 s
[2025-07-21 18:42:22,760][__main__][INFO] - End of training
[2025-07-21 18:42:24,928][__main__][INFO] - Plotted losses
[2025-07-21 18:42:24,929][__main__][INFO] - Computing test metrics
[2025-07-21 18:42:26,429][__main__][INFO] - Evaluation done in 0.025 min
[2025-07-21 18:42:27,973][__main__][INFO] - Evaluation done in 0.019 min
[2025-07-21 18:42:32,526][__main__][INFO] - Saved plots
[2025-07-21 18:42:32,527][__main__][INFO] - End of script

[2025-07-21 18:42:42,744][__main__][INFO] - =====Running main script=====
[2025-07-21 18:42:42,772][__main__][INFO] - Fetched main configs, save directory : ../outputs/benchmark_min_all/seed_1/cmin_init/
[2025-07-21 18:42:42,773][__main__][INFO] - Model PatchTST, normalization cmIN, criterion MSE, kwargs {}
[2025-07-21 18:42:42,844][__main__][INFO] - Fetched dataloaders
[2025-07-21 18:42:42,847][__main__][INFO] - Training data shape : ((140, 1, 1000), (140, 1, 1000))
[2025-07-21 18:42:42,847][__main__][INFO] - Batch sizes : X=torch.Size([10, 1, 100]), c=torch.Size([10, 1, 120]), y=torch.Size([10, 1, 20])
[2025-07-21 18:42:46,413][__main__][INFO] - batch_size=10, learning_rate=0.0001, steps per epoch=14, epochs=200
[2025-07-21 18:42:46,414][__main__][INFO] - Starting training...
[2025-07-21 18:42:46,414][__main__][INFO] - Using device: cuda
[2025-07-21 18:42:46,414][__main__][INFO] - Training 200 epochs of 14 batches (2800 steps): , eval_freq: 50, print_freq: 100
[2025-07-21 18:42:56,319][__main__][INFO] - Step 1 | valid1 MSE : 3949.1597 | valid1 MAE : 54.3271 | valid1 NMSE : 1261.6627 | valid1 RMSE : 0.9453
[2025-07-21 18:43:18,218][__main__][INFO] - Step 100 | valid1 MSE : 3336.3745 | valid1 MAE : 53.5919 | valid1 NMSE : 1065.9752 | valid1 RMSE : 1.2835
[2025-07-21 18:43:40,145][__main__][INFO] - Step 200 | valid1 MSE : 3035.3931 | valid1 MAE : 53.4556 | valid1 NMSE : 969.9091 | valid1 RMSE : 1.7169
[2025-07-21 18:44:02,299][__main__][INFO] - Step 300 | valid1 MSE : 2746.4871 | valid1 MAE : 51.9725 | valid1 NMSE : 877.6793 | valid1 RMSE : 2.0313
[2025-07-21 18:44:23,947][__main__][INFO] - Step 400 | valid1 MSE : 3029.2021 | valid1 MAE : 55.0020 | valid1 NMSE : 968.1077 | valid1 RMSE : 2.6981
[2025-07-21 18:44:44,885][__main__][INFO] - Step 500 | valid1 MSE : 2918.6660 | valid1 MAE : 54.0151 | valid1 NMSE : 932.7984 | valid1 RMSE : 2.6896
[2025-07-21 18:45:05,019][__main__][INFO] - Step 600 | valid1 MSE : 2583.4607 | valid1 MAE : 50.7777 | valid1 NMSE : 825.6465 | valid1 RMSE : 2.2670
[2025-07-21 18:45:25,244][__main__][INFO] - Step 700 | valid1 MSE : 2693.0049 | valid1 MAE : 51.6968 | valid1 NMSE : 860.6210 | valid1 RMSE : 2.1675
[2025-07-21 18:45:45,795][__main__][INFO] - Step 800 | valid1 MSE : 2346.0518 | valid1 MAE : 48.4288 | valid1 NMSE : 749.7980 | valid1 RMSE : 2.1946
[2025-07-21 18:46:06,587][__main__][INFO] - Step 900 | valid1 MSE : 2395.2222 | valid1 MAE : 48.9185 | valid1 NMSE : 765.5340 | valid1 RMSE : 2.3522
[2025-07-21 18:46:27,286][__main__][INFO] - Step 1000 | valid1 MSE : 2383.1235 | valid1 MAE : 48.7467 | valid1 NMSE : 761.6121 | valid1 RMSE : 2.0442
[2025-07-21 18:46:48,354][__main__][INFO] - Step 1100 | valid1 MSE : 2186.2998 | valid1 MAE : 46.6824 | valid1 NMSE : 698.7092 | valid1 RMSE : 1.8676
[2025-07-21 18:47:08,803][__main__][INFO] - Step 1200 | valid1 MSE : 2105.3577 | valid1 MAE : 45.8542 | valid1 NMSE : 672.8580 | valid1 RMSE : 1.8816
[2025-07-21 18:47:29,742][__main__][INFO] - Step 1300 | valid1 MSE : 1811.1292 | valid1 MAE : 42.5276 | valid1 NMSE : 578.8222 | valid1 RMSE : 1.6094
[2025-07-21 18:47:50,330][__main__][INFO] - Step 1400 | valid1 MSE : 1516.3878 | valid1 MAE : 38.4900 | valid1 NMSE : 484.5735 | valid1 RMSE : 1.0667
[2025-07-21 18:48:10,782][__main__][INFO] - Step 1500 | valid1 MSE : 1484.4955 | valid1 MAE : 38.5116 | valid1 NMSE : 474.4521 | valid1 RMSE : 1.4228
[2025-07-21 18:48:32,191][__main__][INFO] - Step 1600 | valid1 MSE : 1076.0233 | valid1 MAE : 32.6937 | valid1 NMSE : 343.8740 | valid1 RMSE : 0.8803
[2025-07-21 18:48:52,893][__main__][INFO] - Step 1700 | valid1 MSE : 956.3248 | valid1 MAE : 30.3504 | valid1 NMSE : 305.5915 | valid1 RMSE : 0.6179
[2025-07-21 18:49:14,405][__main__][INFO] - Step 1800 | valid1 MSE : 767.1169 | valid1 MAE : 27.1350 | valid1 NMSE : 245.1298 | valid1 RMSE : 0.4901
[2025-07-21 18:49:35,726][__main__][INFO] - Step 1900 | valid1 MSE : 727.2458 | valid1 MAE : 26.1891 | valid1 NMSE : 232.3800 | valid1 RMSE : 0.4167
[2025-07-21 18:49:56,224][__main__][INFO] - Step 2000 | valid1 MSE : 518.9361 | valid1 MAE : 22.5666 | valid1 NMSE : 165.8333 | valid1 RMSE : 0.3824
[2025-07-21 18:50:16,920][__main__][INFO] - Step 2100 | valid1 MSE : 464.3566 | valid1 MAE : 21.0725 | valid1 NMSE : 148.3823 | valid1 RMSE : 0.2885
[2025-07-21 18:50:37,447][__main__][INFO] - Step 2200 | valid1 MSE : 437.0290 | valid1 MAE : 20.5389 | valid1 NMSE : 139.6524 | valid1 RMSE : 0.2869
[2025-07-21 18:50:57,717][__main__][INFO] - Step 2300 | valid1 MSE : 225.7912 | valid1 MAE : 14.3563 | valid1 NMSE : 72.1461 | valid1 RMSE : 0.1156
[2025-07-21 18:51:18,131][__main__][INFO] - Step 2400 | valid1 MSE : 246.5654 | valid1 MAE : 15.2880 | valid1 NMSE : 78.7877 | valid1 RMSE : 0.1489
[2025-07-21 18:51:39,184][__main__][INFO] - Step 2500 | valid1 MSE : 204.6347 | valid1 MAE : 13.3406 | valid1 NMSE : 65.3823 | valid1 RMSE : 0.0840
[2025-07-21 18:52:00,476][__main__][INFO] - Step 2600 | valid1 MSE : 124.5585 | valid1 MAE : 10.7009 | valid1 NMSE : 39.8012 | valid1 RMSE : 0.0682
[2025-07-21 18:52:21,377][__main__][INFO] - Step 2700 | valid1 MSE : 153.1629 | valid1 MAE : 11.7295 | valid1 NMSE : 48.9390 | valid1 RMSE : 0.0729
[2025-07-21 18:52:42,017][__main__][INFO] - Step 2800 | valid1 MSE : 124.8561 | valid1 MAE : 10.4896 | valid1 NMSE : 39.8932 | valid1 RMSE : 0.0544
[2025-07-21 18:52:42,017][__main__][INFO] - Training done in 9.927 min
[2025-07-21 18:52:42,017][__main__][INFO] - Average time per step: 0.213 s
[2025-07-21 18:52:42,146][__main__][INFO] - End of training
[2025-07-21 18:52:43,964][__main__][INFO] - Plotted losses
[2025-07-21 18:52:43,964][__main__][INFO] - Computing test metrics
[2025-07-21 18:52:45,519][__main__][INFO] - Evaluation done in 0.026 min
[2025-07-21 18:52:47,056][__main__][INFO] - Evaluation done in 0.019 min
[2025-07-21 18:52:51,489][__main__][INFO] - Saved plots
[2025-07-21 18:52:51,489][__main__][INFO] - End of script

[2025-07-21 18:52:59,159][__main__][INFO] - =====Running main script=====
[2025-07-21 18:52:59,166][__main__][INFO] - Fetched main configs, save directory : ../outputs/benchmark_min_all/seed_1/cmin_fixed/
[2025-07-21 18:52:59,167][__main__][INFO] - Model PatchTST, normalization cmIN, criterion MSE, kwargs {}
[2025-07-21 18:52:59,228][__main__][INFO] - Fetched dataloaders
[2025-07-21 18:52:59,232][__main__][INFO] - Training data shape : ((140, 1, 1000), (140, 1, 1000))
[2025-07-21 18:52:59,232][__main__][INFO] - Batch sizes : X=torch.Size([10, 1, 100]), c=torch.Size([10, 1, 120]), y=torch.Size([10, 1, 20])
[2025-07-21 18:53:02,154][__main__][INFO] - batch_size=10, learning_rate=0.0001, steps per epoch=14, epochs=200
[2025-07-21 18:53:02,154][__main__][INFO] - Starting training...
[2025-07-21 18:53:02,154][__main__][INFO] - Using device: cuda
[2025-07-21 18:53:02,154][__main__][INFO] - Training 200 epochs of 14 batches (2800 steps): , eval_freq: 50, print_freq: 100
[2025-07-21 18:53:11,883][__main__][INFO] - Step 1 | valid1 MSE : 3949.1597 | valid1 MAE : 54.3271 | valid1 NMSE : 1261.6627 | valid1 RMSE : 0.9453
[2025-07-21 18:53:33,081][__main__][INFO] - Step 100 | valid1 MSE : 3336.3745 | valid1 MAE : 53.5919 | valid1 NMSE : 1065.9752 | valid1 RMSE : 1.2835
[2025-07-21 18:53:54,580][__main__][INFO] - Step 200 | valid1 MSE : 3035.3931 | valid1 MAE : 53.4556 | valid1 NMSE : 969.9091 | valid1 RMSE : 1.7169
[2025-07-21 18:54:16,962][__main__][INFO] - Step 300 | valid1 MSE : 2746.4871 | valid1 MAE : 51.9725 | valid1 NMSE : 877.6793 | valid1 RMSE : 2.0313
[2025-07-21 18:54:37,897][__main__][INFO] - Step 400 | valid1 MSE : 3029.2021 | valid1 MAE : 55.0020 | valid1 NMSE : 968.1077 | valid1 RMSE : 2.6981
[2025-07-21 18:54:59,499][__main__][INFO] - Step 500 | valid1 MSE : 2918.6660 | valid1 MAE : 54.0151 | valid1 NMSE : 932.7984 | valid1 RMSE : 2.6896
[2025-07-21 18:55:20,449][__main__][INFO] - Step 600 | valid1 MSE : 2583.4607 | valid1 MAE : 50.7777 | valid1 NMSE : 825.6465 | valid1 RMSE : 2.2670
[2025-07-21 18:55:41,283][__main__][INFO] - Step 700 | valid1 MSE : 2693.0049 | valid1 MAE : 51.6968 | valid1 NMSE : 860.6210 | valid1 RMSE : 2.1675
[2025-07-21 18:56:02,199][__main__][INFO] - Step 800 | valid1 MSE : 2346.0518 | valid1 MAE : 48.4288 | valid1 NMSE : 749.7980 | valid1 RMSE : 2.1946
[2025-07-21 18:56:22,953][__main__][INFO] - Step 900 | valid1 MSE : 2395.2222 | valid1 MAE : 48.9185 | valid1 NMSE : 765.5340 | valid1 RMSE : 2.3522
[2025-07-21 18:56:43,518][__main__][INFO] - Step 1000 | valid1 MSE : 2383.1235 | valid1 MAE : 48.7467 | valid1 NMSE : 761.6121 | valid1 RMSE : 2.0442
[2025-07-21 18:57:03,678][__main__][INFO] - Step 1100 | valid1 MSE : 2186.2998 | valid1 MAE : 46.6824 | valid1 NMSE : 698.7092 | valid1 RMSE : 1.8676
[2025-07-21 18:57:25,154][__main__][INFO] - Step 1200 | valid1 MSE : 2105.3577 | valid1 MAE : 45.8542 | valid1 NMSE : 672.8580 | valid1 RMSE : 1.8816
[2025-07-21 18:57:46,046][__main__][INFO] - Step 1300 | valid1 MSE : 1811.1292 | valid1 MAE : 42.5276 | valid1 NMSE : 578.8222 | valid1 RMSE : 1.6094
[2025-07-21 18:58:06,828][__main__][INFO] - Step 1400 | valid1 MSE : 1516.3878 | valid1 MAE : 38.4900 | valid1 NMSE : 484.5735 | valid1 RMSE : 1.0667
[2025-07-21 18:58:27,572][__main__][INFO] - Step 1500 | valid1 MSE : 1484.4955 | valid1 MAE : 38.5116 | valid1 NMSE : 474.4521 | valid1 RMSE : 1.4228
[2025-07-21 18:58:48,595][__main__][INFO] - Step 1600 | valid1 MSE : 1076.0233 | valid1 MAE : 32.6937 | valid1 NMSE : 343.8740 | valid1 RMSE : 0.8803
[2025-07-21 18:59:10,101][__main__][INFO] - Step 1700 | valid1 MSE : 956.3248 | valid1 MAE : 30.3504 | valid1 NMSE : 305.5915 | valid1 RMSE : 0.6179
[2025-07-21 18:59:31,961][__main__][INFO] - Step 1800 | valid1 MSE : 767.1169 | valid1 MAE : 27.1350 | valid1 NMSE : 245.1298 | valid1 RMSE : 0.4901
[2025-07-21 18:59:52,626][__main__][INFO] - Step 1900 | valid1 MSE : 727.2458 | valid1 MAE : 26.1891 | valid1 NMSE : 232.3800 | valid1 RMSE : 0.4167
[2025-07-21 19:00:14,360][__main__][INFO] - Step 2000 | valid1 MSE : 518.9361 | valid1 MAE : 22.5666 | valid1 NMSE : 165.8333 | valid1 RMSE : 0.3824
[2025-07-21 19:00:34,975][__main__][INFO] - Step 2100 | valid1 MSE : 464.3566 | valid1 MAE : 21.0725 | valid1 NMSE : 148.3823 | valid1 RMSE : 0.2885
[2025-07-21 19:00:55,582][__main__][INFO] - Step 2200 | valid1 MSE : 437.0290 | valid1 MAE : 20.5389 | valid1 NMSE : 139.6524 | valid1 RMSE : 0.2869
[2025-07-21 19:01:16,085][__main__][INFO] - Step 2300 | valid1 MSE : 225.7912 | valid1 MAE : 14.3563 | valid1 NMSE : 72.1461 | valid1 RMSE : 0.1156
[2025-07-21 19:01:36,530][__main__][INFO] - Step 2400 | valid1 MSE : 246.5654 | valid1 MAE : 15.2880 | valid1 NMSE : 78.7877 | valid1 RMSE : 0.1489
[2025-07-21 19:01:56,943][__main__][INFO] - Step 2500 | valid1 MSE : 204.6347 | valid1 MAE : 13.3406 | valid1 NMSE : 65.3823 | valid1 RMSE : 0.0840
[2025-07-21 19:02:17,758][__main__][INFO] - Step 2600 | valid1 MSE : 124.5585 | valid1 MAE : 10.7009 | valid1 NMSE : 39.8012 | valid1 RMSE : 0.0682
[2025-07-21 19:02:39,164][__main__][INFO] - Step 2700 | valid1 MSE : 153.1629 | valid1 MAE : 11.7295 | valid1 NMSE : 48.9390 | valid1 RMSE : 0.0729
[2025-07-21 19:02:59,848][__main__][INFO] - Step 2800 | valid1 MSE : 124.8561 | valid1 MAE : 10.4896 | valid1 NMSE : 39.8932 | valid1 RMSE : 0.0544
[2025-07-21 19:02:59,849][__main__][INFO] - Training done in 9.962 min
[2025-07-21 19:02:59,849][__main__][INFO] - Average time per step: 0.213 s
[2025-07-21 19:02:59,928][__main__][INFO] - End of training
[2025-07-21 19:03:01,685][__main__][INFO] - Plotted losses
[2025-07-21 19:03:01,685][__main__][INFO] - Computing test metrics
[2025-07-21 19:03:03,047][__main__][INFO] - Evaluation done in 0.023 min
[2025-07-21 19:03:04,608][__main__][INFO] - Evaluation done in 0.019 min
[2025-07-21 19:03:09,449][__main__][INFO] - Saved plots
[2025-07-21 19:03:09,449][__main__][INFO] - End of script

[2025-07-21 19:03:26,645][__main__][INFO] - =====Running main script=====
[2025-07-21 19:03:26,701][__main__][INFO] - Fetched main configs, save directory : ../outputs/benchmark_min_all/seed_2/cmin_default/
[2025-07-21 19:03:26,701][__main__][INFO] - Model PatchTST, normalization cmIN, criterion MSE, kwargs {}
[2025-07-21 19:03:26,769][__main__][INFO] - Fetched dataloaders
[2025-07-21 19:03:26,772][__main__][INFO] - Training data shape : ((140, 1, 1000), (140, 1, 1000))
[2025-07-21 19:03:26,772][__main__][INFO] - Batch sizes : X=torch.Size([10, 1, 100]), c=torch.Size([10, 1, 120]), y=torch.Size([10, 1, 20])
[2025-07-21 19:03:29,515][__main__][INFO] - batch_size=10, learning_rate=0.0001, steps per epoch=14, epochs=200
[2025-07-21 19:03:29,515][__main__][INFO] - Starting training...
[2025-07-21 19:03:29,515][__main__][INFO] - Using device: cuda
[2025-07-21 19:03:29,515][__main__][INFO] - Training 200 epochs of 14 batches (2800 steps): , eval_freq: 50, print_freq: 100
[2025-07-21 19:03:39,341][__main__][INFO] - Step 1 | valid1 MSE : 4075.9978 | valid1 MAE : 55.1619 | valid1 NMSE : 1302.1832 | valid1 RMSE : 0.9719
[2025-07-21 19:03:59,686][__main__][INFO] - Step 100 | valid1 MSE : 3506.1890 | valid1 MAE : 54.9694 | valid1 NMSE : 1120.2328 | valid1 RMSE : 1.3536
[2025-07-21 19:04:21,530][__main__][INFO] - Step 200 | valid1 MSE : 3136.6162 | valid1 MAE : 54.4031 | valid1 NMSE : 1002.2561 | valid1 RMSE : 1.7949
[2025-07-21 19:04:43,798][__main__][INFO] - Step 300 | valid1 MSE : 3058.9321 | valid1 MAE : 54.9102 | valid1 NMSE : 977.5323 | valid1 RMSE : 2.3057
[2025-07-21 19:05:05,194][__main__][INFO] - Step 400 | valid1 MSE : 2789.2305 | valid1 MAE : 52.7567 | valid1 NMSE : 891.4047 | valid1 RMSE : 2.4346
[2025-07-21 19:05:27,168][__main__][INFO] - Step 500 | valid1 MSE : 2743.3254 | valid1 MAE : 52.3366 | valid1 NMSE : 876.7408 | valid1 RMSE : 2.4277
[2025-07-21 19:05:48,202][__main__][INFO] - Step 600 | valid1 MSE : 2746.9634 | valid1 MAE : 52.1010 | valid1 NMSE : 877.8475 | valid1 RMSE : 2.1141
[2025-07-21 19:06:09,498][__main__][INFO] - Step 700 | valid1 MSE : 2811.8323 | valid1 MAE : 52.8090 | valid1 NMSE : 898.5960 | valid1 RMSE : 2.2458
[2025-07-21 19:06:30,477][__main__][INFO] - Step 800 | valid1 MSE : 2663.3591 | valid1 MAE : 51.5505 | valid1 NMSE : 851.1866 | valid1 RMSE : 2.3336
[2025-07-21 19:06:51,767][__main__][INFO] - Step 900 | valid1 MSE : 3002.0100 | valid1 MAE : 54.7547 | valid1 NMSE : 959.4227 | valid1 RMSE : 2.6705
[2025-07-21 19:07:12,446][__main__][INFO] - Step 1000 | valid1 MSE : 2339.5181 | valid1 MAE : 48.1680 | valid1 NMSE : 747.6596 | valid1 RMSE : 1.8759
[2025-07-21 19:07:33,993][__main__][INFO] - Step 1100 | valid1 MSE : 2033.4728 | valid1 MAE : 44.9638 | valid1 NMSE : 649.8630 | valid1 RMSE : 1.6819
[2025-07-21 19:07:55,765][__main__][INFO] - Step 1200 | valid1 MSE : 2250.9500 | valid1 MAE : 47.3886 | valid1 NMSE : 719.3798 | valid1 RMSE : 1.9494
[2025-07-21 19:08:16,925][__main__][INFO] - Step 1300 | valid1 MSE : 1930.2471 | valid1 MAE : 43.8212 | valid1 NMSE : 616.8766 | valid1 RMSE : 1.6062
[2025-07-21 19:08:37,968][__main__][INFO] - Step 1400 | valid1 MSE : 1621.1367 | valid1 MAE : 40.1936 | valid1 NMSE : 518.0947 | valid1 RMSE : 1.3816
[2025-07-21 19:08:59,145][__main__][INFO] - Step 1500 | valid1 MSE : 1371.4313 | valid1 MAE : 36.7999 | valid1 NMSE : 438.2726 | valid1 RMSE : 1.0547
[2025-07-21 19:09:20,096][__main__][INFO] - Step 1600 | valid1 MSE : 1351.4286 | valid1 MAE : 36.6420 | valid1 NMSE : 431.8925 | valid1 RMSE : 1.1101
[2025-07-21 19:09:42,229][__main__][INFO] - Step 1700 | valid1 MSE : 1153.9088 | valid1 MAE : 33.8710 | valid1 NMSE : 368.7738 | valid1 RMSE : 0.9703
[2025-07-21 19:10:04,157][__main__][INFO] - Step 1800 | valid1 MSE : 847.4896 | valid1 MAE : 28.9793 | valid1 NMSE : 270.8406 | valid1 RMSE : 0.6818
[2025-07-21 19:10:26,425][__main__][INFO] - Step 1900 | valid1 MSE : 660.5493 | valid1 MAE : 25.5142 | valid1 NMSE : 211.0928 | valid1 RMSE : 0.5022
[2025-07-21 19:10:47,922][__main__][INFO] - Step 2000 | valid1 MSE : 602.3206 | valid1 MAE : 24.3766 | valid1 NMSE : 192.4871 | valid1 RMSE : 0.4694
[2025-07-21 19:11:08,978][__main__][INFO] - Step 2100 | valid1 MSE : 411.1464 | valid1 MAE : 19.5809 | valid1 NMSE : 131.3774 | valid1 RMSE : 0.2309
[2025-07-21 19:11:30,064][__main__][INFO] - Step 2200 | valid1 MSE : 327.9166 | valid1 MAE : 17.9657 | valid1 NMSE : 104.7946 | valid1 RMSE : 0.2562
[2025-07-21 19:11:50,952][__main__][INFO] - Step 2300 | valid1 MSE : 349.5673 | valid1 MAE : 18.1060 | valid1 NMSE : 111.7021 | valid1 RMSE : 0.2037
[2025-07-21 19:12:12,086][__main__][INFO] - Step 2400 | valid1 MSE : 192.3090 | valid1 MAE : 13.0705 | valid1 NMSE : 61.4473 | valid1 RMSE : 0.0895
[2025-07-21 19:12:33,220][__main__][INFO] - Step 2500 | valid1 MSE : 256.5270 | valid1 MAE : 15.3778 | valid1 NMSE : 81.9695 | valid1 RMSE : 0.1371
[2025-07-21 19:12:54,419][__main__][INFO] - Step 2600 | valid1 MSE : 172.8911 | valid1 MAE : 11.2302 | valid1 NMSE : 55.2356 | valid1 RMSE : 0.0397
[2025-07-21 19:13:16,264][__main__][INFO] - Step 2700 | valid1 MSE : 130.9918 | valid1 MAE : 10.4970 | valid1 NMSE : 41.8533 | valid1 RMSE : 0.0491
[2025-07-21 19:13:37,449][__main__][INFO] - Step 2800 | valid1 MSE : 118.4180 | valid1 MAE : 9.5556 | valid1 NMSE : 37.8334 | valid1 RMSE : 0.0325
[2025-07-21 19:13:37,449][__main__][INFO] - Training done in 10.132 min
[2025-07-21 19:13:37,449][__main__][INFO] - Average time per step: 0.217 s
[2025-07-21 19:13:37,565][__main__][INFO] - End of training
[2025-07-21 19:13:39,338][__main__][INFO] - Plotted losses
[2025-07-21 19:13:39,338][__main__][INFO] - Computing test metrics
[2025-07-21 19:13:40,876][__main__][INFO] - Evaluation done in 0.026 min
[2025-07-21 19:13:42,446][__main__][INFO] - Evaluation done in 0.019 min
[2025-07-21 19:13:47,094][__main__][INFO] - Saved plots
[2025-07-21 19:13:47,094][__main__][INFO] - End of script

[2025-07-21 19:13:54,953][__main__][INFO] - =====Running main script=====
[2025-07-21 19:13:54,976][__main__][INFO] - Fetched main configs, save directory : ../outputs/benchmark_min_all/seed_2/cmin_init/
[2025-07-21 19:13:54,976][__main__][INFO] - Model PatchTST, normalization cmIN, criterion MSE, kwargs {}
[2025-07-21 19:13:55,036][__main__][INFO] - Fetched dataloaders
[2025-07-21 19:13:55,040][__main__][INFO] - Training data shape : ((140, 1, 1000), (140, 1, 1000))
[2025-07-21 19:13:55,040][__main__][INFO] - Batch sizes : X=torch.Size([10, 1, 100]), c=torch.Size([10, 1, 120]), y=torch.Size([10, 1, 20])
[2025-07-21 19:13:57,953][__main__][INFO] - batch_size=10, learning_rate=0.0001, steps per epoch=14, epochs=200
[2025-07-21 19:13:57,953][__main__][INFO] - Starting training...
[2025-07-21 19:13:57,953][__main__][INFO] - Using device: cuda
[2025-07-21 19:13:57,953][__main__][INFO] - Training 200 epochs of 14 batches (2800 steps): , eval_freq: 50, print_freq: 100
[2025-07-21 19:14:07,950][__main__][INFO] - Step 1 | valid1 MSE : 4075.9978 | valid1 MAE : 55.1619 | valid1 NMSE : 1302.1832 | valid1 RMSE : 0.9719
[2025-07-21 19:14:28,763][__main__][INFO] - Step 100 | valid1 MSE : 3506.1890 | valid1 MAE : 54.9694 | valid1 NMSE : 1120.2328 | valid1 RMSE : 1.3536
[2025-07-21 19:14:48,874][__main__][INFO] - Step 200 | valid1 MSE : 3136.6162 | valid1 MAE : 54.4031 | valid1 NMSE : 1002.2561 | valid1 RMSE : 1.7949
[2025-07-21 19:15:10,725][__main__][INFO] - Step 300 | valid1 MSE : 3058.9321 | valid1 MAE : 54.9102 | valid1 NMSE : 977.5323 | valid1 RMSE : 2.3057
[2025-07-21 19:15:33,408][__main__][INFO] - Step 400 | valid1 MSE : 2789.2305 | valid1 MAE : 52.7567 | valid1 NMSE : 891.4047 | valid1 RMSE : 2.4346
[2025-07-21 19:15:55,106][__main__][INFO] - Step 500 | valid1 MSE : 2743.3254 | valid1 MAE : 52.3366 | valid1 NMSE : 876.7408 | valid1 RMSE : 2.4277
[2025-07-21 19:16:16,213][__main__][INFO] - Step 600 | valid1 MSE : 2746.9634 | valid1 MAE : 52.1010 | valid1 NMSE : 877.8475 | valid1 RMSE : 2.1141
[2025-07-21 19:16:36,898][__main__][INFO] - Step 700 | valid1 MSE : 2811.8323 | valid1 MAE : 52.8090 | valid1 NMSE : 898.5960 | valid1 RMSE : 2.2458
[2025-07-21 19:16:57,868][__main__][INFO] - Step 800 | valid1 MSE : 2663.3591 | valid1 MAE : 51.5505 | valid1 NMSE : 851.1866 | valid1 RMSE : 2.3336
[2025-07-21 19:17:19,293][__main__][INFO] - Step 900 | valid1 MSE : 3002.0100 | valid1 MAE : 54.7547 | valid1 NMSE : 959.4227 | valid1 RMSE : 2.6705
[2025-07-21 19:17:40,464][__main__][INFO] - Step 1000 | valid1 MSE : 2339.5181 | valid1 MAE : 48.1680 | valid1 NMSE : 747.6596 | valid1 RMSE : 1.8759
[2025-07-21 19:18:01,979][__main__][INFO] - Step 1100 | valid1 MSE : 2033.4728 | valid1 MAE : 44.9638 | valid1 NMSE : 649.8630 | valid1 RMSE : 1.6819
[2025-07-21 19:18:23,603][__main__][INFO] - Step 1200 | valid1 MSE : 2250.9500 | valid1 MAE : 47.3886 | valid1 NMSE : 719.3798 | valid1 RMSE : 1.9494
[2025-07-21 19:18:45,032][__main__][INFO] - Step 1300 | valid1 MSE : 1930.2471 | valid1 MAE : 43.8212 | valid1 NMSE : 616.8766 | valid1 RMSE : 1.6062
[2025-07-21 19:19:05,954][__main__][INFO] - Step 1400 | valid1 MSE : 1621.1367 | valid1 MAE : 40.1936 | valid1 NMSE : 518.0947 | valid1 RMSE : 1.3816
[2025-07-21 19:19:27,288][__main__][INFO] - Step 1500 | valid1 MSE : 1371.4313 | valid1 MAE : 36.7999 | valid1 NMSE : 438.2726 | valid1 RMSE : 1.0547
[2025-07-21 19:19:48,510][__main__][INFO] - Step 1600 | valid1 MSE : 1351.4286 | valid1 MAE : 36.6420 | valid1 NMSE : 431.8925 | valid1 RMSE : 1.1101
[2025-07-21 19:20:10,160][__main__][INFO] - Step 1700 | valid1 MSE : 1153.9088 | valid1 MAE : 33.8710 | valid1 NMSE : 368.7738 | valid1 RMSE : 0.9703
[2025-07-21 19:20:32,035][__main__][INFO] - Step 1800 | valid1 MSE : 847.4896 | valid1 MAE : 28.9793 | valid1 NMSE : 270.8406 | valid1 RMSE : 0.6818
[2025-07-21 19:20:54,104][__main__][INFO] - Step 1900 | valid1 MSE : 660.5493 | valid1 MAE : 25.5142 | valid1 NMSE : 211.0928 | valid1 RMSE : 0.5022
[2025-07-21 19:21:15,188][__main__][INFO] - Step 2000 | valid1 MSE : 602.3206 | valid1 MAE : 24.3766 | valid1 NMSE : 192.4871 | valid1 RMSE : 0.4694
[2025-07-21 19:21:36,497][__main__][INFO] - Step 2100 | valid1 MSE : 411.1464 | valid1 MAE : 19.5809 | valid1 NMSE : 131.3774 | valid1 RMSE : 0.2309
[2025-07-21 19:21:57,611][__main__][INFO] - Step 2200 | valid1 MSE : 327.9166 | valid1 MAE : 17.9657 | valid1 NMSE : 104.7946 | valid1 RMSE : 0.2562
[2025-07-21 19:22:18,846][__main__][INFO] - Step 2300 | valid1 MSE : 349.5673 | valid1 MAE : 18.1060 | valid1 NMSE : 111.7021 | valid1 RMSE : 0.2037
[2025-07-21 19:22:39,861][__main__][INFO] - Step 2400 | valid1 MSE : 192.3090 | valid1 MAE : 13.0705 | valid1 NMSE : 61.4473 | valid1 RMSE : 0.0895
[2025-07-21 19:23:01,249][__main__][INFO] - Step 2500 | valid1 MSE : 256.5270 | valid1 MAE : 15.3778 | valid1 NMSE : 81.9695 | valid1 RMSE : 0.1371
[2025-07-21 19:23:22,207][__main__][INFO] - Step 2600 | valid1 MSE : 172.8911 | valid1 MAE : 11.2302 | valid1 NMSE : 55.2356 | valid1 RMSE : 0.0397
[2025-07-21 19:23:44,283][__main__][INFO] - Step 2700 | valid1 MSE : 130.9918 | valid1 MAE : 10.4970 | valid1 NMSE : 41.8533 | valid1 RMSE : 0.0491
[2025-07-21 19:24:04,702][__main__][INFO] - Step 2800 | valid1 MSE : 118.4180 | valid1 MAE : 9.5556 | valid1 NMSE : 37.8334 | valid1 RMSE : 0.0325
[2025-07-21 19:24:04,702][__main__][INFO] - Training done in 10.112 min
[2025-07-21 19:24:04,702][__main__][INFO] - Average time per step: 0.217 s
[2025-07-21 19:24:04,887][__main__][INFO] - End of training
[2025-07-21 19:24:06,701][__main__][INFO] - Plotted losses
[2025-07-21 19:24:06,702][__main__][INFO] - Computing test metrics
[2025-07-21 19:24:08,246][__main__][INFO] - Evaluation done in 0.026 min
[2025-07-21 19:24:09,826][__main__][INFO] - Evaluation done in 0.019 min
[2025-07-21 19:24:14,408][__main__][INFO] - Saved plots
[2025-07-21 19:24:14,408][__main__][INFO] - End of script

[2025-07-21 19:24:22,019][__main__][INFO] - =====Running main script=====
[2025-07-21 19:24:22,026][__main__][INFO] - Fetched main configs, save directory : ../outputs/benchmark_min_all/seed_2/cmin_fixed/
[2025-07-21 19:24:22,026][__main__][INFO] - Model PatchTST, normalization cmIN, criterion MSE, kwargs {}
[2025-07-21 19:24:22,094][__main__][INFO] - Fetched dataloaders
[2025-07-21 19:24:22,098][__main__][INFO] - Training data shape : ((140, 1, 1000), (140, 1, 1000))
[2025-07-21 19:24:22,099][__main__][INFO] - Batch sizes : X=torch.Size([10, 1, 100]), c=torch.Size([10, 1, 120]), y=torch.Size([10, 1, 20])
[2025-07-21 19:24:24,883][__main__][INFO] - batch_size=10, learning_rate=0.0001, steps per epoch=14, epochs=200
[2025-07-21 19:24:24,883][__main__][INFO] - Starting training...
[2025-07-21 19:24:24,883][__main__][INFO] - Using device: cuda
[2025-07-21 19:24:24,883][__main__][INFO] - Training 200 epochs of 14 batches (2800 steps): , eval_freq: 50, print_freq: 100
[2025-07-21 19:24:34,929][__main__][INFO] - Step 1 | valid1 MSE : 4075.9978 | valid1 MAE : 55.1619 | valid1 NMSE : 1302.1832 | valid1 RMSE : 0.9719
[2025-07-21 19:24:56,605][__main__][INFO] - Step 100 | valid1 MSE : 3506.1890 | valid1 MAE : 54.9694 | valid1 NMSE : 1120.2328 | valid1 RMSE : 1.3536
[2025-07-21 19:25:18,317][__main__][INFO] - Step 200 | valid1 MSE : 3136.6162 | valid1 MAE : 54.4031 | valid1 NMSE : 1002.2561 | valid1 RMSE : 1.7949
[2025-07-21 19:25:40,586][__main__][INFO] - Step 300 | valid1 MSE : 3058.9321 | valid1 MAE : 54.9102 | valid1 NMSE : 977.5323 | valid1 RMSE : 2.3057
[2025-07-21 19:26:02,857][__main__][INFO] - Step 400 | valid1 MSE : 2789.2305 | valid1 MAE : 52.7567 | valid1 NMSE : 891.4047 | valid1 RMSE : 2.4346
[2025-07-21 19:26:25,009][__main__][INFO] - Step 500 | valid1 MSE : 2743.3254 | valid1 MAE : 52.3366 | valid1 NMSE : 876.7408 | valid1 RMSE : 2.4277
[2025-07-21 19:26:46,460][__main__][INFO] - Step 600 | valid1 MSE : 2746.9634 | valid1 MAE : 52.1010 | valid1 NMSE : 877.8475 | valid1 RMSE : 2.1141
[2025-07-21 19:27:07,929][__main__][INFO] - Step 700 | valid1 MSE : 2811.8323 | valid1 MAE : 52.8090 | valid1 NMSE : 898.5960 | valid1 RMSE : 2.2458
[2025-07-21 19:27:29,397][__main__][INFO] - Step 800 | valid1 MSE : 2663.3591 | valid1 MAE : 51.5505 | valid1 NMSE : 851.1866 | valid1 RMSE : 2.3336
[2025-07-21 19:27:51,067][__main__][INFO] - Step 900 | valid1 MSE : 3002.0100 | valid1 MAE : 54.7547 | valid1 NMSE : 959.4227 | valid1 RMSE : 2.6705
[2025-07-21 19:28:12,171][__main__][INFO] - Step 1000 | valid1 MSE : 2339.5181 | valid1 MAE : 48.1680 | valid1 NMSE : 747.6596 | valid1 RMSE : 1.8759
[2025-07-21 19:28:33,950][__main__][INFO] - Step 1100 | valid1 MSE : 2033.4728 | valid1 MAE : 44.9638 | valid1 NMSE : 649.8630 | valid1 RMSE : 1.6819
[2025-07-21 19:28:56,299][__main__][INFO] - Step 1200 | valid1 MSE : 2250.9500 | valid1 MAE : 47.3886 | valid1 NMSE : 719.3798 | valid1 RMSE : 1.9494
[2025-07-21 19:29:17,589][__main__][INFO] - Step 1300 | valid1 MSE : 1930.2471 | valid1 MAE : 43.8212 | valid1 NMSE : 616.8766 | valid1 RMSE : 1.6062
[2025-07-21 19:29:39,046][__main__][INFO] - Step 1400 | valid1 MSE : 1621.1367 | valid1 MAE : 40.1936 | valid1 NMSE : 518.0947 | valid1 RMSE : 1.3816
[2025-07-21 19:30:00,481][__main__][INFO] - Step 1500 | valid1 MSE : 1371.4313 | valid1 MAE : 36.7999 | valid1 NMSE : 438.2726 | valid1 RMSE : 1.0547
[2025-07-21 19:30:21,612][__main__][INFO] - Step 1600 | valid1 MSE : 1351.4286 | valid1 MAE : 36.6420 | valid1 NMSE : 431.8925 | valid1 RMSE : 1.1101
[2025-07-21 19:30:43,852][__main__][INFO] - Step 1700 | valid1 MSE : 1153.9088 | valid1 MAE : 33.8710 | valid1 NMSE : 368.7738 | valid1 RMSE : 0.9703
[2025-07-21 19:31:06,327][__main__][INFO] - Step 1800 | valid1 MSE : 847.4896 | valid1 MAE : 28.9793 | valid1 NMSE : 270.8406 | valid1 RMSE : 0.6818
[2025-07-21 19:31:27,320][__main__][INFO] - Step 1900 | valid1 MSE : 660.5493 | valid1 MAE : 25.5142 | valid1 NMSE : 211.0928 | valid1 RMSE : 0.5022
[2025-07-21 19:31:49,325][__main__][INFO] - Step 2000 | valid1 MSE : 602.3206 | valid1 MAE : 24.3766 | valid1 NMSE : 192.4871 | valid1 RMSE : 0.4694
[2025-07-21 19:32:10,840][__main__][INFO] - Step 2100 | valid1 MSE : 411.1464 | valid1 MAE : 19.5809 | valid1 NMSE : 131.3774 | valid1 RMSE : 0.2309
[2025-07-21 19:32:32,436][__main__][INFO] - Step 2200 | valid1 MSE : 327.9166 | valid1 MAE : 17.9657 | valid1 NMSE : 104.7946 | valid1 RMSE : 0.2562
[2025-07-21 19:32:53,644][__main__][INFO] - Step 2300 | valid1 MSE : 349.5673 | valid1 MAE : 18.1060 | valid1 NMSE : 111.7021 | valid1 RMSE : 0.2037
[2025-07-21 19:33:15,282][__main__][INFO] - Step 2400 | valid1 MSE : 192.3090 | valid1 MAE : 13.0705 | valid1 NMSE : 61.4473 | valid1 RMSE : 0.0895
[2025-07-21 19:33:36,482][__main__][INFO] - Step 2500 | valid1 MSE : 256.5270 | valid1 MAE : 15.3778 | valid1 NMSE : 81.9695 | valid1 RMSE : 0.1371
[2025-07-21 19:33:58,295][__main__][INFO] - Step 2600 | valid1 MSE : 172.8911 | valid1 MAE : 11.2302 | valid1 NMSE : 55.2356 | valid1 RMSE : 0.0397
[2025-07-21 19:34:19,633][__main__][INFO] - Step 2700 | valid1 MSE : 130.9918 | valid1 MAE : 10.4970 | valid1 NMSE : 41.8533 | valid1 RMSE : 0.0491
[2025-07-21 19:34:40,936][__main__][INFO] - Step 2800 | valid1 MSE : 118.4180 | valid1 MAE : 9.5556 | valid1 NMSE : 37.8334 | valid1 RMSE : 0.0325
[2025-07-21 19:34:40,937][__main__][INFO] - Training done in 10.268 min
[2025-07-21 19:34:40,937][__main__][INFO] - Average time per step: 0.220 s
[2025-07-21 19:34:41,089][__main__][INFO] - End of training
[2025-07-21 19:34:42,777][__main__][INFO] - Plotted losses
[2025-07-21 19:34:42,777][__main__][INFO] - Computing test metrics
[2025-07-21 19:34:44,176][__main__][INFO] - Evaluation done in 0.023 min
[2025-07-21 19:34:45,758][__main__][INFO] - Evaluation done in 0.019 min
[2025-07-21 19:34:50,568][__main__][INFO] - Saved plots
[2025-07-21 19:34:50,568][__main__][INFO] - End of script

[2025-07-21 19:35:07,943][__main__][INFO] - =====Running main script=====
[2025-07-21 19:35:07,986][__main__][INFO] - Fetched main configs, save directory : ../outputs/benchmark_min_all/seed_3/cmin_default/
[2025-07-21 19:35:07,986][__main__][INFO] - Model PatchTST, normalization cmIN, criterion MSE, kwargs {}
[2025-07-21 19:35:08,059][__main__][INFO] - Fetched dataloaders
[2025-07-21 19:35:08,064][__main__][INFO] - Training data shape : ((140, 1, 1000), (140, 1, 1000))
[2025-07-21 19:35:08,065][__main__][INFO] - Batch sizes : X=torch.Size([10, 1, 100]), c=torch.Size([10, 1, 120]), y=torch.Size([10, 1, 20])
[2025-07-21 19:35:10,974][__main__][INFO] - batch_size=10, learning_rate=0.0001, steps per epoch=14, epochs=200
[2025-07-21 19:35:10,974][__main__][INFO] - Starting training...
[2025-07-21 19:35:10,974][__main__][INFO] - Using device: cuda
[2025-07-21 19:35:10,974][__main__][INFO] - Training 200 epochs of 14 batches (2800 steps): , eval_freq: 50, print_freq: 100
[2025-07-21 19:35:20,949][__main__][INFO] - Step 1 | valid1 MSE : 3973.6270 | valid1 MAE : 54.4978 | valid1 NMSE : 1269.4768 | valid1 RMSE : 0.9507
[2025-07-21 19:35:42,599][__main__][INFO] - Step 100 | valid1 MSE : 3479.8088 | valid1 MAE : 54.9473 | valid1 NMSE : 1111.8094 | valid1 RMSE : 1.3788
[2025-07-21 19:36:04,880][__main__][INFO] - Step 200 | valid1 MSE : 3166.8213 | valid1 MAE : 54.8050 | valid1 NMSE : 1011.9175 | valid1 RMSE : 1.8614
[2025-07-21 19:36:27,641][__main__][INFO] - Step 300 | valid1 MSE : 3052.7585 | valid1 MAE : 54.9186 | valid1 NMSE : 975.5717 | valid1 RMSE : 2.3531
[2025-07-21 19:36:49,310][__main__][INFO] - Step 400 | valid1 MSE : 2755.4563 | valid1 MAE : 52.4159 | valid1 NMSE : 880.6071 | valid1 RMSE : 2.3668
[2025-07-21 19:37:11,217][__main__][INFO] - Step 500 | valid1 MSE : 2744.2300 | valid1 MAE : 52.2994 | valid1 NMSE : 877.0159 | valid1 RMSE : 2.3367
[2025-07-21 19:37:32,452][__main__][INFO] - Step 600 | valid1 MSE : 2644.8213 | valid1 MAE : 51.3556 | valid1 NMSE : 845.2510 | valid1 RMSE : 2.2763
[2025-07-21 19:37:54,419][__main__][INFO] - Step 700 | valid1 MSE : 2606.8679 | valid1 MAE : 51.0431 | valid1 NMSE : 833.1465 | valid1 RMSE : 2.3861
[2025-07-21 19:38:16,039][__main__][INFO] - Step 800 | valid1 MSE : 2616.1096 | valid1 MAE : 50.8795 | valid1 NMSE : 836.0349 | valid1 RMSE : 2.0369
[2025-07-21 19:38:37,777][__main__][INFO] - Step 900 | valid1 MSE : 2884.4648 | valid1 MAE : 53.5600 | valid1 NMSE : 921.8210 | valid1 RMSE : 2.3835
[2025-07-21 19:38:59,262][__main__][INFO] - Step 1000 | valid1 MSE : 2362.0071 | valid1 MAE : 48.5680 | valid1 NMSE : 754.8788 | valid1 RMSE : 2.0956
[2025-07-21 19:39:21,844][__main__][INFO] - Step 1100 | valid1 MSE : 2259.6968 | valid1 MAE : 47.4461 | valid1 NMSE : 722.1663 | valid1 RMSE : 1.9160
[2025-07-21 19:39:43,183][__main__][INFO] - Step 1200 | valid1 MSE : 1930.8824 | valid1 MAE : 43.8953 | valid1 NMSE : 617.0919 | valid1 RMSE : 1.6883
[2025-07-21 19:40:04,815][__main__][INFO] - Step 1300 | valid1 MSE : 1671.9028 | valid1 MAE : 40.7799 | valid1 NMSE : 534.3138 | valid1 RMSE : 1.3938
[2025-07-21 19:40:26,195][__main__][INFO] - Step 1400 | valid1 MSE : 1524.7324 | valid1 MAE : 38.8472 | valid1 NMSE : 487.2676 | valid1 RMSE : 1.2011
[2025-07-21 19:40:47,695][__main__][INFO] - Step 1500 | valid1 MSE : 1310.5255 | valid1 MAE : 36.0380 | valid1 NMSE : 418.8120 | valid1 RMSE : 1.0394
[2025-07-21 19:41:10,048][__main__][INFO] - Step 1600 | valid1 MSE : 979.1091 | valid1 MAE : 31.2637 | valid1 NMSE : 312.9253 | valid1 RMSE : 0.9090
[2025-07-21 19:41:32,120][__main__][INFO] - Step 1700 | valid1 MSE : 1016.4221 | valid1 MAE : 31.8678 | valid1 NMSE : 324.8447 | valid1 RMSE : 0.9261
[2025-07-21 19:41:53,476][__main__][INFO] - Step 1800 | valid1 MSE : 736.5196 | valid1 MAE : 26.8359 | valid1 NMSE : 235.3625 | valid1 RMSE : 0.5238
[2025-07-21 19:42:15,669][__main__][INFO] - Step 1900 | valid1 MSE : 589.1319 | valid1 MAE : 23.9865 | valid1 NMSE : 188.2637 | valid1 RMSE : 0.4176
[2025-07-21 19:42:36,555][__main__][INFO] - Step 2000 | valid1 MSE : 562.7417 | valid1 MAE : 23.3739 | valid1 NMSE : 179.8298 | valid1 RMSE : 0.3876
[2025-07-21 19:42:58,284][__main__][INFO] - Step 2100 | valid1 MSE : 503.9548 | valid1 MAE : 22.1308 | valid1 NMSE : 161.0416 | valid1 RMSE : 0.3431
[2025-07-21 19:43:19,774][__main__][INFO] - Step 2200 | valid1 MSE : 359.3274 | valid1 MAE : 18.5206 | valid1 NMSE : 114.8218 | valid1 RMSE : 0.2231
[2025-07-21 19:43:41,523][__main__][INFO] - Step 2300 | valid1 MSE : 305.4098 | valid1 MAE : 16.4190 | valid1 NMSE : 97.5827 | valid1 RMSE : 0.1328
[2025-07-21 19:44:02,536][__main__][INFO] - Step 2400 | valid1 MSE : 228.8601 | valid1 MAE : 14.4308 | valid1 NMSE : 73.1266 | valid1 RMSE : 0.1133
[2025-07-21 19:44:24,723][__main__][INFO] - Step 2500 | valid1 MSE : 168.2793 | valid1 MAE : 12.3818 | valid1 NMSE : 53.7690 | valid1 RMSE : 0.0831
[2025-07-21 19:44:46,146][__main__][INFO] - Step 2600 | valid1 MSE : 134.0345 | valid1 MAE : 11.0452 | valid1 NMSE : 42.8274 | valid1 RMSE : 0.0670
[2025-07-21 19:45:07,671][__main__][INFO] - Step 2700 | valid1 MSE : 85.4484 | valid1 MAE : 7.9635 | valid1 NMSE : 27.2994 | valid1 RMSE : 0.0212
[2025-07-21 19:45:29,239][__main__][INFO] - Step 2800 | valid1 MSE : 43.8901 | valid1 MAE : 5.8955 | valid1 NMSE : 14.0227 | valid1 RMSE : 0.0140
[2025-07-21 19:45:29,240][__main__][INFO] - Training done in 10.304 min
[2025-07-21 19:45:29,240][__main__][INFO] - Average time per step: 0.221 s
[2025-07-21 19:45:29,409][__main__][INFO] - End of training
[2025-07-21 19:45:31,179][__main__][INFO] - Plotted losses
[2025-07-21 19:45:31,179][__main__][INFO] - Computing test metrics
[2025-07-21 19:45:32,711][__main__][INFO] - Evaluation done in 0.026 min
[2025-07-21 19:45:34,157][__main__][INFO] - Evaluation done in 0.017 min
[2025-07-21 19:45:38,925][__main__][INFO] - Saved plots
[2025-07-21 19:45:38,925][__main__][INFO] - End of script

[2025-07-21 19:45:46,415][__main__][INFO] - =====Running main script=====
[2025-07-21 19:45:46,432][__main__][INFO] - Fetched main configs, save directory : ../outputs/benchmark_min_all/seed_3/cmin_init/
[2025-07-21 19:45:46,432][__main__][INFO] - Model PatchTST, normalization cmIN, criterion MSE, kwargs {}
[2025-07-21 19:45:46,489][__main__][INFO] - Fetched dataloaders
[2025-07-21 19:45:46,493][__main__][INFO] - Training data shape : ((140, 1, 1000), (140, 1, 1000))
[2025-07-21 19:45:46,493][__main__][INFO] - Batch sizes : X=torch.Size([10, 1, 100]), c=torch.Size([10, 1, 120]), y=torch.Size([10, 1, 20])
[2025-07-21 19:45:49,343][__main__][INFO] - batch_size=10, learning_rate=0.0001, steps per epoch=14, epochs=200
[2025-07-21 19:45:49,343][__main__][INFO] - Starting training...
[2025-07-21 19:45:49,344][__main__][INFO] - Using device: cuda
[2025-07-21 19:45:49,344][__main__][INFO] - Training 200 epochs of 14 batches (2800 steps): , eval_freq: 50, print_freq: 100
[2025-07-21 19:45:59,195][__main__][INFO] - Step 1 | valid1 MSE : 3973.6270 | valid1 MAE : 54.4978 | valid1 NMSE : 1269.4768 | valid1 RMSE : 0.9507
[2025-07-21 19:46:21,294][__main__][INFO] - Step 100 | valid1 MSE : 3479.8088 | valid1 MAE : 54.9473 | valid1 NMSE : 1111.8094 | valid1 RMSE : 1.3788
[2025-07-21 19:46:43,012][__main__][INFO] - Step 200 | valid1 MSE : 3166.8213 | valid1 MAE : 54.8050 | valid1 NMSE : 1011.9175 | valid1 RMSE : 1.8614
[2025-07-21 19:47:04,677][__main__][INFO] - Step 300 | valid1 MSE : 3052.7585 | valid1 MAE : 54.9186 | valid1 NMSE : 975.5717 | valid1 RMSE : 2.3531
[2025-07-21 19:47:26,045][__main__][INFO] - Step 400 | valid1 MSE : 2755.4563 | valid1 MAE : 52.4159 | valid1 NMSE : 880.6071 | valid1 RMSE : 2.3668
[2025-07-21 19:47:46,504][__main__][INFO] - Step 500 | valid1 MSE : 2744.2300 | valid1 MAE : 52.2994 | valid1 NMSE : 877.0159 | valid1 RMSE : 2.3367
[2025-07-21 19:48:07,486][__main__][INFO] - Step 600 | valid1 MSE : 2644.8213 | valid1 MAE : 51.3556 | valid1 NMSE : 845.2510 | valid1 RMSE : 2.2763
[2025-07-21 19:48:28,832][__main__][INFO] - Step 700 | valid1 MSE : 2606.8679 | valid1 MAE : 51.0431 | valid1 NMSE : 833.1465 | valid1 RMSE : 2.3861
[2025-07-21 19:48:50,109][__main__][INFO] - Step 800 | valid1 MSE : 2616.1096 | valid1 MAE : 50.8795 | valid1 NMSE : 836.0349 | valid1 RMSE : 2.0369
[2025-07-21 19:49:11,296][__main__][INFO] - Step 900 | valid1 MSE : 2884.4648 | valid1 MAE : 53.5600 | valid1 NMSE : 921.8210 | valid1 RMSE : 2.3835
[2025-07-21 19:49:32,294][__main__][INFO] - Step 1000 | valid1 MSE : 2362.0071 | valid1 MAE : 48.5680 | valid1 NMSE : 754.8788 | valid1 RMSE : 2.0956
[2025-07-21 19:49:54,539][__main__][INFO] - Step 1100 | valid1 MSE : 2259.6968 | valid1 MAE : 47.4461 | valid1 NMSE : 722.1663 | valid1 RMSE : 1.9160
[2025-07-21 19:50:15,628][__main__][INFO] - Step 1200 | valid1 MSE : 1930.8824 | valid1 MAE : 43.8953 | valid1 NMSE : 617.0919 | valid1 RMSE : 1.6883
[2025-07-21 19:50:36,824][__main__][INFO] - Step 1300 | valid1 MSE : 1671.9028 | valid1 MAE : 40.7799 | valid1 NMSE : 534.3138 | valid1 RMSE : 1.3938
[2025-07-21 19:50:58,005][__main__][INFO] - Step 1400 | valid1 MSE : 1524.7324 | valid1 MAE : 38.8472 | valid1 NMSE : 487.2676 | valid1 RMSE : 1.2011
[2025-07-21 19:51:19,086][__main__][INFO] - Step 1500 | valid1 MSE : 1310.5255 | valid1 MAE : 36.0380 | valid1 NMSE : 418.8120 | valid1 RMSE : 1.0394
[2025-07-21 19:51:41,719][__main__][INFO] - Step 1600 | valid1 MSE : 979.1091 | valid1 MAE : 31.2637 | valid1 NMSE : 312.9253 | valid1 RMSE : 0.9090
[2025-07-21 19:52:04,418][__main__][INFO] - Step 1700 | valid1 MSE : 1016.4221 | valid1 MAE : 31.8678 | valid1 NMSE : 324.8447 | valid1 RMSE : 0.9261
[2025-07-21 19:52:25,636][__main__][INFO] - Step 1800 | valid1 MSE : 736.5196 | valid1 MAE : 26.8359 | valid1 NMSE : 235.3625 | valid1 RMSE : 0.5238
[2025-07-21 19:52:47,691][__main__][INFO] - Step 1900 | valid1 MSE : 589.1319 | valid1 MAE : 23.9865 | valid1 NMSE : 188.2637 | valid1 RMSE : 0.4176
[2025-07-21 19:53:09,062][__main__][INFO] - Step 2000 | valid1 MSE : 562.7417 | valid1 MAE : 23.3739 | valid1 NMSE : 179.8298 | valid1 RMSE : 0.3876
[2025-07-21 19:53:30,672][__main__][INFO] - Step 2100 | valid1 MSE : 503.9548 | valid1 MAE : 22.1308 | valid1 NMSE : 161.0416 | valid1 RMSE : 0.3431
[2025-07-21 19:53:51,644][__main__][INFO] - Step 2200 | valid1 MSE : 359.3274 | valid1 MAE : 18.5206 | valid1 NMSE : 114.8218 | valid1 RMSE : 0.2231
[2025-07-21 19:54:12,895][__main__][INFO] - Step 2300 | valid1 MSE : 305.4098 | valid1 MAE : 16.4190 | valid1 NMSE : 97.5827 | valid1 RMSE : 0.1328
[2025-07-21 19:54:34,135][__main__][INFO] - Step 2400 | valid1 MSE : 228.8601 | valid1 MAE : 14.4308 | valid1 NMSE : 73.1266 | valid1 RMSE : 0.1133
[2025-07-21 19:54:55,623][__main__][INFO] - Step 2500 | valid1 MSE : 168.2793 | valid1 MAE : 12.3818 | valid1 NMSE : 53.7690 | valid1 RMSE : 0.0831
[2025-07-21 19:55:17,655][__main__][INFO] - Step 2600 | valid1 MSE : 134.0345 | valid1 MAE : 11.0452 | valid1 NMSE : 42.8274 | valid1 RMSE : 0.0670
[2025-07-21 19:55:38,921][__main__][INFO] - Step 2700 | valid1 MSE : 85.4484 | valid1 MAE : 7.9635 | valid1 NMSE : 27.2994 | valid1 RMSE : 0.0212
[2025-07-21 19:55:59,953][__main__][INFO] - Step 2800 | valid1 MSE : 43.8901 | valid1 MAE : 5.8955 | valid1 NMSE : 14.0227 | valid1 RMSE : 0.0140
[2025-07-21 19:55:59,953][__main__][INFO] - Training done in 10.177 min
[2025-07-21 19:55:59,953][__main__][INFO] - Average time per step: 0.218 s
[2025-07-21 19:56:00,076][__main__][INFO] - End of training
[2025-07-21 19:56:01,869][__main__][INFO] - Plotted losses
[2025-07-21 19:56:01,869][__main__][INFO] - Computing test metrics
[2025-07-21 19:56:03,393][__main__][INFO] - Evaluation done in 0.025 min
[2025-07-21 19:56:04,842][__main__][INFO] - Evaluation done in 0.017 min
[2025-07-21 19:56:09,651][__main__][INFO] - Saved plots
[2025-07-21 19:56:09,651][__main__][INFO] - End of script

[2025-07-21 19:56:17,319][__main__][INFO] - =====Running main script=====
[2025-07-21 19:56:17,361][__main__][INFO] - Fetched main configs, save directory : ../outputs/benchmark_min_all/seed_3/cmin_fixed/
[2025-07-21 19:56:17,361][__main__][INFO] - Model PatchTST, normalization cmIN, criterion MSE, kwargs {}
[2025-07-21 19:56:17,426][__main__][INFO] - Fetched dataloaders
[2025-07-21 19:56:17,428][__main__][INFO] - Training data shape : ((140, 1, 1000), (140, 1, 1000))
[2025-07-21 19:56:17,429][__main__][INFO] - Batch sizes : X=torch.Size([10, 1, 100]), c=torch.Size([10, 1, 120]), y=torch.Size([10, 1, 20])
[2025-07-21 19:56:20,357][__main__][INFO] - batch_size=10, learning_rate=0.0001, steps per epoch=14, epochs=200
[2025-07-21 19:56:20,357][__main__][INFO] - Starting training...
[2025-07-21 19:56:20,357][__main__][INFO] - Using device: cuda
[2025-07-21 19:56:20,357][__main__][INFO] - Training 200 epochs of 14 batches (2800 steps): , eval_freq: 50, print_freq: 100
[2025-07-21 19:56:30,193][__main__][INFO] - Step 1 | valid1 MSE : 3973.6270 | valid1 MAE : 54.4978 | valid1 NMSE : 1269.4768 | valid1 RMSE : 0.9507
[2025-07-21 19:56:52,104][__main__][INFO] - Step 100 | valid1 MSE : 3479.8088 | valid1 MAE : 54.9473 | valid1 NMSE : 1111.8094 | valid1 RMSE : 1.3788
[2025-07-21 19:57:14,114][__main__][INFO] - Step 200 | valid1 MSE : 3166.8213 | valid1 MAE : 54.8050 | valid1 NMSE : 1011.9175 | valid1 RMSE : 1.8614
[2025-07-21 19:57:35,633][__main__][INFO] - Step 300 | valid1 MSE : 3052.7585 | valid1 MAE : 54.9186 | valid1 NMSE : 975.5717 | valid1 RMSE : 2.3531
[2025-07-21 19:57:57,673][__main__][INFO] - Step 400 | valid1 MSE : 2755.4563 | valid1 MAE : 52.4159 | valid1 NMSE : 880.6071 | valid1 RMSE : 2.3668
[2025-07-21 19:58:18,787][__main__][INFO] - Step 500 | valid1 MSE : 2744.2300 | valid1 MAE : 52.2994 | valid1 NMSE : 877.0159 | valid1 RMSE : 2.3367
[2025-07-21 19:58:40,246][__main__][INFO] - Step 600 | valid1 MSE : 2644.8213 | valid1 MAE : 51.3556 | valid1 NMSE : 845.2510 | valid1 RMSE : 2.2763
[2025-07-21 19:59:01,248][__main__][INFO] - Step 700 | valid1 MSE : 2606.8679 | valid1 MAE : 51.0431 | valid1 NMSE : 833.1465 | valid1 RMSE : 2.3861
[2025-07-21 19:59:22,210][__main__][INFO] - Step 800 | valid1 MSE : 2616.1096 | valid1 MAE : 50.8795 | valid1 NMSE : 836.0349 | valid1 RMSE : 2.0369
[2025-07-21 19:59:43,551][__main__][INFO] - Step 900 | valid1 MSE : 2884.4648 | valid1 MAE : 53.5600 | valid1 NMSE : 921.8210 | valid1 RMSE : 2.3835
[2025-07-21 20:00:04,871][__main__][INFO] - Step 1000 | valid1 MSE : 2362.0071 | valid1 MAE : 48.5680 | valid1 NMSE : 754.8788 | valid1 RMSE : 2.0956
[2025-07-21 20:00:26,701][__main__][INFO] - Step 1100 | valid1 MSE : 2259.6968 | valid1 MAE : 47.4461 | valid1 NMSE : 722.1663 | valid1 RMSE : 1.9160
[2025-07-21 20:00:47,687][__main__][INFO] - Step 1200 | valid1 MSE : 1930.8824 | valid1 MAE : 43.8953 | valid1 NMSE : 617.0919 | valid1 RMSE : 1.6883
[2025-07-21 20:01:08,663][__main__][INFO] - Step 1300 | valid1 MSE : 1671.9028 | valid1 MAE : 40.7799 | valid1 NMSE : 534.3138 | valid1 RMSE : 1.3938
[2025-07-21 20:01:29,937][__main__][INFO] - Step 1400 | valid1 MSE : 1524.7324 | valid1 MAE : 38.8472 | valid1 NMSE : 487.2676 | valid1 RMSE : 1.2011
[2025-07-21 20:01:52,020][__main__][INFO] - Step 1500 | valid1 MSE : 1310.5255 | valid1 MAE : 36.0380 | valid1 NMSE : 418.8120 | valid1 RMSE : 1.0394
[2025-07-21 20:02:13,016][__main__][INFO] - Step 1600 | valid1 MSE : 979.1091 | valid1 MAE : 31.2637 | valid1 NMSE : 312.9253 | valid1 RMSE : 0.9090
[2025-07-21 20:02:35,428][__main__][INFO] - Step 1700 | valid1 MSE : 1016.4221 | valid1 MAE : 31.8678 | valid1 NMSE : 324.8447 | valid1 RMSE : 0.9261
[2025-07-21 20:02:56,241][__main__][INFO] - Step 1800 | valid1 MSE : 736.5196 | valid1 MAE : 26.8359 | valid1 NMSE : 235.3625 | valid1 RMSE : 0.5238
[2025-07-21 20:03:18,099][__main__][INFO] - Step 1900 | valid1 MSE : 589.1319 | valid1 MAE : 23.9865 | valid1 NMSE : 188.2637 | valid1 RMSE : 0.4176
[2025-07-21 20:03:38,993][__main__][INFO] - Step 2000 | valid1 MSE : 562.7417 | valid1 MAE : 23.3739 | valid1 NMSE : 179.8298 | valid1 RMSE : 0.3876
[2025-07-21 20:04:00,172][__main__][INFO] - Step 2100 | valid1 MSE : 503.9548 | valid1 MAE : 22.1308 | valid1 NMSE : 161.0416 | valid1 RMSE : 0.3431
[2025-07-21 20:04:20,897][__main__][INFO] - Step 2200 | valid1 MSE : 359.3274 | valid1 MAE : 18.5206 | valid1 NMSE : 114.8218 | valid1 RMSE : 0.2231
[2025-07-21 20:04:41,982][__main__][INFO] - Step 2300 | valid1 MSE : 305.4098 | valid1 MAE : 16.4190 | valid1 NMSE : 97.5827 | valid1 RMSE : 0.1328
[2025-07-21 20:05:03,147][__main__][INFO] - Step 2400 | valid1 MSE : 228.8601 | valid1 MAE : 14.4308 | valid1 NMSE : 73.1266 | valid1 RMSE : 0.1133
[2025-07-21 20:05:24,276][__main__][INFO] - Step 2500 | valid1 MSE : 168.2793 | valid1 MAE : 12.3818 | valid1 NMSE : 53.7690 | valid1 RMSE : 0.0831
[2025-07-21 20:05:46,183][__main__][INFO] - Step 2600 | valid1 MSE : 134.0345 | valid1 MAE : 11.0452 | valid1 NMSE : 42.8274 | valid1 RMSE : 0.0670
[2025-07-21 20:06:07,223][__main__][INFO] - Step 2700 | valid1 MSE : 85.4484 | valid1 MAE : 7.9635 | valid1 NMSE : 27.2994 | valid1 RMSE : 0.0212
[2025-07-21 20:06:28,302][__main__][INFO] - Step 2800 | valid1 MSE : 43.8901 | valid1 MAE : 5.8955 | valid1 NMSE : 14.0227 | valid1 RMSE : 0.0140
[2025-07-21 20:06:28,303][__main__][INFO] - Training done in 10.132 min
[2025-07-21 20:06:28,303][__main__][INFO] - Average time per step: 0.217 s
[2025-07-21 20:06:28,555][__main__][INFO] - End of training
[2025-07-21 20:06:32,429][__main__][INFO] - Plotted losses
[2025-07-21 20:06:32,430][__main__][INFO] - Computing test metrics
[2025-07-21 20:06:33,784][__main__][INFO] - Evaluation done in 0.023 min
[2025-07-21 20:06:35,328][__main__][INFO] - Evaluation done in 0.019 min
[2025-07-21 20:06:40,767][__main__][INFO] - Saved plots
[2025-07-21 20:06:40,767][__main__][INFO] - End of script

+-----------------+---------------------+------------------+---------------------------+---------------------------+---------------------------+
|                 | PatchTST_instance   | PatchTST_revin   | cmin_default              | cmin_init                 | cmin_fixed                |
+=================+=====================+==================+===========================+===========================+===========================+
| Test MAE * 1e3  | 71.6030 ± 2.4211    | 67.6689 ± 1.3904 | 8436.3575 ± 2483.6203     | 8436.3575 ± 2483.6203     | 8436.3575 ± 2483.6203     |
+-----------------+---------------------+------------------+---------------------------+---------------------------+---------------------------+
| Test MSE * 1e3  | 7.9643 ± 0.4590     | 7.1285 ± 0.2112  | 86922.4332 ± 42852.3733   | 86922.4332 ± 42852.3733   | 86922.4332 ± 42852.3733   |
+-----------------+---------------------+------------------+---------------------------+---------------------------+---------------------------+
| Test NMSE * 1e4 | 25.4471 ± 1.4251    | 22.7797 ± 0.6334 | 277708.8165 ± 136916.8031 | 277708.8165 ± 136916.8031 | 277708.8165 ± 136916.8031 |
+-----------------+---------------------+------------------+---------------------------+---------------------------+---------------------------+
| Test RMSE * 1e6 | 5.2938 ± 0.3617     | 4.7411 ± 0.1623  | 29262.8330 ± 17004.6130   | 29262.8330 ± 17004.6130   | 29262.8330 ± 17004.6130   |
+-----------------+---------------------+------------------+---------------------------+---------------------------+---------------------------+
+-----------------+---------------------+------------------+---------------------------+---------------------------+---------------------------+
|                 | PatchTST_instance   | PatchTST_revin   | cmin_default              | cmin_init                 | cmin_fixed                |
+=================+=====================+==================+===========================+===========================+===========================+
| Test MAE * 1e3  | 71.3178 ± 2.3794    | 67.3571 ± 1.3584 | 8590.3562 ± 2494.8699     | 8590.3562 ± 2494.8699     | 8590.3562 ± 2494.8699     |
+-----------------+---------------------+------------------+---------------------------+---------------------------+---------------------------+
| Test MSE * 1e3  | 7.8922 ± 0.4479     | 7.0548 ± 0.2024  | 90633.8170 ± 44083.9659   | 90633.8170 ± 44083.9659   | 90633.8170 ± 44083.9659   |
+-----------------+---------------------+------------------+---------------------------+---------------------------+---------------------------+
| Test NMSE * 1e4 | 25.2054 ± 1.3899    | 22.5339 ± 0.6059 | 289505.1956 ± 140818.2010 | 289505.1956 ± 140818.2010 | 289505.1956 ± 140818.2010 |
+-----------------+---------------------+------------------+---------------------------+---------------------------+---------------------------+
| Test RMSE * 1e6 | 5.2536 ± 0.3556     | 4.6961 ± 0.1553  | 29504.6770 ± 17047.8542   | 29504.6770 ± 17047.8542   | 29504.6770 ± 17047.8542   |
+-----------------+---------------------+------------------+---------------------------+---------------------------+---------------------------+
