[2025-07-29 13:01:04,656][__main__][INFO] - =====Running main script=====
[2025-07-29 13:01:04,664][__main__][INFO] - Fetched main configs, save directory : ../outputs/benchmark_min_all/seed_1/PatchTST_instance/
[2025-07-29 13:01:04,664][__main__][INFO] - Model PatchTST, normalization instance, criterion MSE, kwargs {}
[2025-07-29 13:01:04,733][__main__][INFO] - Fetched dataloaders
[2025-07-29 13:01:04,737][__main__][INFO] - Training data shape : ((140, 1, 1000), (140, 1, 1000))
[2025-07-29 13:01:04,737][__main__][INFO] - Batch sizes : X=torch.Size([10, 1, 100]), c=torch.Size([10, 1, 120]), y=torch.Size([10, 1, 20])
[2025-07-29 13:01:08,280][__main__][INFO] - batch_size=10, learning_rate=0.0001, steps per epoch=14, epochs=300
[2025-07-29 13:01:08,280][__main__][INFO] - Starting training...
[2025-07-29 13:01:08,280][__main__][INFO] - Using device: cuda
[2025-07-29 13:01:08,280][__main__][INFO] - Training 300 epochs of 14 batches (4200 steps): , eval_freq: 100, print_freq: 100
[2025-07-29 13:01:19,283][__main__][INFO] - Step 1 | valid1 MSE : 1.0448 | valid1 MAE : 0.8346 | valid1 NMSE : 0.3333 | valid1 RMSE : 0.0009
[2025-07-29 13:01:30,694][__main__][INFO] - Step 100 | valid1 MSE : 0.0218 | valid1 MAE : 0.1184 | valid1 NMSE : 0.0069 | valid1 RMSE : 0.0000
[2025-07-29 13:01:41,981][__main__][INFO] - Step 200 | valid1 MSE : 0.0154 | valid1 MAE : 0.0984 | valid1 NMSE : 0.0049 | valid1 RMSE : 0.0000
[2025-07-29 13:01:53,218][__main__][INFO] - Step 300 | valid1 MSE : 0.0146 | valid1 MAE : 0.0976 | valid1 NMSE : 0.0047 | valid1 RMSE : 0.0000
[2025-07-29 13:02:04,368][__main__][INFO] - Step 400 | valid1 MSE : 0.0120 | valid1 MAE : 0.0872 | valid1 NMSE : 0.0038 | valid1 RMSE : 0.0000
[2025-07-29 13:02:15,722][__main__][INFO] - Step 500 | valid1 MSE : 0.0137 | valid1 MAE : 0.0924 | valid1 NMSE : 0.0044 | valid1 RMSE : 0.0000
[2025-07-29 13:02:26,926][__main__][INFO] - Step 600 | valid1 MSE : 0.0111 | valid1 MAE : 0.0844 | valid1 NMSE : 0.0036 | valid1 RMSE : 0.0000
[2025-07-29 13:02:38,133][__main__][INFO] - Step 700 | valid1 MSE : 0.0118 | valid1 MAE : 0.0862 | valid1 NMSE : 0.0038 | valid1 RMSE : 0.0000
[2025-07-29 13:02:49,450][__main__][INFO] - Step 800 | valid1 MSE : 0.0102 | valid1 MAE : 0.0816 | valid1 NMSE : 0.0033 | valid1 RMSE : 0.0000
[2025-07-29 13:03:00,689][__main__][INFO] - Step 900 | valid1 MSE : 0.0115 | valid1 MAE : 0.0876 | valid1 NMSE : 0.0037 | valid1 RMSE : 0.0000
[2025-07-29 13:03:11,800][__main__][INFO] - Step 1000 | valid1 MSE : 0.0095 | valid1 MAE : 0.0788 | valid1 NMSE : 0.0031 | valid1 RMSE : 0.0000
[2025-07-29 13:03:23,060][__main__][INFO] - Step 1100 | valid1 MSE : 0.0099 | valid1 MAE : 0.0805 | valid1 NMSE : 0.0032 | valid1 RMSE : 0.0000
[2025-07-29 13:03:34,371][__main__][INFO] - Step 1200 | valid1 MSE : 0.0090 | valid1 MAE : 0.0759 | valid1 NMSE : 0.0029 | valid1 RMSE : 0.0000
[2025-07-29 13:03:45,462][__main__][INFO] - Step 1300 | valid1 MSE : 0.0112 | valid1 MAE : 0.0844 | valid1 NMSE : 0.0036 | valid1 RMSE : 0.0000
[2025-07-29 13:03:56,723][__main__][INFO] - Step 1400 | valid1 MSE : 0.0080 | valid1 MAE : 0.0716 | valid1 NMSE : 0.0025 | valid1 RMSE : 0.0000
[2025-07-29 13:04:07,864][__main__][INFO] - Step 1500 | valid1 MSE : 0.0081 | valid1 MAE : 0.0723 | valid1 NMSE : 0.0026 | valid1 RMSE : 0.0000
[2025-07-29 13:04:19,158][__main__][INFO] - Step 1600 | valid1 MSE : 0.0080 | valid1 MAE : 0.0722 | valid1 NMSE : 0.0026 | valid1 RMSE : 0.0000
[2025-07-29 13:04:30,650][__main__][INFO] - Step 1700 | valid1 MSE : 0.0077 | valid1 MAE : 0.0700 | valid1 NMSE : 0.0025 | valid1 RMSE : 0.0000
[2025-07-29 13:04:41,785][__main__][INFO] - Step 1800 | valid1 MSE : 0.0117 | valid1 MAE : 0.0867 | valid1 NMSE : 0.0037 | valid1 RMSE : 0.0000
[2025-07-29 13:04:52,945][__main__][INFO] - Step 1900 | valid1 MSE : 0.0089 | valid1 MAE : 0.0766 | valid1 NMSE : 0.0029 | valid1 RMSE : 0.0000
[2025-07-29 13:05:04,234][__main__][INFO] - Step 2000 | valid1 MSE : 0.0110 | valid1 MAE : 0.0840 | valid1 NMSE : 0.0035 | valid1 RMSE : 0.0000
[2025-07-29 13:05:15,520][__main__][INFO] - Step 2100 | valid1 MSE : 0.0067 | valid1 MAE : 0.0658 | valid1 NMSE : 0.0022 | valid1 RMSE : 0.0000
[2025-07-29 13:05:26,717][__main__][INFO] - Step 2200 | valid1 MSE : 0.0070 | valid1 MAE : 0.0665 | valid1 NMSE : 0.0023 | valid1 RMSE : 0.0000
[2025-07-29 13:05:37,890][__main__][INFO] - Step 2300 | valid1 MSE : 0.0076 | valid1 MAE : 0.0698 | valid1 NMSE : 0.0024 | valid1 RMSE : 0.0000
[2025-07-29 13:05:48,954][__main__][INFO] - Step 2400 | valid1 MSE : 0.0089 | valid1 MAE : 0.0749 | valid1 NMSE : 0.0028 | valid1 RMSE : 0.0000
[2025-07-29 13:06:00,337][__main__][INFO] - Step 2500 | valid1 MSE : 0.0092 | valid1 MAE : 0.0760 | valid1 NMSE : 0.0030 | valid1 RMSE : 0.0000
[2025-07-29 13:06:11,687][__main__][INFO] - Step 2600 | valid1 MSE : 0.0091 | valid1 MAE : 0.0762 | valid1 NMSE : 0.0029 | valid1 RMSE : 0.0000
[2025-07-29 13:06:22,954][__main__][INFO] - Step 2700 | valid1 MSE : 0.0074 | valid1 MAE : 0.0694 | valid1 NMSE : 0.0024 | valid1 RMSE : 0.0000
[2025-07-29 13:06:34,127][__main__][INFO] - Step 2800 | valid1 MSE : 0.0078 | valid1 MAE : 0.0701 | valid1 NMSE : 0.0025 | valid1 RMSE : 0.0000
[2025-07-29 13:06:45,587][__main__][INFO] - Step 2900 | valid1 MSE : 0.0081 | valid1 MAE : 0.0719 | valid1 NMSE : 0.0026 | valid1 RMSE : 0.0000
[2025-07-29 13:06:56,900][__main__][INFO] - Step 3000 | valid1 MSE : 0.0089 | valid1 MAE : 0.0744 | valid1 NMSE : 0.0029 | valid1 RMSE : 0.0000
[2025-07-29 13:07:08,120][__main__][INFO] - Step 3100 | valid1 MSE : 0.0102 | valid1 MAE : 0.0803 | valid1 NMSE : 0.0033 | valid1 RMSE : 0.0000
[2025-07-29 13:07:19,130][__main__][INFO] - Step 3200 | valid1 MSE : 0.0102 | valid1 MAE : 0.0814 | valid1 NMSE : 0.0033 | valid1 RMSE : 0.0000
[2025-07-29 13:07:30,507][__main__][INFO] - Step 3300 | valid1 MSE : 0.0083 | valid1 MAE : 0.0735 | valid1 NMSE : 0.0027 | valid1 RMSE : 0.0000
[2025-07-29 13:07:41,696][__main__][INFO] - Step 3400 | valid1 MSE : 0.0074 | valid1 MAE : 0.0688 | valid1 NMSE : 0.0024 | valid1 RMSE : 0.0000
[2025-07-29 13:07:52,858][__main__][INFO] - Step 3500 | valid1 MSE : 0.0075 | valid1 MAE : 0.0697 | valid1 NMSE : 0.0024 | valid1 RMSE : 0.0000
[2025-07-29 13:08:03,908][__main__][INFO] - Step 3600 | valid1 MSE : 0.0080 | valid1 MAE : 0.0708 | valid1 NMSE : 0.0025 | valid1 RMSE : 0.0000
[2025-07-29 13:08:15,268][__main__][INFO] - Step 3700 | valid1 MSE : 0.0089 | valid1 MAE : 0.0749 | valid1 NMSE : 0.0028 | valid1 RMSE : 0.0000
[2025-07-29 13:08:26,538][__main__][INFO] - Step 3800 | valid1 MSE : 0.0054 | valid1 MAE : 0.0585 | valid1 NMSE : 0.0017 | valid1 RMSE : 0.0000
[2025-07-29 13:08:37,702][__main__][INFO] - Step 3900 | valid1 MSE : 0.0075 | valid1 MAE : 0.0695 | valid1 NMSE : 0.0024 | valid1 RMSE : 0.0000
[2025-07-29 13:08:48,688][__main__][INFO] - Step 4000 | valid1 MSE : 0.0067 | valid1 MAE : 0.0666 | valid1 NMSE : 0.0022 | valid1 RMSE : 0.0000
[2025-07-29 13:09:00,016][__main__][INFO] - Step 4100 | valid1 MSE : 0.0059 | valid1 MAE : 0.0615 | valid1 NMSE : 0.0019 | valid1 RMSE : 0.0000
[2025-07-29 13:09:11,222][__main__][INFO] - Step 4200 | valid1 MSE : 0.0081 | valid1 MAE : 0.0704 | valid1 NMSE : 0.0026 | valid1 RMSE : 0.0000
[2025-07-29 13:09:11,222][__main__][INFO] - Training done in 8.049 min
[2025-07-29 13:09:11,222][__main__][INFO] - Average time per step: 0.115 s
[2025-07-29 13:09:11,252][__main__][INFO] - End of training
[2025-07-29 13:09:12,460][__main__][INFO] - Plotted losses
[2025-07-29 13:09:12,460][__main__][INFO] - Computing test metrics
[2025-07-29 13:09:13,763][__main__][INFO] - Evaluation done in 0.022 min
[2025-07-29 13:09:15,575][__main__][INFO] - Evaluation done in 0.017 min
[2025-07-29 13:09:19,574][__main__][INFO] - Saved plots
[2025-07-29 13:09:19,574][__main__][INFO] - End of script

[2025-07-29 13:09:27,777][__main__][INFO] - =====Running main script=====
[2025-07-29 13:09:27,784][__main__][INFO] - Fetched main configs, save directory : ../outputs/benchmark_min_all/seed_1/PatchTST_revin/
[2025-07-29 13:09:27,785][__main__][INFO] - Model PatchTST, normalization revin, criterion MSE, kwargs {}
[2025-07-29 13:09:27,847][__main__][INFO] - Fetched dataloaders
[2025-07-29 13:09:27,851][__main__][INFO] - Training data shape : ((140, 1, 1000), (140, 1, 1000))
[2025-07-29 13:09:27,851][__main__][INFO] - Batch sizes : X=torch.Size([10, 1, 100]), c=torch.Size([10, 1, 120]), y=torch.Size([10, 1, 20])
[2025-07-29 13:09:31,083][__main__][INFO] - batch_size=10, learning_rate=0.0001, steps per epoch=14, epochs=300
[2025-07-29 13:09:31,083][__main__][INFO] - Starting training...
[2025-07-29 13:09:31,083][__main__][INFO] - Using device: cuda
[2025-07-29 13:09:31,084][__main__][INFO] - Training 300 epochs of 14 batches (4200 steps): , eval_freq: 100, print_freq: 100
[2025-07-29 13:09:41,935][__main__][INFO] - Step 1 | valid1 MSE : 1.0448 | valid1 MAE : 0.8346 | valid1 NMSE : 0.3333 | valid1 RMSE : 0.0009
[2025-07-29 13:09:53,217][__main__][INFO] - Step 100 | valid1 MSE : 0.0214 | valid1 MAE : 0.1174 | valid1 NMSE : 0.0068 | valid1 RMSE : 0.0000
[2025-07-29 13:10:04,494][__main__][INFO] - Step 200 | valid1 MSE : 0.0149 | valid1 MAE : 0.0967 | valid1 NMSE : 0.0048 | valid1 RMSE : 0.0000
[2025-07-29 13:10:15,871][__main__][INFO] - Step 300 | valid1 MSE : 0.0140 | valid1 MAE : 0.0956 | valid1 NMSE : 0.0045 | valid1 RMSE : 0.0000
[2025-07-29 13:10:27,091][__main__][INFO] - Step 400 | valid1 MSE : 0.0117 | valid1 MAE : 0.0862 | valid1 NMSE : 0.0038 | valid1 RMSE : 0.0000
[2025-07-29 13:10:38,441][__main__][INFO] - Step 500 | valid1 MSE : 0.0130 | valid1 MAE : 0.0905 | valid1 NMSE : 0.0042 | valid1 RMSE : 0.0000
[2025-07-29 13:10:49,695][__main__][INFO] - Step 600 | valid1 MSE : 0.0105 | valid1 MAE : 0.0816 | valid1 NMSE : 0.0033 | valid1 RMSE : 0.0000
[2025-07-29 13:11:01,168][__main__][INFO] - Step 700 | valid1 MSE : 0.0111 | valid1 MAE : 0.0840 | valid1 NMSE : 0.0036 | valid1 RMSE : 0.0000
[2025-07-29 13:11:12,669][__main__][INFO] - Step 800 | valid1 MSE : 0.0097 | valid1 MAE : 0.0796 | valid1 NMSE : 0.0031 | valid1 RMSE : 0.0000
[2025-07-29 13:11:23,954][__main__][INFO] - Step 900 | valid1 MSE : 0.0107 | valid1 MAE : 0.0842 | valid1 NMSE : 0.0034 | valid1 RMSE : 0.0000
[2025-07-29 13:11:35,114][__main__][INFO] - Step 1000 | valid1 MSE : 0.0090 | valid1 MAE : 0.0762 | valid1 NMSE : 0.0029 | valid1 RMSE : 0.0000
[2025-07-29 13:11:46,368][__main__][INFO] - Step 1100 | valid1 MSE : 0.0093 | valid1 MAE : 0.0777 | valid1 NMSE : 0.0030 | valid1 RMSE : 0.0000
[2025-07-29 13:11:57,764][__main__][INFO] - Step 1200 | valid1 MSE : 0.0087 | valid1 MAE : 0.0746 | valid1 NMSE : 0.0028 | valid1 RMSE : 0.0000
[2025-07-29 13:12:08,894][__main__][INFO] - Step 1300 | valid1 MSE : 0.0104 | valid1 MAE : 0.0810 | valid1 NMSE : 0.0033 | valid1 RMSE : 0.0000
[2025-07-29 13:12:20,273][__main__][INFO] - Step 1400 | valid1 MSE : 0.0072 | valid1 MAE : 0.0680 | valid1 NMSE : 0.0023 | valid1 RMSE : 0.0000
[2025-07-29 13:12:31,536][__main__][INFO] - Step 1500 | valid1 MSE : 0.0075 | valid1 MAE : 0.0694 | valid1 NMSE : 0.0024 | valid1 RMSE : 0.0000
[2025-07-29 13:12:42,949][__main__][INFO] - Step 1600 | valid1 MSE : 0.0073 | valid1 MAE : 0.0688 | valid1 NMSE : 0.0023 | valid1 RMSE : 0.0000
[2025-07-29 13:12:54,358][__main__][INFO] - Step 1700 | valid1 MSE : 0.0075 | valid1 MAE : 0.0694 | valid1 NMSE : 0.0024 | valid1 RMSE : 0.0000
[2025-07-29 13:13:05,780][__main__][INFO] - Step 1800 | valid1 MSE : 0.0100 | valid1 MAE : 0.0801 | valid1 NMSE : 0.0032 | valid1 RMSE : 0.0000
[2025-07-29 13:13:16,906][__main__][INFO] - Step 1900 | valid1 MSE : 0.0082 | valid1 MAE : 0.0732 | valid1 NMSE : 0.0026 | valid1 RMSE : 0.0000
[2025-07-29 13:13:28,228][__main__][INFO] - Step 2000 | valid1 MSE : 0.0092 | valid1 MAE : 0.0770 | valid1 NMSE : 0.0029 | valid1 RMSE : 0.0000
[2025-07-29 13:13:39,577][__main__][INFO] - Step 2100 | valid1 MSE : 0.0066 | valid1 MAE : 0.0648 | valid1 NMSE : 0.0021 | valid1 RMSE : 0.0000
[2025-07-29 13:13:51,042][__main__][INFO] - Step 2200 | valid1 MSE : 0.0062 | valid1 MAE : 0.0624 | valid1 NMSE : 0.0020 | valid1 RMSE : 0.0000
[2025-07-29 13:14:02,465][__main__][INFO] - Step 2300 | valid1 MSE : 0.0068 | valid1 MAE : 0.0662 | valid1 NMSE : 0.0022 | valid1 RMSE : 0.0000
[2025-07-29 13:14:13,578][__main__][INFO] - Step 2400 | valid1 MSE : 0.0078 | valid1 MAE : 0.0708 | valid1 NMSE : 0.0025 | valid1 RMSE : 0.0000
[2025-07-29 13:14:25,056][__main__][INFO] - Step 2500 | valid1 MSE : 0.0083 | valid1 MAE : 0.0725 | valid1 NMSE : 0.0027 | valid1 RMSE : 0.0000
[2025-07-29 13:14:36,340][__main__][INFO] - Step 2600 | valid1 MSE : 0.0078 | valid1 MAE : 0.0707 | valid1 NMSE : 0.0025 | valid1 RMSE : 0.0000
[2025-07-29 13:14:47,633][__main__][INFO] - Step 2700 | valid1 MSE : 0.0068 | valid1 MAE : 0.0663 | valid1 NMSE : 0.0022 | valid1 RMSE : 0.0000
[2025-07-29 13:14:58,761][__main__][INFO] - Step 2800 | valid1 MSE : 0.0073 | valid1 MAE : 0.0677 | valid1 NMSE : 0.0023 | valid1 RMSE : 0.0000
[2025-07-29 13:15:10,202][__main__][INFO] - Step 2900 | valid1 MSE : 0.0070 | valid1 MAE : 0.0668 | valid1 NMSE : 0.0022 | valid1 RMSE : 0.0000
[2025-07-29 13:15:21,444][__main__][INFO] - Step 3000 | valid1 MSE : 0.0071 | valid1 MAE : 0.0661 | valid1 NMSE : 0.0023 | valid1 RMSE : 0.0000
[2025-07-29 13:15:32,686][__main__][INFO] - Step 3100 | valid1 MSE : 0.0085 | valid1 MAE : 0.0731 | valid1 NMSE : 0.0027 | valid1 RMSE : 0.0000
[2025-07-29 13:15:43,816][__main__][INFO] - Step 3200 | valid1 MSE : 0.0081 | valid1 MAE : 0.0722 | valid1 NMSE : 0.0026 | valid1 RMSE : 0.0000
[2025-07-29 13:15:55,244][__main__][INFO] - Step 3300 | valid1 MSE : 0.0065 | valid1 MAE : 0.0646 | valid1 NMSE : 0.0021 | valid1 RMSE : 0.0000
[2025-07-29 13:16:06,516][__main__][INFO] - Step 3400 | valid1 MSE : 0.0067 | valid1 MAE : 0.0651 | valid1 NMSE : 0.0021 | valid1 RMSE : 0.0000
[2025-07-29 13:16:17,747][__main__][INFO] - Step 3500 | valid1 MSE : 0.0066 | valid1 MAE : 0.0654 | valid1 NMSE : 0.0021 | valid1 RMSE : 0.0000
[2025-07-29 13:16:28,872][__main__][INFO] - Step 3600 | valid1 MSE : 0.0072 | valid1 MAE : 0.0676 | valid1 NMSE : 0.0023 | valid1 RMSE : 0.0000
[2025-07-29 13:16:40,377][__main__][INFO] - Step 3700 | valid1 MSE : 0.0077 | valid1 MAE : 0.0701 | valid1 NMSE : 0.0025 | valid1 RMSE : 0.0000
