[2025-09-05 12:48:54,777][__main__][INFO] - =====Running train script=====
[2025-09-05 12:48:55,027][__main__][INFO] - Fetched main configs, save directory : ../outputs/fed/seed_1/revin_jointTrue/
[2025-09-05 12:48:55,027][__main__][INFO] - Model PatchTST, normalization revin, criterion NMSE, kwargs {'latent': False}
[2025-09-05 12:48:55,027][__main__][INFO] - Training FedmIN (local modulations)
[2025-09-05 12:48:55,105][__main__][INFO] - Fetched dataloaders
[2025-09-05 12:48:55,105][__main__][INFO] - Splits shapes:
node0	((70, 1, 1000), (70, 1, 1000))
node1	((70, 1, 1000), (70, 1, 1000))
[2025-09-05 12:48:57,595][__main__][INFO] - Built all nodes
[2025-09-05 12:48:57,595][__main__][INFO] - Starting training...
debug, received beta tensor([[[0.]]])
debug, received beta tensor([[[0.]]])
debug, update beta tensor([[[-0.0002]]], device='cuda:0')
debug, sent beta tensor([[[0.]]], device='cuda:0')
debug, update beta tensor([[[0.0002]]], device='cuda:0')
debug, sent beta tensor([[[0.]]], device='cuda:0')
Round 1 done
debug, received beta tensor([[[0.]]])
debug, received beta tensor([[[0.]]])
debug, update beta tensor([[[-0.0005]]], device='cuda:0')
debug, sent beta tensor([[[0.]]], device='cuda:0')
debug, update beta tensor([[[0.0005]]], device='cuda:0')
debug, sent beta tensor([[[0.]]], device='cuda:0')
Round 2 done
debug, received beta tensor([[[0.]]])
debug, received beta tensor([[[0.]]])
debug, update beta tensor([[[-0.0007]]], device='cuda:0')
debug, sent beta tensor([[[0.]]], device='cuda:0')
debug, update beta tensor([[[0.0007]]], device='cuda:0')
debug, sent beta tensor([[[0.]]], device='cuda:0')
Round 3 done
debug, received beta tensor([[[0.]]])
debug, received beta tensor([[[0.]]])
debug, update beta tensor([[[-0.0008]]], device='cuda:0')
debug, sent beta tensor([[[0.]]], device='cuda:0')
debug, update beta tensor([[[0.0008]]], device='cuda:0')
debug, sent beta tensor([[[0.]]], device='cuda:0')
Round 4 done
debug, received beta tensor([[[0.]]])
debug, received beta tensor([[[0.]]])
debug, update beta tensor([[[-0.0008]]], device='cuda:0')
debug, sent beta tensor([[[0.]]], device='cuda:0')
debug, update beta tensor([[[0.0008]]], device='cuda:0')
debug, sent beta tensor([[[0.]]], device='cuda:0')
Round 5 done
debug, received beta tensor([[[0.]]])
debug, received beta tensor([[[0.]]])
debug, update beta tensor([[[-0.0008]]], device='cuda:0')
debug, sent beta tensor([[[0.]]], device='cuda:0')
debug, update beta tensor([[[0.0009]]], device='cuda:0')
debug, sent beta tensor([[[0.]]], device='cuda:0')
Round 6 done
debug, received beta tensor([[[0.]]])
debug, received beta tensor([[[0.]]])
debug, update beta tensor([[[-0.0008]]], device='cuda:0')
debug, sent beta tensor([[[0.]]], device='cuda:0')
debug, update beta tensor([[[0.0009]]], device='cuda:0')
debug, sent beta tensor([[[0.]]], device='cuda:0')
Round 7 done
debug, received beta tensor([[[0.]]])
debug, received beta tensor([[[0.]]])
debug, update beta tensor([[[-0.0008]]], device='cuda:0')
debug, sent beta tensor([[[0.]]], device='cuda:0')
debug, update beta tensor([[[0.0009]]], device='cuda:0')
debug, sent beta tensor([[[0.]]], device='cuda:0')
Round 8 done
debug, received beta tensor([[[0.]]])
debug, received beta tensor([[[0.]]])
debug, update beta tensor([[[-0.0009]]], device='cuda:0')
debug, sent beta tensor([[[0.]]], device='cuda:0')
debug, update beta tensor([[[0.0009]]], device='cuda:0')
debug, sent beta tensor([[[0.]]], device='cuda:0')
Round 9 done
debug, received beta tensor([[[0.]]])
debug, received beta tensor([[[0.]]])
debug, update beta tensor([[[-0.0008]]], device='cuda:0')
debug, sent beta tensor([[[0.]]], device='cuda:0')
debug, update beta tensor([[[0.0009]]], device='cuda:0')
debug, sent beta tensor([[[0.]]], device='cuda:0')
Round 10 done
debug, received beta tensor([[[0.]]])
debug, received beta tensor([[[0.]]])
Node 0 done
Node 1 done
Last fine-tuning done
debug assigned last model, beta: -0.0008506298
debug assigned last model, beta: 0.00090814836
[2025-09-05 12:56:26,693][__main__][INFO] - Finished
[2025-09-05 12:56:28,694][__main__][INFO] - Saved plots
[2025-09-05 12:56:28,694][__main__][INFO] - Computing test metrics
[2025-09-05 12:56:29,020][__main__][INFO] - Final global modulations: {'beta': np.float32(0.0), 'alpha': np.float32(1.0)}
[2025-09-05 12:56:29,020][__main__][INFO] - Final global modulations node0: {'beta': np.float32(-0.0008506298), 'alpha': np.float32(1.0015626)}
[2025-09-05 12:56:29,020][__main__][INFO] - Final global modulations node1: {'beta': np.float32(0.00090814836), 'alpha': np.float32(1.0015641)}
[2025-09-05 12:56:29,020][__main__][INFO] - End of script

[2025-09-05 12:56:35,749][__main__][INFO] - =====Running train script=====
[2025-09-05 12:56:35,991][__main__][INFO] - Fetched main configs, save directory : ../outputs/fed/seed_1/mIN_jointTrue/
[2025-09-05 12:56:35,991][__main__][INFO] - Model PatchTST, normalization mIN, criterion NMSE, kwargs {'last': False, 'latent': False, 'init_beta': False, 'fixed_beta': False, 'init_alpha': False, 'fixed_alpha': False, 'use_gamma': False, 'inverse_gamma': False}
[2025-09-05 12:56:35,992][__main__][INFO] - Training FedmIN (local modulations)
[2025-09-05 12:56:36,073][__main__][INFO] - Fetched dataloaders
[2025-09-05 12:56:36,073][__main__][INFO] - Splits shapes:
node0	((70, 1, 1000), (70, 1, 1000))
node1	((70, 1, 1000), (70, 1, 1000))
[2025-09-05 12:56:38,463][__main__][INFO] - Built all nodes
[2025-09-05 12:56:38,463][__main__][INFO] - Starting training...
debug, received beta tensor([[[0.]]])
debug, received beta tensor([[[0.]]])
debug, update beta tensor([[[0.0002]]], device='cuda:0')
debug, sent beta tensor([[[0.]]], device='cuda:0')
debug, update beta tensor([[[-0.0002]]], device='cuda:0')
debug, sent beta tensor([[[0.]]], device='cuda:0')
Round 1 done
debug, received beta tensor([[[0.]]])
debug, received beta tensor([[[0.]]])
debug, update beta tensor([[[0.0005]]], device='cuda:0')
debug, sent beta tensor([[[0.]]], device='cuda:0')
debug, update beta tensor([[[-0.0005]]], device='cuda:0')
debug, sent beta tensor([[[0.]]], device='cuda:0')
Round 2 done
debug, received beta tensor([[[0.]]])
debug, received beta tensor([[[0.]]])
debug, update beta tensor([[[0.0007]]], device='cuda:0')
debug, sent beta tensor([[[0.]]], device='cuda:0')
debug, update beta tensor([[[-0.0007]]], device='cuda:0')
debug, sent beta tensor([[[0.]]], device='cuda:0')
Round 3 done
debug, received beta tensor([[[0.]]])
debug, received beta tensor([[[0.]]])
debug, update beta tensor([[[0.0008]]], device='cuda:0')
debug, sent beta tensor([[[0.]]], device='cuda:0')
debug, update beta tensor([[[-0.0008]]], device='cuda:0')
debug, sent beta tensor([[[0.]]], device='cuda:0')
Round 4 done
debug, received beta tensor([[[0.]]])
debug, received beta tensor([[[0.]]])
debug, update beta tensor([[[0.0007]]], device='cuda:0')
debug, sent beta tensor([[[0.]]], device='cuda:0')
debug, update beta tensor([[[-0.0007]]], device='cuda:0')
debug, sent beta tensor([[[0.]]], device='cuda:0')
Round 5 done
debug, received beta tensor([[[0.]]])
debug, received beta tensor([[[0.]]])
debug, update beta tensor([[[0.0007]]], device='cuda:0')
debug, sent beta tensor([[[0.]]], device='cuda:0')
debug, update beta tensor([[[-0.0007]]], device='cuda:0')
debug, sent beta tensor([[[0.]]], device='cuda:0')
Round 6 done
debug, received beta tensor([[[0.]]])
debug, received beta tensor([[[0.]]])
debug, update beta tensor([[[0.0006]]], device='cuda:0')
debug, sent beta tensor([[[0.]]], device='cuda:0')
debug, update beta tensor([[[-0.0006]]], device='cuda:0')
debug, sent beta tensor([[[0.]]], device='cuda:0')
Round 7 done
debug, received beta tensor([[[0.]]])
debug, received beta tensor([[[0.]]])
debug, update beta tensor([[[0.0006]]], device='cuda:0')
debug, sent beta tensor([[[0.]]], device='cuda:0')
debug, update beta tensor([[[-0.0006]]], device='cuda:0')
debug, sent beta tensor([[[0.]]], device='cuda:0')
Round 8 done
debug, received beta tensor([[[0.]]])
debug, received beta tensor([[[0.]]])
debug, update beta tensor([[[0.0006]]], device='cuda:0')
debug, sent beta tensor([[[0.]]], device='cuda:0')
debug, update beta tensor([[[-0.0005]]], device='cuda:0')
debug, sent beta tensor([[[0.]]], device='cuda:0')
Round 9 done
debug, received beta tensor([[[0.]]])
debug, received beta tensor([[[0.]]])
debug, update beta tensor([[[0.0005]]], device='cuda:0')
debug, sent beta tensor([[[0.]]], device='cuda:0')
debug, update beta tensor([[[-0.0005]]], device='cuda:0')
debug, sent beta tensor([[[0.]]], device='cuda:0')
Round 10 done
debug, received beta tensor([[[0.]]])
debug, received beta tensor([[[0.]]])
Node 0 done
Node 1 done
Last fine-tuning done
debug assigned last model, beta: 0.00044609263
debug assigned last model, beta: -0.0004659198
[2025-09-05 13:04:04,596][__main__][INFO] - Finished
[2025-09-05 13:04:06,526][__main__][INFO] - Saved plots
[2025-09-05 13:04:06,527][__main__][INFO] - Computing test metrics
[2025-09-05 13:04:06,740][__main__][INFO] - Final global modulations: {'beta': np.float32(0.0), 'alpha': np.float32(1.0)}
[2025-09-05 13:04:06,740][__main__][INFO] - Final global modulations node0: {'beta': np.float32(0.00044609263), 'alpha': np.float32(0.99846053)}
[2025-09-05 13:04:06,740][__main__][INFO] - Final global modulations node1: {'beta': np.float32(-0.0004659198), 'alpha': np.float32(0.9984529)}
[2025-09-05 13:04:06,740][__main__][INFO] - End of script

[2025-09-05 13:04:13,633][__main__][INFO] - =====Running train script=====
[2025-09-05 13:04:13,910][__main__][INFO] - Fetched main configs, save directory : ../outputs/fed/seed_1/revin_jointFalse/
[2025-09-05 13:04:13,910][__main__][INFO] - Model PatchTST, normalization revin, criterion NMSE, kwargs {'latent': False}
[2025-09-05 13:04:13,910][__main__][INFO] - Training FedAvg
[2025-09-05 13:04:13,987][__main__][INFO] - Fetched dataloaders
[2025-09-05 13:04:13,987][__main__][INFO] - Splits shapes:
node0	((70, 1, 1000), (70, 1, 1000))
node1	((70, 1, 1000), (70, 1, 1000))
[2025-09-05 13:04:16,440][__main__][INFO] - Built all nodes
[2025-09-05 13:04:16,440][__main__][INFO] - Starting training...
Round 1 done
Round 2 done
Round 3 done
Round 4 done
Round 5 done
Round 6 done
Round 7 done
Round 8 done
Round 9 done
Round 10 done
Node 0 done
Node 1 done
Last fine-tuning done
debug assigned last model, beta: -9.670232e-07
debug assigned last model, beta: 5.915575e-05
[2025-09-05 13:11:42,750][__main__][INFO] - Finished
[2025-09-05 13:11:44,693][__main__][INFO] - Saved plots
[2025-09-05 13:11:44,694][__main__][INFO] - Computing test metrics
[2025-09-05 13:11:44,907][__main__][INFO] - Final global modulations: {'beta': np.float32(2.2872291e-05), 'alpha': np.float32(1.0013149)}
[2025-09-05 13:11:44,907][__main__][INFO] - Final global modulations node0: {'beta': np.float32(-9.670232e-07), 'alpha': np.float32(1.0015649)}
[2025-09-05 13:11:44,907][__main__][INFO] - Final global modulations node1: {'beta': np.float32(5.915575e-05), 'alpha': np.float32(1.0015622)}
[2025-09-05 13:11:44,907][__main__][INFO] - End of script

[2025-09-05 13:11:51,481][__main__][INFO] - =====Running train script=====
[2025-09-05 13:11:51,698][__main__][INFO] - Fetched main configs, save directory : ../outputs/fed/seed_1/mIN_jointFalse/
[2025-09-05 13:11:51,698][__main__][INFO] - Model PatchTST, normalization mIN, criterion NMSE, kwargs {'last': False, 'latent': False, 'init_beta': False, 'fixed_beta': False, 'init_alpha': False, 'fixed_alpha': False, 'use_gamma': False, 'inverse_gamma': False}
[2025-09-05 13:11:51,698][__main__][INFO] - Training FedAvg
[2025-09-05 13:11:51,780][__main__][INFO] - Fetched dataloaders
[2025-09-05 13:11:51,781][__main__][INFO] - Splits shapes:
node0	((70, 1, 1000), (70, 1, 1000))
node1	((70, 1, 1000), (70, 1, 1000))
[2025-09-05 13:11:54,321][__main__][INFO] - Built all nodes
[2025-09-05 13:11:54,321][__main__][INFO] - Starting training...
Round 1 done
Round 2 done
Round 3 done
Round 4 done
Round 5 done
Round 6 done
Round 7 done
Round 8 done
Round 9 done
Round 10 done
Node 0 done
Node 1 done
Last fine-tuning done
debug assigned last model, beta: -2.9737326e-05
debug assigned last model, beta: 9.9617155e-06
[2025-09-05 13:19:20,081][__main__][INFO] - Finished
[2025-09-05 13:19:21,977][__main__][INFO] - Saved plots
[2025-09-05 13:19:21,977][__main__][INFO] - Computing test metrics
[2025-09-05 13:19:22,185][__main__][INFO] - Final global modulations: {'beta': np.float32(-2.4802612e-06), 'alpha': np.float32(0.99870527)}
[2025-09-05 13:19:22,185][__main__][INFO] - Final global modulations node0: {'beta': np.float32(-2.9737326e-05), 'alpha': np.float32(0.99845535)}
[2025-09-05 13:19:22,186][__main__][INFO] - Final global modulations node1: {'beta': np.float32(9.9617155e-06), 'alpha': np.float32(0.99845827)}
[2025-09-05 13:19:22,186][__main__][INFO] - End of script

==Table of ../outputs/fed/seed_1/==
+--------------------------+-------------------+-----------------+--------------------+------------------+
|                          |   revin_jointTrue |   mIN_jointTrue |   revin_jointFalse |   mIN_jointFalse |
+==========================+===================+=================+====================+==================+
| Global MSE * 1e2         |            0.4525 |          0.4524 |             0.4525 |           0.4524 |
+--------------------------+-------------------+-----------------+--------------------+------------------+
| Tuned Uniform MSE * 1e2  |            0.5610 |          0.5596 |             0.5611 |           0.5596 |
+--------------------------+-------------------+-----------------+--------------------+------------------+
| Tuned Weighted MSE * 1e2 |            0.5610 |          0.5596 |             0.5611 |           0.5596 |
+--------------------------+-------------------+-----------------+--------------------+------------------+
| Tuned Flop10 MSE * 1e2   |            0.6023 |          0.6006 |             0.6024 |           0.6006 |
+--------------------------+-------------------+-----------------+--------------------+------------------+
| Flat Uniform MSE * 1e2   |            0.6812 |          0.6851 |             0.6823 |           0.6820 |
+--------------------------+-------------------+-----------------+--------------------+------------------+
| Flat Weighted MSE * 1e2  |            0.6812 |          0.6851 |             0.6823 |           0.6820 |
+--------------------------+-------------------+-----------------+--------------------+------------------+
| Flat Flop10 MSE * 1e2    |            0.6936 |          0.6942 |             0.6936 |           0.6936 |
+--------------------------+-------------------+-----------------+--------------------+------------------+
==Table of ../outputs/fed/seed_1/==
+---------------------------+-------------------+-----------------+--------------------+------------------+
|                           |   revin_jointTrue |   mIN_jointTrue |   revin_jointFalse |   mIN_jointFalse |
+===========================+===================+=================+====================+==================+
| Global NMSE * 1e2         |            0.3126 |          0.3125 |             0.3126 |           0.3125 |
+---------------------------+-------------------+-----------------+--------------------+------------------+
| Tuned Uniform NMSE * 1e2  |            0.3873 |          0.3863 |             0.3873 |           0.3863 |
+---------------------------+-------------------+-----------------+--------------------+------------------+
| Tuned Weighted NMSE * 1e2 |            0.3873 |          0.3863 |             0.3873 |           0.3863 |
+---------------------------+-------------------+-----------------+--------------------+------------------+
| Tuned Flop10 NMSE * 1e2   |            0.4151 |          0.4140 |             0.4152 |           0.4139 |
+---------------------------+-------------------+-----------------+--------------------+------------------+
| Flat Uniform NMSE * 1e2   |            0.4705 |          0.4731 |             0.4712 |           0.4710 |
+---------------------------+-------------------+-----------------+--------------------+------------------+
| Flat Weighted NMSE * 1e2  |            0.4705 |          0.4731 |             0.4712 |           0.4710 |
+---------------------------+-------------------+-----------------+--------------------+------------------+
| Flat Flop10 NMSE * 1e2    |            0.4797 |          0.4801 |             0.4797 |           0.4797 |
+---------------------------+-------------------+-----------------+--------------------+------------------+
