[2025-09-05 12:42:13,612][__main__][INFO] - =====Running train script=====
[2025-09-05 12:42:13,941][__main__][INFO] - Fetched main configs, save directory : ../outputs/fed_big/seed_1/mIN_jointTrue/
[2025-09-05 12:42:13,941][__main__][INFO] - Model PatchTST, normalization mIN, criterion NMSE, kwargs {'last': False, 'latent': False, 'init_beta': False, 'fixed_beta': False, 'init_alpha': False, 'fixed_alpha': False, 'use_gamma': False, 'inverse_gamma': False}
[2025-09-05 12:42:13,941][__main__][INFO] - Training FedmIN (local modulations)
[2025-09-05 12:42:21,763][__main__][INFO] - Fetched dataloaders
[2025-09-05 12:42:21,764][__main__][INFO] - Splits shapes:
node0	(1, 1, 13152)
node1	(1, 1, 13152)
node2	(1, 1, 13152)
node3	(1, 1, 13152)
node4	(1, 1, 13152)
node5	(1, 1, 13152)
node6	(1, 1, 13152)
node7	(1, 1, 13152)
node8	(1, 1, 13152)
node9	(1, 1, 13152)
node10	(1, 1, 13152)
node11	(1, 1, 13152)
node12	(1, 1, 13152)
node13	(1, 1, 13152)
node14	(1, 1, 13152)
node15	(1, 1, 13152)
node16	(1, 1, 13152)
node17	(1, 1, 13152)
node18	(1, 1, 13152)
node19	(1, 1, 13152)
node20	(1, 1, 13152)
node21	(1, 1, 13152)
node22	(1, 1, 13152)
node23	(1, 1, 13152)
node24	(1, 1, 13152)
node25	(1, 1, 13152)
node26	(1, 1, 13152)
node27	(1, 1, 13152)
node28	(1, 1, 13152)
node29	(1, 1, 13152)
node30	(1, 1, 13152)
node31	(1, 1, 13152)
node32	(1, 1, 13152)
node33	(1, 1, 13152)
node34	(1, 1, 13152)
node35	(1, 1, 13152)
node36	(1, 1, 13152)
node37	(1, 1, 13152)
node38	(1, 1, 13152)
node39	(1, 1, 13152)
node40	(1, 1, 13152)
node41	(1, 1, 13152)
node42	(1, 1, 13152)
node43	(1, 1, 13152)
node44	(1, 1, 13152)
node45	(1, 1, 13152)
node46	(1, 1, 13152)
node47	(1, 1, 13152)
node48	(1, 1, 13152)
node49	(1, 1, 13152)
node50	(1, 1, 13152)
node51	(1, 1, 13152)
node52	(1, 1, 13152)
node53	(1, 1, 13152)
node54	(1, 1, 13152)
node55	(1, 1, 13152)
node56	(1, 1, 13152)
node57	(1, 1, 13152)
node58	(1, 1, 13152)
node59	(1, 1, 13152)
node60	(1, 1, 13152)
node61	(1, 1, 13152)
node62	(1, 1, 13152)
node63	(1, 1, 13152)
node64	(1, 1, 13152)
node65	(1, 1, 13152)
node66	(1, 1, 13152)
node67	(1, 1, 13152)
node68	(1, 1, 13152)
node69	(1, 1, 13152)
node70	(1, 1, 13152)
node71	(1, 1, 13152)
node72	(1, 1, 13152)
node73	(1, 1, 13152)
node74	(1, 1, 13152)
node75	(1, 1, 13152)
node76	(1, 1, 13152)
node77	(1, 1, 13152)
node78	(1, 1, 13152)
node79	(1, 1, 13152)
node80	(1, 1, 13152)
node81	(1, 1, 13152)
node82	(1, 1, 13152)
node83	(1, 1, 13152)
node84	(1, 1, 13152)
node85	(1, 1, 13152)
node86	(1, 1, 13152)
node87	(1, 1, 13152)
node88	(1, 1, 13152)
node89	(1, 1, 13152)
node90	(1, 1, 13152)
node91	(1, 1, 13152)
node92	(1, 1, 13152)
node93	(1, 1, 13152)
node94	(1, 1, 13152)
node95	(1, 1, 13152)
node96	(1, 1, 13152)
node97	(1, 1, 13152)
node98	(1, 1, 13152)
node99	(1, 1, 13152)
node100	(1, 1, 13152)
node101	(1, 1, 13152)
node102	(1, 1, 13152)
node103	(1, 1, 13152)
node104	(1, 1, 13152)
node105	(1, 1, 13152)
node106	(1, 1, 13152)
node107	(1, 1, 13152)
node108	(1, 1, 13152)
node109	(1, 1, 13152)
node110	(1, 1, 13152)
node111	(1, 1, 13152)
node112	(1, 1, 13152)
node113	(1, 1, 13152)
node114	(1, 1, 13152)
node115	(1, 1, 13152)
node116	(1, 1, 13152)
node117	(1, 1, 13152)
node118	(1, 1, 13152)
node119	(1, 1, 13152)
node120	(1, 1, 13152)
node121	(1, 1, 13152)
node122	(1, 1, 13152)
node123	(1, 1, 13152)
node124	(1, 1, 13152)
node125	(1, 1, 13152)
node126	(1, 1, 13152)
node127	(1, 1, 13152)
node128	(1, 1, 13152)
node129	(1, 1, 13152)
node130	(1, 1, 13152)
node131	(1, 1, 13152)
node132	(1, 1, 13152)
node133	(1, 1, 13152)
node134	(1, 1, 13152)
node135	(1, 1, 13152)
node136	(1, 1, 13152)
node137	(1, 1, 13152)
node138	(1, 1, 13152)
node139	(1, 1, 13152)
node140	(1, 1, 13152)
node141	(1, 1, 13152)
node142	(1, 1, 13152)
node143	(1, 1, 13152)
node144	(1, 1, 13152)
node145	(1, 1, 13152)
node146	(1, 1, 13152)
node147	(1, 1, 13152)
node148	(1, 1, 13152)
node149	(1, 1, 13152)
node150	(1, 1, 13152)
node151	(1, 1, 13152)
node152	(1, 1, 13152)
node153	(1, 1, 13152)
node154	(1, 1, 13152)
node155	(1, 1, 13152)
node156	(1, 1, 13152)
node157	(1, 1, 13152)
node158	(1, 1, 13152)
node159	(1, 1, 13152)
node160	(1, 1, 13152)
node161	(1, 1, 13152)
node162	(1, 1, 13152)
node163	(1, 1, 13152)
node164	(1, 1, 13152)
node165	(1, 1, 13152)
node166	(1, 1, 13152)
node167	(1, 1, 13152)
node168	(1, 1, 13152)
node169	(1, 1, 13152)
node170	(1, 1, 13152)
node171	(1, 1, 13152)
node172	(1, 1, 13152)
node173	(1, 1, 13152)
node174	(1, 1, 13152)
node175	(1, 1, 13152)
node176	(1, 1, 13152)
node177	(1, 1, 13152)
node178	(1, 1, 13152)
node179	(1, 1, 13152)
node180	(1, 1, 13152)
node181	(1, 1, 13152)
node182	(1, 1, 13152)
node183	(1, 1, 13152)
node184	(1, 1, 13152)
node185	(1, 1, 13152)
node186	(1, 1, 13152)
node187	(1, 1, 13152)
node188	(1, 1, 13152)
node189	(1, 1, 13152)
node190	(1, 1, 13152)
node191	(1, 1, 13152)
node192	(1, 1, 13152)
node193	(1, 1, 13152)
node194	(1, 1, 13152)
node195	(1, 1, 13152)
node196	(1, 1, 13152)
node197	(1, 1, 13152)
node198	(1, 1, 13152)
node199	(1, 1, 13152)
node200	(1, 1, 13152)
node201	(1, 1, 13152)
node202	(1, 1, 13152)
node203	(1, 1, 13152)
node204	(1, 1, 13152)
node205	(1, 1, 13152)
node206	(1, 1, 13152)
node207	(1, 1, 13152)
node208	(1, 1, 13152)
node209	(1, 1, 13152)
node210	(1, 1, 13152)
node211	(1, 1, 13152)
node212	(1, 1, 13152)
node213	(1, 1, 13152)
node214	(1, 1, 13152)
node215	(1, 1, 13152)
node216	(1, 1, 13152)
node217	(1, 1, 13152)
node218	(1, 1, 13152)
node219	(1, 1, 13152)
node220	(1, 1, 13152)
node221	(1, 1, 13152)
node222	(1, 1, 13152)
node223	(1, 1, 13152)
node224	(1, 1, 13152)
node225	(1, 1, 13152)
node226	(1, 1, 13152)
node227	(1, 1, 13152)
node228	(1, 1, 13152)
node229	(1, 1, 13152)
node230	(1, 1, 13152)
node231	(1, 1, 13152)
node232	(1, 1, 13152)
node233	(1, 1, 13152)
node234	(1, 1, 13152)
node235	(1, 1, 13152)
node236	(1, 1, 13152)
node237	(1, 1, 13152)
node238	(1, 1, 13152)
node239	(1, 1, 13152)
node240	(1, 1, 13152)
node241	(1, 1, 13152)
node242	(1, 1, 13152)
node243	(1, 1, 13152)
node244	(1, 1, 13152)
node245	(1, 1, 13152)
node246	(1, 1, 13152)
node247	(1, 1, 13152)
node248	(1, 1, 13152)
node249	(1, 1, 13152)
node250	(1, 1, 13152)
node251	(1, 1, 13152)
node252	(1, 1, 13152)
node253	(1, 1, 13152)
node254	(1, 1, 13152)
node255	(1, 1, 13152)
node256	(1, 1, 13152)
node257	(1, 1, 13152)
node258	(1, 1, 13152)
node259	(1, 1, 13152)
node260	(1, 1, 13152)
node261	(1, 1, 13152)
node262	(1, 1, 13152)
node263	(1, 1, 13152)
node264	(1, 1, 13152)
node265	(1, 1, 13152)
node266	(1, 1, 13152)
node267	(1, 1, 13152)
node268	(1, 1, 13152)
node269	(1, 1, 13152)
node270	(1, 1, 13152)
node271	(1, 1, 13152)
node272	(1, 1, 13152)
node273	(1, 1, 13152)
node274	(1, 1, 13152)
node275	(1, 1, 13152)
node276	(1, 1, 13152)
node277	(1, 1, 13152)
node278	(1, 1, 13152)
node279	(1, 1, 13152)
node280	(1, 1, 13152)
node281	(1, 1, 13152)
node282	(1, 1, 13152)
node283	(1, 1, 13152)
node284	(1, 1, 13152)
node285	(1, 1, 13152)
node286	(1, 1, 13152)
node287	(1, 1, 13152)
node288	(1, 1, 13152)
node289	(1, 1, 13152)
node290	(1, 1, 13152)
node291	(1, 1, 13152)
node292	(1, 1, 13152)
node293	(1, 1, 13152)
node294	(1, 1, 13152)
node295	(1, 1, 13152)
node296	(1, 1, 13152)
node297	(1, 1, 13152)
node298	(1, 1, 13152)
node299	(1, 1, 13152)
node300	(1, 1, 13152)
node301	(1, 1, 13152)
node302	(1, 1, 13152)
node303	(1, 1, 13152)
node304	(1, 1, 13152)
node305	(1, 1, 13152)
node306	(1, 1, 13152)
node307	(1, 1, 13152)
node308	(1, 1, 13152)
node309	(1, 1, 13152)
node310	(1, 1, 13152)
node311	(1, 1, 13152)
node312	(1, 1, 13152)
node313	(1, 1, 13152)
node314	(1, 1, 13152)
node315	(1, 1, 13152)
node316	(1, 1, 13152)
node317	(1, 1, 13152)
node318	(1, 1, 13152)
node319	(1, 1, 13152)
node320	(1, 1, 13152)
[2025-09-05 12:43:01,025][__main__][INFO] - Built all nodes
[2025-09-05 12:43:01,026][__main__][INFO] - Starting training...
debug, received beta tensor([[[0.]]])
debug, received beta tensor([[[0.]]])
debug, received beta tensor([[[0.]]])
debug, received beta tensor([[[0.]]])
debug, received beta tensor([[[0.]]])
debug, received beta tensor([[[0.]]])
debug, received beta tensor([[[0.]]])
debug, received beta tensor([[[0.]]])
debug, received beta tensor([[[0.]]])
debug, received beta tensor([[[0.]]])
debug, received beta tensor([[[0.]]])
debug, received beta tensor([[[0.]]])
debug, received beta tensor([[[0.]]])
debug, received beta tensor([[[0.]]])
debug, received beta tensor([[[0.]]])
debug, received beta tensor([[[0.]]])
debug, received beta tensor([[[0.]]])
debug, received beta tensor([[[0.]]])
debug, received beta tensor([[[0.]]])
debug, received beta tensor([[[0.]]])
debug, received beta tensor([[[0.]]])
debug, received beta tensor([[[0.]]])
debug, received beta tensor([[[0.]]])
debug, received beta tensor([[[0.]]])
debug, received beta tensor([[[0.]]])
debug, received beta tensor([[[0.]]])
debug, received beta tensor([[[0.]]])
debug, received beta tensor([[[0.]]])
debug, received beta tensor([[[0.]]])
debug, received beta tensor([[[0.]]])
debug, received beta tensor([[[0.]]])
debug, received beta tensor([[[0.]]])
debug, received beta tensor([[[0.]]])
debug, received beta tensor([[[0.]]])
debug, received beta tensor([[[0.]]])
debug, received beta tensor([[[0.]]])
debug, received beta tensor([[[0.]]])
debug, received beta tensor([[[0.]]])
debug, received beta tensor([[[0.]]])
debug, received beta tensor([[[0.]]])
debug, received beta tensor([[[0.]]])
debug, received beta tensor([[[0.]]])
debug, received beta tensor([[[0.]]])
debug, received beta tensor([[[0.]]])
debug, received beta tensor([[[0.]]])
debug, received beta tensor([[[0.]]])
debug, received beta tensor([[[0.]]])
debug, received beta tensor([[[0.]]])
debug, received beta tensor([[[0.]]])
debug, received beta tensor([[[0.]]])
debug, received beta tensor([[[0.]]])
debug, received beta tensor([[[0.]]])
debug, received beta tensor([[[0.]]])
debug, received beta tensor([[[0.]]])
debug, received beta tensor([[[0.]]])
debug, received beta tensor([[[0.]]])
debug, received beta tensor([[[0.]]])
debug, received beta tensor([[[0.]]])
debug, received beta tensor([[[0.]]])
debug, received beta tensor([[[0.]]])
debug, received beta tensor([[[0.]]])
debug, received beta tensor([[[0.]]])
debug, received beta tensor([[[0.]]])
debug, received beta tensor([[[0.]]])
debug, received beta tensor([[[0.]]])
debug, received beta tensor([[[0.]]])
debug, received beta tensor([[[0.]]])
debug, received beta tensor([[[0.]]])
debug, received beta tensor([[[0.]]])
debug, received beta tensor([[[0.]]])
debug, received beta tensor([[[0.]]])
debug, received beta tensor([[[0.]]])
debug, received beta tensor([[[0.]]])
debug, received beta tensor([[[0.]]])
debug, received beta tensor([[[0.]]])
debug, received beta tensor([[[0.]]])
debug, received beta tensor([[[0.]]])
debug, received beta tensor([[[0.]]])
debug, received beta tensor([[[0.]]])
debug, received beta tensor([[[0.]]])
debug, received beta tensor([[[0.]]])
debug, received beta tensor([[[0.]]])
debug, received beta tensor([[[0.]]])
debug, received beta tensor([[[0.]]])
debug, received beta tensor([[[0.]]])
debug, received beta tensor([[[0.]]])
debug, received beta tensor([[[0.]]])
debug, received beta tensor([[[0.]]])
debug, received beta tensor([[[0.]]])
debug, received beta tensor([[[0.]]])
debug, received beta tensor([[[0.]]])
debug, received beta tensor([[[0.]]])
debug, received beta tensor([[[0.]]])
debug, received beta tensor([[[0.]]])
debug, received beta tensor([[[0.]]])
debug, received beta tensor([[[0.]]])
debug, received beta tensor([[[0.]]])
debug, received beta tensor([[[0.]]])
debug, received beta tensor([[[0.]]])
debug, received beta tensor([[[0.]]])
debug, received beta tensor([[[0.]]])
debug, received beta tensor([[[0.]]])
debug, received beta tensor([[[0.]]])
debug, received beta tensor([[[0.]]])
debug, received beta tensor([[[0.]]])
debug, received beta tensor([[[0.]]])
debug, received beta tensor([[[0.]]])
debug, received beta tensor([[[0.]]])
debug, received beta tensor([[[0.]]])
debug, received beta tensor([[[0.]]])
debug, received beta tensor([[[0.]]])
debug, received beta tensor([[[0.]]])
debug, received beta tensor([[[0.]]])
debug, received beta tensor([[[0.]]])
debug, received beta tensor([[[0.]]])
debug, received beta tensor([[[0.]]])
debug, received beta tensor([[[0.]]])
debug, received beta tensor([[[0.]]])
debug, received beta tensor([[[0.]]])
debug, received beta tensor([[[0.]]])
debug, received beta tensor([[[0.]]])
debug, received beta tensor([[[0.]]])
debug, received beta tensor([[[0.]]])
debug, received beta tensor([[[0.]]])
debug, received beta tensor([[[0.]]])
debug, received beta tensor([[[0.]]])
debug, received beta tensor([[[0.]]])
debug, received beta tensor([[[0.]]])
debug, received beta tensor([[[0.]]])
debug, received beta tensor([[[0.]]])
debug, received beta tensor([[[0.]]])
debug, received beta tensor([[[0.]]])
debug, received beta tensor([[[0.]]])
debug, received beta tensor([[[0.]]])
debug, received beta tensor([[[0.]]])
debug, received beta tensor([[[0.]]])
debug, received beta tensor([[[0.]]])
debug, received beta tensor([[[0.]]])
debug, received beta tensor([[[0.]]])
debug, received beta tensor([[[0.]]])
debug, received beta tensor([[[0.]]])
debug, received beta tensor([[[0.]]])
debug, received beta tensor([[[0.]]])
debug, received beta tensor([[[0.]]])
debug, received beta tensor([[[0.]]])
debug, received beta tensor([[[0.]]])
debug, received beta tensor([[[0.]]])
debug, received beta tensor([[[0.]]])
debug, received beta tensor([[[0.]]])
debug, received beta tensor([[[0.]]])
debug, received beta tensor([[[0.]]])
debug, received beta tensor([[[0.]]])
debug, received beta tensor([[[0.]]])
debug, received beta tensor([[[0.]]])
debug, received beta tensor([[[0.]]])
debug, received beta tensor([[[0.]]])
debug, received beta tensor([[[0.]]])
debug, received beta tensor([[[0.]]])
debug, received beta tensor([[[0.]]])
debug, received beta tensor([[[0.]]])
debug, received beta tensor([[[0.]]])
debug, received beta tensor([[[0.]]])
debug, received beta tensor([[[0.]]])
debug, received beta tensor([[[0.]]])
debug, received beta tensor([[[0.]]])
debug, received beta tensor([[[0.]]])
debug, received beta tensor([[[0.]]])
debug, received beta tensor([[[0.]]])
debug, received beta tensor([[[0.]]])
debug, received beta tensor([[[0.]]])
debug, received beta tensor([[[0.]]])
debug, received beta tensor([[[0.]]])
debug, received beta tensor([[[0.]]])
debug, received beta tensor([[[0.]]])
debug, received beta tensor([[[0.]]])
debug, received beta tensor([[[0.]]])
debug, received beta tensor([[[0.]]])
debug, received beta tensor([[[0.]]])
debug, received beta tensor([[[0.]]])
debug, received beta tensor([[[0.]]])
debug, received beta tensor([[[0.]]])
debug, received beta tensor([[[0.]]])
debug, received beta tensor([[[0.]]])
debug, received beta tensor([[[0.]]])
debug, received beta tensor([[[0.]]])
debug, received beta tensor([[[0.]]])
debug, received beta tensor([[[0.]]])
debug, received beta tensor([[[0.]]])
debug, received beta tensor([[[0.]]])
debug, received beta tensor([[[0.]]])
debug, received beta tensor([[[0.]]])
debug, received beta tensor([[[0.]]])
debug, received beta tensor([[[0.]]])
debug, received beta tensor([[[0.]]])
debug, received beta tensor([[[0.]]])
debug, received beta tensor([[[0.]]])
debug, received beta tensor([[[0.]]])
debug, received beta tensor([[[0.]]])
debug, received beta tensor([[[0.]]])
debug, received beta tensor([[[0.]]])
debug, received beta tensor([[[0.]]])
debug, received beta tensor([[[0.]]])
debug, received beta tensor([[[0.]]])
debug, received beta tensor([[[0.]]])
debug, received beta tensor([[[0.]]])
debug, received beta tensor([[[0.]]])
debug, received beta tensor([[[0.]]])
debug, received beta tensor([[[0.]]])
debug, received beta tensor([[[0.]]])
debug, received beta tensor([[[0.]]])
debug, received beta tensor([[[0.]]])
debug, received beta tensor([[[0.]]])
debug, received beta tensor([[[0.]]])
debug, received beta tensor([[[0.]]])
debug, received beta tensor([[[0.]]])
debug, received beta tensor([[[0.]]])
debug, received beta tensor([[[0.]]])
debug, received beta tensor([[[0.]]])
debug, received beta tensor([[[0.]]])
debug, received beta tensor([[[0.]]])
debug, received beta tensor([[[0.]]])
debug, received beta tensor([[[0.]]])
debug, received beta tensor([[[0.]]])
debug, received beta tensor([[[0.]]])
debug, received beta tensor([[[0.]]])
debug, received beta tensor([[[0.]]])
debug, received beta tensor([[[0.]]])
debug, received beta tensor([[[0.]]])
debug, received beta tensor([[[0.]]])
debug, received beta tensor([[[0.]]])
debug, received beta tensor([[[0.]]])
debug, received beta tensor([[[0.]]])
debug, received beta tensor([[[0.]]])
debug, received beta tensor([[[0.]]])
debug, received beta tensor([[[0.]]])
debug, received beta tensor([[[0.]]])
debug, received beta tensor([[[0.]]])
debug, received beta tensor([[[0.]]])
debug, received beta tensor([[[0.]]])
debug, received beta tensor([[[0.]]])
debug, received beta tensor([[[0.]]])
debug, received beta tensor([[[0.]]])
debug, received beta tensor([[[0.]]])
debug, received beta tensor([[[0.]]])
debug, received beta tensor([[[0.]]])
debug, received beta tensor([[[0.]]])
debug, received beta tensor([[[0.]]])
debug, received beta tensor([[[0.]]])
debug, received beta tensor([[[0.]]])
debug, received beta tensor([[[0.]]])
debug, received beta tensor([[[0.]]])
debug, received beta tensor([[[0.]]])
debug, received beta tensor([[[0.]]])
debug, received beta tensor([[[0.]]])
debug, received beta tensor([[[0.]]])
debug, received beta tensor([[[0.]]])
debug, received beta tensor([[[0.]]])
debug, received beta tensor([[[0.]]])
debug, received beta tensor([[[0.]]])
debug, received beta tensor([[[0.]]])
debug, received beta tensor([[[0.]]])
debug, received beta tensor([[[0.]]])
debug, received beta tensor([[[0.]]])
debug, received beta tensor([[[0.]]])
debug, received beta tensor([[[0.]]])
debug, received beta tensor([[[0.]]])
debug, received beta tensor([[[0.]]])
debug, received beta tensor([[[0.]]])
debug, received beta tensor([[[0.]]])
debug, received beta tensor([[[0.]]])
debug, received beta tensor([[[0.]]])
debug, received beta tensor([[[0.]]])
debug, received beta tensor([[[0.]]])
debug, received beta tensor([[[0.]]])
debug, received beta tensor([[[0.]]])
debug, received beta tensor([[[0.]]])
debug, received beta tensor([[[0.]]])
debug, received beta tensor([[[0.]]])
debug, received beta tensor([[[0.]]])
debug, received beta tensor([[[0.]]])
debug, received beta tensor([[[0.]]])
debug, received beta tensor([[[0.]]])
debug, received beta tensor([[[0.]]])
debug, received beta tensor([[[0.]]])
debug, received beta tensor([[[0.]]])
debug, received beta tensor([[[0.]]])
debug, received beta tensor([[[0.]]])
debug, received beta tensor([[[0.]]])
debug, received beta tensor([[[0.]]])
debug, received beta tensor([[[0.]]])
debug, received beta tensor([[[0.]]])
debug, received beta tensor([[[0.]]])
debug, received beta tensor([[[0.]]])
debug, received beta tensor([[[0.]]])
debug, received beta tensor([[[0.]]])
debug, received beta tensor([[[0.]]])
debug, received beta tensor([[[0.]]])
debug, received beta tensor([[[0.]]])
debug, received beta tensor([[[0.]]])
debug, received beta tensor([[[0.]]])
debug, received beta tensor([[[0.]]])
debug, received beta tensor([[[0.]]])
debug, received beta tensor([[[0.]]])
debug, received beta tensor([[[0.]]])
debug, received beta tensor([[[0.]]])
debug, received beta tensor([[[0.]]])
debug, received beta tensor([[[0.]]])
debug, received beta tensor([[[0.]]])
debug, received beta tensor([[[0.]]])
debug, received beta tensor([[[0.]]])
debug, received beta tensor([[[0.]]])
debug, received beta tensor([[[0.]]])
debug, received beta tensor([[[0.]]])
debug, received beta tensor([[[0.]]])
debug, received beta tensor([[[0.]]])
debug, received beta tensor([[[0.]]])
debug, received beta tensor([[[0.]]])
debug, received beta tensor([[[0.]]])
debug, received beta tensor([[[0.]]])
debug, received beta tensor([[[0.]]])
debug, received beta tensor([[[0.]]])
[2025-09-05 12:43:11,841][__main__][INFO] - =====Running train script=====
[2025-09-05 12:43:12,139][__main__][INFO] - Fetched main configs, save directory : ../outputs/fed_big/seed_1/mIN_jointFalse/
[2025-09-05 12:43:12,139][__main__][INFO] - Model PatchTST, normalization mIN, criterion NMSE, kwargs {'last': False, 'latent': False, 'init_beta': False, 'fixed_beta': False, 'init_alpha': False, 'fixed_alpha': False, 'use_gamma': False, 'inverse_gamma': False}
[2025-09-05 12:43:12,139][__main__][INFO] - Training FedAvg
[2025-09-05 12:43:20,218][__main__][INFO] - Fetched dataloaders
[2025-09-05 12:43:20,219][__main__][INFO] - Splits shapes:
node0	(1, 1, 13152)
node1	(1, 1, 13152)
node2	(1, 1, 13152)
node3	(1, 1, 13152)
node4	(1, 1, 13152)
node5	(1, 1, 13152)
node6	(1, 1, 13152)
node7	(1, 1, 13152)
node8	(1, 1, 13152)
node9	(1, 1, 13152)
node10	(1, 1, 13152)
node11	(1, 1, 13152)
node12	(1, 1, 13152)
node13	(1, 1, 13152)
node14	(1, 1, 13152)
node15	(1, 1, 13152)
node16	(1, 1, 13152)
node17	(1, 1, 13152)
node18	(1, 1, 13152)
node19	(1, 1, 13152)
node20	(1, 1, 13152)
node21	(1, 1, 13152)
node22	(1, 1, 13152)
node23	(1, 1, 13152)
node24	(1, 1, 13152)
node25	(1, 1, 13152)
node26	(1, 1, 13152)
node27	(1, 1, 13152)
node28	(1, 1, 13152)
node29	(1, 1, 13152)
node30	(1, 1, 13152)
node31	(1, 1, 13152)
node32	(1, 1, 13152)
node33	(1, 1, 13152)
node34	(1, 1, 13152)
node35	(1, 1, 13152)
node36	(1, 1, 13152)
node37	(1, 1, 13152)
node38	(1, 1, 13152)
node39	(1, 1, 13152)
node40	(1, 1, 13152)
node41	(1, 1, 13152)
node42	(1, 1, 13152)
node43	(1, 1, 13152)
node44	(1, 1, 13152)
node45	(1, 1, 13152)
node46	(1, 1, 13152)
node47	(1, 1, 13152)
node48	(1, 1, 13152)
node49	(1, 1, 13152)
node50	(1, 1, 13152)
node51	(1, 1, 13152)
node52	(1, 1, 13152)
node53	(1, 1, 13152)
node54	(1, 1, 13152)
node55	(1, 1, 13152)
node56	(1, 1, 13152)
node57	(1, 1, 13152)
node58	(1, 1, 13152)
node59	(1, 1, 13152)
node60	(1, 1, 13152)
node61	(1, 1, 13152)
node62	(1, 1, 13152)
node63	(1, 1, 13152)
node64	(1, 1, 13152)
node65	(1, 1, 13152)
node66	(1, 1, 13152)
node67	(1, 1, 13152)
node68	(1, 1, 13152)
node69	(1, 1, 13152)
node70	(1, 1, 13152)
node71	(1, 1, 13152)
node72	(1, 1, 13152)
node73	(1, 1, 13152)
node74	(1, 1, 13152)
node75	(1, 1, 13152)
node76	(1, 1, 13152)
node77	(1, 1, 13152)
node78	(1, 1, 13152)
node79	(1, 1, 13152)
node80	(1, 1, 13152)
node81	(1, 1, 13152)
node82	(1, 1, 13152)
node83	(1, 1, 13152)
node84	(1, 1, 13152)
node85	(1, 1, 13152)
node86	(1, 1, 13152)
node87	(1, 1, 13152)
node88	(1, 1, 13152)
node89	(1, 1, 13152)
node90	(1, 1, 13152)
node91	(1, 1, 13152)
node92	(1, 1, 13152)
node93	(1, 1, 13152)
node94	(1, 1, 13152)
node95	(1, 1, 13152)
node96	(1, 1, 13152)
node97	(1, 1, 13152)
node98	(1, 1, 13152)
node99	(1, 1, 13152)
node100	(1, 1, 13152)
node101	(1, 1, 13152)
node102	(1, 1, 13152)
node103	(1, 1, 13152)
node104	(1, 1, 13152)
node105	(1, 1, 13152)
node106	(1, 1, 13152)
node107	(1, 1, 13152)
node108	(1, 1, 13152)
node109	(1, 1, 13152)
node110	(1, 1, 13152)
node111	(1, 1, 13152)
node112	(1, 1, 13152)
node113	(1, 1, 13152)
node114	(1, 1, 13152)
node115	(1, 1, 13152)
node116	(1, 1, 13152)
node117	(1, 1, 13152)
node118	(1, 1, 13152)
node119	(1, 1, 13152)
node120	(1, 1, 13152)
node121	(1, 1, 13152)
node122	(1, 1, 13152)
node123	(1, 1, 13152)
node124	(1, 1, 13152)
node125	(1, 1, 13152)
node126	(1, 1, 13152)
node127	(1, 1, 13152)
node128	(1, 1, 13152)
node129	(1, 1, 13152)
node130	(1, 1, 13152)
node131	(1, 1, 13152)
node132	(1, 1, 13152)
node133	(1, 1, 13152)
node134	(1, 1, 13152)
node135	(1, 1, 13152)
node136	(1, 1, 13152)
node137	(1, 1, 13152)
node138	(1, 1, 13152)
node139	(1, 1, 13152)
node140	(1, 1, 13152)
node141	(1, 1, 13152)
node142	(1, 1, 13152)
node143	(1, 1, 13152)
node144	(1, 1, 13152)
node145	(1, 1, 13152)
node146	(1, 1, 13152)
node147	(1, 1, 13152)
node148	(1, 1, 13152)
node149	(1, 1, 13152)
node150	(1, 1, 13152)
node151	(1, 1, 13152)
node152	(1, 1, 13152)
node153	(1, 1, 13152)
node154	(1, 1, 13152)
node155	(1, 1, 13152)
node156	(1, 1, 13152)
node157	(1, 1, 13152)
node158	(1, 1, 13152)
node159	(1, 1, 13152)
node160	(1, 1, 13152)
node161	(1, 1, 13152)
node162	(1, 1, 13152)
node163	(1, 1, 13152)
node164	(1, 1, 13152)
node165	(1, 1, 13152)
node166	(1, 1, 13152)
node167	(1, 1, 13152)
node168	(1, 1, 13152)
node169	(1, 1, 13152)
node170	(1, 1, 13152)
node171	(1, 1, 13152)
node172	(1, 1, 13152)
node173	(1, 1, 13152)
node174	(1, 1, 13152)
node175	(1, 1, 13152)
node176	(1, 1, 13152)
node177	(1, 1, 13152)
node178	(1, 1, 13152)
node179	(1, 1, 13152)
node180	(1, 1, 13152)
node181	(1, 1, 13152)
node182	(1, 1, 13152)
node183	(1, 1, 13152)
node184	(1, 1, 13152)
node185	(1, 1, 13152)
node186	(1, 1, 13152)
node187	(1, 1, 13152)
node188	(1, 1, 13152)
node189	(1, 1, 13152)
node190	(1, 1, 13152)
node191	(1, 1, 13152)
node192	(1, 1, 13152)
node193	(1, 1, 13152)
node194	(1, 1, 13152)
node195	(1, 1, 13152)
node196	(1, 1, 13152)
node197	(1, 1, 13152)
node198	(1, 1, 13152)
node199	(1, 1, 13152)
node200	(1, 1, 13152)
node201	(1, 1, 13152)
node202	(1, 1, 13152)
node203	(1, 1, 13152)
node204	(1, 1, 13152)
node205	(1, 1, 13152)
node206	(1, 1, 13152)
node207	(1, 1, 13152)
node208	(1, 1, 13152)
node209	(1, 1, 13152)
node210	(1, 1, 13152)
node211	(1, 1, 13152)
node212	(1, 1, 13152)
node213	(1, 1, 13152)
node214	(1, 1, 13152)
node215	(1, 1, 13152)
node216	(1, 1, 13152)
node217	(1, 1, 13152)
node218	(1, 1, 13152)
node219	(1, 1, 13152)
node220	(1, 1, 13152)
node221	(1, 1, 13152)
node222	(1, 1, 13152)
node223	(1, 1, 13152)
node224	(1, 1, 13152)
node225	(1, 1, 13152)
node226	(1, 1, 13152)
node227	(1, 1, 13152)
node228	(1, 1, 13152)
node229	(1, 1, 13152)
node230	(1, 1, 13152)
node231	(1, 1, 13152)
node232	(1, 1, 13152)
node233	(1, 1, 13152)
node234	(1, 1, 13152)
node235	(1, 1, 13152)
node236	(1, 1, 13152)
node237	(1, 1, 13152)
node238	(1, 1, 13152)
node239	(1, 1, 13152)
node240	(1, 1, 13152)
node241	(1, 1, 13152)
node242	(1, 1, 13152)
node243	(1, 1, 13152)
node244	(1, 1, 13152)
node245	(1, 1, 13152)
node246	(1, 1, 13152)
node247	(1, 1, 13152)
node248	(1, 1, 13152)
node249	(1, 1, 13152)
node250	(1, 1, 13152)
node251	(1, 1, 13152)
node252	(1, 1, 13152)
node253	(1, 1, 13152)
node254	(1, 1, 13152)
node255	(1, 1, 13152)
node256	(1, 1, 13152)
node257	(1, 1, 13152)
node258	(1, 1, 13152)
node259	(1, 1, 13152)
node260	(1, 1, 13152)
node261	(1, 1, 13152)
node262	(1, 1, 13152)
node263	(1, 1, 13152)
node264	(1, 1, 13152)
node265	(1, 1, 13152)
node266	(1, 1, 13152)
node267	(1, 1, 13152)
node268	(1, 1, 13152)
node269	(1, 1, 13152)
node270	(1, 1, 13152)
node271	(1, 1, 13152)
node272	(1, 1, 13152)
node273	(1, 1, 13152)
node274	(1, 1, 13152)
node275	(1, 1, 13152)
node276	(1, 1, 13152)
node277	(1, 1, 13152)
node278	(1, 1, 13152)
node279	(1, 1, 13152)
node280	(1, 1, 13152)
node281	(1, 1, 13152)
node282	(1, 1, 13152)
node283	(1, 1, 13152)
node284	(1, 1, 13152)
node285	(1, 1, 13152)
node286	(1, 1, 13152)
node287	(1, 1, 13152)
node288	(1, 1, 13152)
node289	(1, 1, 13152)
node290	(1, 1, 13152)
node291	(1, 1, 13152)
node292	(1, 1, 13152)
node293	(1, 1, 13152)
node294	(1, 1, 13152)
node295	(1, 1, 13152)
node296	(1, 1, 13152)
node297	(1, 1, 13152)
node298	(1, 1, 13152)
node299	(1, 1, 13152)
node300	(1, 1, 13152)
node301	(1, 1, 13152)
node302	(1, 1, 13152)
node303	(1, 1, 13152)
node304	(1, 1, 13152)
node305	(1, 1, 13152)
node306	(1, 1, 13152)
node307	(1, 1, 13152)
node308	(1, 1, 13152)
node309	(1, 1, 13152)
node310	(1, 1, 13152)
node311	(1, 1, 13152)
node312	(1, 1, 13152)
node313	(1, 1, 13152)
node314	(1, 1, 13152)
node315	(1, 1, 13152)
node316	(1, 1, 13152)
node317	(1, 1, 13152)
node318	(1, 1, 13152)
node319	(1, 1, 13152)
node320	(1, 1, 13152)
[2025-09-05 12:43:59,486][__main__][INFO] - Built all nodes
[2025-09-05 12:43:59,487][__main__][INFO] - Starting training...
