nohup: ignoring input


[2025-05-08 13:17:10,893][__main__][INFO] - =====Running main script=====
[2025-05-08 13:17:10,894][__main__][INFO] - Fetched main configs
[2025-05-08 13:17:10,894][__main__][INFO] - Model DLinear, normalization 2, kwargs {}
[2025-05-08 13:17:10,894][__main__][INFO] - Found 3 splits
[2025-05-08 13:17:10,898][__main__][INFO] - Save directory : ../outputs/federated_benchmark/DLinear_inst/
[2025-05-08 13:17:12,833][__main__][INFO] - Built all nodes
[2025-05-08 13:17:12,834][__main__][INFO] - Starting training...
==Epoch 1 done==
==Epoch 2 done==
==Epoch 3 done==
==Epoch 1 done==
==Epoch 2 done==
==Epoch 3 done==
==Epoch 1 done==
==Epoch 2 done==
==Epoch 3 done==
==Epoch 1 done==
==Epoch 2 done==
==Epoch 3 done==
==Epoch 1 done==
==Epoch 2 done==
==Epoch 3 done==
[2025-05-08 14:43:41,312][__main__][INFO] - Finished
/home/H61084/codes/timetensor/src/timetensor/visu.py:137: RuntimeWarning: More than 20 figures have been opened. Figures created through the pyplot interface (`matplotlib.pyplot.figure`) are retained until explicitly closed and may consume too much memory. (To control this warning, see the rcParam `figure.max_open_warning`). Consider using `matplotlib.pyplot.close()`.
  fig = plt.figure(figsize=(10,5))
[2025-05-08 14:43:47,005][__main__][INFO] - Computing test metrics
[2025-05-08 14:44:38,962][__main__][INFO] - End of script



[2025-05-08 14:44:45,380][__main__][INFO] - =====Running main script=====
[2025-05-08 14:44:45,381][__main__][INFO] - Fetched main configs
[2025-05-08 14:44:45,381][__main__][INFO] - Model DLinear, normalization 3, kwargs {}
[2025-05-08 14:44:45,381][__main__][INFO] - Found 3 splits
[2025-05-08 14:44:45,387][__main__][INFO] - Save directory : ../outputs/federated_benchmark/DLinear_revin_resetFalse/
[2025-05-08 14:44:47,709][__main__][INFO] - Built all nodes
[2025-05-08 14:44:47,710][__main__][INFO] - Starting training...
==Epoch 1 done==
==Epoch 2 done==
==Epoch 3 done==
==Epoch 1 done==
==Epoch 2 done==
==Epoch 3 done==
==Epoch 1 done==
==Epoch 2 done==
==Epoch 3 done==
==Epoch 1 done==
==Epoch 2 done==
==Epoch 3 done==
==Epoch 1 done==
==Epoch 2 done==
==Epoch 3 done==
[2025-05-08 16:13:30,055][__main__][INFO] - Finished
/home/H61084/codes/timetensor/src/timetensor/visu.py:137: RuntimeWarning: More than 20 figures have been opened. Figures created through the pyplot interface (`matplotlib.pyplot.figure`) are retained until explicitly closed and may consume too much memory. (To control this warning, see the rcParam `figure.max_open_warning`). Consider using `matplotlib.pyplot.close()`.
  fig = plt.figure(figsize=(10,5))
[2025-05-08 16:13:35,851][__main__][INFO] - Computing test metrics
[2025-05-08 16:14:31,258][__main__][INFO] - End of script



[2025-05-08 16:14:38,432][__main__][INFO] - =====Running main script=====
[2025-05-08 16:14:38,432][__main__][INFO] - Fetched main configs
[2025-05-08 16:14:38,432][__main__][INFO] - Model DLinear, normalization 3, kwargs {}
[2025-05-08 16:14:38,432][__main__][INFO] - Found 3 splits
[2025-05-08 16:14:38,437][__main__][INFO] - Save directory : ../outputs/federated_benchmark/DLinear_revin_resetTrue/
[2025-05-08 16:14:40,329][__main__][INFO] - Built all nodes
[2025-05-08 16:14:40,330][__main__][INFO] - Starting training...
==Epoch 1 done==
==Epoch 2 done==
==Epoch 3 done==
==Epoch 1 done==
==Epoch 2 done==
==Epoch 3 done==
==Epoch 1 done==
==Epoch 2 done==
==Epoch 3 done==
==Epoch 1 done==
==Epoch 2 done==
==Epoch 3 done==
==Epoch 1 done==
==Epoch 2 done==
==Epoch 3 done==
[2025-05-08 17:44:23,113][__main__][INFO] - Finished
/home/H61084/codes/timetensor/src/timetensor/visu.py:137: RuntimeWarning: More than 20 figures have been opened. Figures created through the pyplot interface (`matplotlib.pyplot.figure`) are retained until explicitly closed and may consume too much memory. (To control this warning, see the rcParam `figure.max_open_warning`). Consider using `matplotlib.pyplot.close()`.
  fig = plt.figure(figsize=(10,5))
[2025-05-08 17:44:28,679][__main__][INFO] - Computing test metrics
[2025-05-08 17:45:27,429][__main__][INFO] - End of script

+---------------------+----------------+----------------------------+---------------------------+
|                     |   DLinear_inst |   DLinear_revin_resetFalse |   DLinear_revin_resetTrue |
+=====================+================+============================+===========================+
| Uniform MMSE * 1e3  |        14.5184 |                    14.3891 |                   14.2259 |
+---------------------+----------------+----------------------------+---------------------------+
| Weighted MMSE * 1e3 |         6.1260 |                     6.0734 |                    6.0048 |
+---------------------+----------------+----------------------------+---------------------------+
| Flop10 MMSE * 1e3   |        18.0201 |                    17.8588 |                   17.6562 |
+---------------------+----------------+----------------------------+---------------------------+
+---------------------+----------------+----------------------------+---------------------------+
|                     |   DLinear_inst |   DLinear_revin_resetFalse |   DLinear_revin_resetTrue |
+=====================+================+============================+===========================+
| Uniform NMSE * 1e1  |         3.6824 |                     3.6775 |                    3.6775 |
+---------------------+----------------+----------------------------+---------------------------+
| Weighted NMSE * 1e1 |         9.6843 |                     9.6822 |                    9.6781 |
+---------------------+----------------+----------------------------+---------------------------+
| Flop10 NMSE * 1e1   |        23.1489 |                    23.1461 |                   23.1327 |
+---------------------+----------------+----------------------------+---------------------------+
