==Table of ../outputs/bench_min_1/==
+-----------------+-----------------+------------------+------------------+-------------------+------------------+-------------------+
|                 | min_init        | min_fixed        | min_init+revin   | min_fixed+revin   | min_init+gamma   | min_fixed+gamma   |
+=================+=================+==================+==================+===================+==================+===================+
| Test MSE * 1e3  | 0.0000 ± 0.0000 | -0.0001 ± 0.0001 | -0.0073 ± 0.0011 | -0.0074 ± 0.0010  | -0.0073 ± 0.0011 | -0.0074 ± 0.0010  |
+-----------------+-----------------+------------------+------------------+-------------------+------------------+-------------------+
| Test NMSE * 1e3 | 0.0000 ± 0.0000 | -0.0001 ± 0.0002 | -0.0124 ± 0.0018 | -0.0125 ± 0.0018  | -0.0124 ± 0.0018 | -0.0125 ± 0.0018  |
+-----------------+-----------------+------------------+------------------+-------------------+------------------+-------------------+
['min_init', 'min_fixed', 'min_init+revin', 'min_fixed+revin', 'min_init+gamma', 'min_fixed+gamma']
min_init           0.000000e+00
min_fixed          3.329478e-08
min_init+revin    -7.125782e-06
min_fixed+revin   -7.095048e-06
min_init+gamma    -7.125782e-06
min_fixed+gamma   -7.095048e-06
Name: Test MSE, dtype: float64
['min_init', 'min_fixed', 'min_init+revin', 'min_fixed+revin', 'min_init+gamma', 'min_fixed+gamma']
min_init           0.000000e+00
min_fixed         -2.535526e-07
min_init+revin    -6.603543e-06
min_fixed+revin   -6.849645e-06
min_init+gamma    -6.603543e-06
min_fixed+gamma   -6.849645e-06
Name: Test MSE, dtype: float64
['min_init', 'min_fixed', 'min_init+revin', 'min_fixed+revin', 'min_init+gamma', 'min_fixed+gamma']
min_init           0.000000e+00
min_fixed         -3.608875e-08
min_init+revin    -7.571420e-06
min_fixed+revin   -7.608207e-06
min_init+gamma    -7.571420e-06
min_fixed+gamma   -7.608207e-06
Name: Test MSE, dtype: float64
['min_init', 'min_fixed', 'min_init+revin', 'min_fixed+revin', 'min_init+gamma', 'min_fixed+gamma']
min_init           0.000000e+00
min_fixed          3.911555e-08
min_init+revin    -6.370712e-06
min_fixed+revin   -6.345334e-06
min_init+gamma    -6.370712e-06
min_fixed+gamma   -6.345334e-06
Name: Test MSE, dtype: float64
['min_init', 'min_fixed', 'min_init+revin', 'min_fixed+revin', 'min_init+gamma', 'min_fixed+gamma']
min_init           0.000000e+00
min_fixed         -4.866160e-08
min_init+revin    -9.029405e-06
min_fixed+revin   -9.080395e-06
min_init+gamma    -9.029405e-06
min_fixed+gamma   -9.080395e-06
Name: Test MSE, dtype: float64
