[2025-08-31 10:43:36,609][__main__][INFO] - =====Running data script=====
[2025-08-31 10:43:36,622][__main__][INFO] - Fetched configs
[2025-08-31 10:43:37,562][__main__][INFO] - Rebuilt dataset in 0.016 min
[2025-08-31 10:43:38,714][__main__][INFO] - Set new example
[2025-08-31 10:43:39,625][__main__][INFO] - Fetched dataloaders
[2025-08-31 10:43:39,626][__main__][INFO] - Splits shapes:
train	(95, 1, 26280)
valid1	(95, 1, 15768)
valid2	(42, 1, 26280)
valid3	(42, 1, 15768)
test1	(95, 1, 10512)
test2	(42, 1, 10512)
[2025-08-31 10:43:39,626][__main__][INFO] - Batches: 925 * (X=[2660, 1, 336],  y=[2660, 1, 48])
[2025-08-31 10:43:42,376][__main__][INFO] - Saved stats
[2025-08-31 10:43:42,376][__main__][INFO] - train stats:
mean	6.9030
stds	3.4619
std	10.8705
alpha	0.5547
beta	0.0595
[2025-08-31 10:43:42,376][__main__][INFO] - test1 stats:
mean	4.9787
stds	2.6518
std	9.1463
alpha	0.5867
beta	0.1078
[2025-08-31 10:43:42,376][__main__][INFO] - test2 stats:
mean	4.5911
stds	2.4340
std	8.3851
alpha	0.5891
beta	0.1127
[2025-08-31 10:43:53,960][__main__][INFO] - ==Fourier clustering==
[2025-08-31 10:43:54,242][__main__][INFO] - Computing heterogeneity plot
[2025-08-31 10:43:59,483][__main__][INFO] - Computing 2 clusters
[2025-08-31 10:43:59,986][__main__][INFO] - Cluster size: [12, 125]
[2025-08-31 10:44:03,017][__main__][INFO] - ==Gamma clustering==
[2025-08-31 10:44:03,667][__main__][INFO] - Computing heterogeneity plot
[2025-08-31 10:44:11,707][__main__][INFO] - Computing 2 clusters
[2025-08-31 10:44:12,481][__main__][INFO] - Cluster size: [80, 57]
[2025-08-31 10:44:21,793][__main__][INFO] - End of script

