[2025-09-24 17:46:08,542][__main__][INFO] - =====Running train script=====
[2025-09-24 17:46:08,632][__main__][INFO] - Fetched main configs, save directory : ../outputs/norm/electricity/lags504_horizon24/seed_1/instance_NMSE/
[2025-09-24 17:46:08,633][__main__][INFO] - Model PatchTST, norma instance, criterion NMSE, kwargs {'last': False, 'latent': False}
[2025-09-24 17:46:10,523][__main__][INFO] - Fetched dataloaders
[2025-09-24 17:46:10,523][__main__][INFO] - Splits shapes:
train	(252, 1, 15782)
valid1	(252, 1, 5261)
valid2	(64, 1, 15782)
valid3	(64, 1, 5261)
test1	(252, 1, 5261)
test2	(64, 1, 5261)
[2025-09-24 17:46:10,523][__main__][INFO] - Batches:
 X=[252, 1, 504]
 y=[252, 1, 24]
[2025-09-24 17:46:10,529][__main__][INFO] - --Training--
[2025-09-24 17:46:13,793][__main__][INFO] - Starting training pytorch with lr=1e-05
[2025-09-24 17:46:13,795][__main__][INFO] - Using device: cuda
[2025-09-24 17:46:13,795][__main__][INFO] - Training 1200 epochs of 1 batches (1200 steps): , eval_freq: 100, print_freq: 100
[2025-09-24 17:49:15,285][__main__][INFO] - Step 1 | valid1 MSE : 0.2066 | valid1 NMSE : 1.2560
[2025-09-24 17:52:22,240][__main__][INFO] - Step 100 | valid1 MSE : 0.0208 | valid1 NMSE : 0.3593
[2025-09-24 17:55:28,999][__main__][INFO] - Step 200 | valid1 MSE : 0.0167 | valid1 NMSE : 0.3076
[2025-09-24 17:58:36,173][__main__][INFO] - Step 300 | valid1 MSE : 0.0151 | valid1 NMSE : 0.2837
[2025-09-24 18:01:43,179][__main__][INFO] - Step 400 | valid1 MSE : 0.0140 | valid1 NMSE : 0.2689
[2025-09-24 18:04:50,046][__main__][INFO] - Step 500 | valid1 MSE : 0.0132 | valid1 NMSE : 0.2587
[2025-09-24 18:07:57,130][__main__][INFO] - Step 600 | valid1 MSE : 0.0126 | valid1 NMSE : 0.2508
[2025-09-24 18:11:04,156][__main__][INFO] - Step 700 | valid1 MSE : 0.0121 | valid1 NMSE : 0.2448
[2025-09-24 18:14:11,133][__main__][INFO] - Step 800 | valid1 MSE : 0.0118 | valid1 NMSE : 0.2405
[2025-09-24 18:17:18,068][__main__][INFO] - Step 900 | valid1 MSE : 0.0114 | valid1 NMSE : 0.2367
[2025-09-24 18:20:25,017][__main__][INFO] - Step 1000 | valid1 MSE : 0.0112 | valid1 NMSE : 0.2339
[2025-09-24 18:23:32,171][__main__][INFO] - Step 1100 | valid1 MSE : 0.0109 | valid1 NMSE : 0.2313
[2025-09-24 18:26:39,088][__main__][INFO] - Step 1200 | valid1 MSE : 0.0107 | valid1 NMSE : 0.2294
[2025-09-24 18:26:39,100][__main__][INFO] - Training done in 40.422 min
[2025-09-24 18:26:39,109][__main__][INFO] - Average time per step: 2.021 s
[2025-09-24 18:26:40,490][__main__][INFO] - End of training
[2025-09-24 18:26:40,490][__main__][INFO] - --Eval--
[2025-09-24 18:28:31,916][__main__][INFO] - End of script

[2025-09-24 18:28:45,343][__main__][INFO] - =====Running train script=====
[2025-09-24 18:28:45,394][__main__][INFO] - Fetched main configs, save directory : ../outputs/norm/electricity/lags504_horizon24/seed_1/revin_NMSE/
[2025-09-24 18:28:45,394][__main__][INFO] - Model PatchTST, norma revin, criterion NMSE, kwargs {'latent': False}
[2025-09-24 18:28:47,039][__main__][INFO] - Fetched dataloaders
[2025-09-24 18:28:47,039][__main__][INFO] - Splits shapes:
train	(252, 1, 15782)
valid1	(252, 1, 5261)
valid2	(64, 1, 15782)
valid3	(64, 1, 5261)
test1	(252, 1, 5261)
test2	(64, 1, 5261)
[2025-09-24 18:28:47,039][__main__][INFO] - Batches:
 X=[252, 1, 504]
 y=[252, 1, 24]
[2025-09-24 18:28:47,048][__main__][INFO] - --Training--
[2025-09-24 18:28:49,842][__main__][INFO] - Starting training pytorch with lr=1e-05
[2025-09-24 18:28:49,842][__main__][INFO] - Using device: cuda
[2025-09-24 18:28:49,842][__main__][INFO] - Training 1200 epochs of 1 batches (1200 steps): , eval_freq: 100, print_freq: 100
[2025-09-24 18:31:50,863][__main__][INFO] - Step 1 | valid1 MSE : 0.2066 | valid1 NMSE : 1.2560
[2025-09-24 18:34:56,402][__main__][INFO] - Step 100 | valid1 MSE : 0.0208 | valid1 NMSE : 0.3592
[2025-09-24 18:38:02,227][__main__][INFO] - Step 200 | valid1 MSE : 0.0167 | valid1 NMSE : 0.3075
[2025-09-24 18:41:07,948][__main__][INFO] - Step 300 | valid1 MSE : 0.0151 | valid1 NMSE : 0.2837
[2025-09-24 18:44:13,651][__main__][INFO] - Step 400 | valid1 MSE : 0.0140 | valid1 NMSE : 0.2689
[2025-09-24 18:47:19,320][__main__][INFO] - Step 500 | valid1 MSE : 0.0132 | valid1 NMSE : 0.2587
[2025-09-24 18:50:24,749][__main__][INFO] - Step 600 | valid1 MSE : 0.0126 | valid1 NMSE : 0.2508
[2025-09-24 18:53:30,604][__main__][INFO] - Step 700 | valid1 MSE : 0.0121 | valid1 NMSE : 0.2449
[2025-09-24 18:56:36,443][__main__][INFO] - Step 800 | valid1 MSE : 0.0118 | valid1 NMSE : 0.2405
[2025-09-24 18:59:42,299][__main__][INFO] - Step 900 | valid1 MSE : 0.0114 | valid1 NMSE : 0.2367
[2025-09-24 19:02:48,381][__main__][INFO] - Step 1000 | valid1 MSE : 0.0112 | valid1 NMSE : 0.2339
[2025-09-24 19:05:54,280][__main__][INFO] - Step 1100 | valid1 MSE : 0.0109 | valid1 NMSE : 0.2313
[2025-09-24 19:09:00,212][__main__][INFO] - Step 1200 | valid1 MSE : 0.0107 | valid1 NMSE : 0.2294
[2025-09-24 19:09:00,213][__main__][INFO] - Training done in 40.173 min
[2025-09-24 19:09:00,213][__main__][INFO] - Average time per step: 2.009 s
[2025-09-24 19:09:01,769][__main__][INFO] - End of training
[2025-09-24 19:09:01,769][__main__][INFO] - --Eval--
[2025-09-24 19:10:52,467][__main__][INFO] - Final modulations: {'beta': np.float32(-0.00066707906), 'alpha': np.float32(1.0085869)}
[2025-09-24 19:10:52,468][__main__][INFO] - End of script

[2025-09-24 19:11:05,212][__main__][INFO] - =====Running train script=====
[2025-09-24 19:11:05,264][__main__][INFO] - Fetched main configs, save directory : ../outputs/norm/electricity/lags504_horizon24/seed_1/flexrevin_NMSE/
[2025-09-24 19:11:05,264][__main__][INFO] - Model PatchTST, norma flexrevin, criterion NMSE, kwargs {'latent': False, 'start': True}
[2025-09-24 19:11:07,099][__main__][INFO] - Fetched dataloaders
[2025-09-24 19:11:07,099][__main__][INFO] - Splits shapes:
train	(252, 1, 15782)
valid1	(252, 1, 5261)
valid2	(64, 1, 15782)
valid3	(64, 1, 5261)
test1	(252, 1, 5261)
test2	(64, 1, 5261)
[2025-09-24 19:11:07,099][__main__][INFO] - Batches:
 X=[252, 1, 504]
 y=[252, 1, 24]
[2025-09-24 19:11:07,108][__main__][INFO] - --Training--
[2025-09-24 19:11:09,879][__main__][INFO] - Starting training pytorch with lr=1e-05
[2025-09-24 19:11:09,879][__main__][INFO] - Using device: cuda
[2025-09-24 19:11:09,879][__main__][INFO] - Training 1200 epochs of 1 batches (1200 steps): , eval_freq: 100, print_freq: 100
[2025-09-24 19:14:12,659][__main__][INFO] - Step 1 | valid1 MSE : 0.2066 | valid1 NMSE : 1.2569
[2025-09-24 19:17:20,856][__main__][INFO] - Step 100 | valid1 MSE : 0.0208 | valid1 NMSE : 0.3595
[2025-09-24 19:20:28,934][__main__][INFO] - Step 200 | valid1 MSE : 0.0167 | valid1 NMSE : 0.3088
[2025-09-24 19:23:37,215][__main__][INFO] - Step 300 | valid1 MSE : 0.0151 | valid1 NMSE : 0.2836
[2025-09-24 19:26:45,451][__main__][INFO] - Step 400 | valid1 MSE : 0.0140 | valid1 NMSE : 0.2797
[2025-09-24 19:29:53,544][__main__][INFO] - Step 500 | valid1 MSE : 0.0132 | valid1 NMSE : 0.2587
[2025-09-24 19:33:01,683][__main__][INFO] - Step 600 | valid1 MSE : 0.0126 | valid1 NMSE : 0.2508
[2025-09-24 19:36:09,547][__main__][INFO] - Step 700 | valid1 MSE : 0.0121 | valid1 NMSE : 0.2450
[2025-09-24 19:39:17,696][__main__][INFO] - Step 800 | valid1 MSE : 0.0118 | valid1 NMSE : 0.2405
[2025-09-24 19:42:25,919][__main__][INFO] - Step 900 | valid1 MSE : 0.0114 | valid1 NMSE : 0.2372
[2025-09-24 19:45:33,836][__main__][INFO] - Step 1000 | valid1 MSE : 0.0112 | valid1 NMSE : 0.2340
[2025-09-24 19:48:41,975][__main__][INFO] - Step 1100 | valid1 MSE : 0.0109 | valid1 NMSE : 0.2315
[2025-09-24 19:51:49,877][__main__][INFO] - Step 1200 | valid1 MSE : 0.0107 | valid1 NMSE : 0.2294
[2025-09-24 19:51:49,879][__main__][INFO] - Training done in 40.667 min
[2025-09-24 19:51:49,879][__main__][INFO] - Average time per step: 2.033 s
[2025-09-24 19:51:51,504][__main__][INFO] - End of training
[2025-09-24 19:51:51,504][__main__][INFO] - --Eval--
[2025-09-24 19:53:43,367][__main__][INFO] - Final modulations: {'beta': np.float32(-2.622046e-06), 'alpha': np.float32(0.99995476)}
[2025-09-24 19:53:43,367][__main__][INFO] - End of script

[2025-09-24 19:53:56,620][__main__][INFO] - =====Running train script=====
[2025-09-24 19:53:56,701][__main__][INFO] - Fetched main configs, save directory : ../outputs/norm/electricity/lags504_horizon24/seed_1/min_init/
[2025-09-24 19:53:56,701][__main__][INFO] - Model PatchTST, norma mIN, criterion NMSE, kwargs {'latent': False, 'init_beta': True, 'fixed_beta': False, 'init_alpha': True, 'fixed_alpha': False, 'use_gamma': False, 'inverse_gamma': False}
[2025-09-24 19:53:58,397][__main__][INFO] - Fetched dataloaders
[2025-09-24 19:53:58,397][__main__][INFO] - Splits shapes:
train	(252, 1, 15782)
valid1	(252, 1, 5261)
valid2	(64, 1, 15782)
valid3	(64, 1, 5261)
test1	(252, 1, 5261)
test2	(64, 1, 5261)
[2025-09-24 19:53:58,397][__main__][INFO] - Batches:
 X=[252, 1, 504]
 y=[252, 1, 24]
[2025-09-24 19:53:58,406][__main__][INFO] - --Training--
[2025-09-24 19:54:01,130][__main__][INFO] - Starting training pytorch with lr=1e-05
[2025-09-24 19:54:01,130][__main__][INFO] - Using device: cuda
[2025-09-24 19:54:01,130][__main__][INFO] - Training 1200 epochs of 1 batches (1200 steps): , eval_freq: 100, print_freq: 100
[2025-09-24 19:57:01,767][__main__][INFO] - Step 1 | valid1 MSE : 0.2039 | valid1 NMSE : 1.2409
[2025-09-24 20:00:07,202][__main__][INFO] - Step 100 | valid1 MSE : 0.0208 | valid1 NMSE : 0.3577
[2025-09-24 20:03:13,006][__main__][INFO] - Step 200 | valid1 MSE : 0.0167 | valid1 NMSE : 0.3063
[2025-09-24 20:06:18,913][__main__][INFO] - Step 300 | valid1 MSE : 0.0150 | valid1 NMSE : 0.2827
[2025-09-24 20:09:24,566][__main__][INFO] - Step 400 | valid1 MSE : 0.0140 | valid1 NMSE : 0.2682
[2025-09-24 20:12:30,765][__main__][INFO] - Step 500 | valid1 MSE : 0.0132 | valid1 NMSE : 0.2582
[2025-09-24 20:15:36,383][__main__][INFO] - Step 600 | valid1 MSE : 0.0127 | valid1 NMSE : 0.2504
[2025-09-24 20:18:42,143][__main__][INFO] - Step 700 | valid1 MSE : 0.0121 | valid1 NMSE : 0.2446
[2025-09-24 20:21:47,729][__main__][INFO] - Step 800 | valid1 MSE : 0.0118 | valid1 NMSE : 0.2403
[2025-09-24 20:24:53,573][__main__][INFO] - Step 900 | valid1 MSE : 0.0115 | valid1 NMSE : 0.2366
[2025-09-24 20:27:59,670][__main__][INFO] - Step 1000 | valid1 MSE : 0.0112 | valid1 NMSE : 0.2338
[2025-09-24 20:31:05,588][__main__][INFO] - Step 1100 | valid1 MSE : 0.0109 | valid1 NMSE : 0.2312
[2025-09-24 20:34:11,701][__main__][INFO] - Step 1200 | valid1 MSE : 0.0107 | valid1 NMSE : 0.2293
[2025-09-24 20:34:11,710][__main__][INFO] - Training done in 40.176 min
[2025-09-24 20:34:11,711][__main__][INFO] - Average time per step: 2.009 s
[2025-09-24 20:34:13,340][__main__][INFO] - End of training
[2025-09-24 20:34:13,340][__main__][INFO] - --Eval--
[2025-09-24 20:36:04,176][__main__][INFO] - Final modulations: {'beta': np.float32(0.0029470185), 'alpha': np.float32(0.94132715)}
[2025-09-24 20:36:04,176][__main__][INFO] - End of script

[2025-09-24 20:36:17,145][__main__][INFO] - =====Running train script=====
[2025-09-24 20:36:17,195][__main__][INFO] - Fetched main configs, save directory : ../outputs/norm/electricity/lags504_horizon24/seed_1/min_revin/
[2025-09-24 20:36:17,196][__main__][INFO] - Model PatchTST, norma mIN, criterion NMSE, kwargs {'latent': False, 'init_beta': False, 'fixed_beta': False, 'init_alpha': False, 'fixed_alpha': False, 'use_gamma': True, 'inverse_gamma': True}
[2025-09-24 20:36:18,905][__main__][INFO] - Fetched dataloaders
[2025-09-24 20:36:18,906][__main__][INFO] - Splits shapes:
train	(252, 1, 15782)
valid1	(252, 1, 5261)
valid2	(64, 1, 15782)
valid3	(64, 1, 5261)
test1	(252, 1, 5261)
test2	(64, 1, 5261)
[2025-09-24 20:36:18,906][__main__][INFO] - Batches:
 X=[252, 1, 504]
 y=[252, 1, 24]
[2025-09-24 20:36:18,915][__main__][INFO] - --Training--
[2025-09-24 20:36:21,762][__main__][INFO] - Starting training pytorch with lr=1e-05
[2025-09-24 20:36:21,763][__main__][INFO] - Using device: cuda
[2025-09-24 20:36:21,763][__main__][INFO] - Training 1200 epochs of 1 batches (1200 steps): , eval_freq: 100, print_freq: 100
[2025-09-24 20:39:23,923][__main__][INFO] - Step 1 | valid1 MSE : 0.2066 | valid1 NMSE : 1.2560
[2025-09-24 20:42:31,150][__main__][INFO] - Step 100 | valid1 MSE : 0.0208 | valid1 NMSE : 0.3592
[2025-09-24 20:45:38,485][__main__][INFO] - Step 200 | valid1 MSE : 0.0167 | valid1 NMSE : 0.3075
[2025-09-24 20:48:45,875][__main__][INFO] - Step 300 | valid1 MSE : 0.0151 | valid1 NMSE : 0.2837
[2025-09-24 20:51:53,013][__main__][INFO] - Step 400 | valid1 MSE : 0.0140 | valid1 NMSE : 0.2689
[2025-09-24 20:55:00,189][__main__][INFO] - Step 500 | valid1 MSE : 0.0132 | valid1 NMSE : 0.2586
[2025-09-24 20:58:07,527][__main__][INFO] - Step 600 | valid1 MSE : 0.0126 | valid1 NMSE : 0.2508
[2025-09-24 21:01:14,718][__main__][INFO] - Step 700 | valid1 MSE : 0.0121 | valid1 NMSE : 0.2449
[2025-09-24 21:04:21,799][__main__][INFO] - Step 800 | valid1 MSE : 0.0118 | valid1 NMSE : 0.2405
[2025-09-24 21:07:29,010][__main__][INFO] - Step 900 | valid1 MSE : 0.0115 | valid1 NMSE : 0.2367
[2025-09-24 21:10:36,151][__main__][INFO] - Step 1000 | valid1 MSE : 0.0112 | valid1 NMSE : 0.2339
[2025-09-24 21:13:43,391][__main__][INFO] - Step 1100 | valid1 MSE : 0.0109 | valid1 NMSE : 0.2314
[2025-09-24 21:16:50,649][__main__][INFO] - Step 1200 | valid1 MSE : 0.0107 | valid1 NMSE : 0.2294
[2025-09-24 21:16:50,654][__main__][INFO] - Training done in 40.482 min
[2025-09-24 21:16:50,654][__main__][INFO] - Average time per step: 2.024 s
[2025-09-24 21:16:52,169][__main__][INFO] - End of training
[2025-09-24 21:16:52,170][__main__][INFO] - --Eval--
[2025-09-24 21:18:43,978][__main__][INFO] - Final modulations: {'beta': np.float32(0.00080127607), 'alpha': np.float32(0.9914806)}
[2025-09-24 21:18:43,978][__main__][INFO] - End of script

[2025-09-24 21:19:03,363][__main__][INFO] - =====Running train script=====
[2025-09-24 21:19:03,414][__main__][INFO] - Fetched main configs, save directory : ../outputs/norm/electricity/lags504_horizon24/seed_2/instance_NMSE/
[2025-09-24 21:19:03,414][__main__][INFO] - Model PatchTST, norma instance, criterion NMSE, kwargs {'last': False, 'latent': False}
[2025-09-24 21:19:05,054][__main__][INFO] - Fetched dataloaders
[2025-09-24 21:19:05,054][__main__][INFO] - Splits shapes:
train	(252, 1, 15782)
valid1	(252, 1, 5261)
valid2	(64, 1, 15782)
valid3	(64, 1, 5261)
test1	(252, 1, 5261)
test2	(64, 1, 5261)
[2025-09-24 21:19:05,054][__main__][INFO] - Batches:
 X=[252, 1, 504]
 y=[252, 1, 24]
[2025-09-24 21:19:05,062][__main__][INFO] - --Training--
[2025-09-24 21:19:07,774][__main__][INFO] - Starting training pytorch with lr=1e-05
[2025-09-24 21:19:07,774][__main__][INFO] - Using device: cuda
[2025-09-24 21:19:07,774][__main__][INFO] - Training 1200 epochs of 1 batches (1200 steps): , eval_freq: 100, print_freq: 100
[2025-09-24 21:22:08,982][__main__][INFO] - Step 1 | valid1 MSE : 0.1964 | valid1 NMSE : 1.2313
[2025-09-24 21:25:14,848][__main__][INFO] - Step 100 | valid1 MSE : 0.0216 | valid1 NMSE : 0.3731
[2025-09-24 21:28:21,211][__main__][INFO] - Step 200 | valid1 MSE : 0.0170 | valid1 NMSE : 0.3141
[2025-09-24 21:31:27,769][__main__][INFO] - Step 300 | valid1 MSE : 0.0151 | valid1 NMSE : 0.2876
[2025-09-24 21:34:34,598][__main__][INFO] - Step 400 | valid1 MSE : 0.0141 | valid1 NMSE : 0.2716
[2025-09-24 21:37:40,955][__main__][INFO] - Step 500 | valid1 MSE : 0.0134 | valid1 NMSE : 0.2603
[2025-09-24 21:40:47,304][__main__][INFO] - Step 600 | valid1 MSE : 0.0127 | valid1 NMSE : 0.2521
[2025-09-24 21:43:53,850][__main__][INFO] - Step 700 | valid1 MSE : 0.0121 | valid1 NMSE : 0.2458
[2025-09-24 21:47:00,403][__main__][INFO] - Step 800 | valid1 MSE : 0.0117 | valid1 NMSE : 0.2408
[2025-09-24 21:50:06,777][__main__][INFO] - Step 900 | valid1 MSE : 0.0115 | valid1 NMSE : 0.2373
[2025-09-24 21:53:13,217][__main__][INFO] - Step 1000 | valid1 MSE : 0.0112 | valid1 NMSE : 0.2340
[2025-09-24 21:56:19,762][__main__][INFO] - Step 1100 | valid1 MSE : 0.0109 | valid1 NMSE : 0.2320
[2025-09-24 21:59:26,418][__main__][INFO] - Step 1200 | valid1 MSE : 0.0107 | valid1 NMSE : 0.2298
[2025-09-24 21:59:26,419][__main__][INFO] - Training done in 40.311 min
[2025-09-24 21:59:26,419][__main__][INFO] - Average time per step: 2.016 s
[2025-09-24 21:59:27,777][__main__][INFO] - End of training
[2025-09-24 21:59:27,778][__main__][INFO] - --Eval--
[2025-09-24 22:01:18,838][__main__][INFO] - End of script

[2025-09-24 22:01:31,436][__main__][INFO] - =====Running train script=====
[2025-09-24 22:01:31,505][__main__][INFO] - Fetched main configs, save directory : ../outputs/norm/electricity/lags504_horizon24/seed_2/revin_NMSE/
[2025-09-24 22:01:31,506][__main__][INFO] - Model PatchTST, norma revin, criterion NMSE, kwargs {'latent': False}
[2025-09-24 22:01:33,351][__main__][INFO] - Fetched dataloaders
[2025-09-24 22:01:33,351][__main__][INFO] - Splits shapes:
train	(252, 1, 15782)
valid1	(252, 1, 5261)
valid2	(64, 1, 15782)
valid3	(64, 1, 5261)
test1	(252, 1, 5261)
test2	(64, 1, 5261)
[2025-09-24 22:01:33,351][__main__][INFO] - Batches:
 X=[252, 1, 504]
 y=[252, 1, 24]
[2025-09-24 22:01:33,360][__main__][INFO] - --Training--
[2025-09-24 22:01:35,999][__main__][INFO] - Starting training pytorch with lr=1e-05
[2025-09-24 22:01:35,999][__main__][INFO] - Using device: cuda
[2025-09-24 22:01:35,999][__main__][INFO] - Training 1200 epochs of 1 batches (1200 steps): , eval_freq: 100, print_freq: 100
[2025-09-24 22:04:36,942][__main__][INFO] - Step 1 | valid1 MSE : 0.1964 | valid1 NMSE : 1.2313
[2025-09-24 22:07:43,339][__main__][INFO] - Step 100 | valid1 MSE : 0.0216 | valid1 NMSE : 0.3731
[2025-09-24 22:10:49,923][__main__][INFO] - Step 200 | valid1 MSE : 0.0170 | valid1 NMSE : 0.3141
[2025-09-24 22:13:56,676][__main__][INFO] - Step 300 | valid1 MSE : 0.0151 | valid1 NMSE : 0.2876
[2025-09-24 22:17:03,281][__main__][INFO] - Step 400 | valid1 MSE : 0.0141 | valid1 NMSE : 0.2715
[2025-09-24 22:20:10,192][__main__][INFO] - Step 500 | valid1 MSE : 0.0134 | valid1 NMSE : 0.2603
[2025-09-24 22:23:16,844][__main__][INFO] - Step 600 | valid1 MSE : 0.0127 | valid1 NMSE : 0.2521
[2025-09-24 22:26:23,228][__main__][INFO] - Step 700 | valid1 MSE : 0.0122 | valid1 NMSE : 0.2458
[2025-09-24 22:29:29,561][__main__][INFO] - Step 800 | valid1 MSE : 0.0117 | valid1 NMSE : 0.2408
[2025-09-24 22:32:35,588][__main__][INFO] - Step 900 | valid1 MSE : 0.0115 | valid1 NMSE : 0.2373
[2025-09-24 22:35:41,388][__main__][INFO] - Step 1000 | valid1 MSE : 0.0112 | valid1 NMSE : 0.2341
[2025-09-24 22:38:47,375][__main__][INFO] - Step 1100 | valid1 MSE : 0.0109 | valid1 NMSE : 0.2320
[2025-09-24 22:41:53,697][__main__][INFO] - Step 1200 | valid1 MSE : 0.0107 | valid1 NMSE : 0.2298
[2025-09-24 22:41:53,699][__main__][INFO] - Training done in 40.295 min
[2025-09-24 22:41:53,699][__main__][INFO] - Average time per step: 2.015 s
[2025-09-24 22:41:55,343][__main__][INFO] - End of training
[2025-09-24 22:41:55,343][__main__][INFO] - --Eval--
[2025-09-24 22:43:46,076][__main__][INFO] - Final modulations: {'beta': np.float32(-0.00079801714), 'alpha': np.float32(1.0088038)}
[2025-09-24 22:43:46,077][__main__][INFO] - End of script

[2025-09-24 22:43:58,175][__main__][INFO] - =====Running train script=====
[2025-09-24 22:43:58,308][__main__][INFO] - Fetched main configs, save directory : ../outputs/norm/electricity/lags504_horizon24/seed_2/flexrevin_NMSE/
[2025-09-24 22:43:58,308][__main__][INFO] - Model PatchTST, norma flexrevin, criterion NMSE, kwargs {'latent': False, 'start': True}
[2025-09-24 22:44:00,036][__main__][INFO] - Fetched dataloaders
[2025-09-24 22:44:00,036][__main__][INFO] - Splits shapes:
train	(252, 1, 15782)
valid1	(252, 1, 5261)
valid2	(64, 1, 15782)
valid3	(64, 1, 5261)
test1	(252, 1, 5261)
test2	(64, 1, 5261)
[2025-09-24 22:44:00,036][__main__][INFO] - Batches:
 X=[252, 1, 504]
 y=[252, 1, 24]
[2025-09-24 22:44:00,044][__main__][INFO] - --Training--
[2025-09-24 22:44:02,726][__main__][INFO] - Starting training pytorch with lr=1e-05
[2025-09-24 22:44:02,726][__main__][INFO] - Using device: cuda
[2025-09-24 22:44:02,726][__main__][INFO] - Training 1200 epochs of 1 batches (1200 steps): , eval_freq: 100, print_freq: 100
[2025-09-24 22:47:03,317][__main__][INFO] - Step 1 | valid1 MSE : 0.1964 | valid1 NMSE : 1.2316
[2025-09-24 22:50:08,963][__main__][INFO] - Step 100 | valid1 MSE : 0.0216 | valid1 NMSE : 0.3733
[2025-09-24 22:53:14,605][__main__][INFO] - Step 200 | valid1 MSE : 0.0170 | valid1 NMSE : 0.3140
[2025-09-24 22:56:20,316][__main__][INFO] - Step 300 | valid1 MSE : 0.0151 | valid1 NMSE : 0.2877
[2025-09-24 22:59:25,818][__main__][INFO] - Step 400 | valid1 MSE : 0.0141 | valid1 NMSE : 0.2736
[2025-09-24 23:02:31,659][__main__][INFO] - Step 500 | valid1 MSE : 0.0134 | valid1 NMSE : 0.2603
[2025-09-24 23:05:37,554][__main__][INFO] - Step 600 | valid1 MSE : 0.0127 | valid1 NMSE : 0.2521
[2025-09-24 23:08:43,039][__main__][INFO] - Step 700 | valid1 MSE : 0.0122 | valid1 NMSE : 0.2460
[2025-09-24 23:11:48,713][__main__][INFO] - Step 800 | valid1 MSE : 0.0118 | valid1 NMSE : 0.2408
[2025-09-24 23:14:54,434][__main__][INFO] - Step 900 | valid1 MSE : 0.0115 | valid1 NMSE : 0.2373
[2025-09-24 23:18:00,028][__main__][INFO] - Step 1000 | valid1 MSE : 0.0112 | valid1 NMSE : 0.2342
[2025-09-24 23:21:05,530][__main__][INFO] - Step 1100 | valid1 MSE : 0.0110 | valid1 NMSE : 0.2320
[2025-09-24 23:24:11,249][__main__][INFO] - Step 1200 | valid1 MSE : 0.0107 | valid1 NMSE : 0.2299
[2025-09-24 23:24:11,249][__main__][INFO] - Training done in 40.142 min
[2025-09-24 23:24:11,249][__main__][INFO] - Average time per step: 2.007 s
[2025-09-24 23:24:12,873][__main__][INFO] - End of training
[2025-09-24 23:24:12,873][__main__][INFO] - --Eval--
[2025-09-24 23:26:03,749][__main__][INFO] - Final modulations: {'beta': np.float32(-1.3109038e-05), 'alpha': np.float32(0.99992466)}
[2025-09-24 23:26:03,749][__main__][INFO] - End of script

[2025-09-24 23:26:16,362][__main__][INFO] - =====Running train script=====
[2025-09-24 23:26:16,414][__main__][INFO] - Fetched main configs, save directory : ../outputs/norm/electricity/lags504_horizon24/seed_2/min_init/
[2025-09-24 23:26:16,415][__main__][INFO] - Model PatchTST, norma mIN, criterion NMSE, kwargs {'latent': False, 'init_beta': True, 'fixed_beta': False, 'init_alpha': True, 'fixed_alpha': False, 'use_gamma': False, 'inverse_gamma': False}
[2025-09-24 23:26:18,078][__main__][INFO] - Fetched dataloaders
[2025-09-24 23:26:18,078][__main__][INFO] - Splits shapes:
train	(252, 1, 15782)
valid1	(252, 1, 5261)
valid2	(64, 1, 15782)
valid3	(64, 1, 5261)
test1	(252, 1, 5261)
test2	(64, 1, 5261)
[2025-09-24 23:26:18,078][__main__][INFO] - Batches:
 X=[252, 1, 504]
 y=[252, 1, 24]
[2025-09-24 23:26:18,087][__main__][INFO] - --Training--
[2025-09-24 23:26:20,845][__main__][INFO] - Starting training pytorch with lr=1e-05
[2025-09-24 23:26:20,845][__main__][INFO] - Using device: cuda
[2025-09-24 23:26:20,845][__main__][INFO] - Training 1200 epochs of 1 batches (1200 steps): , eval_freq: 100, print_freq: 100
[2025-09-24 23:29:21,088][__main__][INFO] - Step 1 | valid1 MSE : 0.1946 | valid1 NMSE : 1.2190
[2025-09-24 23:32:26,435][__main__][INFO] - Step 100 | valid1 MSE : 0.0215 | valid1 NMSE : 0.3711
[2025-09-24 23:35:32,110][__main__][INFO] - Step 200 | valid1 MSE : 0.0169 | valid1 NMSE : 0.3129
[2025-09-24 23:38:37,769][__main__][INFO] - Step 300 | valid1 MSE : 0.0151 | valid1 NMSE : 0.2866
[2025-09-24 23:41:43,235][__main__][INFO] - Step 400 | valid1 MSE : 0.0141 | valid1 NMSE : 0.2709
[2025-09-24 23:44:49,399][__main__][INFO] - Step 500 | valid1 MSE : 0.0134 | valid1 NMSE : 0.2599
[2025-09-24 23:47:54,855][__main__][INFO] - Step 600 | valid1 MSE : 0.0127 | valid1 NMSE : 0.2518
[2025-09-24 23:51:00,512][__main__][INFO] - Step 700 | valid1 MSE : 0.0122 | valid1 NMSE : 0.2456
[2025-09-24 23:54:05,855][__main__][INFO] - Step 800 | valid1 MSE : 0.0118 | valid1 NMSE : 0.2406
[2025-09-24 23:57:11,394][__main__][INFO] - Step 900 | valid1 MSE : 0.0115 | valid1 NMSE : 0.2371
[2025-09-25 00:00:17,054][__main__][INFO] - Step 1000 | valid1 MSE : 0.0112 | valid1 NMSE : 0.2339
[2025-09-25 00:03:22,623][__main__][INFO] - Step 1100 | valid1 MSE : 0.0110 | valid1 NMSE : 0.2319
[2025-09-25 00:06:28,269][__main__][INFO] - Step 1200 | valid1 MSE : 0.0107 | valid1 NMSE : 0.2296
[2025-09-25 00:06:28,271][__main__][INFO] - Training done in 40.124 min
[2025-09-25 00:06:28,271][__main__][INFO] - Average time per step: 2.006 s
[2025-09-25 00:06:29,909][__main__][INFO] - End of training
[2025-09-25 00:06:29,909][__main__][INFO] - --Eval--
[2025-09-25 00:08:20,441][__main__][INFO] - Final modulations: {'beta': np.float32(0.003574565), 'alpha': np.float32(0.94251895)}
[2025-09-25 00:08:20,441][__main__][INFO] - End of script

[2025-09-25 00:08:33,213][__main__][INFO] - =====Running train script=====
[2025-09-25 00:08:33,273][__main__][INFO] - Fetched main configs, save directory : ../outputs/norm/electricity/lags504_horizon24/seed_2/min_revin/
[2025-09-25 00:08:33,273][__main__][INFO] - Model PatchTST, norma mIN, criterion NMSE, kwargs {'latent': False, 'init_beta': False, 'fixed_beta': False, 'init_alpha': False, 'fixed_alpha': False, 'use_gamma': True, 'inverse_gamma': True}
[2025-09-25 00:08:35,057][__main__][INFO] - Fetched dataloaders
[2025-09-25 00:08:35,057][__main__][INFO] - Splits shapes:
train	(252, 1, 15782)
valid1	(252, 1, 5261)
valid2	(64, 1, 15782)
valid3	(64, 1, 5261)
test1	(252, 1, 5261)
test2	(64, 1, 5261)
[2025-09-25 00:08:35,057][__main__][INFO] - Batches:
 X=[252, 1, 504]
 y=[252, 1, 24]
[2025-09-25 00:08:35,066][__main__][INFO] - --Training--
[2025-09-25 00:08:37,794][__main__][INFO] - Starting training pytorch with lr=1e-05
[2025-09-25 00:08:37,794][__main__][INFO] - Using device: cuda
[2025-09-25 00:08:37,794][__main__][INFO] - Training 1200 epochs of 1 batches (1200 steps): , eval_freq: 100, print_freq: 100
[2025-09-25 00:11:37,153][__main__][INFO] - Step 1 | valid1 MSE : 0.1964 | valid1 NMSE : 1.2313
[2025-09-25 00:14:41,589][__main__][INFO] - Step 100 | valid1 MSE : 0.0216 | valid1 NMSE : 0.3731
[2025-09-25 00:17:46,020][__main__][INFO] - Step 200 | valid1 MSE : 0.0170 | valid1 NMSE : 0.3141
[2025-09-25 00:20:50,577][__main__][INFO] - Step 300 | valid1 MSE : 0.0151 | valid1 NMSE : 0.2876
[2025-09-25 00:23:55,209][__main__][INFO] - Step 400 | valid1 MSE : 0.0141 | valid1 NMSE : 0.2715
[2025-09-25 00:26:59,663][__main__][INFO] - Step 500 | valid1 MSE : 0.0134 | valid1 NMSE : 0.2603
[2025-09-25 00:30:04,127][__main__][INFO] - Step 600 | valid1 MSE : 0.0127 | valid1 NMSE : 0.2521
[2025-09-25 00:33:08,654][__main__][INFO] - Step 700 | valid1 MSE : 0.0122 | valid1 NMSE : 0.2458
[2025-09-25 00:36:13,385][__main__][INFO] - Step 800 | valid1 MSE : 0.0117 | valid1 NMSE : 0.2408
[2025-09-25 00:39:17,861][__main__][INFO] - Step 900 | valid1 MSE : 0.0115 | valid1 NMSE : 0.2373
[2025-09-25 00:42:22,452][__main__][INFO] - Step 1000 | valid1 MSE : 0.0112 | valid1 NMSE : 0.2341
[2025-09-25 00:45:27,086][__main__][INFO] - Step 1100 | valid1 MSE : 0.0109 | valid1 NMSE : 0.2320
[2025-09-25 00:48:31,882][__main__][INFO] - Step 1200 | valid1 MSE : 0.0107 | valid1 NMSE : 0.2298
[2025-09-25 00:48:31,883][__main__][INFO] - Training done in 39.901 min
[2025-09-25 00:48:31,883][__main__][INFO] - Average time per step: 1.995 s
[2025-09-25 00:48:33,551][__main__][INFO] - End of training
[2025-09-25 00:48:33,552][__main__][INFO] - --Eval--
[2025-09-25 00:50:23,672][__main__][INFO] - Final modulations: {'beta': np.float32(0.00105748), 'alpha': np.float32(0.9913122)}
[2025-09-25 00:50:23,672][__main__][INFO] - End of script

[2025-09-25 00:50:42,740][__main__][INFO] - =====Running train script=====
[2025-09-25 00:50:42,791][__main__][INFO] - Fetched main configs, save directory : ../outputs/norm/electricity/lags504_horizon24/seed_3/instance_NMSE/
[2025-09-25 00:50:42,791][__main__][INFO] - Model PatchTST, norma instance, criterion NMSE, kwargs {'last': False, 'latent': False}
[2025-09-25 00:50:44,611][__main__][INFO] - Fetched dataloaders
[2025-09-25 00:50:44,611][__main__][INFO] - Splits shapes:
train	(252, 1, 15782)
valid1	(252, 1, 5261)
valid2	(64, 1, 15782)
valid3	(64, 1, 5261)
test1	(252, 1, 5261)
test2	(64, 1, 5261)
[2025-09-25 00:50:44,611][__main__][INFO] - Batches:
 X=[252, 1, 504]
 y=[252, 1, 24]
[2025-09-25 00:50:44,620][__main__][INFO] - --Training--
[2025-09-25 00:50:47,391][__main__][INFO] - Starting training pytorch with lr=1e-05
[2025-09-25 00:50:47,391][__main__][INFO] - Using device: cuda
[2025-09-25 00:50:47,391][__main__][INFO] - Training 1200 epochs of 1 batches (1200 steps): , eval_freq: 100, print_freq: 100
[2025-09-25 00:53:48,775][__main__][INFO] - Step 1 | valid1 MSE : 0.2064 | valid1 NMSE : 1.1279
[2025-09-25 00:56:55,485][__main__][INFO] - Step 100 | valid1 MSE : 0.0218 | valid1 NMSE : 0.3387
[2025-09-25 01:00:02,162][__main__][INFO] - Step 200 | valid1 MSE : 0.0179 | valid1 NMSE : 0.2888
[2025-09-25 01:03:09,308][__main__][INFO] - Step 300 | valid1 MSE : 0.0161 | valid1 NMSE : 0.2654
[2025-09-25 01:06:16,080][__main__][INFO] - Step 400 | valid1 MSE : 0.0150 | valid1 NMSE : 0.2506
[2025-09-25 01:09:22,805][__main__][INFO] - Step 500 | valid1 MSE : 0.0141 | valid1 NMSE : 0.2400
[2025-09-25 01:12:29,388][__main__][INFO] - Step 600 | valid1 MSE : 0.0133 | valid1 NMSE : 0.2321
[2025-09-25 01:15:36,041][__main__][INFO] - Step 700 | valid1 MSE : 0.0128 | valid1 NMSE : 0.2259
[2025-09-25 01:18:42,879][__main__][INFO] - Step 800 | valid1 MSE : 0.0123 | valid1 NMSE : 0.2212
[2025-09-25 01:21:50,101][__main__][INFO] - Step 900 | valid1 MSE : 0.0119 | valid1 NMSE : 0.2174
[2025-09-25 01:24:56,827][__main__][INFO] - Step 1000 | valid1 MSE : 0.0115 | valid1 NMSE : 0.2147
[2025-09-25 01:28:03,576][__main__][INFO] - Step 1100 | valid1 MSE : 0.0114 | valid1 NMSE : 0.2127
[2025-09-25 01:31:10,223][__main__][INFO] - Step 1200 | valid1 MSE : 0.0112 | valid1 NMSE : 0.2106
[2025-09-25 01:31:10,224][__main__][INFO] - Training done in 40.381 min
[2025-09-25 01:31:10,224][__main__][INFO] - Average time per step: 2.019 s
[2025-09-25 01:31:11,667][__main__][INFO] - End of training
[2025-09-25 01:31:11,668][__main__][INFO] - --Eval--
[2025-09-25 01:33:02,772][__main__][INFO] - End of script

[2025-09-25 01:33:15,096][__main__][INFO] - =====Running train script=====
[2025-09-25 01:33:15,148][__main__][INFO] - Fetched main configs, save directory : ../outputs/norm/electricity/lags504_horizon24/seed_3/revin_NMSE/
[2025-09-25 01:33:15,148][__main__][INFO] - Model PatchTST, norma revin, criterion NMSE, kwargs {'latent': False}
[2025-09-25 01:33:16,737][__main__][INFO] - Fetched dataloaders
[2025-09-25 01:33:16,737][__main__][INFO] - Splits shapes:
train	(252, 1, 15782)
valid1	(252, 1, 5261)
valid2	(64, 1, 15782)
valid3	(64, 1, 5261)
test1	(252, 1, 5261)
test2	(64, 1, 5261)
[2025-09-25 01:33:16,737][__main__][INFO] - Batches:
 X=[252, 1, 504]
 y=[252, 1, 24]
[2025-09-25 01:33:16,746][__main__][INFO] - --Training--
[2025-09-25 01:33:19,371][__main__][INFO] - Starting training pytorch with lr=1e-05
[2025-09-25 01:33:19,372][__main__][INFO] - Using device: cuda
[2025-09-25 01:33:19,372][__main__][INFO] - Training 1200 epochs of 1 batches (1200 steps): , eval_freq: 100, print_freq: 100
[2025-09-25 01:36:19,333][__main__][INFO] - Step 1 | valid1 MSE : 0.2064 | valid1 NMSE : 1.1279
[2025-09-25 01:39:24,291][__main__][INFO] - Step 100 | valid1 MSE : 0.0218 | valid1 NMSE : 0.3386
[2025-09-25 01:42:29,796][__main__][INFO] - Step 200 | valid1 MSE : 0.0179 | valid1 NMSE : 0.2888
[2025-09-25 01:45:34,757][__main__][INFO] - Step 300 | valid1 MSE : 0.0161 | valid1 NMSE : 0.2654
[2025-09-25 01:48:39,537][__main__][INFO] - Step 400 | valid1 MSE : 0.0150 | valid1 NMSE : 0.2506
[2025-09-25 01:51:45,096][__main__][INFO] - Step 500 | valid1 MSE : 0.0141 | valid1 NMSE : 0.2400
[2025-09-25 01:54:50,585][__main__][INFO] - Step 600 | valid1 MSE : 0.0133 | valid1 NMSE : 0.2321
[2025-09-25 01:57:55,715][__main__][INFO] - Step 700 | valid1 MSE : 0.0128 | valid1 NMSE : 0.2259
[2025-09-25 02:01:01,081][__main__][INFO] - Step 800 | valid1 MSE : 0.0123 | valid1 NMSE : 0.2212
[2025-09-25 02:04:06,340][__main__][INFO] - Step 900 | valid1 MSE : 0.0119 | valid1 NMSE : 0.2174
[2025-09-25 02:07:12,246][__main__][INFO] - Step 1000 | valid1 MSE : 0.0116 | valid1 NMSE : 0.2147
[2025-09-25 02:10:17,814][__main__][INFO] - Step 1100 | valid1 MSE : 0.0114 | valid1 NMSE : 0.2127
[2025-09-25 02:13:23,385][__main__][INFO] - Step 1200 | valid1 MSE : 0.0112 | valid1 NMSE : 0.2107
[2025-09-25 02:13:23,392][__main__][INFO] - Training done in 40.067 min
[2025-09-25 02:13:23,392][__main__][INFO] - Average time per step: 2.003 s
[2025-09-25 02:13:24,726][__main__][INFO] - End of training
[2025-09-25 02:13:24,727][__main__][INFO] - --Eval--
[2025-09-25 02:15:15,319][__main__][INFO] - Final modulations: {'beta': np.float32(-0.00016891921), 'alpha': np.float32(1.0090098)}
[2025-09-25 02:15:15,319][__main__][INFO] - End of script

[2025-09-25 02:15:26,746][__main__][INFO] - =====Running train script=====
[2025-09-25 02:15:26,797][__main__][INFO] - Fetched main configs, save directory : ../outputs/norm/electricity/lags504_horizon24/seed_3/flexrevin_NMSE/
[2025-09-25 02:15:26,797][__main__][INFO] - Model PatchTST, norma flexrevin, criterion NMSE, kwargs {'latent': False, 'start': True}
[2025-09-25 02:15:28,433][__main__][INFO] - Fetched dataloaders
[2025-09-25 02:15:28,433][__main__][INFO] - Splits shapes:
train	(252, 1, 15782)
valid1	(252, 1, 5261)
valid2	(64, 1, 15782)
valid3	(64, 1, 5261)
test1	(252, 1, 5261)
test2	(64, 1, 5261)
[2025-09-25 02:15:28,433][__main__][INFO] - Batches:
 X=[252, 1, 504]
 y=[252, 1, 24]
[2025-09-25 02:15:28,439][__main__][INFO] - --Training--
[2025-09-25 02:15:31,007][__main__][INFO] - Starting training pytorch with lr=1e-05
[2025-09-25 02:15:31,007][__main__][INFO] - Using device: cuda
[2025-09-25 02:15:31,007][__main__][INFO] - Training 1200 epochs of 1 batches (1200 steps): , eval_freq: 100, print_freq: 100
[2025-09-25 02:18:32,553][__main__][INFO] - Step 1 | valid1 MSE : 0.2064 | valid1 NMSE : 1.1277
[2025-09-25 02:21:39,573][__main__][INFO] - Step 100 | valid1 MSE : 0.0218 | valid1 NMSE : 0.3390
[2025-09-25 02:24:46,467][__main__][INFO] - Step 200 | valid1 MSE : 0.0179 | valid1 NMSE : 0.2886
[2025-09-25 02:27:53,325][__main__][INFO] - Step 300 | valid1 MSE : 0.0161 | valid1 NMSE : 0.2653
[2025-09-25 02:31:00,332][__main__][INFO] - Step 400 | valid1 MSE : 0.0150 | valid1 NMSE : 0.2507
[2025-09-25 02:34:07,005][__main__][INFO] - Step 500 | valid1 MSE : 0.0141 | valid1 NMSE : 0.2400
[2025-09-25 02:37:13,780][__main__][INFO] - Step 600 | valid1 MSE : 0.0133 | valid1 NMSE : 0.2335
[2025-09-25 02:40:20,564][__main__][INFO] - Step 700 | valid1 MSE : 0.0128 | valid1 NMSE : 0.2265
[2025-09-25 02:43:27,281][__main__][INFO] - Step 800 | valid1 MSE : 0.0123 | valid1 NMSE : 0.2212
[2025-09-25 02:46:34,553][__main__][INFO] - Step 900 | valid1 MSE : 0.0120 | valid1 NMSE : 0.2174
[2025-09-25 02:49:41,152][__main__][INFO] - Step 1000 | valid1 MSE : 0.0115 | valid1 NMSE : 0.2147
[2025-09-25 02:52:48,198][__main__][INFO] - Step 1100 | valid1 MSE : 0.0114 | valid1 NMSE : 0.2128
[2025-09-25 02:55:54,964][__main__][INFO] - Step 1200 | valid1 MSE : 0.0112 | valid1 NMSE : 0.2106
[2025-09-25 02:55:54,969][__main__][INFO] - Training done in 40.399 min
[2025-09-25 02:55:54,969][__main__][INFO] - Average time per step: 2.020 s
[2025-09-25 02:55:56,141][__main__][INFO] - End of training
[2025-09-25 02:55:56,141][__main__][INFO] - --Eval--
[2025-09-25 02:57:47,089][__main__][INFO] - Final modulations: {'beta': np.float32(-1.6124775e-05), 'alpha': np.float32(0.9999031)}
[2025-09-25 02:57:47,089][__main__][INFO] - End of script

[2025-09-25 02:57:54,915][__main__][INFO] - =====Running train script=====
[2025-09-25 02:57:54,984][__main__][INFO] - Fetched main configs, save directory : ../outputs/norm/electricity/lags504_horizon24/seed_3/min_init/
[2025-09-25 02:57:54,984][__main__][INFO] - Model PatchTST, norma mIN, criterion NMSE, kwargs {'latent': False, 'init_beta': True, 'fixed_beta': False, 'init_alpha': True, 'fixed_alpha': False, 'use_gamma': False, 'inverse_gamma': False}
[2025-09-25 02:57:56,796][__main__][INFO] - Fetched dataloaders
[2025-09-25 02:57:56,796][__main__][INFO] - Splits shapes:
train	(252, 1, 15782)
valid1	(252, 1, 5261)
valid2	(64, 1, 15782)
valid3	(64, 1, 5261)
test1	(252, 1, 5261)
test2	(64, 1, 5261)
[2025-09-25 02:57:56,796][__main__][INFO] - Batches:
 X=[252, 1, 504]
 y=[252, 1, 24]
[2025-09-25 02:57:56,804][__main__][INFO] - --Training--
[2025-09-25 02:57:58,161][__main__][INFO] - Starting training pytorch with lr=1e-05
[2025-09-25 02:57:58,161][__main__][INFO] - Using device: cuda
[2025-09-25 02:57:58,161][__main__][INFO] - Training 1200 epochs of 1 batches (1200 steps): , eval_freq: 100, print_freq: 100
[2025-09-25 03:00:58,897][__main__][INFO] - Step 1 | valid1 MSE : 0.2050 | valid1 NMSE : 1.1197
[2025-09-25 03:04:05,095][__main__][INFO] - Step 100 | valid1 MSE : 0.0218 | valid1 NMSE : 0.3368
[2025-09-25 03:07:11,490][__main__][INFO] - Step 200 | valid1 MSE : 0.0178 | valid1 NMSE : 0.2874
[2025-09-25 03:10:18,069][__main__][INFO] - Step 300 | valid1 MSE : 0.0161 | valid1 NMSE : 0.2644
[2025-09-25 03:13:24,517][__main__][INFO] - Step 400 | valid1 MSE : 0.0150 | valid1 NMSE : 0.2499
[2025-09-25 03:16:30,895][__main__][INFO] - Step 500 | valid1 MSE : 0.0141 | valid1 NMSE : 0.2396
[2025-09-25 03:19:37,364][__main__][INFO] - Step 600 | valid1 MSE : 0.0134 | valid1 NMSE : 0.2318
[2025-09-25 03:22:43,666][__main__][INFO] - Step 700 | valid1 MSE : 0.0128 | valid1 NMSE : 0.2257
[2025-09-25 03:25:49,960][__main__][INFO] - Step 800 | valid1 MSE : 0.0124 | valid1 NMSE : 0.2210
[2025-09-25 03:28:56,416][__main__][INFO] - Step 900 | valid1 MSE : 0.0120 | valid1 NMSE : 0.2173
[2025-09-25 03:32:02,978][__main__][INFO] - Step 1000 | valid1 MSE : 0.0116 | valid1 NMSE : 0.2146
[2025-09-25 03:35:09,398][__main__][INFO] - Step 1100 | valid1 MSE : 0.0115 | valid1 NMSE : 0.2126
[2025-09-25 03:38:16,147][__main__][INFO] - Step 1200 | valid1 MSE : 0.0112 | valid1 NMSE : 0.2105
[2025-09-25 03:38:16,147][__main__][INFO] - Training done in 40.300 min
[2025-09-25 03:38:16,147][__main__][INFO] - Average time per step: 2.015 s
[2025-09-25 03:38:17,232][__main__][INFO] - End of training
[2025-09-25 03:38:17,232][__main__][INFO] - --Eval--
[2025-09-25 03:40:08,079][__main__][INFO] - Final modulations: {'beta': np.float32(0.0018089633), 'alpha': np.float32(0.94019914)}
[2025-09-25 03:40:08,079][__main__][INFO] - End of script

[2025-09-25 03:40:14,077][__main__][INFO] - =====Running train script=====
[2025-09-25 03:40:14,127][__main__][INFO] - Fetched main configs, save directory : ../outputs/norm/electricity/lags504_horizon24/seed_3/min_revin/
[2025-09-25 03:40:14,127][__main__][INFO] - Model PatchTST, norma mIN, criterion NMSE, kwargs {'latent': False, 'init_beta': False, 'fixed_beta': False, 'init_alpha': False, 'fixed_alpha': False, 'use_gamma': True, 'inverse_gamma': True}
[2025-09-25 03:40:15,667][__main__][INFO] - Fetched dataloaders
[2025-09-25 03:40:15,667][__main__][INFO] - Splits shapes:
train	(252, 1, 15782)
valid1	(252, 1, 5261)
valid2	(64, 1, 15782)
valid3	(64, 1, 5261)
test1	(252, 1, 5261)
test2	(64, 1, 5261)
[2025-09-25 03:40:15,667][__main__][INFO] - Batches:
 X=[252, 1, 504]
 y=[252, 1, 24]
[2025-09-25 03:40:15,673][__main__][INFO] - --Training--
[2025-09-25 03:40:16,981][__main__][INFO] - Starting training pytorch with lr=1e-05
[2025-09-25 03:40:16,981][__main__][INFO] - Using device: cuda
[2025-09-25 03:40:16,981][__main__][INFO] - Training 1200 epochs of 1 batches (1200 steps): , eval_freq: 100, print_freq: 100
[2025-09-25 03:43:15,760][__main__][INFO] - Step 1 | valid1 MSE : 0.2064 | valid1 NMSE : 1.1279
[2025-09-25 03:46:19,855][__main__][INFO] - Step 100 | valid1 MSE : 0.0218 | valid1 NMSE : 0.3386
[2025-09-25 03:49:24,043][__main__][INFO] - Step 200 | valid1 MSE : 0.0179 | valid1 NMSE : 0.2887
[2025-09-25 03:52:28,100][__main__][INFO] - Step 300 | valid1 MSE : 0.0161 | valid1 NMSE : 0.2653
[2025-09-25 03:55:32,192][__main__][INFO] - Step 400 | valid1 MSE : 0.0150 | valid1 NMSE : 0.2506
[2025-09-25 03:58:36,322][__main__][INFO] - Step 500 | valid1 MSE : 0.0141 | valid1 NMSE : 0.2400
[2025-09-25 04:01:40,574][__main__][INFO] - Step 600 | valid1 MSE : 0.0133 | valid1 NMSE : 0.2321
[2025-09-25 04:04:44,429][__main__][INFO] - Step 700 | valid1 MSE : 0.0128 | valid1 NMSE : 0.2259
[2025-09-25 04:07:48,549][__main__][INFO] - Step 800 | valid1 MSE : 0.0123 | valid1 NMSE : 0.2212
[2025-09-25 04:10:52,463][__main__][INFO] - Step 900 | valid1 MSE : 0.0119 | valid1 NMSE : 0.2174
[2025-09-25 04:13:56,756][__main__][INFO] - Step 1000 | valid1 MSE : 0.0116 | valid1 NMSE : 0.2147
[2025-09-25 04:17:01,012][__main__][INFO] - Step 1100 | valid1 MSE : 0.0114 | valid1 NMSE : 0.2127
[2025-09-25 04:20:05,217][__main__][INFO] - Step 1200 | valid1 MSE : 0.0112 | valid1 NMSE : 0.2107
[2025-09-25 04:20:05,219][__main__][INFO] - Training done in 39.804 min
[2025-09-25 04:20:05,219][__main__][INFO] - Average time per step: 1.990 s
[2025-09-25 04:20:06,300][__main__][INFO] - End of training
[2025-09-25 04:20:06,301][__main__][INFO] - --Eval--
[2025-09-25 04:21:56,849][__main__][INFO] - Final modulations: {'beta': np.float32(-5.9506878e-05), 'alpha': np.float32(0.991085)}
[2025-09-25 04:21:56,850][__main__][INFO] - End of script

[2025-09-25 04:22:09,595][__main__][INFO] - =====Running train script=====
[2025-09-25 04:22:09,636][__main__][INFO] - Fetched main configs, save directory : ../outputs/norm/electricity/lags504_horizon24/seed_4/instance_NMSE/
[2025-09-25 04:22:09,636][__main__][INFO] - Model PatchTST, norma instance, criterion NMSE, kwargs {'last': False, 'latent': False}
[2025-09-25 04:22:11,212][__main__][INFO] - Fetched dataloaders
[2025-09-25 04:22:11,213][__main__][INFO] - Splits shapes:
train	(252, 1, 15782)
valid1	(252, 1, 5261)
valid2	(64, 1, 15782)
valid3	(64, 1, 5261)
test1	(252, 1, 5261)
test2	(64, 1, 5261)
[2025-09-25 04:22:11,213][__main__][INFO] - Batches:
 X=[252, 1, 504]
 y=[252, 1, 24]
[2025-09-25 04:22:11,218][__main__][INFO] - --Training--
[2025-09-25 04:22:12,555][__main__][INFO] - Starting training pytorch with lr=1e-05
[2025-09-25 04:22:12,555][__main__][INFO] - Using device: cuda
[2025-09-25 04:22:12,555][__main__][INFO] - Training 1200 epochs of 1 batches (1200 steps): , eval_freq: 100, print_freq: 100
[2025-09-25 04:25:12,167][__main__][INFO] - Step 1 | valid1 MSE : 0.1967 | valid1 NMSE : 1.2045
[2025-09-25 04:28:17,252][__main__][INFO] - Step 100 | valid1 MSE : 0.0209 | valid1 NMSE : 0.3679
[2025-09-25 04:31:22,598][__main__][INFO] - Step 200 | valid1 MSE : 0.0171 | valid1 NMSE : 0.3128
[2025-09-25 04:34:27,868][__main__][INFO] - Step 300 | valid1 MSE : 0.0154 | valid1 NMSE : 0.2875
[2025-09-25 04:37:33,207][__main__][INFO] - Step 400 | valid1 MSE : 0.0143 | valid1 NMSE : 0.2721
[2025-09-25 04:40:38,466][__main__][INFO] - Step 500 | valid1 MSE : 0.0136 | valid1 NMSE : 0.2608
[2025-09-25 04:43:43,710][__main__][INFO] - Step 600 | valid1 MSE : 0.0128 | valid1 NMSE : 0.2524
[2025-09-25 04:46:48,910][__main__][INFO] - Step 700 | valid1 MSE : 0.0123 | valid1 NMSE : 0.2459
[2025-09-25 04:49:54,205][__main__][INFO] - Step 800 | valid1 MSE : 0.0120 | valid1 NMSE : 0.2412
[2025-09-25 04:52:59,422][__main__][INFO] - Step 900 | valid1 MSE : 0.0116 | valid1 NMSE : 0.2374
[2025-09-25 04:56:04,802][__main__][INFO] - Step 1000 | valid1 MSE : 0.0113 | valid1 NMSE : 0.2341
[2025-09-25 04:59:10,293][__main__][INFO] - Step 1100 | valid1 MSE : 0.0110 | valid1 NMSE : 0.2315
[2025-09-25 05:02:15,597][__main__][INFO] - Step 1200 | valid1 MSE : 0.0108 | valid1 NMSE : 0.2296
[2025-09-25 05:02:15,598][__main__][INFO] - Training done in 40.051 min
[2025-09-25 05:02:15,598][__main__][INFO] - Average time per step: 2.003 s
[2025-09-25 05:02:17,050][__main__][INFO] - End of training
[2025-09-25 05:02:17,050][__main__][INFO] - --Eval--
[2025-09-25 05:04:07,622][__main__][INFO] - End of script

[2025-09-25 05:04:19,992][__main__][INFO] - =====Running train script=====
[2025-09-25 05:04:20,039][__main__][INFO] - Fetched main configs, save directory : ../outputs/norm/electricity/lags504_horizon24/seed_4/revin_NMSE/
[2025-09-25 05:04:20,039][__main__][INFO] - Model PatchTST, norma revin, criterion NMSE, kwargs {'latent': False}
[2025-09-25 05:04:21,831][__main__][INFO] - Fetched dataloaders
[2025-09-25 05:04:21,831][__main__][INFO] - Splits shapes:
train	(252, 1, 15782)
valid1	(252, 1, 5261)
valid2	(64, 1, 15782)
valid3	(64, 1, 5261)
test1	(252, 1, 5261)
test2	(64, 1, 5261)
[2025-09-25 05:04:21,831][__main__][INFO] - Batches:
 X=[252, 1, 504]
 y=[252, 1, 24]
[2025-09-25 05:04:21,840][__main__][INFO] - --Training--
[2025-09-25 05:04:24,524][__main__][INFO] - Starting training pytorch with lr=1e-05
[2025-09-25 05:04:24,524][__main__][INFO] - Using device: cuda
[2025-09-25 05:04:24,524][__main__][INFO] - Training 1200 epochs of 1 batches (1200 steps): , eval_freq: 100, print_freq: 100
[2025-09-25 05:07:26,757][__main__][INFO] - Step 1 | valid1 MSE : 0.1967 | valid1 NMSE : 1.2045
[2025-09-25 05:10:33,789][__main__][INFO] - Step 100 | valid1 MSE : 0.0209 | valid1 NMSE : 0.3678
[2025-09-25 05:13:41,312][__main__][INFO] - Step 200 | valid1 MSE : 0.0171 | valid1 NMSE : 0.3128
[2025-09-25 05:16:48,706][__main__][INFO] - Step 300 | valid1 MSE : 0.0154 | valid1 NMSE : 0.2875
[2025-09-25 05:19:56,088][__main__][INFO] - Step 400 | valid1 MSE : 0.0143 | valid1 NMSE : 0.2721
[2025-09-25 05:23:03,496][__main__][INFO] - Step 500 | valid1 MSE : 0.0136 | valid1 NMSE : 0.2607
[2025-09-25 05:26:10,531][__main__][INFO] - Step 600 | valid1 MSE : 0.0128 | valid1 NMSE : 0.2524
[2025-09-25 05:29:17,714][__main__][INFO] - Step 700 | valid1 MSE : 0.0123 | valid1 NMSE : 0.2459
[2025-09-25 05:32:24,766][__main__][INFO] - Step 800 | valid1 MSE : 0.0120 | valid1 NMSE : 0.2412
[2025-09-25 05:35:31,966][__main__][INFO] - Step 900 | valid1 MSE : 0.0116 | valid1 NMSE : 0.2374
[2025-09-25 05:38:38,947][__main__][INFO] - Step 1000 | valid1 MSE : 0.0113 | valid1 NMSE : 0.2341
[2025-09-25 05:41:46,141][__main__][INFO] - Step 1100 | valid1 MSE : 0.0111 | valid1 NMSE : 0.2315
[2025-09-25 05:44:53,155][__main__][INFO] - Step 1200 | valid1 MSE : 0.0108 | valid1 NMSE : 0.2296
[2025-09-25 05:44:53,156][__main__][INFO] - Training done in 40.477 min
[2025-09-25 05:44:53,156][__main__][INFO] - Average time per step: 2.024 s
[2025-09-25 05:44:54,274][__main__][INFO] - End of training
[2025-09-25 05:44:54,274][__main__][INFO] - --Eval--
[2025-09-25 05:46:45,869][__main__][INFO] - Final modulations: {'beta': np.float32(-0.00045198188), 'alpha': np.float32(1.008937)}
[2025-09-25 05:46:45,869][__main__][INFO] - End of script

[2025-09-25 05:46:51,537][__main__][INFO] - =====Running train script=====
[2025-09-25 05:46:51,644][__main__][INFO] - Fetched main configs, save directory : ../outputs/norm/electricity/lags504_horizon24/seed_4/flexrevin_NMSE/
[2025-09-25 05:46:51,644][__main__][INFO] - Model PatchTST, norma flexrevin, criterion NMSE, kwargs {'latent': False, 'start': True}
[2025-09-25 05:46:53,327][__main__][INFO] - Fetched dataloaders
[2025-09-25 05:46:53,327][__main__][INFO] - Splits shapes:
train	(252, 1, 15782)
valid1	(252, 1, 5261)
valid2	(64, 1, 15782)
valid3	(64, 1, 5261)
test1	(252, 1, 5261)
test2	(64, 1, 5261)
[2025-09-25 05:46:53,327][__main__][INFO] - Batches:
 X=[252, 1, 504]
 y=[252, 1, 24]
[2025-09-25 05:46:53,333][__main__][INFO] - --Training--
[2025-09-25 05:46:54,667][__main__][INFO] - Starting training pytorch with lr=1e-05
[2025-09-25 05:46:54,667][__main__][INFO] - Using device: cuda
[2025-09-25 05:46:54,667][__main__][INFO] - Training 1200 epochs of 1 batches (1200 steps): , eval_freq: 100, print_freq: 100
[2025-09-25 05:49:54,716][__main__][INFO] - Step 1 | valid1 MSE : 0.1967 | valid1 NMSE : 1.2045
[2025-09-25 05:53:00,531][__main__][INFO] - Step 100 | valid1 MSE : 0.0209 | valid1 NMSE : 0.3695
[2025-09-25 05:56:06,068][__main__][INFO] - Step 200 | valid1 MSE : 0.0171 | valid1 NMSE : 0.3139
[2025-09-25 05:59:11,869][__main__][INFO] - Step 300 | valid1 MSE : 0.0154 | valid1 NMSE : 0.2876
[2025-09-25 06:02:17,384][__main__][INFO] - Step 400 | valid1 MSE : 0.0143 | valid1 NMSE : 0.2721
[2025-09-25 06:05:22,410][__main__][INFO] - Step 500 | valid1 MSE : 0.0136 | valid1 NMSE : 0.2611
[2025-09-25 06:08:27,299][__main__][INFO] - Step 600 | valid1 MSE : 0.0129 | valid1 NMSE : 0.2523
[2025-09-25 06:11:32,008][__main__][INFO] - Step 700 | valid1 MSE : 0.0124 | valid1 NMSE : 0.2462
[2025-09-25 06:14:36,547][__main__][INFO] - Step 800 | valid1 MSE : 0.0120 | valid1 NMSE : 0.2413
[2025-09-25 06:17:41,204][__main__][INFO] - Step 900 | valid1 MSE : 0.0117 | valid1 NMSE : 0.2374
[2025-09-25 06:20:45,946][__main__][INFO] - Step 1000 | valid1 MSE : 0.0113 | valid1 NMSE : 0.2342
[2025-09-25 06:23:50,650][__main__][INFO] - Step 1100 | valid1 MSE : 0.0111 | valid1 NMSE : 0.2315
[2025-09-25 06:26:54,966][__main__][INFO] - Step 1200 | valid1 MSE : 0.0109 | valid1 NMSE : 0.2297
[2025-09-25 06:26:54,967][__main__][INFO] - Training done in 40.005 min
[2025-09-25 06:26:54,967][__main__][INFO] - Average time per step: 2.000 s
[2025-09-25 06:26:56,688][__main__][INFO] - End of training
[2025-09-25 06:26:56,688][__main__][INFO] - --Eval--
[2025-09-25 06:28:46,373][__main__][INFO] - Final modulations: {'beta': np.float32(-1.150902e-05), 'alpha': np.float32(0.99994373)}
[2025-09-25 06:28:46,375][__main__][INFO] - End of script

[2025-09-25 06:28:59,001][__main__][INFO] - =====Running train script=====
[2025-09-25 06:28:59,050][__main__][INFO] - Fetched main configs, save directory : ../outputs/norm/electricity/lags504_horizon24/seed_4/min_init/
[2025-09-25 06:28:59,050][__main__][INFO] - Model PatchTST, norma mIN, criterion NMSE, kwargs {'latent': False, 'init_beta': True, 'fixed_beta': False, 'init_alpha': True, 'fixed_alpha': False, 'use_gamma': False, 'inverse_gamma': False}
[2025-09-25 06:29:00,688][__main__][INFO] - Fetched dataloaders
[2025-09-25 06:29:00,688][__main__][INFO] - Splits shapes:
train	(252, 1, 15782)
valid1	(252, 1, 5261)
valid2	(64, 1, 15782)
valid3	(64, 1, 5261)
test1	(252, 1, 5261)
test2	(64, 1, 5261)
[2025-09-25 06:29:00,688][__main__][INFO] - Batches:
 X=[252, 1, 504]
 y=[252, 1, 24]
[2025-09-25 06:29:00,697][__main__][INFO] - --Training--
[2025-09-25 06:29:03,340][__main__][INFO] - Starting training pytorch with lr=1e-05
[2025-09-25 06:29:03,340][__main__][INFO] - Using device: cuda
[2025-09-25 06:29:03,340][__main__][INFO] - Training 1200 epochs of 1 batches (1200 steps): , eval_freq: 100, print_freq: 100
[2025-09-25 06:32:03,370][__main__][INFO] - Step 1 | valid1 MSE : 0.1948 | valid1 NMSE : 1.1930
[2025-09-25 06:35:08,435][__main__][INFO] - Step 100 | valid1 MSE : 0.0208 | valid1 NMSE : 0.3659
[2025-09-25 06:38:13,918][__main__][INFO] - Step 200 | valid1 MSE : 0.0170 | valid1 NMSE : 0.3115
[2025-09-25 06:41:19,148][__main__][INFO] - Step 300 | valid1 MSE : 0.0153 | valid1 NMSE : 0.2864
[2025-09-25 06:44:24,285][__main__][INFO] - Step 400 | valid1 MSE : 0.0143 | valid1 NMSE : 0.2714
[2025-09-25 06:47:29,771][__main__][INFO] - Step 500 | valid1 MSE : 0.0136 | valid1 NMSE : 0.2602
[2025-09-25 06:50:35,051][__main__][INFO] - Step 600 | valid1 MSE : 0.0129 | valid1 NMSE : 0.2520
[2025-09-25 06:53:40,633][__main__][INFO] - Step 700 | valid1 MSE : 0.0124 | valid1 NMSE : 0.2456
[2025-09-25 06:56:46,088][__main__][INFO] - Step 800 | valid1 MSE : 0.0120 | valid1 NMSE : 0.2410
[2025-09-25 06:59:51,605][__main__][INFO] - Step 900 | valid1 MSE : 0.0116 | valid1 NMSE : 0.2372
[2025-09-25 07:02:57,120][__main__][INFO] - Step 1000 | valid1 MSE : 0.0113 | valid1 NMSE : 0.2340
[2025-09-25 07:06:02,648][__main__][INFO] - Step 1100 | valid1 MSE : 0.0111 | valid1 NMSE : 0.2314
[2025-09-25 07:09:08,012][__main__][INFO] - Step 1200 | valid1 MSE : 0.0109 | valid1 NMSE : 0.2295
[2025-09-25 07:09:08,014][__main__][INFO] - Training done in 40.078 min
[2025-09-25 07:09:08,014][__main__][INFO] - Average time per step: 2.004 s
[2025-09-25 07:09:09,620][__main__][INFO] - End of training
[2025-09-25 07:09:09,620][__main__][INFO] - --Eval--
[2025-09-25 07:10:59,992][__main__][INFO] - Final modulations: {'beta': np.float32(0.0018857875), 'alpha': np.float32(0.93999475)}
[2025-09-25 07:10:59,993][__main__][INFO] - End of script

[2025-09-25 07:11:12,363][__main__][INFO] - =====Running train script=====
[2025-09-25 07:11:12,427][__main__][INFO] - Fetched main configs, save directory : ../outputs/norm/electricity/lags504_horizon24/seed_4/min_revin/
[2025-09-25 07:11:12,427][__main__][INFO] - Model PatchTST, norma mIN, criterion NMSE, kwargs {'latent': False, 'init_beta': False, 'fixed_beta': False, 'init_alpha': False, 'fixed_alpha': False, 'use_gamma': True, 'inverse_gamma': True}
[2025-09-25 07:11:14,215][__main__][INFO] - Fetched dataloaders
[2025-09-25 07:11:14,216][__main__][INFO] - Splits shapes:
train	(252, 1, 15782)
valid1	(252, 1, 5261)
valid2	(64, 1, 15782)
valid3	(64, 1, 5261)
test1	(252, 1, 5261)
test2	(64, 1, 5261)
[2025-09-25 07:11:14,216][__main__][INFO] - Batches:
 X=[252, 1, 504]
 y=[252, 1, 24]
[2025-09-25 07:11:14,225][__main__][INFO] - --Training--
[2025-09-25 07:11:16,836][__main__][INFO] - Starting training pytorch with lr=1e-05
[2025-09-25 07:11:16,836][__main__][INFO] - Using device: cuda
[2025-09-25 07:11:16,837][__main__][INFO] - Training 1200 epochs of 1 batches (1200 steps): , eval_freq: 100, print_freq: 100
[2025-09-25 07:14:16,852][__main__][INFO] - Step 1 | valid1 MSE : 0.1967 | valid1 NMSE : 1.2045
[2025-09-25 07:17:22,449][__main__][INFO] - Step 100 | valid1 MSE : 0.0209 | valid1 NMSE : 0.3678
[2025-09-25 07:20:28,074][__main__][INFO] - Step 200 | valid1 MSE : 0.0171 | valid1 NMSE : 0.3127
[2025-09-25 07:23:34,032][__main__][INFO] - Step 300 | valid1 MSE : 0.0154 | valid1 NMSE : 0.2874
[2025-09-25 07:26:39,517][__main__][INFO] - Step 400 | valid1 MSE : 0.0143 | valid1 NMSE : 0.2721
[2025-09-25 07:29:45,182][__main__][INFO] - Step 500 | valid1 MSE : 0.0136 | valid1 NMSE : 0.2607
[2025-09-25 07:32:51,020][__main__][INFO] - Step 600 | valid1 MSE : 0.0128 | valid1 NMSE : 0.2524
[2025-09-25 07:35:56,287][__main__][INFO] - Step 700 | valid1 MSE : 0.0123 | valid1 NMSE : 0.2459
[2025-09-25 07:39:01,631][__main__][INFO] - Step 800 | valid1 MSE : 0.0120 | valid1 NMSE : 0.2413
[2025-09-25 07:42:07,009][__main__][INFO] - Step 900 | valid1 MSE : 0.0116 | valid1 NMSE : 0.2374
[2025-09-25 07:45:12,555][__main__][INFO] - Step 1000 | valid1 MSE : 0.0113 | valid1 NMSE : 0.2342
[2025-09-25 07:48:18,044][__main__][INFO] - Step 1100 | valid1 MSE : 0.0111 | valid1 NMSE : 0.2315
[2025-09-25 07:51:23,582][__main__][INFO] - Step 1200 | valid1 MSE : 0.0109 | valid1 NMSE : 0.2296
[2025-09-25 07:51:23,584][__main__][INFO] - Training done in 40.112 min
[2025-09-25 07:51:23,584][__main__][INFO] - Average time per step: 2.006 s
[2025-09-25 07:51:25,186][__main__][INFO] - End of training
[2025-09-25 07:51:25,186][__main__][INFO] - --Eval--
[2025-09-25 07:53:15,943][__main__][INFO] - Final modulations: {'beta': np.float32(0.00011734331), 'alpha': np.float32(0.99121994)}
[2025-09-25 07:53:15,944][__main__][INFO] - End of script

[2025-09-25 07:53:36,118][__main__][INFO] - =====Running train script=====
[2025-09-25 07:53:36,170][__main__][INFO] - Fetched main configs, save directory : ../outputs/norm/electricity/lags504_horizon24/seed_5/instance_NMSE/
[2025-09-25 07:53:36,170][__main__][INFO] - Model PatchTST, norma instance, criterion NMSE, kwargs {'last': False, 'latent': False}
[2025-09-25 07:53:37,905][__main__][INFO] - Fetched dataloaders
[2025-09-25 07:53:37,905][__main__][INFO] - Splits shapes:
train	(252, 1, 15782)
valid1	(252, 1, 5261)
valid2	(64, 1, 15782)
valid3	(64, 1, 5261)
test1	(252, 1, 5261)
test2	(64, 1, 5261)
[2025-09-25 07:53:37,905][__main__][INFO] - Batches:
 X=[252, 1, 504]
 y=[252, 1, 24]
[2025-09-25 07:53:37,916][__main__][INFO] - --Training--
[2025-09-25 07:53:41,600][__main__][INFO] - Starting training pytorch with lr=1e-05
[2025-09-25 07:53:41,600][__main__][INFO] - Using device: cuda
[2025-09-25 07:53:41,600][__main__][INFO] - Training 1200 epochs of 1 batches (1200 steps): , eval_freq: 100, print_freq: 100
[2025-09-25 07:56:41,707][__main__][INFO] - Step 1 | valid1 MSE : 0.2397 | valid1 NMSE : 1.2898
[2025-09-25 07:59:46,453][__main__][INFO] - Step 100 | valid1 MSE : 0.0205 | valid1 NMSE : 0.3114
[2025-09-25 08:02:51,708][__main__][INFO] - Step 200 | valid1 MSE : 0.0171 | valid1 NMSE : 0.2642
[2025-09-25 08:05:57,000][__main__][INFO] - Step 300 | valid1 MSE : 0.0155 | valid1 NMSE : 0.2408
[2025-09-25 08:09:02,748][__main__][INFO] - Step 400 | valid1 MSE : 0.0144 | valid1 NMSE : 0.2257
[2025-09-25 08:12:07,999][__main__][INFO] - Step 500 | valid1 MSE : 0.0136 | valid1 NMSE : 0.2152
[2025-09-25 08:15:13,070][__main__][INFO] - Step 600 | valid1 MSE : 0.0131 | valid1 NMSE : 0.2073
[2025-09-25 08:18:18,180][__main__][INFO] - Step 700 | valid1 MSE : 0.0125 | valid1 NMSE : 0.2008
[2025-09-25 08:21:23,277][__main__][INFO] - Step 800 | valid1 MSE : 0.0121 | valid1 NMSE : 0.1961
[2025-09-25 08:24:28,206][__main__][INFO] - Step 900 | valid1 MSE : 0.0117 | valid1 NMSE : 0.1925
[2025-09-25 08:27:33,188][__main__][INFO] - Step 1000 | valid1 MSE : 0.0114 | valid1 NMSE : 0.1893
[2025-09-25 08:30:38,397][__main__][INFO] - Step 1100 | valid1 MSE : 0.0111 | valid1 NMSE : 0.1869
[2025-09-25 08:33:43,915][__main__][INFO] - Step 1200 | valid1 MSE : 0.0109 | valid1 NMSE : 0.1850
[2025-09-25 08:33:43,916][__main__][INFO] - Training done in 40.039 min
[2025-09-25 08:33:43,916][__main__][INFO] - Average time per step: 2.002 s
[2025-09-25 08:33:45,329][__main__][INFO] - End of training
[2025-09-25 08:33:45,329][__main__][INFO] - --Eval--
[2025-09-25 08:35:35,667][__main__][INFO] - End of script

[2025-09-25 08:35:48,227][__main__][INFO] - =====Running train script=====
[2025-09-25 08:35:48,266][__main__][INFO] - Fetched main configs, save directory : ../outputs/norm/electricity/lags504_horizon24/seed_5/revin_NMSE/
[2025-09-25 08:35:48,267][__main__][INFO] - Model PatchTST, norma revin, criterion NMSE, kwargs {'latent': False}
[2025-09-25 08:35:49,890][__main__][INFO] - Fetched dataloaders
[2025-09-25 08:35:49,891][__main__][INFO] - Splits shapes:
train	(252, 1, 15782)
valid1	(252, 1, 5261)
valid2	(64, 1, 15782)
valid3	(64, 1, 5261)
test1	(252, 1, 5261)
test2	(64, 1, 5261)
[2025-09-25 08:35:49,891][__main__][INFO] - Batches:
 X=[252, 1, 504]
 y=[252, 1, 24]
[2025-09-25 08:35:49,899][__main__][INFO] - --Training--
[2025-09-25 08:35:52,584][__main__][INFO] - Starting training pytorch with lr=1e-05
[2025-09-25 08:35:52,584][__main__][INFO] - Using device: cuda
[2025-09-25 08:35:52,584][__main__][INFO] - Training 1200 epochs of 1 batches (1200 steps): , eval_freq: 100, print_freq: 100
[2025-09-25 08:38:53,420][__main__][INFO] - Step 1 | valid1 MSE : 0.2397 | valid1 NMSE : 1.2898
[2025-09-25 08:41:59,777][__main__][INFO] - Step 100 | valid1 MSE : 0.0205 | valid1 NMSE : 0.3114
[2025-09-25 08:45:06,304][__main__][INFO] - Step 200 | valid1 MSE : 0.0171 | valid1 NMSE : 0.2641
[2025-09-25 08:48:13,558][__main__][INFO] - Step 300 | valid1 MSE : 0.0155 | valid1 NMSE : 0.2408
[2025-09-25 08:51:20,051][__main__][INFO] - Step 400 | valid1 MSE : 0.0144 | valid1 NMSE : 0.2257
[2025-09-25 08:54:26,497][__main__][INFO] - Step 500 | valid1 MSE : 0.0136 | valid1 NMSE : 0.2152
[2025-09-25 08:57:32,610][__main__][INFO] - Step 600 | valid1 MSE : 0.0131 | valid1 NMSE : 0.2073
[2025-09-25 09:00:38,814][__main__][INFO] - Step 700 | valid1 MSE : 0.0125 | valid1 NMSE : 0.2008
[2025-09-25 09:03:45,352][__main__][INFO] - Step 800 | valid1 MSE : 0.0121 | valid1 NMSE : 0.1961
[2025-09-25 09:06:51,747][__main__][INFO] - Step 900 | valid1 MSE : 0.0117 | valid1 NMSE : 0.1925
[2025-09-25 09:09:58,003][__main__][INFO] - Step 1000 | valid1 MSE : 0.0114 | valid1 NMSE : 0.1893
[2025-09-25 09:13:04,372][__main__][INFO] - Step 1100 | valid1 MSE : 0.0111 | valid1 NMSE : 0.1869
[2025-09-25 09:16:10,641][__main__][INFO] - Step 1200 | valid1 MSE : 0.0109 | valid1 NMSE : 0.1850
[2025-09-25 09:16:10,642][__main__][INFO] - Training done in 40.301 min
[2025-09-25 09:16:10,642][__main__][INFO] - Average time per step: 2.015 s
[2025-09-25 09:16:12,197][__main__][INFO] - End of training
[2025-09-25 09:16:12,197][__main__][INFO] - --Eval--
[2025-09-25 09:18:03,220][__main__][INFO] - Final modulations: {'beta': np.float32(0.00031113613), 'alpha': np.float32(1.008637)}
[2025-09-25 09:18:03,220][__main__][INFO] - End of script

[2025-09-25 09:18:15,935][__main__][INFO] - =====Running train script=====
[2025-09-25 09:18:15,986][__main__][INFO] - Fetched main configs, save directory : ../outputs/norm/electricity/lags504_horizon24/seed_5/flexrevin_NMSE/
[2025-09-25 09:18:15,986][__main__][INFO] - Model PatchTST, norma flexrevin, criterion NMSE, kwargs {'latent': False, 'start': True}
[2025-09-25 09:18:17,656][__main__][INFO] - Fetched dataloaders
[2025-09-25 09:18:17,656][__main__][INFO] - Splits shapes:
train	(252, 1, 15782)
valid1	(252, 1, 5261)
valid2	(64, 1, 15782)
valid3	(64, 1, 5261)
test1	(252, 1, 5261)
test2	(64, 1, 5261)
[2025-09-25 09:18:17,656][__main__][INFO] - Batches:
 X=[252, 1, 504]
 y=[252, 1, 24]
[2025-09-25 09:18:17,665][__main__][INFO] - --Training--
[2025-09-25 09:18:20,393][__main__][INFO] - Starting training pytorch with lr=1e-05
[2025-09-25 09:18:20,393][__main__][INFO] - Using device: cuda
[2025-09-25 09:18:20,393][__main__][INFO] - Training 1200 epochs of 1 batches (1200 steps): , eval_freq: 100, print_freq: 100
[2025-09-25 09:21:22,138][__main__][INFO] - Step 1 | valid1 MSE : 0.2397 | valid1 NMSE : 1.2899
[2025-09-25 09:24:29,033][__main__][INFO] - Step 100 | valid1 MSE : 0.0205 | valid1 NMSE : 0.3114
[2025-09-25 09:27:36,022][__main__][INFO] - Step 200 | valid1 MSE : 0.0171 | valid1 NMSE : 0.2642
[2025-09-25 09:30:43,265][__main__][INFO] - Step 300 | valid1 MSE : 0.0155 | valid1 NMSE : 0.2408
[2025-09-25 09:33:50,447][__main__][INFO] - Step 400 | valid1 MSE : 0.0144 | valid1 NMSE : 0.2259
[2025-09-25 09:36:57,795][__main__][INFO] - Step 500 | valid1 MSE : 0.0136 | valid1 NMSE : 0.2152
[2025-09-25 09:40:04,780][__main__][INFO] - Step 600 | valid1 MSE : 0.0131 | valid1 NMSE : 0.2073
[2025-09-25 09:43:11,983][__main__][INFO] - Step 700 | valid1 MSE : 0.0125 | valid1 NMSE : 0.2010
[2025-09-25 09:46:19,075][__main__][INFO] - Step 800 | valid1 MSE : 0.0121 | valid1 NMSE : 0.1962
[2025-09-25 09:49:26,461][__main__][INFO] - Step 900 | valid1 MSE : 0.0117 | valid1 NMSE : 0.1926
[2025-09-25 09:52:33,402][__main__][INFO] - Step 1000 | valid1 MSE : 0.0114 | valid1 NMSE : 0.1894
[2025-09-25 09:55:40,387][__main__][INFO] - Step 1100 | valid1 MSE : 0.0111 | valid1 NMSE : 0.1872
[2025-09-25 09:58:47,542][__main__][INFO] - Step 1200 | valid1 MSE : 0.0109 | valid1 NMSE : 0.1851
[2025-09-25 09:58:47,551][__main__][INFO] - Training done in 40.453 min
[2025-09-25 09:58:47,551][__main__][INFO] - Average time per step: 2.023 s
[2025-09-25 09:58:49,091][__main__][INFO] - End of training
[2025-09-25 09:58:49,091][__main__][INFO] - --Eval--
[2025-09-25 10:00:40,435][__main__][INFO] - Final modulations: {'beta': np.float32(-2.5336567e-05), 'alpha': np.float32(0.9999322)}
[2025-09-25 10:00:40,436][__main__][INFO] - End of script

[2025-09-25 10:00:52,704][__main__][INFO] - =====Running train script=====
[2025-09-25 10:00:52,756][__main__][INFO] - Fetched main configs, save directory : ../outputs/norm/electricity/lags504_horizon24/seed_5/min_init/
[2025-09-25 10:00:52,756][__main__][INFO] - Model PatchTST, norma mIN, criterion NMSE, kwargs {'latent': False, 'init_beta': True, 'fixed_beta': False, 'init_alpha': True, 'fixed_alpha': False, 'use_gamma': False, 'inverse_gamma': False}
[2025-09-25 10:00:54,356][__main__][INFO] - Fetched dataloaders
[2025-09-25 10:00:54,356][__main__][INFO] - Splits shapes:
train	(252, 1, 15782)
valid1	(252, 1, 5261)
valid2	(64, 1, 15782)
valid3	(64, 1, 5261)
test1	(252, 1, 5261)
test2	(64, 1, 5261)
[2025-09-25 10:00:54,356][__main__][INFO] - Batches:
 X=[252, 1, 504]
 y=[252, 1, 24]
[2025-09-25 10:00:54,365][__main__][INFO] - --Training--
[2025-09-25 10:00:56,934][__main__][INFO] - Starting training pytorch with lr=1e-05
[2025-09-25 10:00:56,934][__main__][INFO] - Using device: cuda
[2025-09-25 10:00:56,934][__main__][INFO] - Training 1200 epochs of 1 batches (1200 steps): , eval_freq: 100, print_freq: 100
[2025-09-25 10:03:59,679][__main__][INFO] - Step 1 | valid1 MSE : 0.2361 | valid1 NMSE : 1.2724
[2025-09-25 10:07:07,393][__main__][INFO] - Step 100 | valid1 MSE : 0.0205 | valid1 NMSE : 0.3098
[2025-09-25 10:10:15,090][__main__][INFO] - Step 200 | valid1 MSE : 0.0171 | valid1 NMSE : 0.2628
[2025-09-25 10:13:23,250][__main__][INFO] - Step 300 | valid1 MSE : 0.0155 | valid1 NMSE : 0.2398
[2025-09-25 10:16:31,115][__main__][INFO] - Step 400 | valid1 MSE : 0.0144 | valid1 NMSE : 0.2250
[2025-09-25 10:19:39,097][__main__][INFO] - Step 500 | valid1 MSE : 0.0136 | valid1 NMSE : 0.2147
[2025-09-25 10:22:47,589][__main__][INFO] - Step 600 | valid1 MSE : 0.0131 | valid1 NMSE : 0.2070
[2025-09-25 10:25:55,368][__main__][INFO] - Step 700 | valid1 MSE : 0.0125 | valid1 NMSE : 0.2006
[2025-09-25 10:29:03,248][__main__][INFO] - Step 800 | valid1 MSE : 0.0121 | valid1 NMSE : 0.1960
[2025-09-25 10:32:11,072][__main__][INFO] - Step 900 | valid1 MSE : 0.0118 | valid1 NMSE : 0.1924
[2025-09-25 10:35:18,748][__main__][INFO] - Step 1000 | valid1 MSE : 0.0114 | valid1 NMSE : 0.1892
