[2025-09-24 17:46:08,542][__main__][INFO] - =====Running train script=====
[2025-09-24 17:46:08,604][__main__][INFO] - Fetched main configs, save directory : ../outputs/norm/electricity/lags504_horizon168/seed_1/instance_NMSE/
[2025-09-24 17:46:08,605][__main__][INFO] - Model PatchTST, norma instance, criterion NMSE, kwargs {'last': False, 'latent': False}
[2025-09-24 17:46:10,507][__main__][INFO] - Fetched dataloaders
[2025-09-24 17:46:10,508][__main__][INFO] - Splits shapes:
train	(252, 1, 15782)
valid1	(252, 1, 5261)
valid2	(64, 1, 15782)
valid3	(64, 1, 5261)
test1	(252, 1, 5261)
test2	(64, 1, 5261)
[2025-09-24 17:46:10,508][__main__][INFO] - Batches:
 X=[64, 1, 504]
 y=[64, 1, 168]
[2025-09-24 17:46:10,523][__main__][INFO] - --Training--
[2025-09-24 17:46:13,793][__main__][INFO] - Starting training pytorch with lr=1e-05
[2025-09-24 17:46:13,795][__main__][INFO] - Using device: cuda
[2025-09-24 17:46:13,795][__main__][INFO] - Training 1200 epochs of 4 batches (4800 steps): , eval_freq: 100, print_freq: 100
[2025-09-24 17:49:46,736][__main__][INFO] - Step 1 | valid1 MSE : 0.1947 | valid1 NMSE : 1.3625
[2025-09-24 17:53:21,531][__main__][INFO] - Step 100 | valid1 MSE : 0.0256 | valid1 NMSE : 0.5368
[2025-09-24 17:56:56,536][__main__][INFO] - Step 200 | valid1 MSE : 0.0217 | valid1 NMSE : 0.4860
[2025-09-24 18:00:31,124][__main__][INFO] - Step 300 | valid1 MSE : 0.0201 | valid1 NMSE : 0.4619
[2025-09-24 18:04:05,851][__main__][INFO] - Step 400 | valid1 MSE : 0.0192 | valid1 NMSE : 0.4480
[2025-09-24 18:07:40,820][__main__][INFO] - Step 500 | valid1 MSE : 0.0186 | valid1 NMSE : 0.4387
[2025-09-24 18:11:15,787][__main__][INFO] - Step 600 | valid1 MSE : 0.0181 | valid1 NMSE : 0.4312
[2025-09-24 18:14:50,737][__main__][INFO] - Step 700 | valid1 MSE : 0.0179 | valid1 NMSE : 0.4263
[2025-09-24 18:18:25,581][__main__][INFO] - Step 800 | valid1 MSE : 0.0175 | valid1 NMSE : 0.4217
[2025-09-24 18:22:00,366][__main__][INFO] - Step 900 | valid1 MSE : 0.0171 | valid1 NMSE : 0.4173
[2025-09-24 18:25:35,028][__main__][INFO] - Step 1000 | valid1 MSE : 0.0169 | valid1 NMSE : 0.4152
[2025-09-24 18:29:10,823][__main__][INFO] - Step 1100 | valid1 MSE : 0.0167 | valid1 NMSE : 0.4126
[2025-09-24 18:32:45,834][__main__][INFO] - Step 1200 | valid1 MSE : 0.0166 | valid1 NMSE : 0.4105
[2025-09-24 18:36:20,249][__main__][INFO] - Step 1300 | valid1 MSE : 0.0165 | valid1 NMSE : 0.4088
[2025-09-24 18:39:54,576][__main__][INFO] - Step 1400 | valid1 MSE : 0.0163 | valid1 NMSE : 0.4071
[2025-09-24 18:43:29,310][__main__][INFO] - Step 1500 | valid1 MSE : 0.0163 | valid1 NMSE : 0.4058
[2025-09-24 18:47:04,338][__main__][INFO] - Step 1600 | valid1 MSE : 0.0161 | valid1 NMSE : 0.4046
[2025-09-24 18:50:39,180][__main__][INFO] - Step 1700 | valid1 MSE : 0.0161 | valid1 NMSE : 0.4044
[2025-09-24 18:54:14,338][__main__][INFO] - Step 1800 | valid1 MSE : 0.0161 | valid1 NMSE : 0.4036
[2025-09-24 18:57:48,970][__main__][INFO] - Step 1900 | valid1 MSE : 0.0160 | valid1 NMSE : 0.4029
[2025-09-24 19:01:23,723][__main__][INFO] - Step 2000 | valid1 MSE : 0.0162 | valid1 NMSE : 0.4027
[2025-09-24 19:04:58,597][__main__][INFO] - Step 2100 | valid1 MSE : 0.0161 | valid1 NMSE : 0.4025
[2025-09-24 19:08:33,332][__main__][INFO] - Step 2200 | valid1 MSE : 0.0158 | valid1 NMSE : 0.4004
[2025-09-24 19:12:08,972][__main__][INFO] - Step 2300 | valid1 MSE : 0.0159 | valid1 NMSE : 0.4001
[2025-09-24 19:15:43,896][__main__][INFO] - Step 2400 | valid1 MSE : 0.0158 | valid1 NMSE : 0.3993
[2025-09-24 19:19:19,261][__main__][INFO] - Step 2500 | valid1 MSE : 0.0159 | valid1 NMSE : 0.3991
[2025-09-24 19:22:54,328][__main__][INFO] - Step 2600 | valid1 MSE : 0.0160 | valid1 NMSE : 0.3999
[2025-09-24 19:26:29,379][__main__][INFO] - Step 2700 | valid1 MSE : 0.0156 | valid1 NMSE : 0.3984
[2025-09-24 19:30:04,308][__main__][INFO] - Step 2800 | valid1 MSE : 0.0156 | valid1 NMSE : 0.3978
[2025-09-24 19:33:39,192][__main__][INFO] - Step 2900 | valid1 MSE : 0.0158 | valid1 NMSE : 0.3981
[2025-09-24 19:37:14,183][__main__][INFO] - Step 3000 | valid1 MSE : 0.0157 | valid1 NMSE : 0.3977
[2025-09-24 19:40:49,132][__main__][INFO] - Step 3100 | valid1 MSE : 0.0156 | valid1 NMSE : 0.3970
[2025-09-24 19:44:24,205][__main__][INFO] - Step 3200 | valid1 MSE : 0.0157 | valid1 NMSE : 0.3972
[2025-09-24 19:47:59,248][__main__][INFO] - Step 3300 | valid1 MSE : 0.0156 | valid1 NMSE : 0.3965
[2025-09-24 19:51:34,125][__main__][INFO] - Step 3400 | valid1 MSE : 0.0156 | valid1 NMSE : 0.3962
[2025-09-24 19:55:09,696][__main__][INFO] - Step 3500 | valid1 MSE : 0.0155 | valid1 NMSE : 0.3959
[2025-09-24 19:58:44,773][__main__][INFO] - Step 3600 | valid1 MSE : 0.0154 | valid1 NMSE : 0.3953
[2025-09-24 20:02:19,560][__main__][INFO] - Step 3700 | valid1 MSE : 0.0155 | valid1 NMSE : 0.3954
[2025-09-24 20:05:54,249][__main__][INFO] - Step 3800 | valid1 MSE : 0.0155 | valid1 NMSE : 0.3952
[2025-09-24 20:09:29,073][__main__][INFO] - Step 3900 | valid1 MSE : 0.0155 | valid1 NMSE : 0.3948
[2025-09-24 20:13:04,122][__main__][INFO] - Step 4000 | valid1 MSE : 0.0154 | valid1 NMSE : 0.3946
[2025-09-24 20:16:39,223][__main__][INFO] - Step 4100 | valid1 MSE : 0.0155 | valid1 NMSE : 0.3949
[2025-09-24 20:20:13,998][__main__][INFO] - Step 4200 | valid1 MSE : 0.0155 | valid1 NMSE : 0.3944
[2025-09-24 20:23:49,242][__main__][INFO] - Step 4300 | valid1 MSE : 0.0155 | valid1 NMSE : 0.3943
[2025-09-24 20:27:24,102][__main__][INFO] - Step 4400 | valid1 MSE : 0.0155 | valid1 NMSE : 0.3939
[2025-09-24 20:30:59,355][__main__][INFO] - Step 4500 | valid1 MSE : 0.0156 | valid1 NMSE : 0.3939
[2025-09-24 20:34:34,626][__main__][INFO] - Step 4600 | valid1 MSE : 0.0156 | valid1 NMSE : 0.3946
[2025-09-24 20:38:10,584][__main__][INFO] - Step 4700 | valid1 MSE : 0.0155 | valid1 NMSE : 0.3939
[2025-09-24 20:41:45,802][__main__][INFO] - Step 4800 | valid1 MSE : 0.0154 | valid1 NMSE : 0.3932
[2025-09-24 20:41:45,804][__main__][INFO] - Training done in 175.533 min
[2025-09-24 20:41:45,804][__main__][INFO] - Average time per step: 2.194 s
[2025-09-24 20:41:46,689][__main__][INFO] - End of training
[2025-09-24 20:41:46,690][__main__][INFO] - --Eval--
[2025-09-24 20:43:58,829][__main__][INFO] - End of script

[2025-09-24 20:44:06,670][__main__][INFO] - =====Running train script=====
[2025-09-24 20:44:06,720][__main__][INFO] - Fetched main configs, save directory : ../outputs/norm/electricity/lags504_horizon168/seed_1/revin_NMSE/
[2025-09-24 20:44:06,721][__main__][INFO] - Model PatchTST, norma revin, criterion NMSE, kwargs {'latent': False}
[2025-09-24 20:44:08,240][__main__][INFO] - Fetched dataloaders
[2025-09-24 20:44:08,240][__main__][INFO] - Splits shapes:
train	(252, 1, 15782)
valid1	(252, 1, 5261)
valid2	(64, 1, 15782)
valid3	(64, 1, 5261)
test1	(252, 1, 5261)
test2	(64, 1, 5261)
[2025-09-24 20:44:08,241][__main__][INFO] - Batches:
 X=[64, 1, 504]
 y=[64, 1, 168]
[2025-09-24 20:44:08,252][__main__][INFO] - --Training--
[2025-09-24 20:44:09,671][__main__][INFO] - Starting training pytorch with lr=1e-05
[2025-09-24 20:44:09,671][__main__][INFO] - Using device: cuda
[2025-09-24 20:44:09,671][__main__][INFO] - Training 1200 epochs of 4 batches (4800 steps): , eval_freq: 100, print_freq: 100
[2025-09-24 20:47:46,103][__main__][INFO] - Step 1 | valid1 MSE : 0.1947 | valid1 NMSE : 1.3625
[2025-09-24 20:51:24,517][__main__][INFO] - Step 100 | valid1 MSE : 0.0256 | valid1 NMSE : 0.5368
[2025-09-24 20:55:02,833][__main__][INFO] - Step 200 | valid1 MSE : 0.0217 | valid1 NMSE : 0.4859
[2025-09-24 20:58:41,471][__main__][INFO] - Step 300 | valid1 MSE : 0.0201 | valid1 NMSE : 0.4618
[2025-09-24 21:02:20,017][__main__][INFO] - Step 400 | valid1 MSE : 0.0192 | valid1 NMSE : 0.4480
[2025-09-24 21:05:58,373][__main__][INFO] - Step 500 | valid1 MSE : 0.0186 | valid1 NMSE : 0.4387
[2025-09-24 21:09:36,913][__main__][INFO] - Step 600 | valid1 MSE : 0.0181 | valid1 NMSE : 0.4311
[2025-09-24 21:13:15,382][__main__][INFO] - Step 700 | valid1 MSE : 0.0179 | valid1 NMSE : 0.4263
[2025-09-24 21:16:53,802][__main__][INFO] - Step 800 | valid1 MSE : 0.0175 | valid1 NMSE : 0.4217
[2025-09-24 21:20:32,667][__main__][INFO] - Step 900 | valid1 MSE : 0.0171 | valid1 NMSE : 0.4172
[2025-09-24 21:24:10,706][__main__][INFO] - Step 1000 | valid1 MSE : 0.0169 | valid1 NMSE : 0.4152
[2025-09-24 21:27:48,864][__main__][INFO] - Step 1100 | valid1 MSE : 0.0167 | valid1 NMSE : 0.4125
[2025-09-24 21:31:27,112][__main__][INFO] - Step 1200 | valid1 MSE : 0.0166 | valid1 NMSE : 0.4105
[2025-09-24 21:35:05,788][__main__][INFO] - Step 1300 | valid1 MSE : 0.0165 | valid1 NMSE : 0.4088
[2025-09-24 21:38:44,026][__main__][INFO] - Step 1400 | valid1 MSE : 0.0163 | valid1 NMSE : 0.4071
[2025-09-24 21:42:22,421][__main__][INFO] - Step 1500 | valid1 MSE : 0.0163 | valid1 NMSE : 0.4058
[2025-09-24 21:46:00,560][__main__][INFO] - Step 1600 | valid1 MSE : 0.0161 | valid1 NMSE : 0.4046
[2025-09-24 21:49:38,679][__main__][INFO] - Step 1700 | valid1 MSE : 0.0161 | valid1 NMSE : 0.4044
[2025-09-24 21:53:16,888][__main__][INFO] - Step 1800 | valid1 MSE : 0.0161 | valid1 NMSE : 0.4035
[2025-09-24 21:56:55,314][__main__][INFO] - Step 1900 | valid1 MSE : 0.0160 | valid1 NMSE : 0.4029
[2025-09-24 22:00:33,768][__main__][INFO] - Step 2000 | valid1 MSE : 0.0162 | valid1 NMSE : 0.4026
[2025-09-24 22:04:12,876][__main__][INFO] - Step 2100 | valid1 MSE : 0.0161 | valid1 NMSE : 0.4024
[2025-09-24 22:07:51,381][__main__][INFO] - Step 2200 | valid1 MSE : 0.0158 | valid1 NMSE : 0.4004
[2025-09-24 22:11:30,204][__main__][INFO] - Step 2300 | valid1 MSE : 0.0159 | valid1 NMSE : 0.4001
[2025-09-24 22:15:09,318][__main__][INFO] - Step 2400 | valid1 MSE : 0.0158 | valid1 NMSE : 0.3992
[2025-09-24 22:18:48,373][__main__][INFO] - Step 2500 | valid1 MSE : 0.0159 | valid1 NMSE : 0.3991
[2025-09-24 22:22:26,786][__main__][INFO] - Step 2600 | valid1 MSE : 0.0160 | valid1 NMSE : 0.3998
[2025-09-24 22:26:04,558][__main__][INFO] - Step 2700 | valid1 MSE : 0.0156 | valid1 NMSE : 0.3984
[2025-09-24 22:29:42,550][__main__][INFO] - Step 2800 | valid1 MSE : 0.0156 | valid1 NMSE : 0.3977
[2025-09-24 22:33:20,157][__main__][INFO] - Step 2900 | valid1 MSE : 0.0158 | valid1 NMSE : 0.3980
[2025-09-24 22:36:57,933][__main__][INFO] - Step 3000 | valid1 MSE : 0.0157 | valid1 NMSE : 0.3977
[2025-09-24 22:40:35,553][__main__][INFO] - Step 3100 | valid1 MSE : 0.0156 | valid1 NMSE : 0.3970
[2025-09-24 22:44:13,624][__main__][INFO] - Step 3200 | valid1 MSE : 0.0157 | valid1 NMSE : 0.3971
[2025-09-24 22:47:51,326][__main__][INFO] - Step 3300 | valid1 MSE : 0.0156 | valid1 NMSE : 0.3964
[2025-09-24 22:51:28,917][__main__][INFO] - Step 3400 | valid1 MSE : 0.0156 | valid1 NMSE : 0.3961
[2025-09-24 22:55:06,681][__main__][INFO] - Step 3500 | valid1 MSE : 0.0155 | valid1 NMSE : 0.3958
[2025-09-24 22:58:43,779][__main__][INFO] - Step 3600 | valid1 MSE : 0.0154 | valid1 NMSE : 0.3952
[2025-09-24 23:02:21,266][__main__][INFO] - Step 3700 | valid1 MSE : 0.0155 | valid1 NMSE : 0.3953
[2025-09-24 23:05:59,341][__main__][INFO] - Step 3800 | valid1 MSE : 0.0155 | valid1 NMSE : 0.3951
[2025-09-24 23:09:36,821][__main__][INFO] - Step 3900 | valid1 MSE : 0.0155 | valid1 NMSE : 0.3947
[2025-09-24 23:13:14,400][__main__][INFO] - Step 4000 | valid1 MSE : 0.0154 | valid1 NMSE : 0.3946
[2025-09-24 23:16:51,964][__main__][INFO] - Step 4100 | valid1 MSE : 0.0155 | valid1 NMSE : 0.3948
[2025-09-24 23:20:29,436][__main__][INFO] - Step 4200 | valid1 MSE : 0.0155 | valid1 NMSE : 0.3943
[2025-09-24 23:24:07,108][__main__][INFO] - Step 4300 | valid1 MSE : 0.0155 | valid1 NMSE : 0.3943
[2025-09-24 23:27:45,247][__main__][INFO] - Step 4400 | valid1 MSE : 0.0155 | valid1 NMSE : 0.3939
[2025-09-24 23:31:22,723][__main__][INFO] - Step 4500 | valid1 MSE : 0.0155 | valid1 NMSE : 0.3938
[2025-09-24 23:35:00,395][__main__][INFO] - Step 4600 | valid1 MSE : 0.0156 | valid1 NMSE : 0.3945
[2025-09-24 23:38:37,781][__main__][INFO] - Step 4700 | valid1 MSE : 0.0155 | valid1 NMSE : 0.3938
[2025-09-24 23:42:15,231][__main__][INFO] - Step 4800 | valid1 MSE : 0.0154 | valid1 NMSE : 0.3931
[2025-09-24 23:42:15,232][__main__][INFO] - Training done in 178.093 min
[2025-09-24 23:42:15,232][__main__][INFO] - Average time per step: 2.226 s
[2025-09-24 23:42:16,807][__main__][INFO] - End of training
[2025-09-24 23:42:16,807][__main__][INFO] - --Eval--
[2025-09-24 23:44:30,267][__main__][INFO] - Final modulations: {'beta': np.float32(-0.0023459478), 'alpha': np.float32(1.028151)}
[2025-09-24 23:44:30,268][__main__][INFO] - End of script

[2025-09-24 23:44:43,047][__main__][INFO] - =====Running train script=====
[2025-09-24 23:44:43,105][__main__][INFO] - Fetched main configs, save directory : ../outputs/norm/electricity/lags504_horizon168/seed_1/flexrevin_NMSE/
[2025-09-24 23:44:43,105][__main__][INFO] - Model PatchTST, norma flexrevin, criterion NMSE, kwargs {'latent': False, 'start': True}
[2025-09-24 23:44:44,676][__main__][INFO] - Fetched dataloaders
[2025-09-24 23:44:44,676][__main__][INFO] - Splits shapes:
train	(252, 1, 15782)
valid1	(252, 1, 5261)
valid2	(64, 1, 15782)
valid3	(64, 1, 5261)
test1	(252, 1, 5261)
test2	(64, 1, 5261)
[2025-09-24 23:44:44,676][__main__][INFO] - Batches:
 X=[64, 1, 504]
 y=[64, 1, 168]
[2025-09-24 23:44:44,689][__main__][INFO] - --Training--
[2025-09-24 23:44:47,414][__main__][INFO] - Starting training pytorch with lr=1e-05
[2025-09-24 23:44:47,414][__main__][INFO] - Using device: cuda
[2025-09-24 23:44:47,414][__main__][INFO] - Training 1200 epochs of 4 batches (4800 steps): , eval_freq: 100, print_freq: 100
[2025-09-24 23:48:23,901][__main__][INFO] - Step 1 | valid1 MSE : 0.1947 | valid1 NMSE : 1.3616
[2025-09-24 23:52:02,907][__main__][INFO] - Step 100 | valid1 MSE : 0.0256 | valid1 NMSE : 0.5510
[2025-09-24 23:55:41,794][__main__][INFO] - Step 200 | valid1 MSE : 0.0217 | valid1 NMSE : 0.4852
[2025-09-24 23:59:20,763][__main__][INFO] - Step 300 | valid1 MSE : 0.0201 | valid1 NMSE : 0.4611
[2025-09-25 00:02:59,715][__main__][INFO] - Step 400 | valid1 MSE : 0.0192 | valid1 NMSE : 0.4488
[2025-09-25 00:06:38,311][__main__][INFO] - Step 500 | valid1 MSE : 0.0185 | valid1 NMSE : 0.4381
[2025-09-25 00:10:17,431][__main__][INFO] - Step 600 | valid1 MSE : 0.0181 | valid1 NMSE : 0.4314
[2025-09-25 00:13:56,286][__main__][INFO] - Step 700 | valid1 MSE : 0.0179 | valid1 NMSE : 0.4279
[2025-09-25 00:17:34,836][__main__][INFO] - Step 800 | valid1 MSE : 0.0175 | valid1 NMSE : 0.4211
[2025-09-25 00:21:13,379][__main__][INFO] - Step 900 | valid1 MSE : 0.0171 | valid1 NMSE : 0.4279
[2025-09-25 00:24:52,237][__main__][INFO] - Step 1000 | valid1 MSE : 0.0170 | valid1 NMSE : 0.4147
[2025-09-25 00:28:30,775][__main__][INFO] - Step 1100 | valid1 MSE : 0.0168 | valid1 NMSE : 0.4125
[2025-09-25 00:32:09,409][__main__][INFO] - Step 1200 | valid1 MSE : 0.0166 | valid1 NMSE : 0.4105
[2025-09-25 00:35:48,342][__main__][INFO] - Step 1300 | valid1 MSE : 0.0165 | valid1 NMSE : 0.4084
[2025-09-25 00:39:27,196][__main__][INFO] - Step 1400 | valid1 MSE : 0.0163 | valid1 NMSE : 0.4072
[2025-09-25 00:43:06,165][__main__][INFO] - Step 1500 | valid1 MSE : 0.0164 | valid1 NMSE : 0.4075
[2025-09-25 00:46:44,884][__main__][INFO] - Step 1600 | valid1 MSE : 0.0162 | valid1 NMSE : 0.4053
[2025-09-25 00:50:23,418][__main__][INFO] - Step 1700 | valid1 MSE : 0.0162 | valid1 NMSE : 0.4043
[2025-09-25 00:54:02,577][__main__][INFO] - Step 1800 | valid1 MSE : 0.0162 | valid1 NMSE : 0.4030
[2025-09-25 00:57:41,215][__main__][INFO] - Step 1900 | valid1 MSE : 0.0162 | valid1 NMSE : 0.4030
[2025-09-25 01:01:20,239][__main__][INFO] - Step 2000 | valid1 MSE : 0.0163 | valid1 NMSE : 0.4023
[2025-09-25 01:04:58,874][__main__][INFO] - Step 2100 | valid1 MSE : 0.0164 | valid1 NMSE : 0.5035
[2025-09-25 01:08:37,383][__main__][INFO] - Step 2200 | valid1 MSE : 0.0159 | valid1 NMSE : 0.4002
[2025-09-25 01:12:15,889][__main__][INFO] - Step 2300 | valid1 MSE : 0.0161 | valid1 NMSE : 0.4000
[2025-09-25 01:15:54,375][__main__][INFO] - Step 2400 | valid1 MSE : 0.0161 | valid1 NMSE : 0.3990
[2025-09-25 01:19:33,395][__main__][INFO] - Step 2500 | valid1 MSE : 0.0161 | valid1 NMSE : 0.3995
[2025-09-25 01:23:11,776][__main__][INFO] - Step 2600 | valid1 MSE : 0.0163 | valid1 NMSE : 0.3993
[2025-09-25 01:26:50,416][__main__][INFO] - Step 2700 | valid1 MSE : 0.0157 | valid1 NMSE : 0.3986
[2025-09-25 01:30:28,923][__main__][INFO] - Step 2800 | valid1 MSE : 0.0159 | valid1 NMSE : 0.3976
[2025-09-25 01:34:08,096][__main__][INFO] - Step 2900 | valid1 MSE : 0.0162 | valid1 NMSE : 0.3999
[2025-09-25 01:37:46,164][__main__][INFO] - Step 3000 | valid1 MSE : 0.0161 | valid1 NMSE : 0.3973
[2025-09-25 01:41:24,835][__main__][INFO] - Step 3100 | valid1 MSE : 0.0161 | valid1 NMSE : 0.3966
[2025-09-25 01:45:02,884][__main__][INFO] - Step 3200 | valid1 MSE : 0.0160 | valid1 NMSE : 0.3970
[2025-09-25 01:48:40,719][__main__][INFO] - Step 3300 | valid1 MSE : 0.0159 | valid1 NMSE : 0.3985
[2025-09-25 01:52:19,288][__main__][INFO] - Step 3400 | valid1 MSE : 0.0161 | valid1 NMSE : 0.3966
[2025-09-25 01:55:57,697][__main__][INFO] - Step 3500 | valid1 MSE : 0.0159 | valid1 NMSE : 0.3954
[2025-09-25 01:59:36,000][__main__][INFO] - Step 3600 | valid1 MSE : 0.0159 | valid1 NMSE : 0.3948
[2025-09-25 02:03:14,695][__main__][INFO] - Step 3700 | valid1 MSE : 0.0162 | valid1 NMSE : 0.3956
[2025-09-25 02:06:53,232][__main__][INFO] - Step 3800 | valid1 MSE : 0.0161 | valid1 NMSE : 0.3970
[2025-09-25 02:10:31,907][__main__][INFO] - Step 3900 | valid1 MSE : 0.0162 | valid1 NMSE : 0.3948
[2025-09-25 02:14:10,892][__main__][INFO] - Step 4000 | valid1 MSE : 0.0159 | valid1 NMSE : 0.3943
[2025-09-25 02:17:50,118][__main__][INFO] - Step 4100 | valid1 MSE : 0.0163 | valid1 NMSE : 0.3945
[2025-09-25 02:21:28,752][__main__][INFO] - Step 4200 | valid1 MSE : 0.0163 | valid1 NMSE : 0.3941
[2025-09-25 02:25:07,446][__main__][INFO] - Step 4300 | valid1 MSE : 0.0164 | valid1 NMSE : 0.4047
[2025-09-25 02:28:46,177][__main__][INFO] - Step 4400 | valid1 MSE : 0.0162 | valid1 NMSE : 0.3940
[2025-09-25 02:32:24,815][__main__][INFO] - Step 4500 | valid1 MSE : 0.0164 | valid1 NMSE : 0.3939
[2025-09-25 02:36:03,461][__main__][INFO] - Step 4600 | valid1 MSE : 0.0164 | valid1 NMSE : 0.3942
[2025-09-25 02:39:42,032][__main__][INFO] - Step 4700 | valid1 MSE : 0.0161 | valid1 NMSE : 0.3934
[2025-09-25 02:43:20,309][__main__][INFO] - Step 4800 | valid1 MSE : 0.0165 | valid1 NMSE : 0.3930
[2025-09-25 02:43:20,310][__main__][INFO] - Training done in 178.548 min
[2025-09-25 02:43:20,311][__main__][INFO] - Average time per step: 2.232 s
[2025-09-25 02:43:21,875][__main__][INFO] - End of training
[2025-09-25 02:43:21,875][__main__][INFO] - --Eval--
[2025-09-25 02:45:34,950][__main__][INFO] - Final modulations: {'beta': np.float32(-2.5413997e-06), 'alpha': np.float32(0.9999595)}
[2025-09-25 02:45:34,950][__main__][INFO] - End of script

[2025-09-25 02:45:47,737][__main__][INFO] - =====Running train script=====
[2025-09-25 02:45:47,810][__main__][INFO] - Fetched main configs, save directory : ../outputs/norm/electricity/lags504_horizon168/seed_1/min_init/
[2025-09-25 02:45:47,811][__main__][INFO] - Model PatchTST, norma mIN, criterion NMSE, kwargs {'latent': False, 'init_beta': True, 'fixed_beta': False, 'init_alpha': True, 'fixed_alpha': False, 'use_gamma': False, 'inverse_gamma': False}
[2025-09-25 02:45:49,689][__main__][INFO] - Fetched dataloaders
[2025-09-25 02:45:49,689][__main__][INFO] - Splits shapes:
train	(252, 1, 15782)
valid1	(252, 1, 5261)
valid2	(64, 1, 15782)
valid3	(64, 1, 5261)
test1	(252, 1, 5261)
test2	(64, 1, 5261)
[2025-09-25 02:45:49,689][__main__][INFO] - Batches:
 X=[64, 1, 504]
 y=[64, 1, 168]
[2025-09-25 02:45:49,702][__main__][INFO] - --Training--
[2025-09-25 02:45:52,675][__main__][INFO] - Starting training pytorch with lr=1e-05
[2025-09-25 02:45:52,675][__main__][INFO] - Using device: cuda
[2025-09-25 02:45:52,675][__main__][INFO] - Training 1200 epochs of 4 batches (4800 steps): , eval_freq: 100, print_freq: 100
[2025-09-25 02:49:29,356][__main__][INFO] - Step 1 | valid1 MSE : 0.1944 | valid1 NMSE : 1.3610
[2025-09-25 02:53:08,293][__main__][INFO] - Step 100 | valid1 MSE : 0.0255 | valid1 NMSE : 0.5365
[2025-09-25 02:56:47,016][__main__][INFO] - Step 200 | valid1 MSE : 0.0217 | valid1 NMSE : 0.4857
[2025-09-25 03:00:25,996][__main__][INFO] - Step 300 | valid1 MSE : 0.0201 | valid1 NMSE : 0.4617
[2025-09-25 03:04:04,912][__main__][INFO] - Step 400 | valid1 MSE : 0.0192 | valid1 NMSE : 0.4478
[2025-09-25 03:07:43,513][__main__][INFO] - Step 500 | valid1 MSE : 0.0185 | valid1 NMSE : 0.4386
[2025-09-25 03:11:22,366][__main__][INFO] - Step 600 | valid1 MSE : 0.0181 | valid1 NMSE : 0.4310
[2025-09-25 03:15:00,996][__main__][INFO] - Step 700 | valid1 MSE : 0.0179 | valid1 NMSE : 0.4262
[2025-09-25 03:18:39,721][__main__][INFO] - Step 800 | valid1 MSE : 0.0175 | valid1 NMSE : 0.4216
[2025-09-25 03:22:18,222][__main__][INFO] - Step 900 | valid1 MSE : 0.0171 | valid1 NMSE : 0.4172
[2025-09-25 03:25:56,640][__main__][INFO] - Step 1000 | valid1 MSE : 0.0169 | valid1 NMSE : 0.4151
[2025-09-25 03:29:35,253][__main__][INFO] - Step 1100 | valid1 MSE : 0.0167 | valid1 NMSE : 0.4125
[2025-09-25 03:33:13,742][__main__][INFO] - Step 1200 | valid1 MSE : 0.0166 | valid1 NMSE : 0.4104
[2025-09-25 03:36:52,576][__main__][INFO] - Step 1300 | valid1 MSE : 0.0165 | valid1 NMSE : 0.4087
[2025-09-25 03:40:31,294][__main__][INFO] - Step 1400 | valid1 MSE : 0.0163 | valid1 NMSE : 0.4070
[2025-09-25 03:44:09,800][__main__][INFO] - Step 1500 | valid1 MSE : 0.0163 | valid1 NMSE : 0.4057
[2025-09-25 03:47:48,357][__main__][INFO] - Step 1600 | valid1 MSE : 0.0161 | valid1 NMSE : 0.4046
[2025-09-25 03:51:26,632][__main__][INFO] - Step 1700 | valid1 MSE : 0.0161 | valid1 NMSE : 0.4043
[2025-09-25 03:55:04,990][__main__][INFO] - Step 1800 | valid1 MSE : 0.0161 | valid1 NMSE : 0.4035
[2025-09-25 03:58:43,390][__main__][INFO] - Step 1900 | valid1 MSE : 0.0160 | valid1 NMSE : 0.4029
[2025-09-25 04:02:21,770][__main__][INFO] - Step 2000 | valid1 MSE : 0.0162 | valid1 NMSE : 0.4026
[2025-09-25 04:05:59,665][__main__][INFO] - Step 2100 | valid1 MSE : 0.0161 | valid1 NMSE : 0.4024
[2025-09-25 04:09:38,200][__main__][INFO] - Step 2200 | valid1 MSE : 0.0158 | valid1 NMSE : 0.4004
[2025-09-25 04:13:16,729][__main__][INFO] - Step 2300 | valid1 MSE : 0.0158 | valid1 NMSE : 0.4001
[2025-09-25 04:16:55,459][__main__][INFO] - Step 2400 | valid1 MSE : 0.0158 | valid1 NMSE : 0.3992
[2025-09-25 04:20:34,311][__main__][INFO] - Step 2500 | valid1 MSE : 0.0159 | valid1 NMSE : 0.3990
[2025-09-25 04:24:13,468][__main__][INFO] - Step 2600 | valid1 MSE : 0.0160 | valid1 NMSE : 0.3997
[2025-09-25 04:27:52,320][__main__][INFO] - Step 2700 | valid1 MSE : 0.0156 | valid1 NMSE : 0.3984
[2025-09-25 04:31:30,998][__main__][INFO] - Step 2800 | valid1 MSE : 0.0156 | valid1 NMSE : 0.3977
[2025-09-25 04:35:09,752][__main__][INFO] - Step 2900 | valid1 MSE : 0.0158 | valid1 NMSE : 0.3980
[2025-09-25 04:38:48,677][__main__][INFO] - Step 3000 | valid1 MSE : 0.0157 | valid1 NMSE : 0.3977
[2025-09-25 04:42:27,284][__main__][INFO] - Step 3100 | valid1 MSE : 0.0156 | valid1 NMSE : 0.3970
[2025-09-25 04:46:05,763][__main__][INFO] - Step 3200 | valid1 MSE : 0.0157 | valid1 NMSE : 0.3971
[2025-09-25 04:49:44,340][__main__][INFO] - Step 3300 | valid1 MSE : 0.0156 | valid1 NMSE : 0.3964
[2025-09-25 04:53:22,989][__main__][INFO] - Step 3400 | valid1 MSE : 0.0156 | valid1 NMSE : 0.3961
[2025-09-25 04:57:01,689][__main__][INFO] - Step 3500 | valid1 MSE : 0.0155 | valid1 NMSE : 0.3958
[2025-09-25 05:00:40,258][__main__][INFO] - Step 3600 | valid1 MSE : 0.0154 | valid1 NMSE : 0.3952
[2025-09-25 05:04:19,405][__main__][INFO] - Step 3700 | valid1 MSE : 0.0155 | valid1 NMSE : 0.3953
[2025-09-25 05:07:58,526][__main__][INFO] - Step 3800 | valid1 MSE : 0.0155 | valid1 NMSE : 0.3951
[2025-09-25 05:11:37,122][__main__][INFO] - Step 3900 | valid1 MSE : 0.0155 | valid1 NMSE : 0.3947
[2025-09-25 05:15:15,846][__main__][INFO] - Step 4000 | valid1 MSE : 0.0154 | valid1 NMSE : 0.3945
[2025-09-25 05:18:54,552][__main__][INFO] - Step 4100 | valid1 MSE : 0.0155 | valid1 NMSE : 0.3948
[2025-09-25 05:22:33,138][__main__][INFO] - Step 4200 | valid1 MSE : 0.0155 | valid1 NMSE : 0.3943
[2025-09-25 05:26:11,688][__main__][INFO] - Step 4300 | valid1 MSE : 0.0155 | valid1 NMSE : 0.3943
[2025-09-25 05:29:50,254][__main__][INFO] - Step 4400 | valid1 MSE : 0.0155 | valid1 NMSE : 0.3938
[2025-09-25 05:33:28,595][__main__][INFO] - Step 4500 | valid1 MSE : 0.0155 | valid1 NMSE : 0.3938
[2025-09-25 05:37:07,171][__main__][INFO] - Step 4600 | valid1 MSE : 0.0156 | valid1 NMSE : 0.3945
[2025-09-25 05:40:45,292][__main__][INFO] - Step 4700 | valid1 MSE : 0.0154 | valid1 NMSE : 0.3938
[2025-09-25 05:44:22,895][__main__][INFO] - Step 4800 | valid1 MSE : 0.0154 | valid1 NMSE : 0.3931
[2025-09-25 05:44:22,897][__main__][INFO] - Training done in 178.504 min
[2025-09-25 05:44:22,897][__main__][INFO] - Average time per step: 2.231 s
[2025-09-25 05:44:24,515][__main__][INFO] - End of training
[2025-09-25 05:44:24,515][__main__][INFO] - --Eval--
[2025-09-25 05:46:37,058][__main__][INFO] - Final modulations: {'beta': np.float32(0.008518442), 'alpha': np.float32(0.96650285)}
[2025-09-25 05:46:37,058][__main__][INFO] - End of script

[2025-09-25 05:46:49,290][__main__][INFO] - =====Running train script=====
[2025-09-25 05:46:49,340][__main__][INFO] - Fetched main configs, save directory : ../outputs/norm/electricity/lags504_horizon168/seed_1/min_revin/
[2025-09-25 05:46:49,340][__main__][INFO] - Model PatchTST, norma mIN, criterion NMSE, kwargs {'latent': False, 'init_beta': False, 'fixed_beta': False, 'init_alpha': False, 'fixed_alpha': False, 'use_gamma': True, 'inverse_gamma': True}
[2025-09-25 05:46:51,125][__main__][INFO] - Fetched dataloaders
[2025-09-25 05:46:51,125][__main__][INFO] - Splits shapes:
train	(252, 1, 15782)
valid1	(252, 1, 5261)
valid2	(64, 1, 15782)
valid3	(64, 1, 5261)
test1	(252, 1, 5261)
test2	(64, 1, 5261)
[2025-09-25 05:46:51,125][__main__][INFO] - Batches:
 X=[64, 1, 504]
 y=[64, 1, 168]
[2025-09-25 05:46:51,139][__main__][INFO] - --Training--
[2025-09-25 05:46:53,799][__main__][INFO] - Starting training pytorch with lr=1e-05
[2025-09-25 05:46:53,799][__main__][INFO] - Using device: cuda
[2025-09-25 05:46:53,799][__main__][INFO] - Training 1200 epochs of 4 batches (4800 steps): , eval_freq: 100, print_freq: 100
[2025-09-25 05:50:31,347][__main__][INFO] - Step 1 | valid1 MSE : 0.1947 | valid1 NMSE : 1.3625
[2025-09-25 05:54:10,846][__main__][INFO] - Step 100 | valid1 MSE : 0.0256 | valid1 NMSE : 0.5368
[2025-09-25 05:57:49,600][__main__][INFO] - Step 200 | valid1 MSE : 0.0217 | valid1 NMSE : 0.4859
[2025-09-25 06:01:28,186][__main__][INFO] - Step 300 | valid1 MSE : 0.0201 | valid1 NMSE : 0.4618
[2025-09-25 06:05:06,193][__main__][INFO] - Step 400 | valid1 MSE : 0.0192 | valid1 NMSE : 0.4479
[2025-09-25 06:08:44,292][__main__][INFO] - Step 500 | valid1 MSE : 0.0185 | valid1 NMSE : 0.4386
[2025-09-25 06:12:22,184][__main__][INFO] - Step 600 | valid1 MSE : 0.0181 | valid1 NMSE : 0.4311
[2025-09-25 06:16:00,008][__main__][INFO] - Step 700 | valid1 MSE : 0.0179 | valid1 NMSE : 0.4262
[2025-09-25 06:19:38,059][__main__][INFO] - Step 800 | valid1 MSE : 0.0175 | valid1 NMSE : 0.4216
[2025-09-25 06:23:15,821][__main__][INFO] - Step 900 | valid1 MSE : 0.0171 | valid1 NMSE : 0.4172
[2025-09-25 06:26:53,483][__main__][INFO] - Step 1000 | valid1 MSE : 0.0169 | valid1 NMSE : 0.4151
[2025-09-25 06:30:31,807][__main__][INFO] - Step 1100 | valid1 MSE : 0.0167 | valid1 NMSE : 0.4125
[2025-09-25 06:34:09,735][__main__][INFO] - Step 1200 | valid1 MSE : 0.0166 | valid1 NMSE : 0.4104
[2025-09-25 06:37:47,921][__main__][INFO] - Step 1300 | valid1 MSE : 0.0165 | valid1 NMSE : 0.4087
[2025-09-25 06:41:25,637][__main__][INFO] - Step 1400 | valid1 MSE : 0.0163 | valid1 NMSE : 0.4070
[2025-09-25 06:45:03,314][__main__][INFO] - Step 1500 | valid1 MSE : 0.0163 | valid1 NMSE : 0.4057
[2025-09-25 06:48:41,409][__main__][INFO] - Step 1600 | valid1 MSE : 0.0161 | valid1 NMSE : 0.4046
[2025-09-25 06:52:19,483][__main__][INFO] - Step 1700 | valid1 MSE : 0.0161 | valid1 NMSE : 0.4043
[2025-09-25 06:55:57,482][__main__][INFO] - Step 1800 | valid1 MSE : 0.0161 | valid1 NMSE : 0.4035
[2025-09-25 06:59:35,878][__main__][INFO] - Step 1900 | valid1 MSE : 0.0160 | valid1 NMSE : 0.4028
[2025-09-25 07:03:14,119][__main__][INFO] - Step 2000 | valid1 MSE : 0.0162 | valid1 NMSE : 0.4026
[2025-09-25 07:06:52,331][__main__][INFO] - Step 2100 | valid1 MSE : 0.0161 | valid1 NMSE : 0.4024
[2025-09-25 07:10:30,310][__main__][INFO] - Step 2200 | valid1 MSE : 0.0158 | valid1 NMSE : 0.4004
[2025-09-25 07:14:08,586][__main__][INFO] - Step 2300 | valid1 MSE : 0.0158 | valid1 NMSE : 0.4000
[2025-09-25 07:17:46,555][__main__][INFO] - Step 2400 | valid1 MSE : 0.0158 | valid1 NMSE : 0.3992
[2025-09-25 07:21:24,671][__main__][INFO] - Step 2500 | valid1 MSE : 0.0159 | valid1 NMSE : 0.3990
[2025-09-25 07:25:02,524][__main__][INFO] - Step 2600 | valid1 MSE : 0.0160 | valid1 NMSE : 0.3997
[2025-09-25 07:28:40,407][__main__][INFO] - Step 2700 | valid1 MSE : 0.0156 | valid1 NMSE : 0.3983
[2025-09-25 07:32:18,598][__main__][INFO] - Step 2800 | valid1 MSE : 0.0156 | valid1 NMSE : 0.3977
[2025-09-25 07:35:56,487][__main__][INFO] - Step 2900 | valid1 MSE : 0.0158 | valid1 NMSE : 0.3980
[2025-09-25 07:39:34,169][__main__][INFO] - Step 3000 | valid1 MSE : 0.0157 | valid1 NMSE : 0.3976
[2025-09-25 07:43:12,068][__main__][INFO] - Step 3100 | valid1 MSE : 0.0156 | valid1 NMSE : 0.3969
[2025-09-25 07:46:49,938][__main__][INFO] - Step 3200 | valid1 MSE : 0.0156 | valid1 NMSE : 0.3971
[2025-09-25 07:50:27,681][__main__][INFO] - Step 3300 | valid1 MSE : 0.0156 | valid1 NMSE : 0.3963
[2025-09-25 07:54:06,549][__main__][INFO] - Step 3400 | valid1 MSE : 0.0156 | valid1 NMSE : 0.3961
[2025-09-25 07:57:44,415][__main__][INFO] - Step 3500 | valid1 MSE : 0.0155 | valid1 NMSE : 0.3958
[2025-09-25 08:01:22,379][__main__][INFO] - Step 3600 | valid1 MSE : 0.0154 | valid1 NMSE : 0.3952
[2025-09-25 08:05:00,537][__main__][INFO] - Step 3700 | valid1 MSE : 0.0155 | valid1 NMSE : 0.3953
[2025-09-25 08:08:38,854][__main__][INFO] - Step 3800 | valid1 MSE : 0.0155 | valid1 NMSE : 0.3950
[2025-09-25 08:12:16,694][__main__][INFO] - Step 3900 | valid1 MSE : 0.0155 | valid1 NMSE : 0.3947
[2025-09-25 08:15:54,532][__main__][INFO] - Step 4000 | valid1 MSE : 0.0154 | valid1 NMSE : 0.3945
[2025-09-25 08:19:32,542][__main__][INFO] - Step 4100 | valid1 MSE : 0.0155 | valid1 NMSE : 0.3948
[2025-09-25 08:23:10,299][__main__][INFO] - Step 4200 | valid1 MSE : 0.0155 | valid1 NMSE : 0.3943
[2025-09-25 08:26:48,187][__main__][INFO] - Step 4300 | valid1 MSE : 0.0155 | valid1 NMSE : 0.3942
[2025-09-25 08:30:26,300][__main__][INFO] - Step 4400 | valid1 MSE : 0.0155 | valid1 NMSE : 0.3938
[2025-09-25 08:34:04,490][__main__][INFO] - Step 4500 | valid1 MSE : 0.0155 | valid1 NMSE : 0.3938
[2025-09-25 08:37:43,134][__main__][INFO] - Step 4600 | valid1 MSE : 0.0156 | valid1 NMSE : 0.3944
[2025-09-25 08:41:21,193][__main__][INFO] - Step 4700 | valid1 MSE : 0.0154 | valid1 NMSE : 0.3937
[2025-09-25 08:44:59,236][__main__][INFO] - Step 4800 | valid1 MSE : 0.0154 | valid1 NMSE : 0.3931
[2025-09-25 08:44:59,236][__main__][INFO] - Training done in 178.091 min
[2025-09-25 08:44:59,236][__main__][INFO] - Average time per step: 2.226 s
[2025-09-25 08:45:00,468][__main__][INFO] - End of training
[2025-09-25 08:45:00,468][__main__][INFO] - --Eval--
[2025-09-25 08:47:13,848][__main__][INFO] - Final modulations: {'beta': np.float32(0.0021919701), 'alpha': np.float32(0.9722643)}
[2025-09-25 08:47:13,849][__main__][INFO] - End of script

[2025-09-25 08:47:32,507][__main__][INFO] - =====Running train script=====
[2025-09-25 08:47:32,568][__main__][INFO] - Fetched main configs, save directory : ../outputs/norm/electricity/lags504_horizon168/seed_2/instance_NMSE/
[2025-09-25 08:47:32,568][__main__][INFO] - Model PatchTST, norma instance, criterion NMSE, kwargs {'last': False, 'latent': False}
[2025-09-25 08:47:34,134][__main__][INFO] - Fetched dataloaders
[2025-09-25 08:47:34,134][__main__][INFO] - Splits shapes:
train	(252, 1, 15782)
valid1	(252, 1, 5261)
valid2	(64, 1, 15782)
valid3	(64, 1, 5261)
test1	(252, 1, 5261)
test2	(64, 1, 5261)
[2025-09-25 08:47:34,134][__main__][INFO] - Batches:
 X=[64, 1, 504]
 y=[64, 1, 168]
[2025-09-25 08:47:34,146][__main__][INFO] - --Training--
[2025-09-25 08:47:36,938][__main__][INFO] - Starting training pytorch with lr=1e-05
[2025-09-25 08:47:36,938][__main__][INFO] - Using device: cuda
[2025-09-25 08:47:36,939][__main__][INFO] - Training 1200 epochs of 4 batches (4800 steps): , eval_freq: 100, print_freq: 100
[2025-09-25 08:51:09,956][__main__][INFO] - Step 1 | valid1 MSE : 0.1917 | valid1 NMSE : 1.3773
[2025-09-25 08:54:45,888][__main__][INFO] - Step 100 | valid1 MSE : 0.0256 | valid1 NMSE : 0.5572
[2025-09-25 08:58:21,716][__main__][INFO] - Step 200 | valid1 MSE : 0.0218 | valid1 NMSE : 0.5064
[2025-09-25 09:01:57,569][__main__][INFO] - Step 300 | valid1 MSE : 0.0200 | valid1 NMSE : 0.4815
[2025-09-25 09:05:33,559][__main__][INFO] - Step 400 | valid1 MSE : 0.0190 | valid1 NMSE : 0.4669
[2025-09-25 09:09:09,439][__main__][INFO] - Step 500 | valid1 MSE : 0.0186 | valid1 NMSE : 0.4574
[2025-09-25 09:12:45,167][__main__][INFO] - Step 600 | valid1 MSE : 0.0180 | valid1 NMSE : 0.4500
[2025-09-25 09:16:20,909][__main__][INFO] - Step 700 | valid1 MSE : 0.0180 | valid1 NMSE : 0.4456
[2025-09-25 09:19:57,261][__main__][INFO] - Step 800 | valid1 MSE : 0.0173 | valid1 NMSE : 0.4396
[2025-09-25 09:23:33,329][__main__][INFO] - Step 900 | valid1 MSE : 0.0171 | valid1 NMSE : 0.4364
[2025-09-25 09:27:09,286][__main__][INFO] - Step 1000 | valid1 MSE : 0.0168 | valid1 NMSE : 0.4330
[2025-09-25 09:30:45,381][__main__][INFO] - Step 1100 | valid1 MSE : 0.0166 | valid1 NMSE : 0.4308
[2025-09-25 09:34:21,454][__main__][INFO] - Step 1200 | valid1 MSE : 0.0165 | valid1 NMSE : 0.4284
[2025-09-25 09:37:57,724][__main__][INFO] - Step 1300 | valid1 MSE : 0.0165 | valid1 NMSE : 0.4268
[2025-09-25 09:41:33,540][__main__][INFO] - Step 1400 | valid1 MSE : 0.0163 | valid1 NMSE : 0.4252
[2025-09-25 09:45:09,135][__main__][INFO] - Step 1500 | valid1 MSE : 0.0163 | valid1 NMSE : 0.4241
[2025-09-25 09:48:45,056][__main__][INFO] - Step 1600 | valid1 MSE : 0.0161 | valid1 NMSE : 0.4229
[2025-09-25 09:52:21,185][__main__][INFO] - Step 1700 | valid1 MSE : 0.0160 | valid1 NMSE : 0.4219
[2025-09-25 09:55:57,051][__main__][INFO] - Step 1800 | valid1 MSE : 0.0160 | valid1 NMSE : 0.4213
[2025-09-25 09:59:32,990][__main__][INFO] - Step 1900 | valid1 MSE : 0.0159 | valid1 NMSE : 0.4204
[2025-09-25 10:03:09,502][__main__][INFO] - Step 2000 | valid1 MSE : 0.0159 | valid1 NMSE : 0.4193
[2025-09-25 10:06:45,335][__main__][INFO] - Step 2100 | valid1 MSE : 0.0158 | valid1 NMSE : 0.4186
[2025-09-25 10:10:20,988][__main__][INFO] - Step 2200 | valid1 MSE : 0.0157 | valid1 NMSE : 0.4184
[2025-09-25 10:13:56,922][__main__][INFO] - Step 2300 | valid1 MSE : 0.0156 | valid1 NMSE : 0.4181
[2025-09-25 10:17:32,465][__main__][INFO] - Step 2400 | valid1 MSE : 0.0157 | valid1 NMSE : 0.4177
[2025-09-25 10:21:08,536][__main__][INFO] - Step 2500 | valid1 MSE : 0.0156 | valid1 NMSE : 0.4170
[2025-09-25 10:24:44,699][__main__][INFO] - Step 2600 | valid1 MSE : 0.0158 | valid1 NMSE : 0.4175
[2025-09-25 10:28:20,294][__main__][INFO] - Step 2700 | valid1 MSE : 0.0155 | valid1 NMSE : 0.4159
[2025-09-25 10:31:55,776][__main__][INFO] - Step 2800 | valid1 MSE : 0.0156 | valid1 NMSE : 0.4160
[2025-09-25 10:35:31,504][__main__][INFO] - Step 2900 | valid1 MSE : 0.0155 | valid1 NMSE : 0.4155
