[2025-09-24 17:46:08,542][__main__][INFO] - =====Running train script=====
[2025-09-24 17:46:08,582][__main__][INFO] - Fetched main configs, save directory : ../outputs/norm/electricity/lags168_horizon24/seed_1/instance_NMSE/
[2025-09-24 17:46:08,582][__main__][INFO] - Model PatchTST, norma instance, criterion NMSE, kwargs {'last': False, 'latent': False}
[2025-09-24 17:46:10,572][__main__][INFO] - Fetched dataloaders
[2025-09-24 17:46:10,572][__main__][INFO] - Splits shapes:
train	(252, 1, 15782)
valid1	(252, 1, 5261)
valid2	(64, 1, 15782)
valid3	(64, 1, 5261)
test1	(252, 1, 5261)
test2	(64, 1, 5261)
[2025-09-24 17:46:10,572][__main__][INFO] - Batches:
 X=[252, 1, 168]
 y=[252, 1, 24]
[2025-09-24 17:46:10,578][__main__][INFO] - --Training--
[2025-09-24 17:46:13,793][__main__][INFO] - Starting training pytorch with lr=1e-05
[2025-09-24 17:46:13,795][__main__][INFO] - Using device: cuda
[2025-09-24 17:46:13,795][__main__][INFO] - Training 1200 epochs of 1 batches (1200 steps): , eval_freq: 100, print_freq: 100
[2025-09-24 17:49:26,446][__main__][INFO] - Step 1 | valid1 MSE : 0.1670 | valid1 NMSE : 1.2531
[2025-09-24 17:52:44,840][__main__][INFO] - Step 100 | valid1 MSE : 0.0249 | valid1 NMSE : 0.5960
[2025-09-24 17:56:03,510][__main__][INFO] - Step 200 | valid1 MSE : 0.0163 | valid1 NMSE : 0.4982
[2025-09-24 17:59:22,024][__main__][INFO] - Step 300 | valid1 MSE : 0.0143 | valid1 NMSE : 0.4678
[2025-09-24 18:02:40,541][__main__][INFO] - Step 400 | valid1 MSE : 0.0132 | valid1 NMSE : 0.4512
[2025-09-24 18:05:58,819][__main__][INFO] - Step 500 | valid1 MSE : 0.0125 | valid1 NMSE : 0.4398
[2025-09-24 18:09:16,966][__main__][INFO] - Step 600 | valid1 MSE : 0.0121 | valid1 NMSE : 0.4311
[2025-09-24 18:12:35,215][__main__][INFO] - Step 700 | valid1 MSE : 0.0117 | valid1 NMSE : 0.4243
[2025-09-24 18:15:53,058][__main__][INFO] - Step 800 | valid1 MSE : 0.0114 | valid1 NMSE : 0.4190
[2025-09-24 18:19:11,744][__main__][INFO] - Step 900 | valid1 MSE : 0.0112 | valid1 NMSE : 0.4146
[2025-09-24 18:22:30,037][__main__][INFO] - Step 1000 | valid1 MSE : 0.0111 | valid1 NMSE : 0.4110
[2025-09-24 18:25:48,339][__main__][INFO] - Step 1100 | valid1 MSE : 0.0109 | valid1 NMSE : 0.4082
[2025-09-24 18:29:07,342][__main__][INFO] - Step 1200 | valid1 MSE : 0.0108 | valid1 NMSE : 0.4055
[2025-09-24 18:29:07,343][__main__][INFO] - Training done in 42.892 min
[2025-09-24 18:29:07,343][__main__][INFO] - Average time per step: 2.145 s
[2025-09-24 18:29:08,201][__main__][INFO] - End of training
[2025-09-24 18:29:08,201][__main__][INFO] - --Eval--
[2025-09-24 18:31:08,953][__main__][INFO] - End of script

[2025-09-24 18:31:14,870][__main__][INFO] - =====Running train script=====
[2025-09-24 18:31:14,919][__main__][INFO] - Fetched main configs, save directory : ../outputs/norm/electricity/lags168_horizon24/seed_1/revin_NMSE/
[2025-09-24 18:31:14,920][__main__][INFO] - Model PatchTST, norma revin, criterion NMSE, kwargs {'latent': False}
[2025-09-24 18:31:16,484][__main__][INFO] - Fetched dataloaders
[2025-09-24 18:31:16,485][__main__][INFO] - Splits shapes:
train	(252, 1, 15782)
valid1	(252, 1, 5261)
valid2	(64, 1, 15782)
valid3	(64, 1, 5261)
test1	(252, 1, 5261)
test2	(64, 1, 5261)
[2025-09-24 18:31:16,485][__main__][INFO] - Batches:
 X=[252, 1, 168]
 y=[252, 1, 24]
[2025-09-24 18:31:16,490][__main__][INFO] - --Training--
[2025-09-24 18:31:17,926][__main__][INFO] - Starting training pytorch with lr=1e-05
[2025-09-24 18:31:17,926][__main__][INFO] - Using device: cuda
[2025-09-24 18:31:17,926][__main__][INFO] - Training 1200 epochs of 1 batches (1200 steps): , eval_freq: 100, print_freq: 100
[2025-09-24 18:34:31,011][__main__][INFO] - Step 1 | valid1 MSE : 0.1670 | valid1 NMSE : 1.2531
[2025-09-24 18:37:50,017][__main__][INFO] - Step 100 | valid1 MSE : 0.0249 | valid1 NMSE : 0.5960
[2025-09-24 18:41:09,138][__main__][INFO] - Step 200 | valid1 MSE : 0.0163 | valid1 NMSE : 0.4982
[2025-09-24 18:44:28,350][__main__][INFO] - Step 300 | valid1 MSE : 0.0143 | valid1 NMSE : 0.4678
[2025-09-24 18:47:47,388][__main__][INFO] - Step 400 | valid1 MSE : 0.0132 | valid1 NMSE : 0.4512
[2025-09-24 18:51:06,147][__main__][INFO] - Step 500 | valid1 MSE : 0.0125 | valid1 NMSE : 0.4398
[2025-09-24 18:54:25,455][__main__][INFO] - Step 600 | valid1 MSE : 0.0121 | valid1 NMSE : 0.4311
[2025-09-24 18:57:44,551][__main__][INFO] - Step 700 | valid1 MSE : 0.0117 | valid1 NMSE : 0.4243
[2025-09-24 19:01:03,239][__main__][INFO] - Step 800 | valid1 MSE : 0.0114 | valid1 NMSE : 0.4191
[2025-09-24 19:04:21,804][__main__][INFO] - Step 900 | valid1 MSE : 0.0112 | valid1 NMSE : 0.4147
[2025-09-24 19:07:40,398][__main__][INFO] - Step 1000 | valid1 MSE : 0.0111 | valid1 NMSE : 0.4110
[2025-09-24 19:10:59,271][__main__][INFO] - Step 1100 | valid1 MSE : 0.0109 | valid1 NMSE : 0.4083
[2025-09-24 19:14:18,015][__main__][INFO] - Step 1200 | valid1 MSE : 0.0108 | valid1 NMSE : 0.4056
[2025-09-24 19:14:18,015][__main__][INFO] - Training done in 43.001 min
[2025-09-24 19:14:18,015][__main__][INFO] - Average time per step: 2.150 s
[2025-09-24 19:14:19,107][__main__][INFO] - End of training
[2025-09-24 19:14:19,108][__main__][INFO] - --Eval--
[2025-09-24 19:16:19,421][__main__][INFO] - Final modulations: {'beta': np.float32(-0.0009203083), 'alpha': np.float32(1.0096161)}
[2025-09-24 19:16:19,422][__main__][INFO] - End of script

[2025-09-24 19:16:25,948][__main__][INFO] - =====Running train script=====
[2025-09-24 19:16:26,012][__main__][INFO] - Fetched main configs, save directory : ../outputs/norm/electricity/lags168_horizon24/seed_1/flexrevin_NMSE/
[2025-09-24 19:16:26,012][__main__][INFO] - Model PatchTST, norma flexrevin, criterion NMSE, kwargs {'latent': False, 'start': True}
[2025-09-24 19:16:27,593][__main__][INFO] - Fetched dataloaders
[2025-09-24 19:16:27,594][__main__][INFO] - Splits shapes:
train	(252, 1, 15782)
valid1	(252, 1, 5261)
valid2	(64, 1, 15782)
valid3	(64, 1, 5261)
test1	(252, 1, 5261)
test2	(64, 1, 5261)
[2025-09-24 19:16:27,594][__main__][INFO] - Batches:
 X=[252, 1, 168]
 y=[252, 1, 24]
[2025-09-24 19:16:27,599][__main__][INFO] - --Training--
[2025-09-24 19:16:29,043][__main__][INFO] - Starting training pytorch with lr=1e-05
[2025-09-24 19:16:29,043][__main__][INFO] - Using device: cuda
[2025-09-24 19:16:29,043][__main__][INFO] - Training 1200 epochs of 1 batches (1200 steps): , eval_freq: 100, print_freq: 100
[2025-09-24 19:19:42,937][__main__][INFO] - Step 1 | valid1 MSE : 0.1670 | valid1 NMSE : 1.2545
[2025-09-24 19:23:02,870][__main__][INFO] - Step 100 | valid1 MSE : 0.0249 | valid1 NMSE : 0.5969
[2025-09-24 19:26:22,430][__main__][INFO] - Step 200 | valid1 MSE : 0.0163 | valid1 NMSE : 0.4981
[2025-09-24 19:29:42,120][__main__][INFO] - Step 300 | valid1 MSE : 0.0143 | valid1 NMSE : 0.4679
[2025-09-24 19:33:01,861][__main__][INFO] - Step 400 | valid1 MSE : 0.0132 | valid1 NMSE : 0.4608
[2025-09-24 19:36:21,478][__main__][INFO] - Step 500 | valid1 MSE : 0.0125 | valid1 NMSE : 0.4397
[2025-09-24 19:39:41,176][__main__][INFO] - Step 600 | valid1 MSE : 0.0120 | valid1 NMSE : 0.4311
[2025-09-24 19:43:00,775][__main__][INFO] - Step 700 | valid1 MSE : 0.0116 | valid1 NMSE : 0.4243
[2025-09-24 19:46:20,730][__main__][INFO] - Step 800 | valid1 MSE : 0.0113 | valid1 NMSE : 0.4192
[2025-09-24 19:49:40,526][__main__][INFO] - Step 900 | valid1 MSE : 0.0111 | valid1 NMSE : 0.4147
[2025-09-24 19:53:00,366][__main__][INFO] - Step 1000 | valid1 MSE : 0.0110 | valid1 NMSE : 0.4113
[2025-09-24 19:56:21,610][__main__][INFO] - Step 1100 | valid1 MSE : 0.0108 | valid1 NMSE : 0.4084
[2025-09-24 19:59:41,147][__main__][INFO] - Step 1200 | valid1 MSE : 0.0107 | valid1 NMSE : 0.4062
[2025-09-24 19:59:41,147][__main__][INFO] - Training done in 43.202 min
[2025-09-24 19:59:41,147][__main__][INFO] - Average time per step: 2.160 s
[2025-09-24 19:59:42,351][__main__][INFO] - End of training
[2025-09-24 19:59:42,351][__main__][INFO] - --Eval--
[2025-09-24 20:01:43,689][__main__][INFO] - Final modulations: {'beta': np.float32(-8.58969e-06), 'alpha': np.float32(0.99999255)}
[2025-09-24 20:01:43,689][__main__][INFO] - End of script

[2025-09-24 20:01:50,520][__main__][INFO] - =====Running train script=====
[2025-09-24 20:01:50,559][__main__][INFO] - Fetched main configs, save directory : ../outputs/norm/electricity/lags168_horizon24/seed_1/min_init/
[2025-09-24 20:01:50,559][__main__][INFO] - Model PatchTST, norma mIN, criterion NMSE, kwargs {'latent': False, 'init_beta': True, 'fixed_beta': False, 'init_alpha': True, 'fixed_alpha': False, 'use_gamma': False, 'inverse_gamma': False}
[2025-09-24 20:01:52,331][__main__][INFO] - Fetched dataloaders
[2025-09-24 20:01:52,331][__main__][INFO] - Splits shapes:
train	(252, 1, 15782)
valid1	(252, 1, 5261)
valid2	(64, 1, 15782)
valid3	(64, 1, 5261)
test1	(252, 1, 5261)
test2	(64, 1, 5261)
[2025-09-24 20:01:52,331][__main__][INFO] - Batches:
 X=[252, 1, 168]
 y=[252, 1, 24]
[2025-09-24 20:01:52,337][__main__][INFO] - --Training--
[2025-09-24 20:01:53,790][__main__][INFO] - Starting training pytorch with lr=1e-05
[2025-09-24 20:01:53,790][__main__][INFO] - Using device: cuda
[2025-09-24 20:01:53,790][__main__][INFO] - Training 1200 epochs of 1 batches (1200 steps): , eval_freq: 100, print_freq: 100
[2025-09-24 20:05:05,537][__main__][INFO] - Step 1 | valid1 MSE : 0.1666 | valid1 NMSE : 1.2487
[2025-09-24 20:08:23,130][__main__][INFO] - Step 100 | valid1 MSE : 0.0252 | valid1 NMSE : 0.5972
[2025-09-24 20:11:40,257][__main__][INFO] - Step 200 | valid1 MSE : 0.0163 | valid1 NMSE : 0.4979
[2025-09-24 20:14:57,607][__main__][INFO] - Step 300 | valid1 MSE : 0.0143 | valid1 NMSE : 0.4674
[2025-09-24 20:18:14,990][__main__][INFO] - Step 400 | valid1 MSE : 0.0132 | valid1 NMSE : 0.4509
[2025-09-24 20:21:32,577][__main__][INFO] - Step 500 | valid1 MSE : 0.0125 | valid1 NMSE : 0.4395
[2025-09-24 20:24:50,006][__main__][INFO] - Step 600 | valid1 MSE : 0.0121 | valid1 NMSE : 0.4309
[2025-09-24 20:28:07,229][__main__][INFO] - Step 700 | valid1 MSE : 0.0117 | valid1 NMSE : 0.4243
[2025-09-24 20:31:24,375][__main__][INFO] - Step 800 | valid1 MSE : 0.0114 | valid1 NMSE : 0.4190
[2025-09-24 20:34:41,333][__main__][INFO] - Step 900 | valid1 MSE : 0.0112 | valid1 NMSE : 0.4147
[2025-09-24 20:37:58,837][__main__][INFO] - Step 1000 | valid1 MSE : 0.0111 | valid1 NMSE : 0.4110
[2025-09-24 20:41:15,861][__main__][INFO] - Step 1100 | valid1 MSE : 0.0109 | valid1 NMSE : 0.4083
[2025-09-24 20:44:33,929][__main__][INFO] - Step 1200 | valid1 MSE : 0.0108 | valid1 NMSE : 0.4056
[2025-09-24 20:44:33,929][__main__][INFO] - Training done in 42.669 min
[2025-09-24 20:44:33,929][__main__][INFO] - Average time per step: 2.133 s
[2025-09-24 20:44:34,987][__main__][INFO] - End of training
[2025-09-24 20:44:34,988][__main__][INFO] - --Eval--
[2025-09-24 20:46:35,211][__main__][INFO] - Final modulations: {'beta': np.float32(0.0057479655), 'alpha': np.float32(0.9605678)}
[2025-09-24 20:46:35,212][__main__][INFO] - End of script

[2025-09-24 20:46:40,974][__main__][INFO] - =====Running train script=====
[2025-09-24 20:46:41,025][__main__][INFO] - Fetched main configs, save directory : ../outputs/norm/electricity/lags168_horizon24/seed_1/min_revin/
[2025-09-24 20:46:41,026][__main__][INFO] - Model PatchTST, norma mIN, criterion NMSE, kwargs {'latent': False, 'init_beta': False, 'fixed_beta': False, 'init_alpha': False, 'fixed_alpha': False, 'use_gamma': True, 'inverse_gamma': True}
[2025-09-24 20:46:42,589][__main__][INFO] - Fetched dataloaders
[2025-09-24 20:46:42,590][__main__][INFO] - Splits shapes:
train	(252, 1, 15782)
valid1	(252, 1, 5261)
valid2	(64, 1, 15782)
valid3	(64, 1, 5261)
test1	(252, 1, 5261)
test2	(64, 1, 5261)
[2025-09-24 20:46:42,590][__main__][INFO] - Batches:
 X=[252, 1, 168]
 y=[252, 1, 24]
[2025-09-24 20:46:42,597][__main__][INFO] - --Training--
[2025-09-24 20:46:43,972][__main__][INFO] - Starting training pytorch with lr=1e-05
[2025-09-24 20:46:43,973][__main__][INFO] - Using device: cuda
[2025-09-24 20:46:43,973][__main__][INFO] - Training 1200 epochs of 1 batches (1200 steps): , eval_freq: 100, print_freq: 100
[2025-09-24 20:49:59,405][__main__][INFO] - Step 1 | valid1 MSE : 0.1670 | valid1 NMSE : 1.2531
[2025-09-24 20:53:20,208][__main__][INFO] - Step 100 | valid1 MSE : 0.0249 | valid1 NMSE : 0.5961
[2025-09-24 20:56:41,213][__main__][INFO] - Step 200 | valid1 MSE : 0.0163 | valid1 NMSE : 0.4982
[2025-09-24 21:00:02,383][__main__][INFO] - Step 300 | valid1 MSE : 0.0143 | valid1 NMSE : 0.4678
[2025-09-24 21:03:23,520][__main__][INFO] - Step 400 | valid1 MSE : 0.0132 | valid1 NMSE : 0.4512
[2025-09-24 21:06:44,837][__main__][INFO] - Step 500 | valid1 MSE : 0.0125 | valid1 NMSE : 0.4397
[2025-09-24 21:10:05,777][__main__][INFO] - Step 600 | valid1 MSE : 0.0121 | valid1 NMSE : 0.4311
[2025-09-24 21:13:26,892][__main__][INFO] - Step 700 | valid1 MSE : 0.0117 | valid1 NMSE : 0.4244
[2025-09-24 21:16:47,879][__main__][INFO] - Step 800 | valid1 MSE : 0.0114 | valid1 NMSE : 0.4191
[2025-09-24 21:20:10,425][__main__][INFO] - Step 900 | valid1 MSE : 0.0112 | valid1 NMSE : 0.4147
[2025-09-24 21:23:32,111][__main__][INFO] - Step 1000 | valid1 MSE : 0.0111 | valid1 NMSE : 0.4111
[2025-09-24 21:26:54,031][__main__][INFO] - Step 1100 | valid1 MSE : 0.0109 | valid1 NMSE : 0.4084
[2025-09-24 21:30:16,023][__main__][INFO] - Step 1200 | valid1 MSE : 0.0108 | valid1 NMSE : 0.4057
[2025-09-24 21:30:16,030][__main__][INFO] - Training done in 43.534 min
[2025-09-24 21:30:16,030][__main__][INFO] - Average time per step: 2.177 s
[2025-09-24 21:30:17,657][__main__][INFO] - End of training
[2025-09-24 21:30:17,658][__main__][INFO] - --Eval--
[2025-09-24 21:32:20,149][__main__][INFO] - Final modulations: {'beta': np.float32(0.0008512931), 'alpha': np.float32(0.9904779)}
[2025-09-24 21:32:20,149][__main__][INFO] - End of script

[2025-09-24 21:32:39,209][__main__][INFO] - =====Running train script=====
[2025-09-24 21:32:39,262][__main__][INFO] - Fetched main configs, save directory : ../outputs/norm/electricity/lags168_horizon24/seed_2/instance_NMSE/
[2025-09-24 21:32:39,262][__main__][INFO] - Model PatchTST, norma instance, criterion NMSE, kwargs {'last': False, 'latent': False}
[2025-09-24 21:32:41,117][__main__][INFO] - Fetched dataloaders
[2025-09-24 21:32:41,117][__main__][INFO] - Splits shapes:
train	(252, 1, 15782)
valid1	(252, 1, 5261)
valid2	(64, 1, 15782)
valid3	(64, 1, 5261)
test1	(252, 1, 5261)
test2	(64, 1, 5261)
[2025-09-24 21:32:41,117][__main__][INFO] - Batches:
 X=[252, 1, 168]
 y=[252, 1, 24]
[2025-09-24 21:32:41,125][__main__][INFO] - --Training--
[2025-09-24 21:32:43,811][__main__][INFO] - Starting training pytorch with lr=1e-05
[2025-09-24 21:32:43,812][__main__][INFO] - Using device: cuda
[2025-09-24 21:32:43,812][__main__][INFO] - Training 1200 epochs of 1 batches (1200 steps): , eval_freq: 100, print_freq: 100
[2025-09-24 21:35:58,700][__main__][INFO] - Step 1 | valid1 MSE : 0.1869 | valid1 NMSE : 1.3233
[2025-09-24 21:39:19,140][__main__][INFO] - Step 100 | valid1 MSE : 0.0277 | valid1 NMSE : 0.6041
[2025-09-24 21:42:39,893][__main__][INFO] - Step 200 | valid1 MSE : 0.0171 | valid1 NMSE : 0.4989
[2025-09-24 21:46:00,310][__main__][INFO] - Step 300 | valid1 MSE : 0.0148 | valid1 NMSE : 0.4649
[2025-09-24 21:49:20,654][__main__][INFO] - Step 400 | valid1 MSE : 0.0136 | valid1 NMSE : 0.4454
[2025-09-24 21:52:41,137][__main__][INFO] - Step 500 | valid1 MSE : 0.0128 | valid1 NMSE : 0.4321
[2025-09-24 21:56:01,612][__main__][INFO] - Step 600 | valid1 MSE : 0.0122 | valid1 NMSE : 0.4224
[2025-09-24 21:59:21,775][__main__][INFO] - Step 700 | valid1 MSE : 0.0119 | valid1 NMSE : 0.4150
[2025-09-24 22:02:42,878][__main__][INFO] - Step 800 | valid1 MSE : 0.0115 | valid1 NMSE : 0.4089
[2025-09-24 22:06:03,207][__main__][INFO] - Step 900 | valid1 MSE : 0.0113 | valid1 NMSE : 0.4042
[2025-09-24 22:09:23,162][__main__][INFO] - Step 1000 | valid1 MSE : 0.0111 | valid1 NMSE : 0.4001
[2025-09-24 22:12:43,321][__main__][INFO] - Step 1100 | valid1 MSE : 0.0109 | valid1 NMSE : 0.3968
[2025-09-24 22:16:03,036][__main__][INFO] - Step 1200 | valid1 MSE : 0.0107 | valid1 NMSE : 0.3942
[2025-09-24 22:16:03,038][__main__][INFO] - Training done in 43.320 min
[2025-09-24 22:16:03,038][__main__][INFO] - Average time per step: 2.166 s
[2025-09-24 22:16:04,426][__main__][INFO] - End of training
[2025-09-24 22:16:04,426][__main__][INFO] - --Eval--
[2025-09-24 22:18:06,087][__main__][INFO] - End of script

[2025-09-24 22:18:18,579][__main__][INFO] - =====Running train script=====
[2025-09-24 22:18:18,630][__main__][INFO] - Fetched main configs, save directory : ../outputs/norm/electricity/lags168_horizon24/seed_2/revin_NMSE/
[2025-09-24 22:18:18,630][__main__][INFO] - Model PatchTST, norma revin, criterion NMSE, kwargs {'latent': False}
[2025-09-24 22:18:20,342][__main__][INFO] - Fetched dataloaders
[2025-09-24 22:18:20,343][__main__][INFO] - Splits shapes:
train	(252, 1, 15782)
valid1	(252, 1, 5261)
valid2	(64, 1, 15782)
valid3	(64, 1, 5261)
test1	(252, 1, 5261)
test2	(64, 1, 5261)
[2025-09-24 22:18:20,343][__main__][INFO] - Batches:
 X=[252, 1, 168]
 y=[252, 1, 24]
[2025-09-24 22:18:20,352][__main__][INFO] - --Training--
[2025-09-24 22:18:23,124][__main__][INFO] - Starting training pytorch with lr=1e-05
[2025-09-24 22:18:23,124][__main__][INFO] - Using device: cuda
[2025-09-24 22:18:23,124][__main__][INFO] - Training 1200 epochs of 1 batches (1200 steps): , eval_freq: 100, print_freq: 100
[2025-09-24 22:21:34,698][__main__][INFO] - Step 1 | valid1 MSE : 0.1869 | valid1 NMSE : 1.3233
[2025-09-24 22:24:51,763][__main__][INFO] - Step 100 | valid1 MSE : 0.0277 | valid1 NMSE : 0.6041
[2025-09-24 22:28:08,931][__main__][INFO] - Step 200 | valid1 MSE : 0.0171 | valid1 NMSE : 0.4989
[2025-09-24 22:31:26,002][__main__][INFO] - Step 300 | valid1 MSE : 0.0148 | valid1 NMSE : 0.4649
[2025-09-24 22:34:43,038][__main__][INFO] - Step 400 | valid1 MSE : 0.0136 | valid1 NMSE : 0.4454
[2025-09-24 22:37:58,843][__main__][INFO] - Step 500 | valid1 MSE : 0.0128 | valid1 NMSE : 0.4321
[2025-09-24 22:41:14,231][__main__][INFO] - Step 600 | valid1 MSE : 0.0122 | valid1 NMSE : 0.4224
[2025-09-24 22:44:30,451][__main__][INFO] - Step 700 | valid1 MSE : 0.0119 | valid1 NMSE : 0.4150
[2025-09-24 22:47:45,893][__main__][INFO] - Step 800 | valid1 MSE : 0.0115 | valid1 NMSE : 0.4089
[2025-09-24 22:51:01,212][__main__][INFO] - Step 900 | valid1 MSE : 0.0113 | valid1 NMSE : 0.4042
[2025-09-24 22:54:16,555][__main__][INFO] - Step 1000 | valid1 MSE : 0.0111 | valid1 NMSE : 0.4001
[2025-09-24 22:57:32,026][__main__][INFO] - Step 1100 | valid1 MSE : 0.0109 | valid1 NMSE : 0.3968
[2025-09-24 23:00:46,930][__main__][INFO] - Step 1200 | valid1 MSE : 0.0107 | valid1 NMSE : 0.3943
[2025-09-24 23:00:46,931][__main__][INFO] - Training done in 42.397 min
[2025-09-24 23:00:46,931][__main__][INFO] - Average time per step: 2.120 s
[2025-09-24 23:00:48,601][__main__][INFO] - End of training
[2025-09-24 23:00:48,602][__main__][INFO] - --Eval--
[2025-09-24 23:02:47,279][__main__][INFO] - Final modulations: {'beta': np.float32(-0.0010447572), 'alpha': np.float32(1.0096784)}
[2025-09-24 23:02:47,279][__main__][INFO] - End of script

[2025-09-24 23:02:59,526][__main__][INFO] - =====Running train script=====
[2025-09-24 23:02:59,567][__main__][INFO] - Fetched main configs, save directory : ../outputs/norm/electricity/lags168_horizon24/seed_2/flexrevin_NMSE/
[2025-09-24 23:02:59,567][__main__][INFO] - Model PatchTST, norma flexrevin, criterion NMSE, kwargs {'latent': False, 'start': True}
[2025-09-24 23:03:01,242][__main__][INFO] - Fetched dataloaders
[2025-09-24 23:03:01,242][__main__][INFO] - Splits shapes:
train	(252, 1, 15782)
valid1	(252, 1, 5261)
valid2	(64, 1, 15782)
valid3	(64, 1, 5261)
test1	(252, 1, 5261)
test2	(64, 1, 5261)
[2025-09-24 23:03:01,242][__main__][INFO] - Batches:
 X=[252, 1, 168]
 y=[252, 1, 24]
[2025-09-24 23:03:01,251][__main__][INFO] - --Training--
[2025-09-24 23:03:04,039][__main__][INFO] - Starting training pytorch with lr=1e-05
[2025-09-24 23:03:04,039][__main__][INFO] - Using device: cuda
[2025-09-24 23:03:04,039][__main__][INFO] - Training 1200 epochs of 1 batches (1200 steps): , eval_freq: 100, print_freq: 100
[2025-09-24 23:06:20,705][__main__][INFO] - Step 1 | valid1 MSE : 0.1869 | valid1 NMSE : 1.3249
[2025-09-24 23:09:42,720][__main__][INFO] - Step 100 | valid1 MSE : 0.0277 | valid1 NMSE : 0.6058
[2025-09-24 23:13:05,259][__main__][INFO] - Step 200 | valid1 MSE : 0.0171 | valid1 NMSE : 0.4990
[2025-09-24 23:16:27,691][__main__][INFO] - Step 300 | valid1 MSE : 0.0148 | valid1 NMSE : 0.4645
[2025-09-24 23:19:49,785][__main__][INFO] - Step 400 | valid1 MSE : 0.0136 | valid1 NMSE : 0.4451
[2025-09-24 23:23:12,048][__main__][INFO] - Step 500 | valid1 MSE : 0.0128 | valid1 NMSE : 0.4318
[2025-09-24 23:26:35,252][__main__][INFO] - Step 600 | valid1 MSE : 0.0122 | valid1 NMSE : 0.4222
[2025-09-24 23:29:57,535][__main__][INFO] - Step 700 | valid1 MSE : 0.0118 | valid1 NMSE : 0.4147
[2025-09-24 23:33:19,752][__main__][INFO] - Step 800 | valid1 MSE : 0.0115 | valid1 NMSE : 0.4086
[2025-09-24 23:36:42,196][__main__][INFO] - Step 900 | valid1 MSE : 0.0112 | valid1 NMSE : 0.4039
[2025-09-24 23:40:04,457][__main__][INFO] - Step 1000 | valid1 MSE : 0.0110 | valid1 NMSE : 0.4007
[2025-09-24 23:43:26,663][__main__][INFO] - Step 1100 | valid1 MSE : 0.0109 | valid1 NMSE : 0.3965
[2025-09-24 23:46:49,776][__main__][INFO] - Step 1200 | valid1 MSE : 0.0107 | valid1 NMSE : 0.3941
[2025-09-24 23:46:49,777][__main__][INFO] - Training done in 43.762 min
[2025-09-24 23:46:49,777][__main__][INFO] - Average time per step: 2.188 s
[2025-09-24 23:46:50,996][__main__][INFO] - End of training
[2025-09-24 23:46:50,996][__main__][INFO] - --Eval--
[2025-09-24 23:48:53,891][__main__][INFO] - Final modulations: {'beta': np.float32(2.399865e-06), 'alpha': np.float32(0.9999765)}
[2025-09-24 23:48:53,892][__main__][INFO] - End of script

[2025-09-24 23:49:00,744][__main__][INFO] - =====Running train script=====
[2025-09-24 23:49:00,795][__main__][INFO] - Fetched main configs, save directory : ../outputs/norm/electricity/lags168_horizon24/seed_2/min_init/
[2025-09-24 23:49:00,796][__main__][INFO] - Model PatchTST, norma mIN, criterion NMSE, kwargs {'latent': False, 'init_beta': True, 'fixed_beta': False, 'init_alpha': True, 'fixed_alpha': False, 'use_gamma': False, 'inverse_gamma': False}
[2025-09-24 23:49:02,373][__main__][INFO] - Fetched dataloaders
[2025-09-24 23:49:02,373][__main__][INFO] - Splits shapes:
train	(252, 1, 15782)
valid1	(252, 1, 5261)
valid2	(64, 1, 15782)
valid3	(64, 1, 5261)
test1	(252, 1, 5261)
test2	(64, 1, 5261)
[2025-09-24 23:49:02,373][__main__][INFO] - Batches:
 X=[252, 1, 168]
 y=[252, 1, 24]
[2025-09-24 23:49:02,378][__main__][INFO] - --Training--
[2025-09-24 23:49:03,725][__main__][INFO] - Starting training pytorch with lr=1e-05
[2025-09-24 23:49:03,725][__main__][INFO] - Using device: cuda
[2025-09-24 23:49:03,725][__main__][INFO] - Training 1200 epochs of 1 batches (1200 steps): , eval_freq: 100, print_freq: 100
[2025-09-24 23:52:15,317][__main__][INFO] - Step 1 | valid1 MSE : 0.1861 | valid1 NMSE : 1.3176
[2025-09-24 23:55:32,182][__main__][INFO] - Step 100 | valid1 MSE : 0.0281 | valid1 NMSE : 0.6053
[2025-09-24 23:58:49,322][__main__][INFO] - Step 200 | valid1 MSE : 0.0171 | valid1 NMSE : 0.4985
[2025-09-25 00:02:06,173][__main__][INFO] - Step 300 | valid1 MSE : 0.0148 | valid1 NMSE : 0.4643
[2025-09-25 00:05:23,203][__main__][INFO] - Step 400 | valid1 MSE : 0.0136 | valid1 NMSE : 0.4450
[2025-09-25 00:08:40,951][__main__][INFO] - Step 500 | valid1 MSE : 0.0128 | valid1 NMSE : 0.4318
[2025-09-25 00:11:58,129][__main__][INFO] - Step 600 | valid1 MSE : 0.0122 | valid1 NMSE : 0.4222
[2025-09-25 00:15:15,414][__main__][INFO] - Step 700 | valid1 MSE : 0.0119 | valid1 NMSE : 0.4149
[2025-09-25 00:18:33,296][__main__][INFO] - Step 800 | valid1 MSE : 0.0115 | valid1 NMSE : 0.4088
[2025-09-25 00:21:50,363][__main__][INFO] - Step 900 | valid1 MSE : 0.0113 | valid1 NMSE : 0.4041
[2025-09-25 00:25:06,843][__main__][INFO] - Step 1000 | valid1 MSE : 0.0111 | valid1 NMSE : 0.4001
[2025-09-25 00:28:23,481][__main__][INFO] - Step 1100 | valid1 MSE : 0.0109 | valid1 NMSE : 0.3968
[2025-09-25 00:31:40,405][__main__][INFO] - Step 1200 | valid1 MSE : 0.0107 | valid1 NMSE : 0.3943
[2025-09-25 00:31:40,407][__main__][INFO] - Training done in 42.611 min
[2025-09-25 00:31:40,407][__main__][INFO] - Average time per step: 2.131 s
[2025-09-25 00:31:42,217][__main__][INFO] - End of training
[2025-09-25 00:31:42,217][__main__][INFO] - --Eval--
[2025-09-25 00:33:42,057][__main__][INFO] - Final modulations: {'beta': np.float32(0.005663774), 'alpha': np.float32(0.9616765)}
[2025-09-25 00:33:42,057][__main__][INFO] - End of script

[2025-09-25 00:33:54,954][__main__][INFO] - =====Running train script=====
[2025-09-25 00:33:55,005][__main__][INFO] - Fetched main configs, save directory : ../outputs/norm/electricity/lags168_horizon24/seed_2/min_revin/
[2025-09-25 00:33:55,005][__main__][INFO] - Model PatchTST, norma mIN, criterion NMSE, kwargs {'latent': False, 'init_beta': False, 'fixed_beta': False, 'init_alpha': False, 'fixed_alpha': False, 'use_gamma': True, 'inverse_gamma': True}
[2025-09-25 00:33:56,941][__main__][INFO] - Fetched dataloaders
[2025-09-25 00:33:56,942][__main__][INFO] - Splits shapes:
train	(252, 1, 15782)
valid1	(252, 1, 5261)
valid2	(64, 1, 15782)
valid3	(64, 1, 5261)
test1	(252, 1, 5261)
test2	(64, 1, 5261)
[2025-09-25 00:33:56,942][__main__][INFO] - Batches:
 X=[252, 1, 168]
 y=[252, 1, 24]
[2025-09-25 00:33:56,950][__main__][INFO] - --Training--
[2025-09-25 00:33:59,717][__main__][INFO] - Starting training pytorch with lr=1e-05
[2025-09-25 00:33:59,717][__main__][INFO] - Using device: cuda
[2025-09-25 00:33:59,717][__main__][INFO] - Training 1200 epochs of 1 batches (1200 steps): , eval_freq: 100, print_freq: 100
[2025-09-25 00:37:12,465][__main__][INFO] - Step 1 | valid1 MSE : 0.1869 | valid1 NMSE : 1.3233
[2025-09-25 00:40:30,232][__main__][INFO] - Step 100 | valid1 MSE : 0.0277 | valid1 NMSE : 0.6042
[2025-09-25 00:43:47,880][__main__][INFO] - Step 200 | valid1 MSE : 0.0171 | valid1 NMSE : 0.4989
[2025-09-25 00:47:05,820][__main__][INFO] - Step 300 | valid1 MSE : 0.0148 | valid1 NMSE : 0.4648
[2025-09-25 00:50:23,596][__main__][INFO] - Step 400 | valid1 MSE : 0.0136 | valid1 NMSE : 0.4454
[2025-09-25 00:53:42,811][__main__][INFO] - Step 500 | valid1 MSE : 0.0128 | valid1 NMSE : 0.4321
[2025-09-25 00:57:01,317][__main__][INFO] - Step 600 | valid1 MSE : 0.0122 | valid1 NMSE : 0.4224
[2025-09-25 01:00:19,768][__main__][INFO] - Step 700 | valid1 MSE : 0.0119 | valid1 NMSE : 0.4150
[2025-09-25 01:03:38,186][__main__][INFO] - Step 800 | valid1 MSE : 0.0115 | valid1 NMSE : 0.4089
[2025-09-25 01:06:56,597][__main__][INFO] - Step 900 | valid1 MSE : 0.0113 | valid1 NMSE : 0.4042
[2025-09-25 01:10:14,981][__main__][INFO] - Step 1000 | valid1 MSE : 0.0111 | valid1 NMSE : 0.4001
[2025-09-25 01:13:33,492][__main__][INFO] - Step 1100 | valid1 MSE : 0.0109 | valid1 NMSE : 0.3969
[2025-09-25 01:16:52,059][__main__][INFO] - Step 1200 | valid1 MSE : 0.0107 | valid1 NMSE : 0.3943
[2025-09-25 01:16:52,061][__main__][INFO] - Training done in 42.872 min
[2025-09-25 01:16:52,061][__main__][INFO] - Average time per step: 2.144 s
[2025-09-25 01:16:53,720][__main__][INFO] - End of training
[2025-09-25 01:16:53,721][__main__][INFO] - --Eval--
[2025-09-25 01:18:54,394][__main__][INFO] - Final modulations: {'beta': np.float32(0.0009919978), 'alpha': np.float32(0.9904576)}
[2025-09-25 01:18:54,395][__main__][INFO] - End of script

[2025-09-25 01:19:14,501][__main__][INFO] - =====Running train script=====
[2025-09-25 01:19:14,553][__main__][INFO] - Fetched main configs, save directory : ../outputs/norm/electricity/lags168_horizon24/seed_3/instance_NMSE/
[2025-09-25 01:19:14,553][__main__][INFO] - Model PatchTST, norma instance, criterion NMSE, kwargs {'last': False, 'latent': False}
[2025-09-25 01:19:16,187][__main__][INFO] - Fetched dataloaders
[2025-09-25 01:19:16,187][__main__][INFO] - Splits shapes:
train	(252, 1, 15782)
valid1	(252, 1, 5261)
valid2	(64, 1, 15782)
valid3	(64, 1, 5261)
test1	(252, 1, 5261)
test2	(64, 1, 5261)
[2025-09-25 01:19:16,187][__main__][INFO] - Batches:
 X=[252, 1, 168]
 y=[252, 1, 24]
[2025-09-25 01:19:16,196][__main__][INFO] - --Training--
[2025-09-25 01:19:18,956][__main__][INFO] - Starting training pytorch with lr=1e-05
[2025-09-25 01:19:18,956][__main__][INFO] - Using device: cuda
[2025-09-25 01:19:18,956][__main__][INFO] - Training 1200 epochs of 1 batches (1200 steps): , eval_freq: 100, print_freq: 100
[2025-09-25 01:22:33,629][__main__][INFO] - Step 1 | valid1 MSE : 0.2198 | valid1 NMSE : 1.3225
[2025-09-25 01:25:53,452][__main__][INFO] - Step 100 | valid1 MSE : 0.0302 | valid1 NMSE : 0.5896
[2025-09-25 01:29:13,115][__main__][INFO] - Step 200 | valid1 MSE : 0.0182 | valid1 NMSE : 0.4848
[2025-09-25 01:32:33,409][__main__][INFO] - Step 300 | valid1 MSE : 0.0157 | valid1 NMSE : 0.4499
[2025-09-25 01:35:53,755][__main__][INFO] - Step 400 | valid1 MSE : 0.0144 | valid1 NMSE : 0.4297
[2025-09-25 01:39:13,804][__main__][INFO] - Step 500 | valid1 MSE : 0.0136 | valid1 NMSE : 0.4165
[2025-09-25 01:42:34,075][__main__][INFO] - Step 600 | valid1 MSE : 0.0130 | valid1 NMSE : 0.4077
[2025-09-25 01:45:54,037][__main__][INFO] - Step 700 | valid1 MSE : 0.0127 | valid1 NMSE : 0.4008
[2025-09-25 01:49:14,065][__main__][INFO] - Step 800 | valid1 MSE : 0.0123 | valid1 NMSE : 0.3954
[2025-09-25 01:52:33,684][__main__][INFO] - Step 900 | valid1 MSE : 0.0121 | valid1 NMSE : 0.3906
[2025-09-25 01:55:53,108][__main__][INFO] - Step 1000 | valid1 MSE : 0.0119 | valid1 NMSE : 0.3869
[2025-09-25 01:59:12,586][__main__][INFO] - Step 1100 | valid1 MSE : 0.0118 | valid1 NMSE : 0.3836
[2025-09-25 02:02:32,085][__main__][INFO] - Step 1200 | valid1 MSE : 0.0117 | valid1 NMSE : 0.3810
[2025-09-25 02:02:32,086][__main__][INFO] - Training done in 43.219 min
[2025-09-25 02:02:32,087][__main__][INFO] - Average time per step: 2.161 s
[2025-09-25 02:02:33,497][__main__][INFO] - End of training
[2025-09-25 02:02:33,497][__main__][INFO] - --Eval--
[2025-09-25 02:04:34,680][__main__][INFO] - End of script

[2025-09-25 02:04:47,508][__main__][INFO] - =====Running train script=====
[2025-09-25 02:04:47,572][__main__][INFO] - Fetched main configs, save directory : ../outputs/norm/electricity/lags168_horizon24/seed_3/revin_NMSE/
[2025-09-25 02:04:47,572][__main__][INFO] - Model PatchTST, norma revin, criterion NMSE, kwargs {'latent': False}
[2025-09-25 02:04:49,258][__main__][INFO] - Fetched dataloaders
[2025-09-25 02:04:49,258][__main__][INFO] - Splits shapes:
train	(252, 1, 15782)
valid1	(252, 1, 5261)
valid2	(64, 1, 15782)
valid3	(64, 1, 5261)
test1	(252, 1, 5261)
test2	(64, 1, 5261)
[2025-09-25 02:04:49,259][__main__][INFO] - Batches:
 X=[252, 1, 168]
 y=[252, 1, 24]
[2025-09-25 02:04:49,267][__main__][INFO] - --Training--
[2025-09-25 02:04:51,982][__main__][INFO] - Starting training pytorch with lr=1e-05
[2025-09-25 02:04:51,982][__main__][INFO] - Using device: cuda
[2025-09-25 02:04:51,982][__main__][INFO] - Training 1200 epochs of 1 batches (1200 steps): , eval_freq: 100, print_freq: 100
[2025-09-25 02:08:06,137][__main__][INFO] - Step 1 | valid1 MSE : 0.2198 | valid1 NMSE : 1.3225
[2025-09-25 02:11:25,794][__main__][INFO] - Step 100 | valid1 MSE : 0.0302 | valid1 NMSE : 0.5897
[2025-09-25 02:14:45,868][__main__][INFO] - Step 200 | valid1 MSE : 0.0182 | valid1 NMSE : 0.4848
[2025-09-25 02:18:06,506][__main__][INFO] - Step 300 | valid1 MSE : 0.0157 | valid1 NMSE : 0.4498
[2025-09-25 02:21:26,751][__main__][INFO] - Step 400 | valid1 MSE : 0.0144 | valid1 NMSE : 0.4297
[2025-09-25 02:24:46,873][__main__][INFO] - Step 500 | valid1 MSE : 0.0136 | valid1 NMSE : 0.4165
[2025-09-25 02:28:07,069][__main__][INFO] - Step 600 | valid1 MSE : 0.0130 | valid1 NMSE : 0.4077
[2025-09-25 02:31:26,960][__main__][INFO] - Step 700 | valid1 MSE : 0.0127 | valid1 NMSE : 0.4008
[2025-09-25 02:34:47,058][__main__][INFO] - Step 800 | valid1 MSE : 0.0123 | valid1 NMSE : 0.3954
[2025-09-25 02:38:07,504][__main__][INFO] - Step 900 | valid1 MSE : 0.0121 | valid1 NMSE : 0.3907
[2025-09-25 02:41:27,660][__main__][INFO] - Step 1000 | valid1 MSE : 0.0119 | valid1 NMSE : 0.3869
[2025-09-25 02:44:48,384][__main__][INFO] - Step 1100 | valid1 MSE : 0.0117 | valid1 NMSE : 0.3837
[2025-09-25 02:48:10,085][__main__][INFO] - Step 1200 | valid1 MSE : 0.0117 | valid1 NMSE : 0.3810
[2025-09-25 02:48:10,085][__main__][INFO] - Training done in 43.302 min
[2025-09-25 02:48:10,085][__main__][INFO] - Average time per step: 2.165 s
[2025-09-25 02:48:11,205][__main__][INFO] - End of training
[2025-09-25 02:48:11,205][__main__][INFO] - --Eval--
[2025-09-25 02:50:13,278][__main__][INFO] - Final modulations: {'beta': np.float32(-0.00073346094), 'alpha': np.float32(1.0093057)}
[2025-09-25 02:50:13,279][__main__][INFO] - End of script

[2025-09-25 02:50:20,041][__main__][INFO] - =====Running train script=====
[2025-09-25 02:50:20,079][__main__][INFO] - Fetched main configs, save directory : ../outputs/norm/electricity/lags168_horizon24/seed_3/flexrevin_NMSE/
[2025-09-25 02:50:20,079][__main__][INFO] - Model PatchTST, norma flexrevin, criterion NMSE, kwargs {'latent': False, 'start': True}
[2025-09-25 02:50:21,639][__main__][INFO] - Fetched dataloaders
[2025-09-25 02:50:21,639][__main__][INFO] - Splits shapes:
train	(252, 1, 15782)
valid1	(252, 1, 5261)
valid2	(64, 1, 15782)
valid3	(64, 1, 5261)
test1	(252, 1, 5261)
test2	(64, 1, 5261)
[2025-09-25 02:50:21,639][__main__][INFO] - Batches:
 X=[252, 1, 168]
 y=[252, 1, 24]
[2025-09-25 02:50:21,645][__main__][INFO] - --Training--
[2025-09-25 02:50:23,114][__main__][INFO] - Starting training pytorch with lr=1e-05
[2025-09-25 02:50:23,115][__main__][INFO] - Using device: cuda
[2025-09-25 02:50:23,115][__main__][INFO] - Training 1200 epochs of 1 batches (1200 steps): , eval_freq: 100, print_freq: 100
[2025-09-25 02:53:36,321][__main__][INFO] - Step 1 | valid1 MSE : 0.2198 | valid1 NMSE : 1.3220
[2025-09-25 02:56:55,298][__main__][INFO] - Step 100 | valid1 MSE : 0.0303 | valid1 NMSE : 0.5908
[2025-09-25 03:00:14,622][__main__][INFO] - Step 200 | valid1 MSE : 0.0182 | valid1 NMSE : 0.4843
[2025-09-25 03:03:33,836][__main__][INFO] - Step 300 | valid1 MSE : 0.0157 | valid1 NMSE : 0.4506
[2025-09-25 03:06:53,006][__main__][INFO] - Step 400 | valid1 MSE : 0.0144 | valid1 NMSE : 0.4298
[2025-09-25 03:10:12,079][__main__][INFO] - Step 500 | valid1 MSE : 0.0135 | valid1 NMSE : 0.4163
[2025-09-25 03:13:30,938][__main__][INFO] - Step 600 | valid1 MSE : 0.0130 | valid1 NMSE : 0.4073
[2025-09-25 03:16:50,010][__main__][INFO] - Step 700 | valid1 MSE : 0.0126 | valid1 NMSE : 0.4129
[2025-09-25 03:20:08,861][__main__][INFO] - Step 800 | valid1 MSE : 0.0122 | valid1 NMSE : 0.3950
[2025-09-25 03:23:27,936][__main__][INFO] - Step 900 | valid1 MSE : 0.0120 | valid1 NMSE : 0.4006
[2025-09-25 03:26:46,799][__main__][INFO] - Step 1000 | valid1 MSE : 0.0118 | valid1 NMSE : 0.3869
[2025-09-25 03:30:05,644][__main__][INFO] - Step 1100 | valid1 MSE : 0.0117 | valid1 NMSE : 0.3921
[2025-09-25 03:33:24,574][__main__][INFO] - Step 1200 | valid1 MSE : 0.0116 | valid1 NMSE : 0.3809
[2025-09-25 03:33:24,576][__main__][INFO] - Training done in 43.024 min
[2025-09-25 03:33:24,576][__main__][INFO] - Average time per step: 2.151 s
[2025-09-25 03:33:26,150][__main__][INFO] - End of training
[2025-09-25 03:33:26,150][__main__][INFO] - --Eval--
[2025-09-25 03:35:26,910][__main__][INFO] - Final modulations: {'beta': np.float32(-7.4022233e-07), 'alpha': np.float32(0.99995714)}
[2025-09-25 03:35:26,910][__main__][INFO] - End of script

[2025-09-25 03:35:39,664][__main__][INFO] - =====Running train script=====
[2025-09-25 03:35:39,702][__main__][INFO] - Fetched main configs, save directory : ../outputs/norm/electricity/lags168_horizon24/seed_3/min_init/
[2025-09-25 03:35:39,703][__main__][INFO] - Model PatchTST, norma mIN, criterion NMSE, kwargs {'latent': False, 'init_beta': True, 'fixed_beta': False, 'init_alpha': True, 'fixed_alpha': False, 'use_gamma': False, 'inverse_gamma': False}
[2025-09-25 03:35:41,366][__main__][INFO] - Fetched dataloaders
[2025-09-25 03:35:41,366][__main__][INFO] - Splits shapes:
train	(252, 1, 15782)
valid1	(252, 1, 5261)
valid2	(64, 1, 15782)
valid3	(64, 1, 5261)
test1	(252, 1, 5261)
test2	(64, 1, 5261)
[2025-09-25 03:35:41,366][__main__][INFO] - Batches:
 X=[252, 1, 168]
 y=[252, 1, 24]
[2025-09-25 03:35:41,375][__main__][INFO] - --Training--
[2025-09-25 03:35:44,085][__main__][INFO] - Starting training pytorch with lr=1e-05
[2025-09-25 03:35:44,086][__main__][INFO] - Using device: cuda
[2025-09-25 03:35:44,086][__main__][INFO] - Training 1200 epochs of 1 batches (1200 steps): , eval_freq: 100, print_freq: 100
[2025-09-25 03:38:55,883][__main__][INFO] - Step 1 | valid1 MSE : 0.2185 | valid1 NMSE : 1.3153
[2025-09-25 03:42:12,769][__main__][INFO] - Step 100 | valid1 MSE : 0.0308 | valid1 NMSE : 0.5910
[2025-09-25 03:45:29,449][__main__][INFO] - Step 200 | valid1 MSE : 0.0182 | valid1 NMSE : 0.4845
[2025-09-25 03:48:46,413][__main__][INFO] - Step 300 | valid1 MSE : 0.0157 | valid1 NMSE : 0.4495
[2025-09-25 03:52:03,334][__main__][INFO] - Step 400 | valid1 MSE : 0.0144 | valid1 NMSE : 0.4294
[2025-09-25 03:55:19,916][__main__][INFO] - Step 500 | valid1 MSE : 0.0136 | valid1 NMSE : 0.4162
[2025-09-25 03:58:36,787][__main__][INFO] - Step 600 | valid1 MSE : 0.0130 | valid1 NMSE : 0.4075
[2025-09-25 04:01:53,577][__main__][INFO] - Step 700 | valid1 MSE : 0.0126 | valid1 NMSE : 0.4007
[2025-09-25 04:05:10,266][__main__][INFO] - Step 800 | valid1 MSE : 0.0123 | valid1 NMSE : 0.3953
[2025-09-25 04:08:27,108][__main__][INFO] - Step 900 | valid1 MSE : 0.0121 | valid1 NMSE : 0.3906
[2025-09-25 04:11:43,815][__main__][INFO] - Step 1000 | valid1 MSE : 0.0119 | valid1 NMSE : 0.3869
[2025-09-25 04:15:00,479][__main__][INFO] - Step 1100 | valid1 MSE : 0.0117 | valid1 NMSE : 0.3837
[2025-09-25 04:18:17,398][__main__][INFO] - Step 1200 | valid1 MSE : 0.0117 | valid1 NMSE : 0.3811
[2025-09-25 04:18:17,399][__main__][INFO] - Training done in 42.555 min
[2025-09-25 04:18:17,399][__main__][INFO] - Average time per step: 2.128 s
[2025-09-25 04:18:19,132][__main__][INFO] - End of training
[2025-09-25 04:18:19,132][__main__][INFO] - --Eval--
[2025-09-25 04:20:18,532][__main__][INFO] - Final modulations: {'beta': np.float32(0.0048932377), 'alpha': np.float32(0.9593545)}
[2025-09-25 04:20:18,532][__main__][INFO] - End of script

[2025-09-25 04:20:31,445][__main__][INFO] - =====Running train script=====
[2025-09-25 04:20:31,524][__main__][INFO] - Fetched main configs, save directory : ../outputs/norm/electricity/lags168_horizon24/seed_3/min_revin/
[2025-09-25 04:20:31,524][__main__][INFO] - Model PatchTST, norma mIN, criterion NMSE, kwargs {'latent': False, 'init_beta': False, 'fixed_beta': False, 'init_alpha': False, 'fixed_alpha': False, 'use_gamma': True, 'inverse_gamma': True}
[2025-09-25 04:20:33,230][__main__][INFO] - Fetched dataloaders
[2025-09-25 04:20:33,230][__main__][INFO] - Splits shapes:
train	(252, 1, 15782)
valid1	(252, 1, 5261)
valid2	(64, 1, 15782)
valid3	(64, 1, 5261)
test1	(252, 1, 5261)
test2	(64, 1, 5261)
[2025-09-25 04:20:33,230][__main__][INFO] - Batches:
 X=[252, 1, 168]
 y=[252, 1, 24]
[2025-09-25 04:20:33,238][__main__][INFO] - --Training--
[2025-09-25 04:20:35,919][__main__][INFO] - Starting training pytorch with lr=1e-05
[2025-09-25 04:20:35,919][__main__][INFO] - Using device: cuda
[2025-09-25 04:20:35,919][__main__][INFO] - Training 1200 epochs of 1 batches (1200 steps): , eval_freq: 100, print_freq: 100
[2025-09-25 04:23:51,264][__main__][INFO] - Step 1 | valid1 MSE : 0.2198 | valid1 NMSE : 1.3225
[2025-09-25 04:27:11,712][__main__][INFO] - Step 100 | valid1 MSE : 0.0302 | valid1 NMSE : 0.5897
[2025-09-25 04:30:32,225][__main__][INFO] - Step 200 | valid1 MSE : 0.0182 | valid1 NMSE : 0.4848
[2025-09-25 04:33:52,803][__main__][INFO] - Step 300 | valid1 MSE : 0.0157 | valid1 NMSE : 0.4498
[2025-09-25 04:37:13,173][__main__][INFO] - Step 400 | valid1 MSE : 0.0144 | valid1 NMSE : 0.4297
[2025-09-25 04:40:33,216][__main__][INFO] - Step 500 | valid1 MSE : 0.0136 | valid1 NMSE : 0.4165
[2025-09-25 04:43:53,902][__main__][INFO] - Step 600 | valid1 MSE : 0.0130 | valid1 NMSE : 0.4077
[2025-09-25 04:47:14,341][__main__][INFO] - Step 700 | valid1 MSE : 0.0127 | valid1 NMSE : 0.4008
[2025-09-25 04:50:34,684][__main__][INFO] - Step 800 | valid1 MSE : 0.0123 | valid1 NMSE : 0.3954
[2025-09-25 04:53:55,155][__main__][INFO] - Step 900 | valid1 MSE : 0.0121 | valid1 NMSE : 0.3907
[2025-09-25 04:57:15,563][__main__][INFO] - Step 1000 | valid1 MSE : 0.0119 | valid1 NMSE : 0.3869
[2025-09-25 05:00:35,981][__main__][INFO] - Step 1100 | valid1 MSE : 0.0117 | valid1 NMSE : 0.3837
[2025-09-25 05:03:56,406][__main__][INFO] - Step 1200 | valid1 MSE : 0.0117 | valid1 NMSE : 0.3811
[2025-09-25 05:03:56,407][__main__][INFO] - Training done in 43.341 min
[2025-09-25 05:03:56,407][__main__][INFO] - Average time per step: 2.167 s
[2025-09-25 05:03:57,624][__main__][INFO] - End of training
[2025-09-25 05:03:57,624][__main__][INFO] - --Eval--
[2025-09-25 05:06:00,449][__main__][INFO] - Final modulations: {'beta': np.float32(0.00025905605), 'alpha': np.float32(0.99081075)}
[2025-09-25 05:06:00,449][__main__][INFO] - End of script

[2025-09-25 05:06:13,249][__main__][INFO] - =====Running train script=====
[2025-09-25 05:06:13,299][__main__][INFO] - Fetched main configs, save directory : ../outputs/norm/electricity/lags168_horizon24/seed_4/instance_NMSE/
[2025-09-25 05:06:13,299][__main__][INFO] - Model PatchTST, norma instance, criterion NMSE, kwargs {'last': False, 'latent': False}
[2025-09-25 05:06:14,863][__main__][INFO] - Fetched dataloaders
[2025-09-25 05:06:14,863][__main__][INFO] - Splits shapes:
train	(252, 1, 15782)
valid1	(252, 1, 5261)
valid2	(64, 1, 15782)
valid3	(64, 1, 5261)
test1	(252, 1, 5261)
test2	(64, 1, 5261)
[2025-09-25 05:06:14,863][__main__][INFO] - Batches:
 X=[252, 1, 168]
 y=[252, 1, 24]
[2025-09-25 05:06:14,868][__main__][INFO] - --Training--
[2025-09-25 05:06:16,229][__main__][INFO] - Starting training pytorch with lr=1e-05
[2025-09-25 05:06:16,229][__main__][INFO] - Using device: cuda
[2025-09-25 05:06:16,229][__main__][INFO] - Training 1200 epochs of 1 batches (1200 steps): , eval_freq: 100, print_freq: 100
[2025-09-25 05:09:27,135][__main__][INFO] - Step 1 | valid1 MSE : 0.2128 | valid1 NMSE : 1.4276
[2025-09-25 05:12:43,217][__main__][INFO] - Step 100 | valid1 MSE : 0.0298 | valid1 NMSE : 0.6378
[2025-09-25 05:15:59,268][__main__][INFO] - Step 200 | valid1 MSE : 0.0173 | valid1 NMSE : 0.5255
[2025-09-25 05:19:15,654][__main__][INFO] - Step 300 | valid1 MSE : 0.0148 | valid1 NMSE : 0.4905
[2025-09-25 05:22:31,865][__main__][INFO] - Step 400 | valid1 MSE : 0.0136 | valid1 NMSE : 0.4709
[2025-09-25 05:25:48,531][__main__][INFO] - Step 500 | valid1 MSE : 0.0129 | valid1 NMSE : 0.4575
[2025-09-25 05:29:05,477][__main__][INFO] - Step 600 | valid1 MSE : 0.0123 | valid1 NMSE : 0.4478
[2025-09-25 05:32:22,334][__main__][INFO] - Step 700 | valid1 MSE : 0.0119 | valid1 NMSE : 0.4401
[2025-09-25 05:35:39,207][__main__][INFO] - Step 800 | valid1 MSE : 0.0116 | valid1 NMSE : 0.4340
[2025-09-25 05:38:56,361][__main__][INFO] - Step 900 | valid1 MSE : 0.0113 | valid1 NMSE : 0.4291
[2025-09-25 05:42:13,226][__main__][INFO] - Step 1000 | valid1 MSE : 0.0112 | valid1 NMSE : 0.4252
[2025-09-25 05:45:30,006][__main__][INFO] - Step 1100 | valid1 MSE : 0.0110 | valid1 NMSE : 0.4218
[2025-09-25 05:48:47,048][__main__][INFO] - Step 1200 | valid1 MSE : 0.0109 | valid1 NMSE : 0.4189
[2025-09-25 05:48:47,049][__main__][INFO] - Training done in 42.514 min
[2025-09-25 05:48:47,049][__main__][INFO] - Average time per step: 2.126 s
[2025-09-25 05:48:47,940][__main__][INFO] - End of training
[2025-09-25 05:48:47,940][__main__][INFO] - --Eval--
[2025-09-25 05:50:46,898][__main__][INFO] - End of script

[2025-09-25 05:50:52,737][__main__][INFO] - =====Running train script=====
[2025-09-25 05:50:52,788][__main__][INFO] - Fetched main configs, save directory : ../outputs/norm/electricity/lags168_horizon24/seed_4/revin_NMSE/
[2025-09-25 05:50:52,788][__main__][INFO] - Model PatchTST, norma revin, criterion NMSE, kwargs {'latent': False}
[2025-09-25 05:50:54,374][__main__][INFO] - Fetched dataloaders
[2025-09-25 05:50:54,375][__main__][INFO] - Splits shapes:
train	(252, 1, 15782)
valid1	(252, 1, 5261)
valid2	(64, 1, 15782)
valid3	(64, 1, 5261)
test1	(252, 1, 5261)
test2	(64, 1, 5261)
[2025-09-25 05:50:54,375][__main__][INFO] - Batches:
 X=[252, 1, 168]
 y=[252, 1, 24]
[2025-09-25 05:50:54,380][__main__][INFO] - --Training--
[2025-09-25 05:50:55,788][__main__][INFO] - Starting training pytorch with lr=1e-05
[2025-09-25 05:50:55,788][__main__][INFO] - Using device: cuda
[2025-09-25 05:50:55,789][__main__][INFO] - Training 1200 epochs of 1 batches (1200 steps): , eval_freq: 100, print_freq: 100
[2025-09-25 05:54:09,971][__main__][INFO] - Step 1 | valid1 MSE : 0.2128 | valid1 NMSE : 1.4276
[2025-09-25 05:57:29,800][__main__][INFO] - Step 100 | valid1 MSE : 0.0298 | valid1 NMSE : 0.6378
[2025-09-25 06:00:49,396][__main__][INFO] - Step 200 | valid1 MSE : 0.0173 | valid1 NMSE : 0.5255
[2025-09-25 06:04:09,729][__main__][INFO] - Step 300 | valid1 MSE : 0.0148 | valid1 NMSE : 0.4905
[2025-09-25 06:07:29,749][__main__][INFO] - Step 400 | valid1 MSE : 0.0136 | valid1 NMSE : 0.4709
[2025-09-25 06:10:49,708][__main__][INFO] - Step 500 | valid1 MSE : 0.0129 | valid1 NMSE : 0.4575
[2025-09-25 06:14:08,161][__main__][INFO] - Step 600 | valid1 MSE : 0.0123 | valid1 NMSE : 0.4478
[2025-09-25 06:17:26,038][__main__][INFO] - Step 700 | valid1 MSE : 0.0119 | valid1 NMSE : 0.4401
[2025-09-25 06:20:43,450][__main__][INFO] - Step 800 | valid1 MSE : 0.0116 | valid1 NMSE : 0.4340
[2025-09-25 06:24:00,989][__main__][INFO] - Step 900 | valid1 MSE : 0.0113 | valid1 NMSE : 0.4291
[2025-09-25 06:27:18,707][__main__][INFO] - Step 1000 | valid1 MSE : 0.0112 | valid1 NMSE : 0.4252
[2025-09-25 06:30:36,680][__main__][INFO] - Step 1100 | valid1 MSE : 0.0110 | valid1 NMSE : 0.4218
[2025-09-25 06:33:54,171][__main__][INFO] - Step 1200 | valid1 MSE : 0.0109 | valid1 NMSE : 0.4189
[2025-09-25 06:33:54,171][__main__][INFO] - Training done in 42.973 min
[2025-09-25 06:33:54,171][__main__][INFO] - Average time per step: 2.149 s
[2025-09-25 06:33:55,365][__main__][INFO] - End of training
[2025-09-25 06:33:55,366][__main__][INFO] - --Eval--
[2025-09-25 06:35:55,661][__main__][INFO] - Final modulations: {'beta': np.float32(-0.00061599707), 'alpha': np.float32(1.0090533)}
[2025-09-25 06:35:55,661][__main__][INFO] - End of script

[2025-09-25 06:36:02,067][__main__][INFO] - =====Running train script=====
[2025-09-25 06:36:02,116][__main__][INFO] - Fetched main configs, save directory : ../outputs/norm/electricity/lags168_horizon24/seed_4/flexrevin_NMSE/
[2025-09-25 06:36:02,116][__main__][INFO] - Model PatchTST, norma flexrevin, criterion NMSE, kwargs {'latent': False, 'start': True}
[2025-09-25 06:36:03,766][__main__][INFO] - Fetched dataloaders
[2025-09-25 06:36:03,766][__main__][INFO] - Splits shapes:
train	(252, 1, 15782)
valid1	(252, 1, 5261)
valid2	(64, 1, 15782)
valid3	(64, 1, 5261)
test1	(252, 1, 5261)
test2	(64, 1, 5261)
[2025-09-25 06:36:03,766][__main__][INFO] - Batches:
 X=[252, 1, 168]
 y=[252, 1, 24]
[2025-09-25 06:36:03,772][__main__][INFO] - --Training--
[2025-09-25 06:36:05,136][__main__][INFO] - Starting training pytorch with lr=1e-05
[2025-09-25 06:36:05,136][__main__][INFO] - Using device: cuda
[2025-09-25 06:36:05,136][__main__][INFO] - Training 1200 epochs of 1 batches (1200 steps): , eval_freq: 100, print_freq: 100
[2025-09-25 06:39:16,858][__main__][INFO] - Step 1 | valid1 MSE : 0.2128 | valid1 NMSE : 1.4272
[2025-09-25 06:42:34,107][__main__][INFO] - Step 100 | valid1 MSE : 0.0298 | valid1 NMSE : 0.6417
[2025-09-25 06:45:51,446][__main__][INFO] - Step 200 | valid1 MSE : 0.0173 | valid1 NMSE : 0.5251
[2025-09-25 06:49:08,708][__main__][INFO] - Step 300 | valid1 MSE : 0.0148 | valid1 NMSE : 0.4902
[2025-09-25 06:52:25,690][__main__][INFO] - Step 400 | valid1 MSE : 0.0136 | valid1 NMSE : 0.4711
[2025-09-25 06:55:42,863][__main__][INFO] - Step 500 | valid1 MSE : 0.0128 | valid1 NMSE : 0.4573
[2025-09-25 06:59:00,062][__main__][INFO] - Step 600 | valid1 MSE : 0.0123 | valid1 NMSE : 0.4478
[2025-09-25 07:02:16,910][__main__][INFO] - Step 700 | valid1 MSE : 0.0119 | valid1 NMSE : 0.4398
[2025-09-25 07:05:33,813][__main__][INFO] - Step 800 | valid1 MSE : 0.0116 | valid1 NMSE : 0.4351
[2025-09-25 07:08:51,138][__main__][INFO] - Step 900 | valid1 MSE : 0.0113 | valid1 NMSE : 0.4290
[2025-09-25 07:12:08,849][__main__][INFO] - Step 1000 | valid1 MSE : 0.0111 | valid1 NMSE : 0.4258
[2025-09-25 07:15:26,120][__main__][INFO] - Step 1100 | valid1 MSE : 0.0110 | valid1 NMSE : 0.4221
[2025-09-25 07:18:43,633][__main__][INFO] - Step 1200 | valid1 MSE : 0.0108 | valid1 NMSE : 0.4186
[2025-09-25 07:18:43,634][__main__][INFO] - Training done in 42.642 min
[2025-09-25 07:18:43,634][__main__][INFO] - Average time per step: 2.132 s
[2025-09-25 07:18:44,815][__main__][INFO] - End of training
[2025-09-25 07:18:44,815][__main__][INFO] - --Eval--
[2025-09-25 07:20:44,631][__main__][INFO] - Final modulations: {'beta': np.float32(7.529323e-06), 'alpha': np.float32(0.99995434)}
[2025-09-25 07:20:44,631][__main__][INFO] - End of script

[2025-09-25 07:20:51,781][__main__][INFO] - =====Running train script=====
[2025-09-25 07:20:51,839][__main__][INFO] - Fetched main configs, save directory : ../outputs/norm/electricity/lags168_horizon24/seed_4/min_init/
[2025-09-25 07:20:51,839][__main__][INFO] - Model PatchTST, norma mIN, criterion NMSE, kwargs {'latent': False, 'init_beta': True, 'fixed_beta': False, 'init_alpha': True, 'fixed_alpha': False, 'use_gamma': False, 'inverse_gamma': False}
[2025-09-25 07:20:53,471][__main__][INFO] - Fetched dataloaders
[2025-09-25 07:20:53,471][__main__][INFO] - Splits shapes:
train	(252, 1, 15782)
valid1	(252, 1, 5261)
valid2	(64, 1, 15782)
valid3	(64, 1, 5261)
test1	(252, 1, 5261)
test2	(64, 1, 5261)
[2025-09-25 07:20:53,471][__main__][INFO] - Batches:
 X=[252, 1, 168]
 y=[252, 1, 24]
[2025-09-25 07:20:53,476][__main__][INFO] - --Training--
[2025-09-25 07:20:54,972][__main__][INFO] - Starting training pytorch with lr=1e-05
[2025-09-25 07:20:54,972][__main__][INFO] - Using device: cuda
[2025-09-25 07:20:54,972][__main__][INFO] - Training 1200 epochs of 1 batches (1200 steps): , eval_freq: 100, print_freq: 100
[2025-09-25 07:24:09,107][__main__][INFO] - Step 1 | valid1 MSE : 0.2111 | valid1 NMSE : 1.4186
[2025-09-25 07:27:28,754][__main__][INFO] - Step 100 | valid1 MSE : 0.0303 | valid1 NMSE : 0.6387
[2025-09-25 07:30:48,307][__main__][INFO] - Step 200 | valid1 MSE : 0.0173 | valid1 NMSE : 0.5248
[2025-09-25 07:34:08,124][__main__][INFO] - Step 300 | valid1 MSE : 0.0148 | valid1 NMSE : 0.4898
[2025-09-25 07:37:27,646][__main__][INFO] - Step 400 | valid1 MSE : 0.0136 | valid1 NMSE : 0.4703
[2025-09-25 07:40:47,041][__main__][INFO] - Step 500 | valid1 MSE : 0.0129 | valid1 NMSE : 0.4570
[2025-09-25 07:44:06,529][__main__][INFO] - Step 600 | valid1 MSE : 0.0123 | valid1 NMSE : 0.4475
[2025-09-25 07:47:26,039][__main__][INFO] - Step 700 | valid1 MSE : 0.0119 | valid1 NMSE : 0.4399
[2025-09-25 07:50:45,677][__main__][INFO] - Step 800 | valid1 MSE : 0.0116 | valid1 NMSE : 0.4339
[2025-09-25 07:54:06,397][__main__][INFO] - Step 900 | valid1 MSE : 0.0113 | valid1 NMSE : 0.4291
[2025-09-25 07:57:26,017][__main__][INFO] - Step 1000 | valid1 MSE : 0.0112 | valid1 NMSE : 0.4252
[2025-09-25 08:00:45,662][__main__][INFO] - Step 1100 | valid1 MSE : 0.0110 | valid1 NMSE : 0.4218
[2025-09-25 08:04:05,768][__main__][INFO] - Step 1200 | valid1 MSE : 0.0109 | valid1 NMSE : 0.4189
[2025-09-25 08:04:05,770][__main__][INFO] - Training done in 43.180 min
[2025-09-25 08:04:05,770][__main__][INFO] - Average time per step: 2.159 s
[2025-09-25 08:04:07,232][__main__][INFO] - End of training
[2025-09-25 08:04:07,233][__main__][INFO] - --Eval--
[2025-09-25 08:06:08,351][__main__][INFO] - Final modulations: {'beta': np.float32(0.00482828), 'alpha': np.float32(0.960399)}
[2025-09-25 08:06:08,351][__main__][INFO] - End of script

[2025-09-25 08:06:21,038][__main__][INFO] - =====Running train script=====
[2025-09-25 08:06:21,190][__main__][INFO] - Fetched main configs, save directory : ../outputs/norm/electricity/lags168_horizon24/seed_4/min_revin/
[2025-09-25 08:06:21,191][__main__][INFO] - Model PatchTST, norma mIN, criterion NMSE, kwargs {'latent': False, 'init_beta': False, 'fixed_beta': False, 'init_alpha': False, 'fixed_alpha': False, 'use_gamma': True, 'inverse_gamma': True}
[2025-09-25 08:06:23,055][__main__][INFO] - Fetched dataloaders
[2025-09-25 08:06:23,055][__main__][INFO] - Splits shapes:
train	(252, 1, 15782)
valid1	(252, 1, 5261)
valid2	(64, 1, 15782)
valid3	(64, 1, 5261)
test1	(252, 1, 5261)
test2	(64, 1, 5261)
[2025-09-25 08:06:23,055][__main__][INFO] - Batches:
 X=[252, 1, 168]
 y=[252, 1, 24]
[2025-09-25 08:06:23,064][__main__][INFO] - --Training--
[2025-09-25 08:06:25,812][__main__][INFO] - Starting training pytorch with lr=1e-05
[2025-09-25 08:06:25,812][__main__][INFO] - Using device: cuda
[2025-09-25 08:06:25,812][__main__][INFO] - Training 1200 epochs of 1 batches (1200 steps): , eval_freq: 100, print_freq: 100
[2025-09-25 08:09:37,983][__main__][INFO] - Step 1 | valid1 MSE : 0.2128 | valid1 NMSE : 1.4276
[2025-09-25 08:12:56,158][__main__][INFO] - Step 100 | valid1 MSE : 0.0298 | valid1 NMSE : 0.6379
[2025-09-25 08:16:14,952][__main__][INFO] - Step 200 | valid1 MSE : 0.0173 | valid1 NMSE : 0.5255
[2025-09-25 08:19:33,697][__main__][INFO] - Step 300 | valid1 MSE : 0.0148 | valid1 NMSE : 0.4904
[2025-09-25 08:22:52,153][__main__][INFO] - Step 400 | valid1 MSE : 0.0136 | valid1 NMSE : 0.4708
[2025-09-25 08:26:10,652][__main__][INFO] - Step 500 | valid1 MSE : 0.0129 | valid1 NMSE : 0.4575
[2025-09-25 08:29:28,429][__main__][INFO] - Step 600 | valid1 MSE : 0.0123 | valid1 NMSE : 0.4478
[2025-09-25 08:32:46,393][__main__][INFO] - Step 700 | valid1 MSE : 0.0119 | valid1 NMSE : 0.4402
[2025-09-25 08:36:05,003][__main__][INFO] - Step 800 | valid1 MSE : 0.0116 | valid1 NMSE : 0.4340
[2025-09-25 08:39:22,994][__main__][INFO] - Step 900 | valid1 MSE : 0.0113 | valid1 NMSE : 0.4292
[2025-09-25 08:42:40,720][__main__][INFO] - Step 1000 | valid1 MSE : 0.0112 | valid1 NMSE : 0.4253
[2025-09-25 08:45:58,395][__main__][INFO] - Step 1100 | valid1 MSE : 0.0110 | valid1 NMSE : 0.4219
[2025-09-25 08:49:17,020][__main__][INFO] - Step 1200 | valid1 MSE : 0.0109 | valid1 NMSE : 0.4190
[2025-09-25 08:49:17,022][__main__][INFO] - Training done in 42.853 min
[2025-09-25 08:49:17,022][__main__][INFO] - Average time per step: 2.143 s
[2025-09-25 08:49:18,080][__main__][INFO] - End of training
[2025-09-25 08:49:18,080][__main__][INFO] - --Eval--
[2025-09-25 08:51:18,239][__main__][INFO] - Final modulations: {'beta': np.float32(5.2663407e-05), 'alpha': np.float32(0.9911437)}
[2025-09-25 08:51:18,239][__main__][INFO] - End of script

[2025-09-25 08:51:30,780][__main__][INFO] - =====Running train script=====
[2025-09-25 08:51:30,831][__main__][INFO] - Fetched main configs, save directory : ../outputs/norm/electricity/lags168_horizon24/seed_5/instance_NMSE/
[2025-09-25 08:51:30,831][__main__][INFO] - Model PatchTST, norma instance, criterion NMSE, kwargs {'last': False, 'latent': False}
[2025-09-25 08:51:32,402][__main__][INFO] - Fetched dataloaders
[2025-09-25 08:51:32,402][__main__][INFO] - Splits shapes:
train	(252, 1, 15782)
valid1	(252, 1, 5261)
valid2	(64, 1, 15782)
valid3	(64, 1, 5261)
test1	(252, 1, 5261)
test2	(64, 1, 5261)
[2025-09-25 08:51:32,402][__main__][INFO] - Batches:
 X=[252, 1, 168]
 y=[252, 1, 24]
[2025-09-25 08:51:32,407][__main__][INFO] - --Training--
[2025-09-25 08:51:33,761][__main__][INFO] - Starting training pytorch with lr=1e-05
[2025-09-25 08:51:33,762][__main__][INFO] - Using device: cuda
[2025-09-25 08:51:33,762][__main__][INFO] - Training 1200 epochs of 1 batches (1200 steps): , eval_freq: 100, print_freq: 100
[2025-09-25 08:54:44,888][__main__][INFO] - Step 1 | valid1 MSE : 0.2038 | valid1 NMSE : 1.2627
[2025-09-25 08:58:01,941][__main__][INFO] - Step 100 | valid1 MSE : 0.0294 | valid1 NMSE : 0.5240
[2025-09-25 09:01:18,700][__main__][INFO] - Step 200 | valid1 MSE : 0.0173 | valid1 NMSE : 0.4126
[2025-09-25 09:04:35,337][__main__][INFO] - Step 300 | valid1 MSE : 0.0150 | valid1 NMSE : 0.3787
[2025-09-25 09:07:52,170][__main__][INFO] - Step 400 | valid1 MSE : 0.0139 | valid1 NMSE : 0.3604
[2025-09-25 09:11:08,795][__main__][INFO] - Step 500 | valid1 MSE : 0.0133 | valid1 NMSE : 0.3479
[2025-09-25 09:14:25,625][__main__][INFO] - Step 600 | valid1 MSE : 0.0127 | valid1 NMSE : 0.3388
[2025-09-25 09:17:42,341][__main__][INFO] - Step 700 | valid1 MSE : 0.0123 | valid1 NMSE : 0.3317
[2025-09-25 09:20:59,133][__main__][INFO] - Step 800 | valid1 MSE : 0.0120 | valid1 NMSE : 0.3260
[2025-09-25 09:24:15,759][__main__][INFO] - Step 900 | valid1 MSE : 0.0118 | valid1 NMSE : 0.3214
[2025-09-25 09:27:32,427][__main__][INFO] - Step 1000 | valid1 MSE : 0.0116 | valid1 NMSE : 0.3175
[2025-09-25 09:30:49,021][__main__][INFO] - Step 1100 | valid1 MSE : 0.0115 | valid1 NMSE : 0.3144
[2025-09-25 09:34:05,447][__main__][INFO] - Step 1200 | valid1 MSE : 0.0113 | valid1 NMSE : 0.3117
[2025-09-25 09:34:05,447][__main__][INFO] - Training done in 42.528 min
[2025-09-25 09:34:05,448][__main__][INFO] - Average time per step: 2.126 s
[2025-09-25 09:34:06,736][__main__][INFO] - End of training
[2025-09-25 09:34:06,736][__main__][INFO] - --Eval--
[2025-09-25 09:36:06,394][__main__][INFO] - End of script

[2025-09-25 09:36:19,460][__main__][INFO] - =====Running train script=====
[2025-09-25 09:36:19,500][__main__][INFO] - Fetched main configs, save directory : ../outputs/norm/electricity/lags168_horizon24/seed_5/revin_NMSE/
[2025-09-25 09:36:19,500][__main__][INFO] - Model PatchTST, norma revin, criterion NMSE, kwargs {'latent': False}
[2025-09-25 09:36:21,249][__main__][INFO] - Fetched dataloaders
[2025-09-25 09:36:21,249][__main__][INFO] - Splits shapes:
train	(252, 1, 15782)
valid1	(252, 1, 5261)
valid2	(64, 1, 15782)
valid3	(64, 1, 5261)
test1	(252, 1, 5261)
test2	(64, 1, 5261)
[2025-09-25 09:36:21,249][__main__][INFO] - Batches:
 X=[252, 1, 168]
 y=[252, 1, 24]
[2025-09-25 09:36:21,257][__main__][INFO] - --Training--
[2025-09-25 09:36:24,152][__main__][INFO] - Starting training pytorch with lr=1e-05
[2025-09-25 09:36:24,153][__main__][INFO] - Using device: cuda
[2025-09-25 09:36:24,153][__main__][INFO] - Training 1200 epochs of 1 batches (1200 steps): , eval_freq: 100, print_freq: 100
[2025-09-25 09:39:36,195][__main__][INFO] - Step 1 | valid1 MSE : 0.2038 | valid1 NMSE : 1.2627
[2025-09-25 09:42:53,245][__main__][INFO] - Step 100 | valid1 MSE : 0.0295 | valid1 NMSE : 0.5241
[2025-09-25 09:46:10,504][__main__][INFO] - Step 200 | valid1 MSE : 0.0173 | valid1 NMSE : 0.4126
[2025-09-25 09:49:27,775][__main__][INFO] - Step 300 | valid1 MSE : 0.0150 | valid1 NMSE : 0.3787
[2025-09-25 09:52:44,774][__main__][INFO] - Step 400 | valid1 MSE : 0.0139 | valid1 NMSE : 0.3604
[2025-09-25 09:56:01,882][__main__][INFO] - Step 500 | valid1 MSE : 0.0133 | valid1 NMSE : 0.3479
[2025-09-25 09:59:19,117][__main__][INFO] - Step 600 | valid1 MSE : 0.0127 | valid1 NMSE : 0.3388
[2025-09-25 10:02:36,781][__main__][INFO] - Step 700 | valid1 MSE : 0.0123 | valid1 NMSE : 0.3317
[2025-09-25 10:05:53,882][__main__][INFO] - Step 800 | valid1 MSE : 0.0120 | valid1 NMSE : 0.3261
[2025-09-25 10:09:11,266][__main__][INFO] - Step 900 | valid1 MSE : 0.0118 | valid1 NMSE : 0.3214
[2025-09-25 10:12:28,670][__main__][INFO] - Step 1000 | valid1 MSE : 0.0116 | valid1 NMSE : 0.3176
[2025-09-25 10:15:45,727][__main__][INFO] - Step 1100 | valid1 MSE : 0.0115 | valid1 NMSE : 0.3145
[2025-09-25 10:19:02,553][__main__][INFO] - Step 1200 | valid1 MSE : 0.0113 | valid1 NMSE : 0.3118
[2025-09-25 10:19:02,554][__main__][INFO] - Training done in 42.640 min
[2025-09-25 10:19:02,554][__main__][INFO] - Average time per step: 2.132 s
[2025-09-25 10:19:04,145][__main__][INFO] - End of training
[2025-09-25 10:19:04,145][__main__][INFO] - --Eval--
[2025-09-25 10:21:03,771][__main__][INFO] - Final modulations: {'beta': np.float32(-0.0017980039), 'alpha': np.float32(1.0089911)}
[2025-09-25 10:21:03,772][__main__][INFO] - End of script

[2025-09-25 10:21:18,613][__main__][INFO] - =====Running train script=====
[2025-09-25 10:21:18,665][__main__][INFO] - Fetched main configs, save directory : ../outputs/norm/electricity/lags168_horizon24/seed_5/flexrevin_NMSE/
[2025-09-25 10:21:18,665][__main__][INFO] - Model PatchTST, norma flexrevin, criterion NMSE, kwargs {'latent': False, 'start': True}
[2025-09-25 10:21:20,400][__main__][INFO] - Fetched dataloaders
[2025-09-25 10:21:20,400][__main__][INFO] - Splits shapes:
train	(252, 1, 15782)
valid1	(252, 1, 5261)
valid2	(64, 1, 15782)
valid3	(64, 1, 5261)
test1	(252, 1, 5261)
test2	(64, 1, 5261)
[2025-09-25 10:21:20,400][__main__][INFO] - Batches:
 X=[252, 1, 168]
 y=[252, 1, 24]
[2025-09-25 10:21:20,409][__main__][INFO] - --Training--
[2025-09-25 10:21:23,917][__main__][INFO] - Starting training pytorch with lr=1e-05
[2025-09-25 10:21:23,917][__main__][INFO] - Using device: cuda
[2025-09-25 10:21:23,917][__main__][INFO] - Training 1200 epochs of 1 batches (1200 steps): , eval_freq: 100, print_freq: 100
[2025-09-25 10:24:36,403][__main__][INFO] - Step 1 | valid1 MSE : 0.2038 | valid1 NMSE : 1.2635
[2025-09-25 10:27:54,688][__main__][INFO] - Step 100 | valid1 MSE : 0.0295 | valid1 NMSE : 0.5234
[2025-09-25 10:31:13,769][__main__][INFO] - Step 200 | valid1 MSE : 0.0173 | valid1 NMSE : 0.4128
[2025-09-25 10:34:32,977][__main__][INFO] - Step 300 | valid1 MSE : 0.0150 | valid1 NMSE : 0.3780
