[2025-08-19 17:54:32,521][__main__][INFO] - =====Running main script=====
[2025-08-19 17:54:32,527][__main__][INFO] - Fetched main configs, save directory : ../outputs/bench_min1/PatchTST_instance_NMSE/
[2025-08-19 17:54:32,527][__main__][INFO] - Model PatchTST, normalization instance, criterion NMSE, kwargs {}
[2025-08-19 17:54:32,589][__main__][INFO] - Fetched dataloaders
[2025-08-19 17:54:32,592][__main__][INFO] - Training data shape : (70, 1, 1000)
[2025-08-19 17:54:32,592][__main__][INFO] - Batch sizes : X=torch.Size([10, 1, 100]), y=torch.Size([10, 1, 20])
[2025-08-19 17:54:35,145][__main__][INFO] - batch_size=10, learning_rate=1e-05, steps per epoch=7, epochs=200
[2025-08-19 17:54:35,145][__main__][INFO] - Starting training...
[2025-08-19 17:54:35,145][__main__][INFO] - Using device: cuda
[2025-08-19 17:54:35,145][__main__][INFO] - Training 200 epochs of 7 batches (1400 steps): , eval_freq: 100, print_freq: 100
[2025-08-19 17:54:36,624][__main__][INFO] - Step 1 | valid1 MSE : 1.0065 | valid1 NMSE : 1.7030
[2025-08-19 17:54:38,345][__main__][INFO] - Step 100 | valid1 MSE : 0.3673 | valid1 NMSE : 0.6212
[2025-08-19 17:54:39,908][__main__][INFO] - Step 200 | valid1 MSE : 0.1098 | valid1 NMSE : 0.1850
[2025-08-19 17:54:41,605][__main__][INFO] - Step 300 | valid1 MSE : 0.0271 | valid1 NMSE : 0.0455
[2025-08-19 17:54:43,320][__main__][INFO] - Step 400 | valid1 MSE : 0.0088 | valid1 NMSE : 0.0148
[2025-08-19 17:54:45,015][__main__][INFO] - Step 500 | valid1 MSE : 0.0051 | valid1 NMSE : 0.0086
[2025-08-19 17:54:46,544][__main__][INFO] - Step 600 | valid1 MSE : 0.0047 | valid1 NMSE : 0.0079
[2025-08-19 17:54:48,205][__main__][INFO] - Step 700 | valid1 MSE : 0.0045 | valid1 NMSE : 0.0077
[2025-08-19 17:54:49,867][__main__][INFO] - Step 800 | valid1 MSE : 0.0045 | valid1 NMSE : 0.0077
[2025-08-19 17:54:51,530][__main__][INFO] - Step 900 | valid1 MSE : 0.0046 | valid1 NMSE : 0.0077
[2025-08-19 17:54:53,067][__main__][INFO] - Step 1000 | valid1 MSE : 0.0042 | valid1 NMSE : 0.0071
[2025-08-19 17:54:54,725][__main__][INFO] - Step 1100 | valid1 MSE : 0.0042 | valid1 NMSE : 0.0071
[2025-08-19 17:54:56,405][__main__][INFO] - Step 1200 | valid1 MSE : 0.0040 | valid1 NMSE : 0.0067
[2025-08-19 17:54:58,074][__main__][INFO] - Step 1300 | valid1 MSE : 0.0041 | valid1 NMSE : 0.0070
[2025-08-19 17:54:59,607][__main__][INFO] - Step 1400 | valid1 MSE : 0.0042 | valid1 NMSE : 0.0072
[2025-08-19 17:54:59,607][__main__][INFO] - Training done in 0.408 min
[2025-08-19 17:54:59,607][__main__][INFO] - Average time per step: 0.017 s
[2025-08-19 17:54:59,627][__main__][INFO] - End of training
[2025-08-19 17:55:00,308][__main__][INFO] - Plotted losses
[2025-08-19 17:55:00,308][__main__][INFO] - Computing test metrics
[2025-08-19 17:55:00,402][__main__][INFO] - Evaluation done in 0.002 min
[2025-08-19 17:55:00,691][__main__][INFO] - Evaluation done in 0.003 min
[2025-08-19 17:55:00,897][__main__][INFO] - Saved plots
[2025-08-19 17:55:00,897][__main__][INFO] - End of script

[2025-08-19 17:55:05,819][__main__][INFO] - =====Running main script=====
[2025-08-19 17:55:05,824][__main__][INFO] - Fetched main configs, save directory : ../outputs/bench_min1/PatchTST_revin_NMSE/
[2025-08-19 17:55:05,824][__main__][INFO] - Model PatchTST, normalization revin, criterion NMSE, kwargs {}
[2025-08-19 17:55:05,855][__main__][INFO] - Fetched dataloaders
[2025-08-19 17:55:05,857][__main__][INFO] - Training data shape : (70, 1, 1000)
[2025-08-19 17:55:05,857][__main__][INFO] - Batch sizes : X=torch.Size([10, 1, 100]), y=torch.Size([10, 1, 20])
[2025-08-19 17:55:08,094][__main__][INFO] - batch_size=10, learning_rate=1e-05, steps per epoch=7, epochs=200
[2025-08-19 17:55:08,094][__main__][INFO] - Starting training...
[2025-08-19 17:55:08,094][__main__][INFO] - Using device: cuda
[2025-08-19 17:55:08,094][__main__][INFO] - Training 200 epochs of 7 batches (1400 steps): , eval_freq: 100, print_freq: 100
[2025-08-19 17:55:09,606][__main__][INFO] - Step 1 | valid1 MSE : 1.0065 | valid1 NMSE : 1.7030
[2025-08-19 17:55:11,343][__main__][INFO] - Step 100 | valid1 MSE : 0.3668 | valid1 NMSE : 0.6204
[2025-08-19 17:55:12,923][__main__][INFO] - Step 200 | valid1 MSE : 0.1091 | valid1 NMSE : 0.1840
[2025-08-19 17:55:14,650][__main__][INFO] - Step 300 | valid1 MSE : 0.0268 | valid1 NMSE : 0.0449
[2025-08-19 17:55:16,374][__main__][INFO] - Step 400 | valid1 MSE : 0.0087 | valid1 NMSE : 0.0147
[2025-08-19 17:55:18,128][__main__][INFO] - Step 500 | valid1 MSE : 0.0051 | valid1 NMSE : 0.0087
[2025-08-19 17:55:19,704][__main__][INFO] - Step 600 | valid1 MSE : 0.0047 | valid1 NMSE : 0.0079
[2025-08-19 17:55:21,443][__main__][INFO] - Step 700 | valid1 MSE : 0.0045 | valid1 NMSE : 0.0077
[2025-08-19 17:55:23,178][__main__][INFO] - Step 800 | valid1 MSE : 0.0045 | valid1 NMSE : 0.0077
[2025-08-19 17:55:24,892][__main__][INFO] - Step 900 | valid1 MSE : 0.0046 | valid1 NMSE : 0.0077
[2025-08-19 17:55:26,501][__main__][INFO] - Step 1000 | valid1 MSE : 0.0042 | valid1 NMSE : 0.0071
[2025-08-19 17:55:28,181][__main__][INFO] - Step 1100 | valid1 MSE : 0.0042 | valid1 NMSE : 0.0071
[2025-08-19 17:55:29,890][__main__][INFO] - Step 1200 | valid1 MSE : 0.0040 | valid1 NMSE : 0.0067
[2025-08-19 17:55:31,574][__main__][INFO] - Step 1300 | valid1 MSE : 0.0041 | valid1 NMSE : 0.0070
[2025-08-19 17:55:33,122][__main__][INFO] - Step 1400 | valid1 MSE : 0.0042 | valid1 NMSE : 0.0071
[2025-08-19 17:55:33,122][__main__][INFO] - Training done in 0.417 min
[2025-08-19 17:55:33,122][__main__][INFO] - Average time per step: 0.018 s
[2025-08-19 17:55:33,142][__main__][INFO] - End of training
[2025-08-19 17:55:33,912][__main__][INFO] - Plotted losses
[2025-08-19 17:55:33,912][__main__][INFO] - Computing test metrics
[2025-08-19 17:55:34,006][__main__][INFO] - Evaluation done in 0.002 min
[2025-08-19 17:55:34,297][__main__][INFO] - Evaluation done in 0.003 min
[2025-08-19 17:55:34,469][__main__][INFO] - Saved plots
[2025-08-19 17:55:34,469][__main__][INFO] - Final mIN parameters: {'beta': np.float32(-0.0024443388), 'alpha': np.float32(1.0069398)}
[2025-08-19 17:55:34,469][__main__][INFO] - End of script

[2025-08-19 17:55:39,992][__main__][INFO] - =====Running main script=====
[2025-08-19 17:55:39,998][__main__][INFO] - Fetched main configs, save directory : ../outputs/bench_min1/min/
[2025-08-19 17:55:39,998][__main__][INFO] - Model PatchTST, normalization mIN, criterion NMSE, kwargs {}
[2025-08-19 17:55:40,029][__main__][INFO] - Fetched dataloaders
[2025-08-19 17:55:40,031][__main__][INFO] - Training data shape : (70, 1, 1000)
[2025-08-19 17:55:40,031][__main__][INFO] - Batch sizes : X=torch.Size([10, 1, 100]), y=torch.Size([10, 1, 20])
[2025-08-19 17:55:42,428][__main__][INFO] - batch_size=10, learning_rate=1e-05, steps per epoch=7, epochs=200
[2025-08-19 17:55:42,428][__main__][INFO] - Starting training...
[2025-08-19 17:55:42,428][__main__][INFO] - Using device: cuda
[2025-08-19 17:55:42,428][__main__][INFO] - Training 200 epochs of 7 batches (1400 steps): , eval_freq: 100, print_freq: 100
[2025-08-19 17:55:43,918][__main__][INFO] - Step 1 | valid1 MSE : 1.0065 | valid1 NMSE : 1.7030
[2025-08-19 17:55:45,652][__main__][INFO] - Step 100 | valid1 MSE : 0.3668 | valid1 NMSE : 0.6203
[2025-08-19 17:55:47,202][__main__][INFO] - Step 200 | valid1 MSE : 0.1091 | valid1 NMSE : 0.1838
[2025-08-19 17:55:48,907][__main__][INFO] - Step 300 | valid1 MSE : 0.0267 | valid1 NMSE : 0.0449
[2025-08-19 17:55:50,613][__main__][INFO] - Step 400 | valid1 MSE : 0.0087 | valid1 NMSE : 0.0147
[2025-08-19 17:55:52,343][__main__][INFO] - Step 500 | valid1 MSE : 0.0051 | valid1 NMSE : 0.0087
[2025-08-19 17:55:53,915][__main__][INFO] - Step 600 | valid1 MSE : 0.0047 | valid1 NMSE : 0.0079
[2025-08-19 17:55:55,624][__main__][INFO] - Step 700 | valid1 MSE : 0.0045 | valid1 NMSE : 0.0077
[2025-08-19 17:55:57,326][__main__][INFO] - Step 800 | valid1 MSE : 0.0045 | valid1 NMSE : 0.0077
[2025-08-19 17:55:59,054][__main__][INFO] - Step 900 | valid1 MSE : 0.0046 | valid1 NMSE : 0.0077
[2025-08-19 17:56:00,612][__main__][INFO] - Step 1000 | valid1 MSE : 0.0042 | valid1 NMSE : 0.0071
[2025-08-19 17:56:02,321][__main__][INFO] - Step 1100 | valid1 MSE : 0.0042 | valid1 NMSE : 0.0071
[2025-08-19 17:56:04,013][__main__][INFO] - Step 1200 | valid1 MSE : 0.0040 | valid1 NMSE : 0.0067
[2025-08-19 17:56:05,575][__main__][INFO] - Step 1300 | valid1 MSE : 0.0041 | valid1 NMSE : 0.0070
[2025-08-19 17:56:07,255][__main__][INFO] - Step 1400 | valid1 MSE : 0.0042 | valid1 NMSE : 0.0071
[2025-08-19 17:56:07,255][__main__][INFO] - Training done in 0.414 min
[2025-08-19 17:56:07,255][__main__][INFO] - Average time per step: 0.018 s
[2025-08-19 17:56:07,276][__main__][INFO] - End of training
[2025-08-19 17:56:08,091][__main__][INFO] - Plotted losses
[2025-08-19 17:56:08,091][__main__][INFO] - Computing test metrics
[2025-08-19 17:56:08,187][__main__][INFO] - Evaluation done in 0.002 min
[2025-08-19 17:56:08,483][__main__][INFO] - Evaluation done in 0.003 min
[2025-08-19 17:56:08,653][__main__][INFO] - Saved plots
[2025-08-19 17:56:08,654][__main__][INFO] - Final mIN parameters: {'beta': np.float32(0.0024561372), 'alpha': np.float32(0.99389845)}
[2025-08-19 17:56:08,654][__main__][INFO] - End of script

[2025-08-19 17:56:13,646][__main__][INFO] - =====Running main script=====
[2025-08-19 17:56:13,652][__main__][INFO] - Fetched main configs, save directory : ../outputs/bench_min1/min_init/
[2025-08-19 17:56:13,652][__main__][INFO] - Model PatchTST, normalization mIN, criterion NMSE, kwargs {}
[2025-08-19 17:56:13,683][__main__][INFO] - Fetched dataloaders
[2025-08-19 17:56:13,684][__main__][INFO] - Training data shape : (70, 1, 1000)
[2025-08-19 17:56:13,684][__main__][INFO] - Batch sizes : X=torch.Size([10, 1, 100]), y=torch.Size([10, 1, 20])
[2025-08-19 17:56:15,696][__main__][INFO] - batch_size=10, learning_rate=1e-05, steps per epoch=7, epochs=200
[2025-08-19 17:56:15,696][__main__][INFO] - Starting training...
[2025-08-19 17:56:15,696][__main__][INFO] - Using device: cuda
[2025-08-19 17:56:15,696][__main__][INFO] - Training 200 epochs of 7 batches (1400 steps): , eval_freq: 100, print_freq: 100
[2025-08-19 17:56:17,140][__main__][INFO] - Step 1 | valid1 MSE : 0.6096 | valid1 NMSE : 1.0288
[2025-08-19 17:56:18,803][__main__][INFO] - Step 100 | valid1 MSE : 0.1123 | valid1 NMSE : 0.1890
[2025-08-19 17:56:20,322][__main__][INFO] - Step 200 | valid1 MSE : 0.0156 | valid1 NMSE : 0.0261
[2025-08-19 17:56:21,958][__main__][INFO] - Step 300 | valid1 MSE : 0.0054 | valid1 NMSE : 0.0091
[2025-08-19 17:56:23,604][__main__][INFO] - Step 400 | valid1 MSE : 0.0044 | valid1 NMSE : 0.0074
[2025-08-19 17:56:25,269][__main__][INFO] - Step 500 | valid1 MSE : 0.0042 | valid1 NMSE : 0.0071
[2025-08-19 17:56:26,787][__main__][INFO] - Step 600 | valid1 MSE : 0.0041 | valid1 NMSE : 0.0070
[2025-08-19 17:56:28,425][__main__][INFO] - Step 700 | valid1 MSE : 0.0039 | valid1 NMSE : 0.0066
[2025-08-19 17:56:30,081][__main__][INFO] - Step 800 | valid1 MSE : 0.0041 | valid1 NMSE : 0.0069
[2025-08-19 17:56:31,722][__main__][INFO] - Step 900 | valid1 MSE : 0.0040 | valid1 NMSE : 0.0067
[2025-08-19 17:56:33,247][__main__][INFO] - Step 1000 | valid1 MSE : 0.0037 | valid1 NMSE : 0.0062
[2025-08-19 17:56:34,900][__main__][INFO] - Step 1100 | valid1 MSE : 0.0037 | valid1 NMSE : 0.0062
[2025-08-19 17:56:36,523][__main__][INFO] - Step 1200 | valid1 MSE : 0.0036 | valid1 NMSE : 0.0061
[2025-08-19 17:56:38,051][__main__][INFO] - Step 1300 | valid1 MSE : 0.0037 | valid1 NMSE : 0.0062
[2025-08-19 17:56:39,676][__main__][INFO] - Step 1400 | valid1 MSE : 0.0038 | valid1 NMSE : 0.0064
[2025-08-19 17:56:39,677][__main__][INFO] - Training done in 0.400 min
[2025-08-19 17:56:39,677][__main__][INFO] - Average time per step: 0.017 s
[2025-08-19 17:56:39,697][__main__][INFO] - End of training
[2025-08-19 17:56:40,429][__main__][INFO] - Plotted losses
[2025-08-19 17:56:40,429][__main__][INFO] - Computing test metrics
[2025-08-19 17:56:40,523][__main__][INFO] - Evaluation done in 0.002 min
[2025-08-19 17:56:40,800][__main__][INFO] - Evaluation done in 0.003 min
[2025-08-19 17:56:40,968][__main__][INFO] - Saved plots
[2025-08-19 17:56:40,968][__main__][INFO] - Final mIN parameters: {'beta': np.float32(0.78250587), 'alpha': np.float32(0.9380698)}
[2025-08-19 17:56:40,968][__main__][INFO] - End of script

[2025-08-19 17:56:46,304][__main__][INFO] - =====Running main script=====
[2025-08-19 17:56:46,310][__main__][INFO] - Fetched main configs, save directory : ../outputs/bench_min1/min_fixed/
[2025-08-19 17:56:46,310][__main__][INFO] - Model PatchTST, normalization mIN, criterion NMSE, kwargs {}
[2025-08-19 17:56:46,341][__main__][INFO] - Fetched dataloaders
[2025-08-19 17:56:46,343][__main__][INFO] - Training data shape : (70, 1, 1000)
[2025-08-19 17:56:46,343][__main__][INFO] - Batch sizes : X=torch.Size([10, 1, 100]), y=torch.Size([10, 1, 20])
[2025-08-19 17:56:48,713][__main__][INFO] - batch_size=10, learning_rate=1e-05, steps per epoch=7, epochs=200
[2025-08-19 17:56:48,713][__main__][INFO] - Starting training...
[2025-08-19 17:56:48,713][__main__][INFO] - Using device: cuda
[2025-08-19 17:56:48,713][__main__][INFO] - Training 200 epochs of 7 batches (1400 steps): , eval_freq: 100, print_freq: 100
[2025-08-19 17:56:50,132][__main__][INFO] - Step 1 | valid1 MSE : 0.6096 | valid1 NMSE : 1.0288
[2025-08-19 17:56:51,797][__main__][INFO] - Step 100 | valid1 MSE : 0.1124 | valid1 NMSE : 0.1890
[2025-08-19 17:56:53,361][__main__][INFO] - Step 200 | valid1 MSE : 0.0156 | valid1 NMSE : 0.0262
[2025-08-19 17:56:55,044][__main__][INFO] - Step 300 | valid1 MSE : 0.0054 | valid1 NMSE : 0.0091
[2025-08-19 17:56:56,767][__main__][INFO] - Step 400 | valid1 MSE : 0.0044 | valid1 NMSE : 0.0074
[2025-08-19 17:56:58,456][__main__][INFO] - Step 500 | valid1 MSE : 0.0042 | valid1 NMSE : 0.0071
[2025-08-19 17:56:59,996][__main__][INFO] - Step 600 | valid1 MSE : 0.0041 | valid1 NMSE : 0.0070
[2025-08-19 17:57:01,676][__main__][INFO] - Step 700 | valid1 MSE : 0.0039 | valid1 NMSE : 0.0066
[2025-08-19 17:57:03,359][__main__][INFO] - Step 800 | valid1 MSE : 0.0041 | valid1 NMSE : 0.0069
[2025-08-19 17:57:05,045][__main__][INFO] - Step 900 | valid1 MSE : 0.0040 | valid1 NMSE : 0.0067
[2025-08-19 17:57:06,588][__main__][INFO] - Step 1000 | valid1 MSE : 0.0037 | valid1 NMSE : 0.0062
[2025-08-19 17:57:08,275][__main__][INFO] - Step 1100 | valid1 MSE : 0.0037 | valid1 NMSE : 0.0062
[2025-08-19 17:57:09,965][__main__][INFO] - Step 1200 | valid1 MSE : 0.0036 | valid1 NMSE : 0.0061
[2025-08-19 17:57:11,515][__main__][INFO] - Step 1300 | valid1 MSE : 0.0037 | valid1 NMSE : 0.0062
[2025-08-19 17:57:13,177][__main__][INFO] - Step 1400 | valid1 MSE : 0.0038 | valid1 NMSE : 0.0064
[2025-08-19 17:57:13,177][__main__][INFO] - Training done in 0.408 min
[2025-08-19 17:57:13,177][__main__][INFO] - Average time per step: 0.017 s
[2025-08-19 17:57:13,198][__main__][INFO] - End of training
[2025-08-19 17:57:14,001][__main__][INFO] - Plotted losses
[2025-08-19 17:57:14,001][__main__][INFO] - Computing test metrics
[2025-08-19 17:57:14,095][__main__][INFO] - Evaluation done in 0.002 min
[2025-08-19 17:57:14,399][__main__][INFO] - Evaluation done in 0.004 min
[2025-08-19 17:57:14,567][__main__][INFO] - Saved plots
[2025-08-19 17:57:14,567][__main__][INFO] - Final mIN parameters: {'beta': np.float32(0.7805), 'alpha': np.float32(0.93806934)}
[2025-08-19 17:57:14,567][__main__][INFO] - End of script

[2025-08-19 17:57:19,577][__main__][INFO] - =====Running main script=====
[2025-08-19 17:57:19,582][__main__][INFO] - Fetched main configs, save directory : ../outputs/bench_min1/min+revin/
[2025-08-19 17:57:19,582][__main__][INFO] - Model PatchTST, normalization mIN, criterion NMSE, kwargs {}
[2025-08-19 17:57:19,615][__main__][INFO] - Fetched dataloaders
[2025-08-19 17:57:19,617][__main__][INFO] - Training data shape : (70, 1, 1000)
[2025-08-19 17:57:19,617][__main__][INFO] - Batch sizes : X=torch.Size([10, 1, 100]), y=torch.Size([10, 1, 20])
[2025-08-19 17:57:21,651][__main__][INFO] - batch_size=10, learning_rate=1e-05, steps per epoch=7, epochs=200
[2025-08-19 17:57:21,651][__main__][INFO] - Starting training...
[2025-08-19 17:57:21,651][__main__][INFO] - Using device: cuda
[2025-08-19 17:57:21,651][__main__][INFO] - Training 200 epochs of 7 batches (1400 steps): , eval_freq: 100, print_freq: 100
[2025-08-19 17:57:23,071][__main__][INFO] - Step 1 | valid1 MSE : 1.0065 | valid1 NMSE : 1.7030
[2025-08-19 17:57:24,750][__main__][INFO] - Step 100 | valid1 MSE : 0.3663 | valid1 NMSE : 0.6195
[2025-08-19 17:57:26,324][__main__][INFO] - Step 200 | valid1 MSE : 0.1084 | valid1 NMSE : 0.1828
[2025-08-19 17:57:27,978][__main__][INFO] - Step 300 | valid1 MSE : 0.0264 | valid1 NMSE : 0.0444
[2025-08-19 17:57:29,647][__main__][INFO] - Step 400 | valid1 MSE : 0.0087 | valid1 NMSE : 0.0146
[2025-08-19 17:57:31,335][__main__][INFO] - Step 500 | valid1 MSE : 0.0051 | valid1 NMSE : 0.0087
[2025-08-19 17:57:32,878][__main__][INFO] - Step 600 | valid1 MSE : 0.0047 | valid1 NMSE : 0.0079
[2025-08-19 17:57:34,556][__main__][INFO] - Step 700 | valid1 MSE : 0.0045 | valid1 NMSE : 0.0077
[2025-08-19 17:57:36,214][__main__][INFO] - Step 800 | valid1 MSE : 0.0045 | valid1 NMSE : 0.0077
[2025-08-19 17:57:37,870][__main__][INFO] - Step 900 | valid1 MSE : 0.0046 | valid1 NMSE : 0.0077
[2025-08-19 17:57:39,445][__main__][INFO] - Step 1000 | valid1 MSE : 0.0042 | valid1 NMSE : 0.0071
[2025-08-19 17:57:41,095][__main__][INFO] - Step 1100 | valid1 MSE : 0.0042 | valid1 NMSE : 0.0071
[2025-08-19 17:57:42,767][__main__][INFO] - Step 1200 | valid1 MSE : 0.0040 | valid1 NMSE : 0.0067
[2025-08-19 17:57:44,341][__main__][INFO] - Step 1300 | valid1 MSE : 0.0041 | valid1 NMSE : 0.0070
[2025-08-19 17:57:46,045][__main__][INFO] - Step 1400 | valid1 MSE : 0.0042 | valid1 NMSE : 0.0071
[2025-08-19 17:57:46,045][__main__][INFO] - Training done in 0.407 min
[2025-08-19 17:57:46,045][__main__][INFO] - Average time per step: 0.017 s
[2025-08-19 17:57:46,066][__main__][INFO] - End of training
[2025-08-19 17:57:46,832][__main__][INFO] - Plotted losses
[2025-08-19 17:57:46,832][__main__][INFO] - Computing test metrics
[2025-08-19 17:57:46,929][__main__][INFO] - Evaluation done in 0.002 min
[2025-08-19 17:57:47,237][__main__][INFO] - Evaluation done in 0.004 min
[2025-08-19 17:57:47,407][__main__][INFO] - Saved plots
[2025-08-19 17:57:47,408][__main__][INFO] - Final mIN parameters: {'beta': np.float32(0.0024634271), 'alpha': np.float32(0.9939424)}
[2025-08-19 17:57:47,408][__main__][INFO] - End of script

[2025-08-19 17:57:52,922][__main__][INFO] - =====Running main script=====
[2025-08-19 17:57:52,928][__main__][INFO] - Fetched main configs, save directory : ../outputs/bench_min1/min_init+revin/
[2025-08-19 17:57:52,928][__main__][INFO] - Model PatchTST, normalization mIN, criterion NMSE, kwargs {}
[2025-08-19 17:57:52,959][__main__][INFO] - Fetched dataloaders
[2025-08-19 17:57:52,960][__main__][INFO] - Training data shape : (70, 1, 1000)
[2025-08-19 17:57:52,961][__main__][INFO] - Batch sizes : X=torch.Size([10, 1, 100]), y=torch.Size([10, 1, 20])
[2025-08-19 17:57:55,328][__main__][INFO] - batch_size=10, learning_rate=1e-05, steps per epoch=7, epochs=200
[2025-08-19 17:57:55,328][__main__][INFO] - Starting training...
[2025-08-19 17:57:55,328][__main__][INFO] - Using device: cuda
[2025-08-19 17:57:55,328][__main__][INFO] - Training 200 epochs of 7 batches (1400 steps): , eval_freq: 100, print_freq: 100
[2025-08-19 17:57:56,808][__main__][INFO] - Step 1 | valid1 MSE : 0.6096 | valid1 NMSE : 1.0288
[2025-08-19 17:57:58,525][__main__][INFO] - Step 100 | valid1 MSE : 0.1124 | valid1 NMSE : 0.1890
[2025-08-19 17:58:00,103][__main__][INFO] - Step 200 | valid1 MSE : 0.0155 | valid1 NMSE : 0.0261
[2025-08-19 17:58:01,753][__main__][INFO] - Step 300 | valid1 MSE : 0.0054 | valid1 NMSE : 0.0091
[2025-08-19 17:58:03,415][__main__][INFO] - Step 400 | valid1 MSE : 0.0044 | valid1 NMSE : 0.0074
[2025-08-19 17:58:05,106][__main__][INFO] - Step 500 | valid1 MSE : 0.0042 | valid1 NMSE : 0.0071
[2025-08-19 17:58:06,655][__main__][INFO] - Step 600 | valid1 MSE : 0.0041 | valid1 NMSE : 0.0070
[2025-08-19 17:58:08,304][__main__][INFO] - Step 700 | valid1 MSE : 0.0039 | valid1 NMSE : 0.0066
[2025-08-19 17:58:09,981][__main__][INFO] - Step 800 | valid1 MSE : 0.0041 | valid1 NMSE : 0.0069
[2025-08-19 17:58:11,637][__main__][INFO] - Step 900 | valid1 MSE : 0.0040 | valid1 NMSE : 0.0067
[2025-08-19 17:58:13,187][__main__][INFO] - Step 1000 | valid1 MSE : 0.0037 | valid1 NMSE : 0.0062
[2025-08-19 17:58:14,865][__main__][INFO] - Step 1100 | valid1 MSE : 0.0037 | valid1 NMSE : 0.0062
[2025-08-19 17:58:16,586][__main__][INFO] - Step 1200 | valid1 MSE : 0.0036 | valid1 NMSE : 0.0061
[2025-08-19 17:58:18,170][__main__][INFO] - Step 1300 | valid1 MSE : 0.0037 | valid1 NMSE : 0.0062
[2025-08-19 17:58:19,856][__main__][INFO] - Step 1400 | valid1 MSE : 0.0038 | valid1 NMSE : 0.0064
[2025-08-19 17:58:19,857][__main__][INFO] - Training done in 0.409 min
[2025-08-19 17:58:19,857][__main__][INFO] - Average time per step: 0.018 s
[2025-08-19 17:58:19,878][__main__][INFO] - End of training
[2025-08-19 17:58:20,678][__main__][INFO] - Plotted losses
[2025-08-19 17:58:20,678][__main__][INFO] - Computing test metrics
[2025-08-19 17:58:20,773][__main__][INFO] - Evaluation done in 0.002 min
[2025-08-19 17:58:21,076][__main__][INFO] - Evaluation done in 0.004 min
[2025-08-19 17:58:21,251][__main__][INFO] - Saved plots
[2025-08-19 17:58:21,252][__main__][INFO] - Final mIN parameters: {'beta': np.float32(0.78248), 'alpha': np.float32(0.93814063)}
[2025-08-19 17:58:21,252][__main__][INFO] - End of script

[2025-08-19 17:58:26,233][__main__][INFO] - =====Running main script=====
[2025-08-19 17:58:26,238][__main__][INFO] - Fetched main configs, save directory : ../outputs/bench_min1/min_fixed+revin/
[2025-08-19 17:58:26,238][__main__][INFO] - Model PatchTST, normalization mIN, criterion NMSE, kwargs {}
[2025-08-19 17:58:26,269][__main__][INFO] - Fetched dataloaders
[2025-08-19 17:58:26,271][__main__][INFO] - Training data shape : (70, 1, 1000)
[2025-08-19 17:58:26,271][__main__][INFO] - Batch sizes : X=torch.Size([10, 1, 100]), y=torch.Size([10, 1, 20])
[2025-08-19 17:58:28,348][__main__][INFO] - batch_size=10, learning_rate=1e-05, steps per epoch=7, epochs=200
[2025-08-19 17:58:28,348][__main__][INFO] - Starting training...
[2025-08-19 17:58:28,348][__main__][INFO] - Using device: cuda
[2025-08-19 17:58:28,348][__main__][INFO] - Training 200 epochs of 7 batches (1400 steps): , eval_freq: 100, print_freq: 100
[2025-08-19 17:58:29,803][__main__][INFO] - Step 1 | valid1 MSE : 0.6096 | valid1 NMSE : 1.0288
[2025-08-19 17:58:31,517][__main__][INFO] - Step 100 | valid1 MSE : 0.1124 | valid1 NMSE : 0.1891
[2025-08-19 17:58:33,093][__main__][INFO] - Step 200 | valid1 MSE : 0.0156 | valid1 NMSE : 0.0261
[2025-08-19 17:58:34,785][__main__][INFO] - Step 300 | valid1 MSE : 0.0054 | valid1 NMSE : 0.0091
[2025-08-19 17:58:36,499][__main__][INFO] - Step 400 | valid1 MSE : 0.0044 | valid1 NMSE : 0.0074
[2025-08-19 17:58:38,223][__main__][INFO] - Step 500 | valid1 MSE : 0.0042 | valid1 NMSE : 0.0071
[2025-08-19 17:58:39,782][__main__][INFO] - Step 600 | valid1 MSE : 0.0041 | valid1 NMSE : 0.0070
[2025-08-19 17:58:41,480][__main__][INFO] - Step 700 | valid1 MSE : 0.0039 | valid1 NMSE : 0.0066
[2025-08-19 17:58:43,198][__main__][INFO] - Step 800 | valid1 MSE : 0.0041 | valid1 NMSE : 0.0069
[2025-08-19 17:58:44,894][__main__][INFO] - Step 900 | valid1 MSE : 0.0040 | valid1 NMSE : 0.0067
[2025-08-19 17:58:46,456][__main__][INFO] - Step 1000 | valid1 MSE : 0.0037 | valid1 NMSE : 0.0062
[2025-08-19 17:58:48,154][__main__][INFO] - Step 1100 | valid1 MSE : 0.0037 | valid1 NMSE : 0.0062
[2025-08-19 17:58:49,839][__main__][INFO] - Step 1200 | valid1 MSE : 0.0036 | valid1 NMSE : 0.0061
[2025-08-19 17:58:51,390][__main__][INFO] - Step 1300 | valid1 MSE : 0.0037 | valid1 NMSE : 0.0062
[2025-08-19 17:58:53,022][__main__][INFO] - Step 1400 | valid1 MSE : 0.0038 | valid1 NMSE : 0.0064
[2025-08-19 17:58:53,023][__main__][INFO] - Training done in 0.411 min
[2025-08-19 17:58:53,023][__main__][INFO] - Average time per step: 0.018 s
[2025-08-19 17:58:53,043][__main__][INFO] - End of training
[2025-08-19 17:58:53,781][__main__][INFO] - Plotted losses
[2025-08-19 17:58:53,782][__main__][INFO] - Computing test metrics
[2025-08-19 17:58:53,876][__main__][INFO] - Evaluation done in 0.002 min
[2025-08-19 17:58:54,151][__main__][INFO] - Evaluation done in 0.003 min
[2025-08-19 17:58:54,317][__main__][INFO] - Saved plots
[2025-08-19 17:58:54,318][__main__][INFO] - Final mIN parameters: {'beta': np.float32(0.7805), 'alpha': np.float32(0.9381404)}
[2025-08-19 17:58:54,318][__main__][INFO] - End of script

[2025-08-19 17:58:59,813][__main__][INFO] - =====Running main script=====
[2025-08-19 17:58:59,819][__main__][INFO] - Fetched main configs, save directory : ../outputs/bench_min1/min+gamma/
[2025-08-19 17:58:59,819][__main__][INFO] - Model PatchTST, normalization mIN, criterion NMSE, kwargs {}
[2025-08-19 17:58:59,850][__main__][INFO] - Fetched dataloaders
[2025-08-19 17:58:59,852][__main__][INFO] - Training data shape : (70, 1, 1000)
[2025-08-19 17:58:59,852][__main__][INFO] - Batch sizes : X=torch.Size([10, 1, 100]), y=torch.Size([10, 1, 20])
[2025-08-19 17:59:02,197][__main__][INFO] - batch_size=10, learning_rate=1e-05, steps per epoch=7, epochs=200
[2025-08-19 17:59:02,197][__main__][INFO] - Starting training...
[2025-08-19 17:59:02,197][__main__][INFO] - Using device: cuda
[2025-08-19 17:59:02,197][__main__][INFO] - Training 200 epochs of 7 batches (1400 steps): , eval_freq: 100, print_freq: 100
[2025-08-19 17:59:03,610][__main__][INFO] - Step 1 | valid1 MSE : 1.0065 | valid1 NMSE : 1.7030
[2025-08-19 17:59:05,275][__main__][INFO] - Step 100 | valid1 MSE : 0.3663 | valid1 NMSE : 0.6195
[2025-08-19 17:59:06,841][__main__][INFO] - Step 200 | valid1 MSE : 0.1084 | valid1 NMSE : 0.1828
[2025-08-19 17:59:08,485][__main__][INFO] - Step 300 | valid1 MSE : 0.0264 | valid1 NMSE : 0.0444
[2025-08-19 17:59:10,142][__main__][INFO] - Step 400 | valid1 MSE : 0.0087 | valid1 NMSE : 0.0146
[2025-08-19 17:59:11,867][__main__][INFO] - Step 500 | valid1 MSE : 0.0051 | valid1 NMSE : 0.0087
[2025-08-19 17:59:13,419][__main__][INFO] - Step 600 | valid1 MSE : 0.0047 | valid1 NMSE : 0.0079
[2025-08-19 17:59:15,099][__main__][INFO] - Step 700 | valid1 MSE : 0.0045 | valid1 NMSE : 0.0077
[2025-08-19 17:59:16,781][__main__][INFO] - Step 800 | valid1 MSE : 0.0045 | valid1 NMSE : 0.0077
[2025-08-19 17:59:18,468][__main__][INFO] - Step 900 | valid1 MSE : 0.0046 | valid1 NMSE : 0.0077
[2025-08-19 17:59:20,028][__main__][INFO] - Step 1000 | valid1 MSE : 0.0042 | valid1 NMSE : 0.0071
[2025-08-19 17:59:21,714][__main__][INFO] - Step 1100 | valid1 MSE : 0.0042 | valid1 NMSE : 0.0071
[2025-08-19 17:59:23,414][__main__][INFO] - Step 1200 | valid1 MSE : 0.0040 | valid1 NMSE : 0.0067
[2025-08-19 17:59:25,010][__main__][INFO] - Step 1300 | valid1 MSE : 0.0041 | valid1 NMSE : 0.0070
[2025-08-19 17:59:26,727][__main__][INFO] - Step 1400 | valid1 MSE : 0.0042 | valid1 NMSE : 0.0071
[2025-08-19 17:59:26,727][__main__][INFO] - Training done in 0.409 min
[2025-08-19 17:59:26,727][__main__][INFO] - Average time per step: 0.018 s
[2025-08-19 17:59:26,748][__main__][INFO] - End of training
[2025-08-19 17:59:27,569][__main__][INFO] - Plotted losses
[2025-08-19 17:59:27,569][__main__][INFO] - Computing test metrics
[2025-08-19 17:59:27,665][__main__][INFO] - Evaluation done in 0.002 min
[2025-08-19 17:59:27,966][__main__][INFO] - Evaluation done in 0.004 min
[2025-08-19 17:59:28,137][__main__][INFO] - Saved plots
[2025-08-19 17:59:28,137][__main__][INFO] - Final mIN parameters: {'beta': np.float32(0.0024634271), 'alpha': np.float32(0.9939424)}
[2025-08-19 17:59:28,137][__main__][INFO] - End of script

[2025-08-19 17:59:33,281][__main__][INFO] - =====Running main script=====
[2025-08-19 17:59:33,287][__main__][INFO] - Fetched main configs, save directory : ../outputs/bench_min1/min_init+gamma/
[2025-08-19 17:59:33,287][__main__][INFO] - Model PatchTST, normalization mIN, criterion NMSE, kwargs {}
[2025-08-19 17:59:33,320][__main__][INFO] - Fetched dataloaders
[2025-08-19 17:59:33,321][__main__][INFO] - Training data shape : (70, 1, 1000)
[2025-08-19 17:59:33,322][__main__][INFO] - Batch sizes : X=torch.Size([10, 1, 100]), y=torch.Size([10, 1, 20])
[2025-08-19 17:59:35,467][__main__][INFO] - batch_size=10, learning_rate=1e-05, steps per epoch=7, epochs=200
[2025-08-19 17:59:35,467][__main__][INFO] - Starting training...
[2025-08-19 17:59:35,467][__main__][INFO] - Using device: cuda
[2025-08-19 17:59:35,467][__main__][INFO] - Training 200 epochs of 7 batches (1400 steps): , eval_freq: 100, print_freq: 100
[2025-08-19 17:59:36,941][__main__][INFO] - Step 1 | valid1 MSE : 0.6096 | valid1 NMSE : 1.0288
[2025-08-19 17:59:38,675][__main__][INFO] - Step 100 | valid1 MSE : 0.1124 | valid1 NMSE : 0.1890
[2025-08-19 17:59:40,263][__main__][INFO] - Step 200 | valid1 MSE : 0.0155 | valid1 NMSE : 0.0261
[2025-08-19 17:59:41,972][__main__][INFO] - Step 300 | valid1 MSE : 0.0054 | valid1 NMSE : 0.0091
[2025-08-19 17:59:43,696][__main__][INFO] - Step 400 | valid1 MSE : 0.0044 | valid1 NMSE : 0.0074
[2025-08-19 17:59:45,448][__main__][INFO] - Step 500 | valid1 MSE : 0.0042 | valid1 NMSE : 0.0071
[2025-08-19 17:59:47,026][__main__][INFO] - Step 600 | valid1 MSE : 0.0041 | valid1 NMSE : 0.0070
[2025-08-19 17:59:48,731][__main__][INFO] - Step 700 | valid1 MSE : 0.0039 | valid1 NMSE : 0.0066
[2025-08-19 17:59:50,435][__main__][INFO] - Step 800 | valid1 MSE : 0.0041 | valid1 NMSE : 0.0069
[2025-08-19 17:59:52,136][__main__][INFO] - Step 900 | valid1 MSE : 0.0040 | valid1 NMSE : 0.0067
[2025-08-19 17:59:53,685][__main__][INFO] - Step 1000 | valid1 MSE : 0.0037 | valid1 NMSE : 0.0062
[2025-08-19 17:59:55,344][__main__][INFO] - Step 1100 | valid1 MSE : 0.0037 | valid1 NMSE : 0.0062
[2025-08-19 17:59:57,004][__main__][INFO] - Step 1200 | valid1 MSE : 0.0036 | valid1 NMSE : 0.0061
[2025-08-19 17:59:58,562][__main__][INFO] - Step 1300 | valid1 MSE : 0.0037 | valid1 NMSE : 0.0062
[2025-08-19 18:00:00,212][__main__][INFO] - Step 1400 | valid1 MSE : 0.0038 | valid1 NMSE : 0.0064
[2025-08-19 18:00:00,213][__main__][INFO] - Training done in 0.412 min
[2025-08-19 18:00:00,213][__main__][INFO] - Average time per step: 0.018 s
[2025-08-19 18:00:00,233][__main__][INFO] - End of training
[2025-08-19 18:00:00,982][__main__][INFO] - Plotted losses
[2025-08-19 18:00:00,983][__main__][INFO] - Computing test metrics
[2025-08-19 18:00:01,078][__main__][INFO] - Evaluation done in 0.002 min
[2025-08-19 18:00:01,363][__main__][INFO] - Evaluation done in 0.003 min
[2025-08-19 18:00:01,531][__main__][INFO] - Saved plots
[2025-08-19 18:00:01,531][__main__][INFO] - Final mIN parameters: {'beta': np.float32(0.78248), 'alpha': np.float32(0.93814063)}
[2025-08-19 18:00:01,531][__main__][INFO] - End of script

[2025-08-19 18:00:06,997][__main__][INFO] - =====Running main script=====
[2025-08-19 18:00:07,003][__main__][INFO] - Fetched main configs, save directory : ../outputs/bench_min1/min_fixed+gamma/
[2025-08-19 18:00:07,003][__main__][INFO] - Model PatchTST, normalization mIN, criterion NMSE, kwargs {}
[2025-08-19 18:00:07,037][__main__][INFO] - Fetched dataloaders
[2025-08-19 18:00:07,039][__main__][INFO] - Training data shape : (70, 1, 1000)
[2025-08-19 18:00:07,039][__main__][INFO] - Batch sizes : X=torch.Size([10, 1, 100]), y=torch.Size([10, 1, 20])
[2025-08-19 18:00:09,418][__main__][INFO] - batch_size=10, learning_rate=1e-05, steps per epoch=7, epochs=200
[2025-08-19 18:00:09,419][__main__][INFO] - Starting training...
[2025-08-19 18:00:09,419][__main__][INFO] - Using device: cuda
[2025-08-19 18:00:09,419][__main__][INFO] - Training 200 epochs of 7 batches (1400 steps): , eval_freq: 100, print_freq: 100
[2025-08-19 18:00:10,831][__main__][INFO] - Step 1 | valid1 MSE : 0.6096 | valid1 NMSE : 1.0288
[2025-08-19 18:00:12,490][__main__][INFO] - Step 100 | valid1 MSE : 0.1124 | valid1 NMSE : 0.1891
[2025-08-19 18:00:14,064][__main__][INFO] - Step 200 | valid1 MSE : 0.0156 | valid1 NMSE : 0.0261
[2025-08-19 18:00:15,768][__main__][INFO] - Step 300 | valid1 MSE : 0.0054 | valid1 NMSE : 0.0091
[2025-08-19 18:00:17,521][__main__][INFO] - Step 400 | valid1 MSE : 0.0044 | valid1 NMSE : 0.0074
[2025-08-19 18:00:19,240][__main__][INFO] - Step 500 | valid1 MSE : 0.0042 | valid1 NMSE : 0.0071
[2025-08-19 18:00:20,817][__main__][INFO] - Step 600 | valid1 MSE : 0.0041 | valid1 NMSE : 0.0070
[2025-08-19 18:00:22,553][__main__][INFO] - Step 700 | valid1 MSE : 0.0039 | valid1 NMSE : 0.0066
[2025-08-19 18:00:24,266][__main__][INFO] - Step 800 | valid1 MSE : 0.0041 | valid1 NMSE : 0.0069
[2025-08-19 18:00:26,002][__main__][INFO] - Step 900 | valid1 MSE : 0.0040 | valid1 NMSE : 0.0067
[2025-08-19 18:00:27,599][__main__][INFO] - Step 1000 | valid1 MSE : 0.0037 | valid1 NMSE : 0.0062
[2025-08-19 18:00:29,333][__main__][INFO] - Step 1100 | valid1 MSE : 0.0037 | valid1 NMSE : 0.0062
[2025-08-19 18:00:31,032][__main__][INFO] - Step 1200 | valid1 MSE : 0.0036 | valid1 NMSE : 0.0061
[2025-08-19 18:00:32,623][__main__][INFO] - Step 1300 | valid1 MSE : 0.0037 | valid1 NMSE : 0.0062
[2025-08-19 18:00:34,280][__main__][INFO] - Step 1400 | valid1 MSE : 0.0038 | valid1 NMSE : 0.0064
[2025-08-19 18:00:34,280][__main__][INFO] - Training done in 0.414 min
[2025-08-19 18:00:34,280][__main__][INFO] - Average time per step: 0.018 s
[2025-08-19 18:00:34,301][__main__][INFO] - End of training
[2025-08-19 18:00:35,078][__main__][INFO] - Plotted losses
[2025-08-19 18:00:35,078][__main__][INFO] - Computing test metrics
[2025-08-19 18:00:35,173][__main__][INFO] - Evaluation done in 0.002 min
[2025-08-19 18:00:35,458][__main__][INFO] - Evaluation done in 0.003 min
[2025-08-19 18:00:35,627][__main__][INFO] - Saved plots
[2025-08-19 18:00:35,627][__main__][INFO] - Final mIN parameters: {'beta': np.float32(0.7805), 'alpha': np.float32(0.9381404)}
[2025-08-19 18:00:35,628][__main__][INFO] - End of script

==Table of ../outputs/bench_min1/==
+-----------------+--------------------------+-----------------------+--------+------------+-------------+-------------+------------------+-------------------+-------------+------------------+-------------------+
|                 |   PatchTST_instance_NMSE |   PatchTST_revin_NMSE |    min |   min_init |   min_fixed |   min+revin |   min_init+revin |   min_fixed+revin |   min+gamma |   min_init+gamma |   min_fixed+gamma |
+=================+==========================+=======================+========+============+=============+=============+==================+===================+=============+==================+===================+
| Test MSE * 1e3  |                   4.2270 |                4.2172 | 4.2220 |     3.7873 |      3.7874 |      4.2125 |           3.7711 |            3.7711 |      4.2125 |           3.7711 |            3.7711 |
+-----------------+--------------------------+-----------------------+--------+------------+-------------+-------------+------------------+-------------------+-------------+------------------+-------------------+
| Test NMSE * 1e3 |                   7.1536 |                7.1370 | 7.1453 |     6.4096 |      6.4097 |      7.1293 |           6.3821 |            6.3822 |      7.1293 |           6.3821 |            6.3822 |
+-----------------+--------------------------+-----------------------+--------+------------+-------------+-------------+------------------+-------------------+-------------+------------------+-------------------+
